10-31 19:27:53.910  1232  1792 D ConnectivityService: NetworkAgentInfo [WIFI () - 101] validation passed
10-31 19:27:56.387  1232  1792 D ConnectivityService: reportNetworkConnectivity(101, false) by 1000
10-31 19:27:56.942  1232  1792 D ConnectivityService: NetworkAgentInfo [WIFI () - 101] validation passed
10-31 19:27:59.411  1232  1792 D ConnectivityService: reportNetworkConnectivity(101, false) by 1000
10-31 19:27:59.960  1232  1792 D ConnectivityService: NetworkAgentInfo [WIFI () - 101] validation passed
10-31 19:28:02.431  1232  1792 D ConnectivityService: reportNetworkConnectivity(101, false) by 1000
10-31 19:28:03.022  1232  1792 D ConnectivityService: NetworkAgentInfo [WIFI () - 101] validation passed
10-31 19:28:05.453  1232  1792 D ConnectivityService: reportNetworkConnectivity(101, false) by 1000
10-31 19:28:06.043  1232  1792 D ConnectivityService: NetworkAgentInfo [WIFI () - 101] validation passed
--------- beginning of main
10-31 19:28:06.133  3851  3851 D BYDAutoInstrumentDevice: postEvent device_type: 1007, event_type =12d0003c, value = 1
10-31 19:28:06.163  1015  4894 E mm-camera: <MCT   ><ERROR> 1313: mct_controller_handle_SOF_proc: Metadata stream not present
10-31 19:28:06.170  1059  4918 E mm_bcamera: mm_app_preview_notify_cb: dump_number0[0]
10-31 19:28:06.170  1059  4918 I NormalMMCamDevice: [frameworks/av/services/bmmcamera/device/src/NormalMMCamDevice.cpp]:[isZero]: the start is [1036800].
10-31 19:28:06.170  1059  4918 I NormalMMCamDevice: [frameworks/av/services/bmmcamera/device/src/NormalMMCamDevice.cpp]:[isZero]: the start is [2592000].
10-31 19:28:06.177  2005  2005 D BYDAutoPowerDevice: postEvent device_type: 1005, event_type =12d0003d, value = 1
10-31 19:28:06.179  3851  3851 D BYDAutoInstrumentDevice: postEvent device_type: 1007, event_type =12d0003c, value = 0
10-31 19:28:06.179  3482  3482 D BYDAutoPowerDevice: postEvent device_type: 1005, event_type =12d0003d, value = 1
10-31 19:28:06.179  2835  2835 D BYDAutoPowerDevice: postEvent device_type: 1005, event_type =12d0003d, value = 1
10-31 19:28:06.182   674  3863 I chatty  : uid=1000(system) Binder:674_4 expire 198 lines
10-31 19:28:06.183   810  4567 I gbacqservice: BYDGBAcqService sampleSingleCellTotal = 120,totalVoltageValue = 399.424194,mElectricVehicle = 2
10-31 19:28:06.203  1015  4894 E mm-camera: <MCT   ><ERROR> 1313: mct_controller_handle_SOF_proc: Metadata stream not present
10-31 19:28:06.212  1059  4918 E mm_bcamera: mm_app_preview_notify_cb: dump_number0[0]
10-31 19:28:06.212  1059  4918 I NormalMMCamDevice: [frameworks/av/services/bmmcamera/device/src/NormalMMCamDevice.cpp]:[isZero]: the start is [1036800].
10-31 19:28:06.212  1059  4918 I NormalMMCamDevice: [frameworks/av/services/bmmcamera/device/src/NormalMMCamDevice.cpp]:[isZero]: the start is [2592000].
10-31 19:28:06.229  3851  3851 D BYDAutoInstrumentDevice: postEvent device_type: 1007, event_type =12d0003c, value = 1
10-31 19:28:06.243  1015  4894 E mm-camera: <MCT   ><ERROR> 1313: mct_controller_handle_SOF_proc: Metadata stream not present
10-31 19:28:06.251  1059  4918 E mm_bcamera: mm_app_preview_notify_cb: dump_number0[0]
10-31 19:28:06.251  1059  4918 I NormalMMCamDevice: [frameworks/av/services/bmmcamera/device/src/NormalMMCamDevice.cpp]:[isZero]: the start is [1036800].
10-31 19:28:06.251  1059  4918 I NormalMMCamDevice: [frameworks/av/services/bmmcamera/device/src/NormalMMCamDevice.cpp]:[isZero]: the start is [2592000].
10-31 19:28:06.279  3851  3851 D BYDAutoInstrumentDevice: postEvent device_type: 1007, event_type =12d0003c, value = 0
10-31 19:28:06.279  2835  2835 D BYDAutoPowerDevice: postEvent device_type: 1005, event_type =12d0003d, value = 0
10-31 19:28:06.280  3482  3482 D BYDAutoPowerDevice: postEvent device_type: 1005, event_type =12d0003d, value = 0
10-31 19:28:06.280  2005  2005 D BYDAutoPowerDevice: postEvent device_type: 1005, event_type =12d0003d, value = 0
10-31 19:28:06.280  3851  3851 D BYDAutoSafetyBeltDevice: postEvent device_type: 1042, event_type =12d0003f, value = 0
10-31 19:28:06.280  3851  3851 W DataCollectionPresenter1: AbsBYDAutoSafetyBeltListener:  0
10-31 19:28:06.291  1015  4894 E mm-camera: <MCT   ><ERROR> 1313: mct_controller_handle_SOF_proc: Metadata stream not present
10-31 19:28:06.293  1059  4918 E mm_bcamera: mm_app_preview_notify_cb: dump_number0[0]
10-31 19:28:06.293  1059  4918 I NormalMMCamDevice: [frameworks/av/services/bmmcamera/device/src/NormalMMCamDevice.cpp]:[isZero]: the start is [1036800].
10-31 19:28:06.293  1059  4918 I NormalMMCamDevice: [frameworks/av/services/bmmcamera/device/src/NormalMMCamDevice.cpp]:[isZero]: the start is [2592000].
10-31 19:28:06.325  1015  4894 E mm-camera: <MCT   ><ERROR> 1313: mct_controller_handle_SOF_proc: Metadata stream not present
10-31 19:28:06.330  1059  4918 E mm_bcamera: mm_app_preview_notify_cb: dump_number0[0]
10-31 19:28:06.330  1059  4918 I NormalMMCamDevice: [frameworks/av/services/bmmcamera/device/src/NormalMMCamDevice.cpp]:[isZero]: the start is [1036800].
10-31 19:28:06.330  1059  4918 I NormalMMCamDevice: [frameworks/av/services/bmmcamera/device/src/NormalMMCamDevice.cpp]:[isZero]: the start is [2592000].
10-31 19:28:06.336  3851  3851 D BYDAutoInstrumentDevice: postEvent device_type: 1007, event_type =12d0003c, value = 1
10-31 19:28:06.363  1015  4894 E mm-camera: <MCT   ><ERROR> 1313: mct_controller_handle_SOF_proc: Metadata stream not present
10-31 19:28:06.371  1059  4918 E mm_bcamera: mm_app_preview_notify_cb: dump_number0[0]
10-31 19:28:06.371  1059  4918 I NormalMMCamDevice: [frameworks/av/services/bmmcamera/device/src/NormalMMCamDevice.cpp]:[isZero]: the start is [1036800].
10-31 19:28:06.371  1059  4918 I NormalMMCamDevice: [frameworks/av/services/bmmcamera/device/src/NormalMMCamDevice.cpp]:[isZero]: the start is [2592000].
10-31 19:28:06.377  2835  2835 D BYDAutoPowerDevice: postEvent device_type: 1005, event_type =12d0003d, value = 1
10-31 19:28:06.377  3851  3851 D BYDAutoInstrumentDevice: postEvent device_type: 1007, event_type =12d0003c, value = 0
10-31 19:28:06.378  3482  3482 D BYDAutoPowerDevice: postEvent device_type: 1005, event_type =12d0003d, value = 1
10-31 19:28:06.379  2005  2005 D BYDAutoPowerDevice: postEvent device_type: 1005, event_type =12d0003d, value = 1
10-31 19:28:06.403  1015  4894 E mm-camera: <MCT   ><ERROR> 1313: mct_controller_handle_SOF_proc: Metadata stream not present
10-31 19:28:06.412  1059  4918 E mm_bcamera: mm_app_preview_notify_cb: dump_number0[0]
10-31 19:28:06.412  1059  4918 I NormalMMCamDevice: [frameworks/av/services/bmmcamera/device/src/NormalMMCamDevice.cpp]:[isZero]: the start is [1036800].
10-31 19:28:06.412  1059  4918 I NormalMMCamDevice: [frameworks/av/services/bmmcamera/device/src/NormalMMCamDevice.cpp]:[isZero]: the start is [2592000].
10-31 19:28:06.433  3851  3851 D BYDAutoInstrumentDevice: postEvent device_type: 1007, event_type =12d0003c, value = 1
10-31 19:28:06.443  1015  4894 E mm-camera: <MCT   ><ERROR> 1313: mct_controller_handle_SOF_proc: Metadata stream not present
10-31 19:28:06.450  1059  4918 E mm_bcamera: mm_app_preview_notify_cb: dump_number0[0]
10-31 19:28:06.450  1059  4918 I NormalMMCamDevice: [frameworks/av/services/bmmcamera/device/src/NormalMMCamDevice.cpp]:[isZero]: the start is [1036800].
10-31 19:28:06.450  1059  4918 I NormalMMCamDevice: [frameworks/av/services/bmmcamera/device/src/NormalMMCamDevice.cpp]:[isZero]: the start is [2592000].
10-31 19:28:06.480  3482  3482 D BYDAutoPowerDevice: postEvent device_type: 1005, event_type =12d0003d, value = 0
10-31 19:28:06.480  2835  2835 D BYDAutoPowerDevice: postEvent device_type: 1005, event_type =12d0003d, value = 0
10-31 19:28:06.480  2005  2005 D BYDAutoPowerDevice: postEvent device_type: 1005, event_type =12d0003d, value = 0
10-31 19:28:06.480  3851  3851 D BYDAutoInstrumentDevice: postEvent device_type: 1007, event_type =12d0003c, value = 0
10-31 19:28:06.483  1015  4894 E mm-camera: <MCT   ><ERROR> 1313: mct_controller_handle_SOF_proc: Metadata stream not present
10-31 19:28:06.492  1059  4918 E mm_bcamera: mm_app_preview_notify_cb: dump_number0[0]
10-31 19:28:06.492  1059  4918 I NormalMMCamDevice: [frameworks/av/services/bmmcamera/device/src/NormalMMCamDevice.cpp]:[isZero]: the start is [1036800].
10-31 19:28:06.492  1059  4918 I NormalMMCamDevice: [frameworks/av/services/bmmcamera/device/src/NormalMMCamDevice.cpp]:[isZero]: the start is [2592000].
10-31 19:28:06.523  1015  4894 E mm-camera: <MCT   ><ERROR> 1313: mct_controller_handle_SOF_proc: Metadata stream not present
10-31 19:28:06.533  1059  4918 E mm_bcamera: mm_app_preview_notify_cb: dump_number0[0]
10-31 19:28:06.533  1059  4918 I NormalMMCamDevice: [frameworks/av/services/bmmcamera/device/src/NormalMMCamDevice.cpp]:[isZero]: the start is [1036800].
10-31 19:28:06.533  1059  4918 I NormalMMCamDevice: [frameworks/av/services/bmmcamera/device/src/NormalMMCamDevice.cpp]:[isZero]: the start is [2592000].
10-31 19:28:06.535  3851  3851 D BYDAutoInstrumentDevice: postEvent device_type: 1007, event_type =12d0003c, value = 1
10-31 19:28:06.563  1015  4894 E mm-camera: <MCT   ><ERROR> 1313: mct_controller_handle_SOF_proc: Metadata stream not present
10-31 19:28:06.570  1059  4918 E mm_bcamera: mm_app_preview_notify_cb: dump_number0[0]
10-31 19:28:06.571  1059  4918 I NormalMMCamDevice: [frameworks/av/services/bmmcamera/device/src/NormalMMCamDevice.cpp]:[isZero]: the start is [1036800].
10-31 19:28:06.571  1059  4918 I NormalMMCamDevice: [frameworks/av/services/bmmcamera/device/src/NormalMMCamDevice.cpp]:[isZero]: the start is [2592000].
10-31 19:28:06.583  3851  3851 D BYDAutoInstrumentDevice: postEvent device_type: 1007, event_type =12d0003c, value = 0
10-31 19:28:06.583  3482  3482 D BYDAutoPowerDevice: postEvent device_type: 1005, event_type =12d0003d, value = 1
10-31 19:28:06.583  2835  2835 D BYDAutoPowerDevice: postEvent device_type: 1005, event_type =12d0003d, value = 1
10-31 19:28:06.584  2005  2005 D BYDAutoPowerDevice: postEvent device_type: 1005, event_type =12d0003d, value = 1
10-31 19:28:06.603  1015  4894 E mm-camera: <MCT   ><ERROR> 1313: mct_controller_handle_SOF_proc: Metadata stream not present
10-31 19:28:06.614  1059  4918 E mm_bcamera: mm_app_preview_notify_cb: dump_number0[0]
10-31 19:28:06.614  1059  4918 I NormalMMCamDevice: [frameworks/av/services/bmmcamera/device/src/NormalMMCamDevice.cpp]:[isZero]: the start is [1036800].
10-31 19:28:06.614  1059  4918 I NormalMMCamDevice: [frameworks/av/services/bmmcamera/device/src/NormalMMCamDevice.cpp]:[isZero]: the start is [2592000].
10-31 19:28:06.633  3851  3851 D BYDAutoInstrumentDevice: postEvent device_type: 1007, event_type =12d0003c, value = 1
10-31 19:28:06.643  1015  4894 E mm-camera: <MCT   ><ERROR> 1313: mct_controller_handle_SOF_proc: Metadata stream not present
10-31 19:28:06.654  1059  4918 E mm_bcamera: mm_app_preview_notify_cb: dump_number0[0]
10-31 19:28:06.654  1059  4918 I NormalMMCamDevice: [frameworks/av/services/bmmcamera/device/src/NormalMMCamDevice.cpp]:[isZero]: the start is [1036800].
10-31 19:28:06.654  1059  4918 I NormalMMCamDevice: [frameworks/av/services/bmmcamera/device/src/NormalMMCamDevice.cpp]:[isZero]: the start is [2592000].
10-31 19:28:06.683  1015  4894 E mm-camera: <MCT   ><ERROR> 1313: mct_controller_handle_SOF_proc: Metadata stream not present
10-31 19:28:06.688  3482  3482 D BYDAutoPowerDevice: postEvent device_type: 1005, event_type =12d0003d, value = 0
10-31 19:28:06.688  2835  2835 D BYDAutoPowerDevice: postEvent device_type: 1005, event_type =12d0003d, value = 0
10-31 19:28:06.688  2005  2005 D BYDAutoPowerDevice: postEvent device_type: 1005, event_type =12d0003d, value = 0
10-31 19:28:06.688  3851  3851 D BYDAutoInstrumentDevice: postEvent device_type: 1007, event_type =12d0003c, value = 0
10-31 19:28:06.689  3851  3851 D BYDAutoSafetyBeltDevice: postEvent device_type: 1042, event_type =12d0003f, value = 1
10-31 19:28:06.689  3851  3851 W DataCollectionPresenter1: AbsBYDAutoSafetyBeltListener:  1
10-31 19:28:06.698  1059  4918 E mm_bcamera: mm_app_preview_notify_cb: dump_number0[0]
10-31 19:28:06.698  1059  4918 I NormalMMCamDevice: [frameworks/av/services/bmmcamera/device/src/NormalMMCamDevice.cpp]:[isZero]: the start is [1036800].
10-31 19:28:06.698  1059  4918 I NormalMMCamDevice: [frameworks/av/services/bmmcamera/device/src/NormalMMCamDevice.cpp]:[isZero]: the start is [2592000].
10-31 19:28:06.723  1015  4894 E mm-camera: <MCT   ><ERROR> 1313: mct_controller_handle_SOF_proc: Metadata stream not present
10-31 19:28:06.732  1059  4918 E mm_bcamera: mm_app_preview_notify_cb: dump_number0[0]
10-31 19:28:06.732  1059  4918 I NormalMMCamDevice: [frameworks/av/services/bmmcamera/device/src/NormalMMCamDevice.cpp]:[isZero]: the start is [1036800].
10-31 19:28:06.732  1059  4918 I NormalMMCamDevice: [frameworks/av/services/bmmcamera/device/src/NormalMMCamDevice.cpp]:[isZero]: the start is [2592000].
10-31 19:28:06.735  3851  3851 D BYDAutoInstrumentDevice: postEvent device_type: 1007, event_type =12d0003c, value = 1
10-31 19:28:06.763  1015  4894 E mm-camera: <MCT   ><ERROR> 1313: mct_controller_handle_SOF_proc: Metadata stream not present
10-31 19:28:06.771  1059  4918 E mm_bcamera: mm_app_preview_notify_cb: dump_number0[0]
10-31 19:28:06.771  1059  4918 I NormalMMCamDevice: [frameworks/av/services/bmmcamera/device/src/NormalMMCamDevice.cpp]:[isZero]: the start is [1036800].
10-31 19:28:06.771  1059  4918 I NormalMMCamDevice: [frameworks/av/services/bmmcamera/device/src/NormalMMCamDevice.cpp]:[isZero]: the start is [2592000].
10-31 19:28:06.783  3851  3851 D BYDAutoInstrumentDevice: postEvent device_type: 1007, event_type =12d0003c, value = 0
10-31 19:28:06.784  3482  3482 D BYDAutoPowerDevice: postEvent device_type: 1005, event_type =12d0003d, value = 1
10-31 19:28:06.784  2005  2005 D BYDAutoPowerDevice: postEvent device_type: 1005, event_type =12d0003d, value = 1
10-31 19:28:06.784  2835  2835 D BYDAutoPowerDevice: postEvent device_type: 1005, event_type =12d0003d, value = 1
10-31 19:28:06.795  3851  3851 D BYDAutoStatisticDevice: postEvent device_type: 1014, event_type =43a00028, value = 51
10-31 19:28:06.803  1015  4894 E mm-camera: <MCT   ><ERROR> 1313: mct_controller_handle_SOF_proc: Metadata stream not present
10-31 19:28:06.824  1059  4918 E mm_bcamera: mm_app_preview_notify_cb: dump_number0[0]
10-31 19:28:06.825  1059  4918 I NormalMMCamDevice: [frameworks/av/services/bmmcamera/device/src/NormalMMCamDevice.cpp]:[isZero]: the start is [1036800].
10-31 19:28:06.825  1059  4918 I NormalMMCamDevice: [frameworks/av/services/bmmcamera/device/src/NormalMMCamDevice.cpp]:[isZero]: the start is [2592000].
10-31 19:28:06.836  3851  3851 D BYDAutoInstrumentDevice: postEvent device_type: 1007, event_type =12d0003c, value = 1
10-31 19:28:06.844  1015  4894 E mm-camera: <MCT   ><ERROR> 1313: mct_controller_handle_SOF_proc: Metadata stream not present
10-31 19:28:06.850  1059  4918 E mm_bcamera: mm_app_preview_notify_cb: dump_number0[0]
10-31 19:28:06.851  1059  4918 I NormalMMCamDevice: [frameworks/av/services/bmmcamera/device/src/NormalMMCamDevice.cpp]:[isZero]: the start is [1036800].
10-31 19:28:06.851  1059  4918 I NormalMMCamDevice: [frameworks/av/services/bmmcamera/device/src/NormalMMCamDevice.cpp]:[isZero]: the start is [2592000].
10-31 19:28:06.883  3851  3851 D BYDAutoInstrumentDevice: postEvent device_type: 1007, event_type =12d0003c, value = 0
10-31 19:28:06.883  3482  3482 D BYDAutoPowerDevice: postEvent device_type: 1005, event_type =12d0003d, value = 0
10-31 19:28:06.884  2835  2835 D BYDAutoPowerDevice: postEvent device_type: 1005, event_type =12d0003d, value = 0
10-31 19:28:06.884  2005  2005 D BYDAutoPowerDevice: postEvent device_type: 1005, event_type =12d0003d, value = 0
10-31 19:28:06.885  1015  4894 E mm-camera: <MCT   ><ERROR> 1313: mct_controller_handle_SOF_proc: Metadata stream not present
10-31 19:28:06.902  1059  4918 E mm_bcamera: mm_app_preview_notify_cb: dump_number0[0]
10-31 19:28:06.902  1059  4918 I NormalMMCamDevice: [frameworks/av/services/bmmcamera/device/src/NormalMMCamDevice.cpp]:[isZero]: the start is [1036800].
10-31 19:28:06.902  1059  4918 I NormalMMCamDevice: [frameworks/av/services/bmmcamera/device/src/NormalMMCamDevice.cpp]:[isZero]: the start is [2592000].
10-31 19:28:06.923  1015  4894 E mm-camera: <MCT   ><ERROR> 1313: mct_controller_handle_SOF_proc: Metadata stream not present
10-31 19:28:06.934  1059  4918 E mm_bcamera: mm_app_preview_notify_cb: dump_number0[0]
10-31 19:28:06.934  1059  4918 I NormalMMCamDevice: [frameworks/av/services/bmmcamera/device/src/NormalMMCamDevice.cpp]:[isZero]: the start is [1036800].
10-31 19:28:06.934  1059  4918 I NormalMMCamDevice: [frameworks/av/services/bmmcamera/device/src/NormalMMCamDevice.cpp]:[isZero]: the start is [2592000].
10-31 19:28:06.937  1232  1232 D [BYDCLOUD]BYDTCPConnectService: onReceive, action = android.cloudmanager.action.send_544_action
10-31 19:28:06.937  1232  2622 D [BYDCLOUD]BYDTCPConnectService: handle msg.what: 10,str: 17,bundle data:Bundle[{}]
10-31 19:28:06.938  3851  3851 D BYDAutoInstrumentDevice: postEvent device_type: 1007, event_type =12d0003c, value = 1
10-31 19:28:06.951  1232  2622 D [BYDCLOUD]BYDTCPConnectService: set_alarm_interval type is: 17 interval is: 30
10-31 19:28:06.952  1232  2622 D [BYDCLOUD]BYDTCPConnectService: alarm_start type = 17
10-31 19:28:06.953  1232  2622 I AlarmManager: setImpl wakeup alarm mPackageName=android type=2 triggerAtMillis=889348 nowMillis=1667215686953 nowRealtime=859348 windowMillis=0 intervalMillis=0 operation=PendingIntent{e006a21: PendingIntentRecord{d096e46 android broadcastIntent}} listenerTag=null
10-31 19:28:06.954   813  1447 E [BYDCLOUD]main: subThreadService mSubThreadType = 0x50
10-31 19:28:06.954   813  1447 D [BYDCLOUD]pack: datapack FuncID : 554 ,pack_len = 565
10-31 19:28:06.954   813  1447 D [BYDCLOUD]send: start funcNumber = 554,mMsgSending = 0 mbWaitingSendComplete = 0
10-31 19:28:06.954   813  1447 E [BYDCLOUD]send: func_send ready to send keyid :554,content_size :565
10-31 19:28:06.954   813  1447 D [BYDCLOUD]send: createMessage push_back message.size:0
10-31 19:28:06.955   813  4389 I [BYDCLOUD]socket: send_func: send completed
10-31 19:28:06.957   813  1455 D [BYDCLOUD]send: send sendMsg successfull!!! erase.keyId is :554
10-31 19:28:06.963  1015  4894 E mm-camera: <MCT   ><ERROR> 1313: mct_controller_handle_SOF_proc: Metadata stream not present
10-31 19:28:06.969  1059  4918 E mm_bcamera: mm_app_preview_notify_cb: dump_number0[0]
10-31 19:28:06.969  1059  4918 I NormalMMCamDevice: [frameworks/av/services/bmmcamera/device/src/NormalMMCamDevice.cpp]:[isZero]: the start is [1036800].
10-31 19:28:06.969  1059  4918 I NormalMMCamDevice: [frameworks/av/services/bmmcamera/device/src/NormalMMCamDevice.cpp]:[isZero]: the start is [2592000].
10-31 19:28:06.975   813  1447 D [BYDCLOUD]pack: datapack FuncID : 554 ,pack_len = 469
10-31 19:28:06.975   813  1447 D [BYDCLOUD]send: start funcNumber = 554,mMsgSending = 0 mbWaitingSendComplete = 0
10-31 19:28:06.975   813  1447 E [BYDCLOUD]send: func_send ready to send keyid :554,content_size :469
10-31 19:28:06.975   813  1447 D [BYDCLOUD]send: createMessage push_back message.size:0
10-31 19:28:06.975   813  4389 I [BYDCLOUD]socket: send_func: send completed
10-31 19:28:06.978   813  1455 D [BYDCLOUD]send: send sendMsg successfull!!! erase.keyId is :554
10-31 19:28:06.987  3851  3851 D BYDAutoInstrumentDevice: postEvent device_type: 1007, event_type =12d0003c, value = 0
10-31 19:28:06.988  2005  2005 D BYDAutoPowerDevice: postEvent device_type: 1005, event_type =12d0003d, value = 1
10-31 19:28:06.988  3482  3482 D BYDAutoPowerDevice: postEvent device_type: 1005, event_type =12d0003d, value = 1
10-31 19:28:06.989  2835  2835 D BYDAutoPowerDevice: postEvent device_type: 1005, event_type =12d0003d, value = 1
10-31 19:28:06.992  1232  1810 D GnssLocationProvider: WakeLock acquired by sendMessage(REPORT_SV_STATUS, 0, com.android.server.location.GnssLocationProvider$SvStatusInfo@8663e47)
10-31 19:28:06.992  1232  1801 V GnssLocationProvider: SV count: 43
10-31 19:28:06.993  1232  1801 D GnssLocationProvider: WakeLock released by handleMessage(REPORT_SV_STATUS, 0, com.android.server.location.GnssLocationProvider$SvStatusInfo@8663e47)
10-31 19:28:06.995   813  1447 D [BYDCLOUD]pack: datapack FuncID : 554 ,pack_len = 301
10-31 19:28:06.995   813  1447 D [BYDCLOUD]send: start funcNumber = 554,mMsgSending = 0 mbWaitingSendComplete = 0
10-31 19:28:06.995   813  1447 E [BYDCLOUD]send: func_send ready to send keyid :554,content_size :301
10-31 19:28:06.995   813  1447 D [BYDCLOUD]send: createMessage push_back message.size:0
10-31 19:28:06.996   813  4389 I [BYDCLOUD]socket: send_func: send completed
10-31 19:28:06.998   813  1455 D [BYDCLOUD]send: send sendMsg successfull!!! erase.keyId is :554
10-31 19:28:06.998  1232  1810 D GnssLocationProvider: WakeLock acquired by sendMessage(REPORT_LOCATION, 1, Location[gps 22.535563,113.914838 hAcc=4 et=+14m19s392ms alt=11.853515625 vel=0.0 vAcc=3 sAcc=0 bAcc=???])
10-31 19:28:07.000  1232  1801 V GnssLocationProvider: reportLocation Location[gps 22.535563,113.914838 hAcc=4 et=+14m19s392ms alt=11.853515625 vel=0.0 vAcc=3 sAcc=0 bAcc=???]
10-31 19:28:07.001  1232  1801 D GnssLocationProvider: WakeLock released by handleMessage(REPORT_LOCATION, 1, Location[gps 22.535563,113.914838 hAcc=4 et=+14m19s392ms alt=11.853515625 vel=0.0 vAcc=3 sAcc=0 bAcc=??? {Bundle[{satellites=32, maxCn0=47, meanCn0=30}]}])
10-31 19:28:07.003  1015  4894 E mm-camera: <MCT   ><ERROR> 1313: mct_controller_handle_SOF_proc: Metadata stream not present
10-31 19:28:07.005  1232  1801 D LocationManagerService: incoming location: Location[gps 22.535563,113.914838 hAcc=4 et=+14m19s392ms alt=11.853515625 vel=0.0 vAcc=3 sAcc=0 bAcc=??? {Bundle[{satellites=32, maxCn0=47, meanCn0=30}]}]
10-31 19:28:07.011  1059  4918 E mm_bcamera: mm_app_preview_notify_cb: dump_number0[0]
10-31 19:28:07.011  1059  4918 I NormalMMCamDevice: [frameworks/av/services/bmmcamera/device/src/NormalMMCamDevice.cpp]:[isZero]: the start is [1036800].
10-31 19:28:07.011  1059  4918 I NormalMMCamDevice: [frameworks/av/services/bmmcamera/device/src/NormalMMCamDevice.cpp]:[isZero]: the start is [2592000].
10-31 19:28:07.012  1232  1801 D LocationManagerService: incoming location: Location[gps 22.535563,113.914838 hAcc=4 et=+14m19s392ms alt=11.853515625 vel=0.0 vAcc=3 sAcc=0 bAcc=??? {Bundle[{satellites=32, maxCn0=47, meanCn0=30}]}]
10-31 19:28:07.016   813  1447 D [BYDCLOUD]pack: datapack FuncID : 554 ,pack_len = 501
10-31 19:28:07.016   813  1447 D [BYDCLOUD]send: start funcNumber = 554,mMsgSending = 0 mbWaitingSendComplete = 0
10-31 19:28:07.016   813  1447 E [BYDCLOUD]send: func_send ready to send keyid :554,content_size :501
10-31 19:28:07.016   813  1447 D [BYDCLOUD]send: createMessage push_back message.size:0
10-31 19:28:07.016   813  4389 I [BYDCLOUD]socket: send_func: send completed
10-31 19:28:07.019   813  1455 D [BYDCLOUD]send: send sendMsg successfull!!! erase.keyId is :554
10-31 19:28:07.036  3851  3851 D BYDAutoInstrumentDevice: postEvent device_type: 1007, event_type =12d0003c, value = 1
10-31 19:28:07.043  1015  4894 E mm-camera: <MCT   ><ERROR> 1313: mct_controller_handle_SOF_proc: Metadata stream not present
10-31 19:28:07.049  1059  4918 E mm_bcamera: mm_app_preview_notify_cb: dump_number0[0]
10-31 19:28:07.049  1059  4918 I NormalMMCamDevice: [frameworks/av/services/bmmcamera/device/src/NormalMMCamDevice.cpp]:[isZero]: the start is [1036800].
10-31 19:28:07.049  1059  4918 I NormalMMCamDevice: [frameworks/av/services/bmmcamera/device/src/NormalMMCamDevice.cpp]:[isZero]: the start is [2592000].
10-31 19:28:07.083  1015  4894 E mm-camera: <MCT   ><ERROR> 1313: mct_controller_handle_SOF_proc: Metadata stream not present
10-31 19:28:07.086  2005  2005 D BYDAutoPowerDevice: postEvent device_type: 1005, event_type =12d0003d, value = 0
10-31 19:28:07.086  3851  3851 D BYDAutoInstrumentDevice: postEvent device_type: 1007, event_type =12d0003c, value = 0
10-31 19:28:07.086  3482  3482 D BYDAutoPowerDevice: postEvent device_type: 1005, event_type =12d0003d, value = 0
10-31 19:28:07.087  2835  2835 D BYDAutoPowerDevice: postEvent device_type: 1005, event_type =12d0003d, value = 0
10-31 19:28:07.087   675   675 I tecControl: temp is 48800 and level is 0 and time_record is 0
10-31 19:28:07.088  3851  3851 D BYDAutoSafetyBeltDevice: postEvent device_type: 1042, event_type =12d0003f, value = 0
10-31 19:28:07.088  3851  3851 W DataCollectionPresenter1: AbsBYDAutoSafetyBeltListener:  0
10-31 19:28:07.096  1059  4918 E mm_bcamera: mm_app_preview_notify_cb: dump_number0[0]
10-31 19:28:07.096  1059  4918 I NormalMMCamDevice: [frameworks/av/services/bmmcamera/device/src/NormalMMCamDevice.cpp]:[isZero]: the start is [1036800].
10-31 19:28:07.096  1059  4918 I NormalMMCamDevice: [frameworks/av/services/bmmcamera/device/src/NormalMMCamDevice.cpp]:[isZero]: the start is [2592000].
10-31 19:28:07.123  1015  4894 E mm-camera: <MCT   ><ERROR> 1313: mct_controller_handle_SOF_proc: Metadata stream not present
10-31 19:28:07.137  3851  3851 D BYDAutoInstrumentDevice: postEvent device_type: 1007, event_type =12d0003c, value = 1
10-31 19:28:07.140  1059  4918 E mm_bcamera: mm_app_preview_notify_cb: dump_number0[0]
10-31 19:28:07.140  1059  4918 I NormalMMCamDevice: [frameworks/av/services/bmmcamera/device/src/NormalMMCamDevice.cpp]:[isZero]: the start is [1036800].
10-31 19:28:07.140  1059  4918 I NormalMMCamDevice: [frameworks/av/services/bmmcamera/device/src/NormalMMCamDevice.cpp]:[isZero]: the start is [2592000].
10-31 19:28:07.163  1015  4894 E mm-camera: <MCT   ><ERROR> 1313: mct_controller_handle_SOF_proc: Metadata stream not present
10-31 19:28:07.177  1059  4918 E mm_bcamera: mm_app_preview_notify_cb: dump_number0[0]
10-31 19:28:07.177  1059  4918 I NormalMMCamDevice: [frameworks/av/services/bmmcamera/device/src/NormalMMCamDevice.cpp]:[isZero]: the start is [1036800].
10-31 19:28:07.177  1059  4918 I NormalMMCamDevice: [frameworks/av/services/bmmcamera/device/src/NormalMMCamDevice.cpp]:[isZero]: the start is [2592000].
10-31 19:28:07.184   810  4567 I gbacqservice: BYDGBAcqService sampleSingleCellTotal = 120,totalVoltageValue = 399.422180,mElectricVehicle = 2
10-31 19:28:07.187  3851  3851 D BYDAutoInstrumentDevice: postEvent device_type: 1007, event_type =12d0003c, value = 0
10-31 19:28:07.187  3482  3482 D BYDAutoPowerDevice: postEvent device_type: 1005, event_type =12d0003d, value = 1
10-31 19:28:07.187  2005  2005 D BYDAutoPowerDevice: postEvent device_type: 1005, event_type =12d0003d, value = 1
10-31 19:28:07.188  2835  2835 D BYDAutoPowerDevice: postEvent device_type: 1005, event_type =12d0003d, value = 1
10-31 19:28:07.203  1015  4894 E mm-camera: <MCT   ><ERROR> 1313: mct_controller_handle_SOF_proc: Metadata stream not present
10-31 19:28:07.212  1059  4918 E mm_bcamera: mm_app_preview_notify_cb: dump_number0[0]
10-31 19:28:07.212  1059  4918 I NormalMMCamDevice: [frameworks/av/services/bmmcamera/device/src/NormalMMCamDevice.cpp]:[isZero]: the start is [1036800].
10-31 19:28:07.212  1059  4918 I NormalMMCamDevice: [frameworks/av/services/bmmcamera/device/src/NormalMMCamDevice.cpp]:[isZero]: the start is [2592000].
10-31 19:28:07.236  3851  3851 D BYDAutoInstrumentDevice: postEvent device_type: 1007, event_type =12d0003c, value = 1
10-31 19:28:07.243  1015  4894 E mm-camera: <MCT   ><ERROR> 1313: mct_controller_handle_SOF_proc: Metadata stream not present
10-31 19:28:07.249  1059  4918 E mm_bcamera: mm_app_preview_notify_cb: dump_number0[0]
10-31 19:28:07.249  1059  4918 I NormalMMCamDevice: [frameworks/av/services/bmmcamera/device/src/NormalMMCamDevice.cpp]:[isZero]: the start is [1036800].
10-31 19:28:07.249  1059  4918 I NormalMMCamDevice: [frameworks/av/services/bmmcamera/device/src/NormalMMCamDevice.cpp]:[isZero]: the start is [2592000].
10-31 19:28:07.283  1015  4894 E mm-camera: <MCT   ><ERROR> 1313: mct_controller_handle_SOF_proc: Metadata stream not present
10-31 19:28:07.289  3851  3851 D BYDAutoInstrumentDevice: postEvent device_type: 1007, event_type =12d0003c, value = 0
10-31 19:28:07.289  2005  2005 D BYDAutoPowerDevice: postEvent device_type: 1005, event_type =12d0003d, value = 0
10-31 19:28:07.289  3482  3482 D BYDAutoPowerDevice: postEvent device_type: 1005, event_type =12d0003d, value = 0
10-31 19:28:07.290  2835  2835 D BYDAutoPowerDevice: postEvent device_type: 1005, event_type =12d0003d, value = 0
10-31 19:28:07.292  1059  4918 E mm_bcamera: mm_app_preview_notify_cb: dump_number0[0]
10-31 19:28:07.292  1059  4918 I NormalMMCamDevice: [frameworks/av/services/bmmcamera/device/src/NormalMMCamDevice.cpp]:[isZero]: the start is [1036800].
10-31 19:28:07.292  1059  4918 I NormalMMCamDevice: [frameworks/av/services/bmmcamera/device/src/NormalMMCamDevice.cpp]:[isZero]: the start is [2592000].
10-31 19:28:07.325  1015  4894 E mm-camera: <MCT   ><ERROR> 1313: mct_controller_handle_SOF_proc: Metadata stream not present
10-31 19:28:07.327  1232  1716 D SensorService: sensors 4 are not running
10-31 19:28:07.329  1059  4918 E mm_bcamera: mm_app_preview_notify_cb: dump_number0[0]
10-31 19:28:07.329  1059  4918 I NormalMMCamDevice: [frameworks/av/services/bmmcamera/device/src/NormalMMCamDevice.cpp]:[isZero]: the start is [1036800].
10-31 19:28:07.329  1059  4918 I NormalMMCamDevice: [frameworks/av/services/bmmcamera/device/src/NormalMMCamDevice.cpp]:[isZero]: the start is [2592000].
10-31 19:28:07.342  3851  3851 D BYDAutoInstrumentDevice: postEvent device_type: 1007, event_type =12d0003c, value = 1
10-31 19:28:07.363  1015  4894 E mm-camera: <MCT   ><ERROR> 1313: mct_controller_handle_SOF_proc: Metadata stream not present
10-31 19:28:07.372  1059  4918 E mm_bcamera: mm_app_preview_notify_cb: dump_number0[0]
10-31 19:28:07.372  1059  4918 I NormalMMCamDevice: [frameworks/av/services/bmmcamera/device/src/NormalMMCamDevice.cpp]:[isZero]: the start is [1036800].
10-31 19:28:07.372  1059  4918 I NormalMMCamDevice: [frameworks/av/services/bmmcamera/device/src/NormalMMCamDevice.cpp]:[isZero]: the start is [2592000].
10-31 19:28:07.395  3482  3482 D BYDAutoPowerDevice: postEvent device_type: 1005, event_type =12d0003d, value = 1
10-31 19:28:07.395  3851  3851 D BYDAutoInstrumentDevice: postEvent device_type: 1007, event_type =12d0003c, value = 0
10-31 19:28:07.396  2835  2835 D BYDAutoPowerDevice: postEvent device_type: 1005, event_type =12d0003d, value = 1
10-31 19:28:07.396  2005  2005 D BYDAutoPowerDevice: postEvent device_type: 1005, event_type =12d0003d, value = 1
10-31 19:28:07.403  1015  4894 E mm-camera: <MCT   ><ERROR> 1313: mct_controller_handle_SOF_proc: Metadata stream not present
10-31 19:28:07.411  1059  4918 E mm_bcamera: mm_app_preview_notify_cb: dump_number0[0]
10-31 19:28:07.411  1059  4918 I NormalMMCamDevice: [frameworks/av/services/bmmcamera/device/src/NormalMMCamDevice.cpp]:[isZero]: the start is [1036800].
10-31 19:28:07.411  1059  4918 I NormalMMCamDevice: [frameworks/av/services/bmmcamera/device/src/NormalMMCamDevice.cpp]:[isZero]: the start is [2592000].
10-31 19:28:07.443  3851  3851 D BYDAutoInstrumentDevice: postEvent device_type: 1007, event_type =12d0003c, value = 1
10-31 19:28:07.443  1015  4894 E mm-camera: <MCT   ><ERROR> 1313: mct_controller_handle_SOF_proc: Metadata stream not present
10-31 19:28:07.453  1059  4918 E mm_bcamera: mm_app_preview_notify_cb: dump_number0[0]
10-31 19:28:07.453  1059  4918 I NormalMMCamDevice: [frameworks/av/services/bmmcamera/device/src/NormalMMCamDevice.cpp]:[isZero]: the start is [1036800].
10-31 19:28:07.453  1059  4918 I NormalMMCamDevice: [frameworks/av/services/bmmcamera/device/src/NormalMMCamDevice.cpp]:[isZero]: the start is [2592000].
10-31 19:28:07.483  1015  4894 E mm-camera: <MCT   ><ERROR> 1313: mct_controller_handle_SOF_proc: Metadata stream not present
10-31 19:28:07.492  1059  4918 E mm_bcamera: mm_app_preview_notify_cb: dump_number0[0]
10-31 19:28:07.492  1059  4918 I NormalMMCamDevice: [frameworks/av/services/bmmcamera/device/src/NormalMMCamDevice.cpp]:[isZero]: the start is [1036800].
10-31 19:28:07.492  1059  4918 I NormalMMCamDevice: [frameworks/av/services/bmmcamera/device/src/NormalMMCamDevice.cpp]:[isZero]: the start is [2592000].
10-31 19:28:07.503  2005  2005 D BYDAutoPowerDevice: postEvent device_type: 1005, event_type =12d0003d, value = 0
10-31 19:28:07.504  3851  3851 D BYDAutoInstrumentDevice: postEvent device_type: 1007, event_type =12d0003c, value = 0
10-31 19:28:07.504  3851  3851 D BYDAutoSafetyBeltDevice: postEvent device_type: 1042, event_type =12d0003f, value = 1
10-31 19:28:07.504  3851  3851 W DataCollectionPresenter1: AbsBYDAutoSafetyBeltListener:  1
10-31 19:28:07.504  2835  2835 D BYDAutoPowerDevice: postEvent device_type: 1005, event_type =12d0003d, value = 0
10-31 19:28:07.504  3482  3482 D BYDAutoPowerDevice: postEvent device_type: 1005, event_type =12d0003d, value = 0
10-31 19:28:07.523  1015  4894 E mm-camera: <MCT   ><ERROR> 1313: mct_controller_handle_SOF_proc: Metadata stream not present
10-31 19:28:07.530  1059  4918 E mm_bcamera: mm_app_preview_notify_cb: dump_number0[0]
10-31 19:28:07.530  1059  4918 I NormalMMCamDevice: [frameworks/av/services/bmmcamera/device/src/NormalMMCamDevice.cpp]:[isZero]: the start is [1036800].
10-31 19:28:07.530  1059  4918 I NormalMMCamDevice: [frameworks/av/services/bmmcamera/device/src/NormalMMCamDevice.cpp]:[isZero]: the start is [2592000].
10-31 19:28:07.553  3851  3851 D BYDAutoInstrumentDevice: postEvent device_type: 1007, event_type =12d0003c, value = 1
10-31 19:28:07.563  1015  4894 E mm-camera: <MCT   ><ERROR> 1313: mct_controller_handle_SOF_proc: Metadata stream not present
10-31 19:28:07.571  1059  4918 E mm_bcamera: mm_app_preview_notify_cb: dump_number0[0]
10-31 19:28:07.571  1059  4918 I NormalMMCamDevice: [frameworks/av/services/bmmcamera/device/src/NormalMMCamDevice.cpp]:[isZero]: the start is [1036800].
10-31 19:28:07.571  1059  4918 I NormalMMCamDevice: [frameworks/av/services/bmmcamera/device/src/NormalMMCamDevice.cpp]:[isZero]: the start is [2592000].
10-31 19:28:07.603  3482  3482 D BYDAutoPowerDevice: postEvent device_type: 1005, event_type =12d0003d, value = 1
10-31 19:28:07.604  1015  4894 E mm-camera: <MCT   ><ERROR> 1313: mct_controller_handle_SOF_proc: Metadata stream not present
10-31 19:28:07.604  2835  2835 D BYDAutoPowerDevice: postEvent device_type: 1005, event_type =12d0003d, value = 1
10-31 19:28:07.604  2005  2005 D BYDAutoPowerDevice: postEvent device_type: 1005, event_type =12d0003d, value = 1
10-31 19:28:07.611  3851  3851 D BYDAutoInstrumentDevice: postEvent device_type: 1007, event_type =12d0003c, value = 0
10-31 19:28:07.612  1059  4918 E mm_bcamera: mm_app_preview_notify_cb: dump_number0[0]
10-31 19:28:07.612  1059  4918 I NormalMMCamDevice: [frameworks/av/services/bmmcamera/device/src/NormalMMCamDevice.cpp]:[isZero]: the start is [1036800].
10-31 19:28:07.612  1059  4918 I NormalMMCamDevice: [frameworks/av/services/bmmcamera/device/src/NormalMMCamDevice.cpp]:[isZero]: the start is [2592000].
10-31 19:28:07.643  1015  4894 E mm-camera: <MCT   ><ERROR> 1313: mct_controller_handle_SOF_proc: Metadata stream not present
10-31 19:28:07.651  3851  3851 D BYDAutoInstrumentDevice: postEvent device_type: 1007, event_type =12d0003c, value = 1
10-31 19:28:07.654  1059  4918 E mm_bcamera: mm_app_preview_notify_cb: dump_number0[0]
10-31 19:28:07.654  1059  4918 I NormalMMCamDevice: [frameworks/av/services/bmmcamera/device/src/NormalMMCamDevice.cpp]:[isZero]: the start is [1036800].
10-31 19:28:07.654  1059  4918 I NormalMMCamDevice: [frameworks/av/services/bmmcamera/device/src/NormalMMCamDevice.cpp]:[isZero]: the start is [2592000].
10-31 19:28:07.672  1232  1300 D WificondControl: Scan result ready event
10-31 19:28:07.675  1074  5010 I LOWI-8.6.0.80: [LOWI-Scan] lowi_close_record:Scan done in 292688ms, 48 APs in scan results
10-31 19:28:07.679  1074  1115 I LOWI-8.6.0.80: [LOWIUtils] responseToOutPostcard - TO: FreeWifiScanObserver, FROM:   LOWI-SERVER, RESP:  LOWI_ASYNC_DISCOVERY_SCAN_RESULTS
10-31 19:28:07.683  1015  4894 E mm-camera: <MCT   ><ERROR> 1313: mct_controller_handle_SOF_proc: Metadata stream not present
10-31 19:28:07.693  1232  1791 D WificondScannerImpl: Filtering out 32 scan results.
10-31 19:28:07.694  1059  4918 E mm_bcamera: mm_app_preview_notify_cb: dump_number0[0]
10-31 19:28:07.694  1059  4918 I NormalMMCamDevice: [frameworks/av/services/bmmcamera/device/src/NormalMMCamDevice.cpp]:[isZero]: the start is [1036800].
10-31 19:28:07.694  1059  4918 I NormalMMCamDevice: [frameworks/av/services/bmmcamera/device/src/NormalMMCamDevice.cpp]:[isZero]: the start is [2592000].
10-31 19:28:07.697   629  1271 W LocSvc_api_v02: loc_sync_process_ind:221]: ind 125 arrived before wait was called 
10-31 19:28:07.703  1232  1787 D WifiNetworkSelector: Too short since last network selection: 9016 ms. Skip network selection.
10-31 19:28:07.703  1232  1787 D WifiClientModeImpl: onResults: total 16 results
10-31 19:28:07.708  2835  2835 D BYDAutoPowerDevice: postEvent device_type: 1005, event_type =12d0003d, value = 0
10-31 19:28:07.709  3851  3851 D BYDAutoInstrumentDevice: postEvent device_type: 1007, event_type =12d0003c, value = 0
10-31 19:28:07.709  3482  3482 D BYDAutoPowerDevice: postEvent device_type: 1005, event_type =12d0003d, value = 0
10-31 19:28:07.709  2005  2005 D BYDAutoPowerDevice: postEvent device_type: 1005, event_type =12d0003d, value = 0
10-31 19:28:07.717  3666  3666 D NLPLOC  : WifiScan finished, in callback.
10-31 19:28:07.723  1015  4894 E mm-camera: <MCT   ><ERROR> 1313: mct_controller_handle_SOF_proc: Metadata stream not present
10-31 19:28:07.729  1059  4918 E mm_bcamera: mm_app_preview_notify_cb: dump_number0[0]
10-31 19:28:07.729  1059  4918 I NormalMMCamDevice: [frameworks/av/services/bmmcamera/device/src/NormalMMCamDevice.cpp]:[isZero]: the start is [1036800].
10-31 19:28:07.729  1059  4918 I NormalMMCamDevice: [frameworks/av/services/bmmcamera/device/src/NormalMMCamDevice.cpp]:[isZero]: the start is [2592000].
10-31 19:28:07.752  3851  3851 D BYDAutoInstrumentDevice: postEvent device_type: 1007, event_type =12d0003c, value = 1
10-31 19:28:07.763  1015  4894 E mm-camera: <MCT   ><ERROR> 1313: mct_controller_handle_SOF_proc: Metadata stream not present
10-31 19:28:07.770  1059  4918 E mm_bcamera: mm_app_preview_notify_cb: dump_number0[0]
10-31 19:28:07.771  1059  4918 I NormalMMCamDevice: [frameworks/av/services/bmmcamera/device/src/NormalMMCamDevice.cpp]:[isZero]: the start is [1036800].
10-31 19:28:07.771  1059  4918 I NormalMMCamDevice: [frameworks/av/services/bmmcamera/device/src/NormalMMCamDevice.cpp]:[isZero]: the start is [2592000].
10-31 19:28:07.781  2641  6685 I SettingsLib.AccessPoint: (config != null) = true
10-31 19:28:07.781  2641  6685 I chatty  : uid=1000(system) WifiTracker{8d0 identical 18 lines
10-31 19:28:07.781  2641  6685 I SettingsLib.AccessPoint: (config != null) = true
10-31 19:28:07.782  2641  6685 I SettingsLib.AccessPoint: netWorkId = 1 info.getNetworkId = 1
10-31 19:28:07.782  2641  6685 I SettingsLib.AccessPoint: (config != null) = true
10-31 19:28:07.782  2641  6685 I SettingsLib.AccessPoint: (config != null) = true
10-31 19:28:07.783  2641  6685 I WifiTracker: accessPoints size = 23
10-31 19:28:07.784  2641  6685 I WifiTracker: apItem = AccessPoint(ufi_68943:5c:a0:00:28:46:69,saved,active,WPA2,level=4,metered=true)
10-31 19:28:07.784  2641  6685 I WifiTracker: The apItem is not exist.
10-31 19:28:07.784  2641  6685 W SettingsLib.AccessPoint: NetworkInfo is null, cannot return detailed state
10-31 19:28:07.784  2641  6685 I WifiTracker: apItem = AccessPoint(Mo_Ling_Love_House:d8:c8:e9:e2:80:d8,connectable,WPA_WPA2,level=3,metered=false)
10-31 19:28:07.784  2641  6685 I WifiTracker: The apItem is not exist.
10-31 19:28:07.784  2641  6685 W SettingsLib.AccessPoint: NetworkInfo is null, cannot return detailed state
10-31 19:28:07.784  2641  6685 I WifiTracker: apItem = AccessPoint(Mo_Ling_Love_House5:d8:c8:e9:e2:80:e0,connectable,WPA_WPA2,level=2,metered=false)
10-31 19:28:07.784  2641  6685 I WifiTracker: The apItem is not exist.
10-31 19:28:07.784  2641  6685 W SettingsLib.AccessPoint: NetworkInfo is null, cannot return detailed state
10-31 19:28:07.784  2641  6685 I WifiTracker: apItem = AccessPoint(yuejia:48:0e:ec:83:3e:5b,connectable,WPA_WPA2,level=2,metered=false)
10-31 19:28:07.784  2641  6685 I WifiTracker: The apItem is not exist.
10-31 19:28:07.784  2641  6685 W SettingsLib.AccessPoint: NetworkInfo is null, cannot return detailed state
10-31 19:28:07.784  2641  6685 I WifiTracker: apItem = AccessPoint(zyx0506:08:40:f3:e3:b4:61,connectable,WPA_WPA2,level=2,metered=false)
10-31 19:28:07.784  2641  6685 I WifiTracker: The apItem is not exist.
10-31 19:28:07.784  2641  6685 W SettingsLib.AccessPoint: NetworkInfo is null, cannot return detailed state
10-31 19:28:07.784  2641  6685 I WifiTracker: apItem = AccessPoint(@Rainbow_Staff:10:19:65:12:5a:52,connectable,EAP,level=1,metered=false)
10-31 19:28:07.784  2641  6685 I WifiTracker: The apItem is not exist.
10-31 19:28:07.784  2641  6685 W SettingsLib.AccessPoint: NetworkInfo is null, cannot return detailed state
10-31 19:28:07.784  2641  6685 I WifiTracker: apItem = AccessPoint(ChinaNet-sUQ4:cc:c2:e0:68:55:d9,connectable,WPA_WPA2,level=1,metered=false)
10-31 19:28:07.784  2641  6685 I WifiTracker: The apItem is not exist.
10-31 19:28:07.784  2641  6685 W SettingsLib.AccessPoint: NetworkInfo is null, cannot return detailed state
10-31 19:28:07.784  2641  6685 I WifiTracker: apItem = AccessPoint(HF-LPT130:30:ea:e7:02:fa:c2,connectable,level=1,metered=false)
10-31 19:28:07.784  2641  6685 I WifiTracker: The apItem is not exist.
10-31 19:28:07.784  2641  6685 W SettingsLib.AccessPoint: NetworkInfo is null, cannot return detailed state
10-31 19:28:07.784  2641  6685 I WifiTracker: apItem = AccessPoint(jialigongyu:f4:2a:7d:b5:ed:1c,connectable,WPA_WPA2,level=1,metered=false)
10-31 19:28:07.784  2641  6685 I WifiTracker: The apItem is not exist.
10-31 19:28:07.784  2641  6685 W SettingsLib.AccessPoint: NetworkInfo is null, cannot return detailed state
10-31 19:28:07.784  2641  6685 I WifiTracker: apItem = AccessPoint(nsls-888:00:66:19:09:6f:c8,connectable,WPA_WPA2,level=1,metered=false)
10-31 19:28:07.784  2641  6685 I WifiTracker: The apItem is not exist.
10-31 19:28:07.784  2641  6685 W SettingsLib.AccessPoint: NetworkInfo is null, cannot return detailed state
10-31 19:28:07.784  2641  6685 I WifiTracker: apItem = AccessPoint(piao:34:fc:a1:d1:11:db,connectable,WPA_WPA2,level=1,metered=false)
10-31 19:28:07.784  2641  6685 I WifiTracker: The apItem is not exist.
10-31 19:28:07.784  2641  6685 W SettingsLib.AccessPoint: NetworkInfo is null, cannot return detailed state
10-31 19:28:07.784  2641  6685 I WifiTracker: apItem = AccessPoint(PingAnBank-TV:0e:74:9c:eb:6d:6f,connectable,WPA2,level=1,metered=false)
10-31 19:28:07.784  2641  6685 I WifiTracker: The apItem is not exist.
10-31 19:28:07.784  2641  6685 W SettingsLib.AccessPoint: NetworkInfo is null, cannot return detailed state
10-31 19:28:07.784  2641  6685 I WifiTracker: apItem = AccessPoint(PingAnBank-WiFi:06:74:9c:eb:6d:57,connectable,level=1,metered=false)
10-31 19:28:07.784  2641  6685 I WifiTracker: The apItem is not exist.
10-31 19:28:07.784  2641  6685 W SettingsLib.AccessPoint: NetworkInfo is null, cannot return detailed state
10-31 19:28:07.784  2641  6685 I WifiTracker: apItem = AccessPoint(PingAnBank-ZNTD:0a:74:9c:eb:6d:6f,connectable,WPA2,level=1,metered=false)
10-31 19:28:07.784  2641  6685 I WifiTracker: The apItem is not exist.
10-31 19:28:07.784  2641  6685 W SettingsLib.AccessPoint: NetworkInfo is null, cannot return detailed state
10-31 19:28:07.784  2641  6685 I WifiTracker: apItem = AccessPoint(Rainbow_DPM:10:19:65:12:5a:53,connectable,WPA2,level=1,metered=false)
10-31 19:28:07.784  2641  6685 I WifiTracker: The apItem is not exist.
10-31 19:28:07.785  2641  6685 W SettingsLib.AccessPoint: NetworkInfo is null, cannot return detailed state
10-31 19:28:07.785  2641  6685 I WifiTracker: apItem = AccessPoint(Rainbow_Lease:10:19:65:12:5a:51,connectable,WPA2,level=1,metered=false)
10-31 19:28:07.785  2641  6685 I WifiTracker: The apItem is not exist.
10-31 19:28:07.785  2641  6685 W SettingsLib.AccessPoint: NetworkInfo is null, cannot return detailed state
10-31 19:28:07.785  2641  6685 I WifiTracker: apItem = AccessPoint(Rainbow_POS:10:19:65:12:5a:54,connectable,WPA2,level=1,metered=false)
10-31 19:28:07.785  2641  6685 I WifiTracker: The apItem is not exist.
10-31 19:28:07.785  2641  6685 W SettingsLib.AccessPoint: NetworkInfo is null, cannot return detailed state
10-31 19:28:07.785  2641  6685 I WifiTracker: apItem = AccessPoint(UFI-E265:5c:a0:00:14:e2:65,connectable,WPA2,level=1,metered=false)
10-31 19:28:07.785  2641  6685 I WifiTracker: The apItem is not exist.
10-31 19:28:07.785  2641  6685 W SettingsLib.AccessPoint: NetworkInfo is null, cannot return detailed state
10-31 19:28:07.785  2641  6685 I WifiTracker: apItem = AccessPoint(Xiaomi_31B3:ec:41:18:40:31:b4,connectable,WPA_WPA2,level=1,metered=false)
10-31 19:28:07.785  2641  6685 I WifiTracker: The apItem is not exist.
10-31 19:28:07.785  2641  6685 W SettingsLib.AccessPoint: NetworkInfo is null, cannot return detailed state
10-31 19:28:07.785  2641  6685 I WifiTracker: apItem = AccessPoint(:58:41:20:82:4c:bd,connectable,WPA_WPA2,level=1,metered=false)
10-31 19:28:07.785  2641  6685 I WifiTracker: The apItem is not exist.
10-31 19:28:07.785  2641  6685 W SettingsLib.AccessPoint: NetworkInfo is null, cannot return detailed state
10-31 19:28:07.785  2641  6685 I WifiTracker: apItem = AccessPoint(4-2:44:d1:fa:31:be:cc,connectable,WPA2,level=0,metered=false)
10-31 19:28:07.785  2641  6685 I WifiTracker: The apItem is not exist.
10-31 19:28:07.785  2641  6685 W SettingsLib.AccessPoint: NetworkInfo is null, cannot return detailed state
10-31 19:28:07.785  2641  6685 I WifiTracker: apItem = AccessPoint(CMCC-yKKe-5G:08:ff:24:8e:ca:3f,connectable,WPA_WPA2,level=0,metered=false)
10-31 19:28:07.785  2641  6685 I WifiTracker: The apItem is not exist.
10-31 19:28:07.785  2641  6685 W SettingsLib.AccessPoint: NetworkInfo is null, cannot return detailed state
10-31 19:28:07.785  2641  6685 I WifiTracker: apItem = AccessPoint(_5G:28:d1:27:dc:ad:8f,connectable,WPA_WPA2,level=0,metered=false)
10-31 19:28:07.785  2641  6685 I WifiTracker: The apItem is not exist.
10-31 19:28:07.785  2641  2641 W SettingsLib.AccessPoint: NetworkInfo is null, cannot return detailed state
10-31 19:28:07.786  2641  2641 I chatty  : uid=1000(system) com.byd.systemsettings identical 23 lines
10-31 19:28:07.786  2641  2641 W SettingsLib.AccessPoint: NetworkInfo is null, cannot return detailed state
10-31 19:28:07.794  2641  2641 I WIFIListConnectedAdapte: onBindViewHolder: accessPoint = ufi_68943
10-31 19:28:07.794  2641  2641 I WIFIListConnectedAdapte: onBindViewHolder: wifiLevel = 4, wifiSecurity = 2
10-31 19:28:07.796  2641  2641 I WIFIListAdapter: onBindViewHolder: wifiLevel = 3, wifiSecurity = 2
10-31 19:28:07.797  2641  2641 I WIFIListAdapter: onBindViewHolder: wifiLevel = 2, wifiSecurity = 2
10-31 19:28:07.800  2641  2641 I WIFIListAdapter: onBindViewHolder: wifiLevel = 2, wifiSecurity = 2
10-31 19:28:07.801  2641  2641 I WIFIListAdapter: onBindViewHolder: wifiLevel = 1, wifiSecurity = 3
10-31 19:28:07.804  2641  2641 I WIFIListAdapter: onBindViewHolder: wifiLevel = 1, wifiSecurity = 2
10-31 19:28:07.805  3851  3851 D BYDAutoStatisticDevice: postEvent device_type: 1014, event_type =43a00028, value = 52
10-31 19:28:07.806  3482  3482 D BYDAutoPowerDevice: postEvent device_type: 1005, event_type =12d0003d, value = 1
10-31 19:28:07.807  2835  2835 D BYDAutoPowerDevice: postEvent device_type: 1005, event_type =12d0003d, value = 1
10-31 19:28:07.807  2641  2641 I WIFIListAdapter: onBindViewHolder: wifiLevel = 1, wifiSecurity = 0
10-31 19:28:07.807  1015  4894 E mm-camera: <MCT   ><ERROR> 1313: mct_controller_handle_SOF_proc: Metadata stream not present
10-31 19:28:07.807  2005  2005 D BYDAutoPowerDevice: postEvent device_type: 1005, event_type =12d0003d, value = 1
10-31 19:28:07.809  3851  3851 D BYDAutoInstrumentDevice: postEvent device_type: 1007, event_type =12d0003c, value = 0
10-31 19:28:07.812  1059  4918 E mm_bcamera: mm_app_preview_notify_cb: dump_number0[0]
10-31 19:28:07.812  1059  4918 I NormalMMCamDevice: [frameworks/av/services/bmmcamera/device/src/NormalMMCamDevice.cpp]:[isZero]: the start is [1036800].
10-31 19:28:07.812  1059  4918 I NormalMMCamDevice: [frameworks/av/services/bmmcamera/device/src/NormalMMCamDevice.cpp]:[isZero]: the start is [2592000].
10-31 19:28:07.812  2641  2641 I WIFIListAdapter: onBindViewHolder: wifiLevel = 1, wifiSecurity = 2
10-31 19:28:07.815  2641  2641 I WIFIListAdapter: onBindViewHolder: wifiLevel = 1, wifiSecurity = 2
10-31 19:28:07.843  1015  4894 E mm-camera: <MCT   ><ERROR> 1313: mct_controller_handle_SOF_proc: Metadata stream not present
10-31 19:28:07.851  1059  4918 E mm_bcamera: mm_app_preview_notify_cb: dump_number0[0]
10-31 19:28:07.851  1059  4918 I NormalMMCamDevice: [frameworks/av/services/bmmcamera/device/src/NormalMMCamDevice.cpp]:[isZero]: the start is [1036800].
10-31 19:28:07.851  1059  4918 I NormalMMCamDevice: [frameworks/av/services/bmmcamera/device/src/NormalMMCamDevice.cpp]:[isZero]: the start is [2592000].
10-31 19:28:07.852  3851  3851 D BYDAutoInstrumentDevice: postEvent device_type: 1007, event_type =12d0003c, value = 1
10-31 19:28:07.883  1015  4894 E mm-camera: <MCT   ><ERROR> 1313: mct_controller_handle_SOF_proc: Metadata stream not present
10-31 19:28:07.892  1059  4918 E mm_bcamera: mm_app_preview_notify_cb: dump_number0[0]
10-31 19:28:07.892  1059  4918 I NormalMMCamDevice: [frameworks/av/services/bmmcamera/device/src/NormalMMCamDevice.cpp]:[isZero]: the start is [1036800].
