12-05 20:30:38.210  1211  1790 D ConnectivityService: reportNetworkConnectivity(103, false) by 1000
12-05 20:30:38.221  1211  1282 D BroadcastQueue: ssc_skip reciever for uid 10088 name = net.dinglisch.android.taskerm, broadcast=android.intent.action.PACKAGE_REMOVED
12-05 20:30:38.221  1211  1282 W BroadcastQueue: Background execution not allowed: receiving Intent { act=android.intent.action.PACKAGE_REMOVED dat=package:com.huawei.carstatushelper flg=0x4000010 (has extras) } to net.dinglisch.android.taskerm/.ReceiverStaticAlwaysOn
12-05 20:30:38.223  1211  7842 D ActivityManager: ssc_skip startServiceLocked 10088 want to start 10088, package net.dinglisch.android.taskerm
12-05 20:30:38.230  1211  5119 D ActivityManager: ssc_skip startServiceLocked 10088 want to start 10088, package net.dinglisch.android.taskerm
12-05 20:30:38.295  1211  1211 W Looper  : Slow dispatch took 165ms main h=android.app.ActivityThread$H c=android.app.-$$Lambda$LoadedApk$ReceiverDispatcher$Args$_BumDX2UKsnxLVrE6UJsJZkotuA@4252948 m=0
12-05 20:30:38.297  1211  1263 W Looper  : Slow delivery took 242ms android.fg h=android.os.Handler c=<recycled PooledLambda@c16b3e1> m=0
12-05 20:30:38.297  1211  1263 W Looper  : Slow dispatch took 108ms android.fg h=android.os.Handler c=<recycled PooledLambda@c16b3e1> m=0
12-05 20:30:38.302  1211  1211 W Looper  : Slow delivery took 259ms main h=android.os.Handler c=android.hardware.bydauto.BYDAutoDeviceManager$BYDAutoDeviceManagerImpl$3@17f5506 m=0
12-05 20:30:38.322  1211  1282 D BroadcastQueue: ssc_skip reciever for uid 10014 name = com.android.packageinstaller, broadcast=android.intent.action.PACKAGE_ADDED
12-05 20:30:38.322  1211  1282 W BroadcastQueue: Background execution not allowed: receiving Intent { act=android.intent.action.PACKAGE_ADDED dat=package:com.huawei.carstatushelper flg=0x4000010 (has extras) } to com.android.packageinstaller/.PackageInstalledReceiver
12-05 20:30:38.340  1211  1211 D AppOpsDataCachedService: updateAppOpsChangedLocked action = android.intent.action.PACKAGE_REPLACED uid = 10128
12-05 20:30:38.353  1211  1282 D BroadcastQueue: ssc_skip reciever for uid 10048 name = com.icoolme.android.weather.bydauto, broadcast=android.intent.action.PACKAGE_ADDED
12-05 20:30:38.354  1211  1282 W BroadcastQueue: Background execution not allowed: receiving Intent { act=android.intent.action.PACKAGE_ADDED dat=package:com.huawei.carstatushelper flg=0x4000010 (has extras) } to com.icoolme.android.weather.bydauto/com.icoolme.android.weather.receiver.AutoUpdateReceiver
12-05 20:30:38.367  1211  1282 D BroadcastQueue: ssc_skip reciever for uid 10048 name = com.icoolme.android.weather.bydauto, broadcast=android.intent.action.PACKAGE_ADDED
12-05 20:30:38.367  1211  1282 W BroadcastQueue: Background execution not allowed: receiving Intent { act=android.intent.action.PACKAGE_ADDED dat=package:com.huawei.carstatushelper flg=0x4000010 (has extras) } to com.icoolme.android.weather.bydauto/com.icoolme.android.weather.widget.WidgetBroadCastReceiver
12-05 20:30:38.368  1211  1282 D BroadcastQueue: ssc_skip reciever for uid 10048 name = com.icoolme.android.weather.bydauto, broadcast=android.intent.action.PACKAGE_ADDED
12-05 20:30:38.368  1211  1282 W BroadcastQueue: Background execution not allowed: receiving Intent { act=android.intent.action.PACKAGE_ADDED dat=package:com.huawei.carstatushelper flg=0x4000010 (has extras) } to com.icoolme.android.weather.bydauto/cn.jpush.android.service.PushReceiver
12-05 20:30:38.368  1211  1211 W Looper  : Drained
12-05 20:30:38.369  1211  1282 D BroadcastQueue: ssc_skip reciever for uid 10059 name = com.sohu.inputmethod.sogou, broadcast=android.intent.action.PACKAGE_ADDED
12-05 20:30:38.369  1211  1282 W BroadcastQueue: Background execution not allowed: receiving Intent { act=android.intent.action.PACKAGE_ADDED dat=package:com.huawei.carstatushelper flg=0x4000010 (has extras) } to com.sohu.inputmethod.sogou/com.sohu.inputmethod.flx.dynamic.tools.download.InstallFinishReceiver
12-05 20:30:38.369  1211  1282 D BroadcastQueue: ssc_skip reciever for uid 10078 name = com.baidu.netdisk, broadcast=android.intent.action.PACKAGE_ADDED
12-05 20:30:38.369  1211  1282 D ActivityManager: UID 10078 is  running now
12-05 20:30:38.375  1211  1282 D ActivityManager:  uid is running 10078
12-05 20:30:38.375  1211  1282 W BroadcastQueue: Background execution not allowed: receiving Intent { act=android.intent.action.PACKAGE_ADDED dat=package:com.huawei.carstatushelper flg=0x4000010 (has extras) } to com.baidu.netdisk/.module.toolbox.AppInfoBroadcastReceiver
12-05 20:30:38.377  1211  1282 D BroadcastQueue: ssc_skip reciever for uid 10079 name = com.dianshijia.newlive, broadcast=android.intent.action.PACKAGE_ADDED
12-05 20:30:38.377  1211  1282 D ActivityManager: UID 10079 is not running
12-05 20:30:38.390  1211  1282 D ActivityManager: packageName 10079  NOT RUNNING
12-05 20:30:38.390  1211  1282 D BroadcastQueue: ssc_skip reciever for uid 10079 name = com.dianshijia.newlive ignored !!!
12-05 20:30:38.390  1211  1282 D BroadcastQueue: ssc_skip reciever for uid 10088 name = net.dinglisch.android.taskerm, broadcast=android.intent.action.PACKAGE_ADDED
12-05 20:30:38.390  1211  1282 W BroadcastQueue: Background execution not allowed: receiving Intent { act=android.intent.action.PACKAGE_ADDED dat=package:com.huawei.carstatushelper flg=0x4000010 (has extras) } to net.dinglisch.android.taskerm/.ReceiverStaticAlwaysOn
12-05 20:30:38.391  1211  1282 D BroadcastQueue: ssc_skip reciever for uid 10014 name = com.android.packageinstaller, broadcast=android.intent.action.PACKAGE_ADDED
12-05 20:30:38.399  1211  5109 D BroadcastQueue: ssc_skip reciever for uid 10088 name = net.dinglisch.android.taskerm, broadcast=android.intent.action.PACKAGE_REPLACED
12-05 20:30:38.399  1211  5109 W BroadcastQueue: Background execution not allowed: receiving Intent { act=android.intent.action.PACKAGE_REPLACED dat=package:com.huawei.carstatushelper flg=0x4000010 (has extras) } to net.dinglisch.android.taskerm/.ReceiverStaticAlwaysOn
12-05 20:30:38.438  1211  1211 V NotificationService: py_play Interrupting! key is 0|net.dinglisch.android.taskerm|371041997|null|10088
12-05 20:30:38.438  1211  1211 E NotificationService: Error creating vibration waveform with pattern: [0]
12-05 20:30:38.463  1211  1211 E NotificationService: Muting recently noisy 0|net.dinglisch.android.taskerm|371041997|null|10088
12-05 20:30:38.479  1211  1211 E NotificationService: Muting recently noisy 0|net.dinglisch.android.taskerm|171885596|null|10088
12-05 20:30:38.512  1211  1282 D BroadcastQueue: ssc_skip reciever for uid 10088 name = net.dinglisch.android.taskerm, broadcast=net.dinglisch.android.ipack.actions.QUERY_PACKS
12-05 20:30:38.512  1211  1282 W BroadcastQueue: Background execution not allowed: receiving Intent { act=net.dinglisch.android.ipack.actions.QUERY_PACKS flg=0x10 } to net.dinglisch.android.taskerm/.IpackReceiver
12-05 20:30:38.536  1211  1281 W TextServicesManagerService: no available spell checker services found
12-05 20:30:38.574  1211  1281 W VoiceInteractionManagerService: no available voice recognition services found for user 0
12-05 20:30:38.592  3347  3347 W ContextImpl: Calling a method in the system process without a qualified user: android.app.ContextImpl.sendBroadcast:1064 android.content.ContextWrapper.sendBroadcast:448 com.byd.service.AppReceiver.onReceive:1141 android.app.LoadedApk$ReceiverDispatcher$Args.lambda$getRunnable$0$LoadedApk$ReceiverDispatcher$Args:1550 android.app.-$$Lambda$LoadedApk$ReceiverDispatcher$Args$_BumDX2UKsnxLVrE6UJsJZkotuA.run:2 
12-05 20:30:38.596  1211  5112 I DropBoxManagerService: add tag=system_server_wtf isTagEnabled=true flags=0x2
12-05 20:30:38.600  1211  5112 I DropBoxManagerService: add tag=system_server_wtf isTagEnabled=true flags=0x2
12-05 20:30:38.638  1211  1211 E NotificationService: Muting recently noisy 0|net.dinglisch.android.taskerm|371041997|null|10088
12-05 20:30:38.669  1211  1263 W Looper  : Drained
12-05 20:30:38.673  1211  1211 I Telecom : PhoneAccountRegistrar: getSimCallManager: SimCallManager for subId 1 queried, returning: null: TSI.gSCMFU@ANo
12-05 20:30:38.677  1211  1211 I Telecom : PhoneAccountRegistrar: getSimCallManager: SimCallManager for subId 1 queried, returning: null: TSI.gSCMFU@ANs
12-05 20:30:38.683  1211  1211 I Telecom : PhoneAccountRegistrar: getSimCallManager: SimCallManager for subId 1 queried, returning: null: TSI.gSCMFU@ANw
12-05 20:30:38.700  1211  1211 I Telecom : PhoneAccountRegistrar: getSimCallManager: SimCallManager for subId 1 queried, returning: null: TSI.gSCMFU@AN0
12-05 20:30:38.702  1211  1211 E NotificationService: Muting recently noisy 0|net.dinglisch.android.taskerm|171885596|null|10088
12-05 20:30:38.736  1211  1282 D BroadcastQueue: ssc_skip reciever for uid 10088 name = net.dinglisch.android.taskerm, broadcast=net.dinglisch.android.ipack.actions.QUERY_PACKS
12-05 20:30:38.736  1211  1282 W BroadcastQueue: Background execution not allowed: receiving Intent { act=net.dinglisch.android.ipack.actions.QUERY_PACKS flg=0x10 } to net.dinglisch.android.taskerm/.IpackReceiver
12-05 20:30:38.820  1211  1281 I RoleUserState: Wrote roles.xml successfully
12-05 20:30:38.853  1211  1211 E NotificationService: Muting recently noisy 0|net.dinglisch.android.taskerm|371041997|null|10088
12-05 20:30:38.900  1211  1211 E NotificationService: Muting recently noisy 0|net.dinglisch.android.taskerm|171885596|null|10088
12-05 20:30:38.908  1211  1282 D BroadcastQueue: ssc_skip reciever for uid 10088 name = net.dinglisch.android.taskerm, broadcast=net.dinglisch.android.ipack.actions.QUERY_PACKS
12-05 20:30:38.908  1211  1282 W BroadcastQueue: Background execution not allowed: receiving Intent { act=net.dinglisch.android.ipack.actions.QUERY_PACKS flg=0x10 } to net.dinglisch.android.taskerm/.IpackReceiver
12-05 20:30:38.922  1211 12685 I DropBoxManagerService: add tag=system_app_wtf isTagEnabled=true flags=0x2
12-05 20:30:38.927  1211 12686 I DropBoxManagerService: add tag=system_app_wtf isTagEnabled=true flags=0x2
12-05 20:30:38.928  1211 12687 I DropBoxManagerService: add tag=system_app_wtf isTagEnabled=true flags=0x2
12-05 20:30:38.948  1211  1790 D ConnectivityService: NetworkAgentInfo [WIFI () - 103] validation passed
12-05 20:30:39.484  1211  1790 D ConnectivityService: handleLingerComplete for NetworkAgentInfo [MOBILE (LTE) - 102]
12-05 20:30:39.511  1211  1282 D BroadcastQueue: ssc_skip reciever for uid 10078 name = com.baidu.netdisk, broadcast=com.baidu.techain.push.action.PUSH_EVENT
12-05 20:30:39.511  1211  1282 D ActivityManager: UID 10078 is  running now
12-05 20:30:39.512  1211  1282 D ActivityManager:  uid is running 10078
12-05 20:30:39.537  1211  1282 D BroadcastQueue: ssc_skip reciever for uid 10048 name = com.icoolme.android.weather.bydauto, broadcast=cn.jpush.android.intent.CONNECTION
12-05 20:30:40.011  1211  5109 D ActivityTaskManager: START intent = Intent { act=android.intent.action.MAIN cat=[android.intent.category.LAUNCHER] flg=0x10000000 pkg=com.huawei.carstatushelper cmp=com.huawei.carstatushelper/.SplashActivity }, processName = com.android.packageinstaller
12-05 20:30:40.011  1211  5109 I ActivityTaskManager: START u0 {act=android.intent.action.MAIN cat=[android.intent.category.LAUNCHER] flg=0x10000000 pkg=com.huawei.carstatushelper cmp=com.huawei.carstatushelper/.SplashActivity} from uid 10014
12-05 20:30:40.055  1211  3871 V WindowManager:  mAutoRotation 1 mLastPhyRotation = 3 mWmService.getUserPreferencesVaule()-1getPhysicalWindowOrientation = 3mCurrentAppOrientation = -1
12-05 20:30:40.055  1211  3871 V WindowManager: mLastPhyRotation 3
12-05 20:30:40.099  1211  1271 I WindowManager:  gww setNewFocusStatusForDvider 
12-05 20:30:40.099  1211  1266 D WindowManager: sysstate setSystemUiVisibility visibility is 40968
12-05 20:30:40.115  1211  1283 I ActivityManager: Start proc 12713:com.huawei.carstatushelper/u0a128 for activity {com.huawei.carstatushelper/com.huawei.carstatushelper.SplashActivity}
12-05 20:30:40.170  1211  1804 V WindowManager:  mAutoRotation 1 mLastPhyRotation = 3 mWmService.getUserPreferencesVaule()-1getPhysicalWindowOrientation = 3mCurrentAppOrientation = -1
12-05 20:30:40.170  1211  1804 V WindowManager: mLastPhyRotation 3
12-05 20:30:40.184  1211  1804 D BydAutoRotation: com.huawei.carstatushelper.SplashActivity, isResumed:true, reason:minimalResumeActivityLocked, displayId:0, removePreMsg:false
12-05 20:30:40.209  1211  1272 V WindowManager: syslog performShowLocked: mDrawState=HAS_DRAWN in Window{a66ebd9 u0 Splash Screen com.huawei.carstatushelper}
12-05 20:30:40.254  1211  1266 D WindowManager: sysstate setSystemUiVisibility visibility is 32776
12-05 20:30:40.275  1211  1282 I ActivityManager: Force stopping com.baidu.netdisk appid=10078 user=-1: rapidmode
12-05 20:30:40.275  1211  1282 I ActivityManager: Killing 11952:com.baidu.netdisk:p2p/u0a78 (adj 100): stop com.baidu.netdisk
12-05 20:30:40.280  1211  1282 I ActivityManager: Killing 12309:com.baidu.netdisk:remote/u0a78 (adj 100): stop com.baidu.netdisk
12-05 20:30:40.289  1211  1282 I ActivityManager: Killing 11446:com.baidu.netdisk:operator_thumbnail/u0a78 (adj 100): stop com.baidu.netdisk
12-05 20:30:40.298  1211  1282 I ActivityManager: Killing 10762:com.baidu.netdisk/u0a78 (adj 50): stop com.baidu.netdisk
12-05 20:30:40.315  1211  1282 W ActivityTaskManager: Force removing ActivityRecord{857b9f2 u0 com.baidu.netdisk/.ui.preview.OpenFileDialog t13 f}: app died, no saved state
12-05 20:30:40.316  1211  1282 W ActivityTaskManager: Force removing ActivityRecord{4c08851 u0 com.baidu.netdisk/.ui.MainActivity t13 f}: app died, no saved state
12-05 20:30:40.333  1211  1282 I ActivityManager: Killing 12206:com.baidu.netdisk:swan0/u0a78 (adj 0): stop com.baidu.netdisk
12-05 20:30:40.385  1211  1317 D BydAutoRotation: info {name:com.huawei.carstatushelper.SplashActivity,isFinishing:false,multiWindow:false,fullscreen:true,noDisplay:false}
12-05 20:30:40.388  1211  1317 D BydAutoRotation: orientation {xmlConfig:SCREEN_ORIENTATION_UNSPECIFIED, nowRequest:SCREEN_ORIENTATION_UNSPECIFIED, nowRequestFixed:false, codeRequestOther:false}
12-05 20:30:40.455  1211  1804 D ActivityTaskManager: START intent = Intent { cmp=com.huawei.carstatushelper/.MainActivity }, processName = com.huawei.carstatushelper
12-05 20:30:40.455  1211  1804 I ActivityTaskManager: START u0 {cmp=com.huawei.carstatushelper/.MainActivity} from uid 10128
12-05 20:30:40.467  1211  1266 D WindowManager: sysstate setSystemUiVisibility visibility is 32776
12-05 20:30:40.494  1211  1804 D ActivityTaskManager: activityResumedForAcBar className:com.huawei.carstatushelper.SplashActivity
12-05 20:30:40.499  1211  5115 I ActivityTaskManager: The Process com.huawei.carstatushelper Already Exists in BG. So sending its PID: 12713
12-05 20:30:40.500  1211  5115 V WindowManager:  mAutoRotation 1 mLastPhyRotation = 3 mWmService.getUserPreferencesVaule()-1getPhysicalWindowOrientation = 3mCurrentAppOrientation = -1
12-05 20:30:40.500  1211  5115 V WindowManager: mLastPhyRotation 3
12-05 20:30:40.502  1211  5115 D BydAutoRotation: com.huawei.carstatushelper.MainActivity, isResumed:true, reason:minimalResumeActivityLocked, displayId:0, removePreMsg:false
12-05 20:30:40.703  1211  1317 D BydAutoRotation: info {name:com.huawei.carstatushelper.MainActivity,isFinishing:false,multiWindow:false,fullscreen:true,noDisplay:false}
12-05 20:30:40.704  1211  1317 D BydAutoRotation: orientation {xmlConfig:SCREEN_ORIENTATION_UNSPECIFIED, nowRequest:SCREEN_ORIENTATION_UNSPECIFIED, nowRequestFixed:false, codeRequestOther:false}
12-05 20:30:40.818 12713 12713 E AndroidRuntime: FATAL EXCEPTION: main
12-05 20:30:40.818 12713 12713 E AndroidRuntime: Process: com.huawei.carstatushelper, PID: 12713
12-05 20:30:40.818 12713 12713 E AndroidRuntime: java.lang.RuntimeException: Unable to start activity ComponentInfo{com.huawei.carstatushelper/com.huawei.carstatushelper.MainActivity}: java.lang.IllegalArgumentException: Cannot format given Object as a Number
12-05 20:30:40.818 12713 12713 E AndroidRuntime: 	at android.app.ActivityThread.performLaunchActivity(ActivityThread.java:3271)
12-05 20:30:40.818 12713 12713 E AndroidRuntime: 	at android.app.ActivityThread.handleLaunchActivity(ActivityThread.java:3410)
12-05 20:30:40.818 12713 12713 E AndroidRuntime: 	at android.app.servertransaction.LaunchActivityItem.execute(LaunchActivityItem.java:83)
12-05 20:30:40.818 12713 12713 E AndroidRuntime: 	at android.app.servertransaction.TransactionExecutor.executeCallbacks(TransactionExecutor.java:135)
12-05 20:30:40.818 12713 12713 E AndroidRuntime: 	at android.app.servertransaction.TransactionExecutor.execute(TransactionExecutor.java:95)
12-05 20:30:40.818 12713 12713 E AndroidRuntime: 	at android.app.ActivityThread$H.handleMessage(ActivityThread.java:2017)
12-05 20:30:40.818 12713 12713 E AndroidRuntime: 	at android.os.Handler.dispatchMessage(Handler.java:107)
12-05 20:30:40.818 12713 12713 E AndroidRuntime: 	at android.os.Looper.loop(Looper.java:214)
12-05 20:30:40.818 12713 12713 E AndroidRuntime: 	at android.app.ActivityThread.main(ActivityThread.java:7478)
12-05 20:30:40.818 12713 12713 E AndroidRuntime: 	at java.lang.reflect.Method.invoke(Native Method)
12-05 20:30:40.818 12713 12713 E AndroidRuntime: 	at com.android.internal.os.RuntimeInit$MethodAndArgsCaller.run(RuntimeInit.java:492)
12-05 20:30:40.818 12713 12713 E AndroidRuntime: 	at com.android.internal.os.ZygoteInit.main(ZygoteInit.java:935)
12-05 20:30:40.818 12713 12713 E AndroidRuntime: Caused by: java.lang.IllegalArgumentException: Cannot format given Object as a Number
12-05 20:30:40.818 12713 12713 E AndroidRuntime: 	at java.text.DecimalFormat.format(DecimalFormat.java:639)
12-05 20:30:40.818 12713 12713 E AndroidRuntime: 	at java.text.Format.format(Format.java:157)
12-05 20:30:40.818 12713 12713 E AndroidRuntime: 	at com.huawei.carstatushelper.MainActivity.updateInstantElecCon(MainActivity.java:1116)
12-05 20:30:40.818 12713 12713 E AndroidRuntime: 	at com.huawei.carstatushelper.MainActivity.initAutoData(MainActivity.java:1200)
12-05 20:30:40.818 12713 12713 E AndroidRuntime: 	at com.huawei.carstatushelper.MainActivity.onCreate(MainActivity.java:202)
12-05 20:30:40.818 12713 12713 E AndroidRuntime: 	at android.app.Activity.performCreate(Activity.java:7993)
12-05 20:30:40.818 12713 12713 E AndroidRuntime: 	at android.app.Activity.performCreate(Activity.java:7982)
12-05 20:30:40.818 12713 12713 E AndroidRuntime: 	at android.app.Instrumentation.callActivityOnCreate(Instrumentation.java:1307)
12-05 20:30:40.818 12713 12713 E AndroidRuntime: 	at android.app.ActivityThread.performLaunchActivity(ActivityThread.java:3246)
12-05 20:30:40.818 12713 12713 E AndroidRuntime: 	... 11 more
12-05 20:30:40.825  1211  1804 W ActivityTaskManager:   Force finishing activity com.huawei.carstatushelper/.MainActivity
12-05 20:30:40.827  1211  1804 D BydAutoRotation: com.android.launcher3.Launcher, isResumed:true, reason:finishActivity adjustFocus, displayId:0, removePreMsg:false
12-05 20:30:40.828  1211  1804 W ActivityTaskManager: topComponentName ComponentInfo{com.android.launcher3/com.android.launcher3.Launcher}
12-05 20:30:40.828  1211  1804 D BydAutoRotation: com.android.launcher3.Launcher, isResumed:true, reason:finishActivity, displayId:0, removePreMsg:true
12-05 20:30:40.845  1211  1804 I WindowManager: Queue is too deep! Purged item with taskid=14
12-05 20:30:40.870  1211  1804 I ActivityManager: Process com.huawei.carstatushelper (pid 12713) has died: fore TOP 
12-05 20:30:40.879  1211  1804 D WindowManager: sysstate updateSystemUiVisibilityLw winCandidate is null 1
12-05 20:30:40.885  1211  1804 I chatty  : uid=1000(system) Binder:1211_3 identical 1 line
12-05 20:30:40.888  1211  1804 D WindowManager: sysstate updateSystemUiVisibilityLw winCandidate is null 1
12-05 20:30:40.891  1211  1804 D BydAutoRotation: com.android.launcher3.Launcher, isResumed:true, reason:resumeTopActivityInnerLocked, displayId:0, removePreMsg:true
12-05 20:30:40.891  1211  1804 V WindowManager:  mAutoRotation 1 mLastPhyRotation = 3 mWmService.getUserPreferencesVaule()-1getPhysicalWindowOrientation = 3mCurrentAppOrientation = -1
12-05 20:30:40.891  1211  1804 V WindowManager: mLastPhyRotation 3
12-05 20:30:40.894  1211  1804 D WindowManager: sysstate updateSystemUiVisibilityLw winCandidate is null 1
12-05 20:30:40.898  1211  5115 D WindowManager: sysstate updateSystemUiVisibilityLw winCandidate is null 1
12-05 20:30:40.902  1211  5112 D WindowManager: sysstate updateSystemUiVisibilityLw winCandidate is null 1
12-05 20:30:40.906  1211  6839 D WindowManager: sysstate updateSystemUiVisibilityLw winCandidate is null 1
12-05 20:30:40.918  1211  5112 D WindowManager: sysstate updateSystemUiVisibilityLw winCandidate is null 1
12-05 20:30:40.925  1211  5112 D WindowManager: sysstate updateSystemUiVisibilityLw winCandidate is null 1
12-05 20:30:40.931  1211  1272 W WindowManager: Failed looking up window callers=com.android.server.wm.WindowManagerService.windowForClientLocked:5391 com.android.server.wm.WindowManagerService.removeWindow:1798 com.android.server.wm.Session.remove:176 
12-05 20:30:40.934  1211  7613 D ConnectivityService: ConnectivityService NetworkRequestInfo binderDied(NetworkRequest [ TRACK_DEFAULT id=24, [ Capabilities: INTERNET&NOT_RESTRICTED&TRUSTED Uid: 10078] ], android.os.BinderProxy@c1052c8)
12-05 20:30:40.934  1211  6839 D ConnectivityService: ConnectivityService NetworkRequestInfo binderDied(NetworkRequest [ LISTEN id=25, [ Capabilities: INTERNET&NOT_RESTRICTED&TRUSTED Uid: 10078] ], android.os.BinderProxy@adc5f61)
12-05 20:30:40.939  1211  1272 D WindowManager: sysstate updateSystemUiVisibilityLw winCandidate is null 1
12-05 20:30:40.939  1211  1790 D ConnectivityService: releasing NetworkRequest [ TRACK_DEFAULT id=24, [ Capabilities: INTERNET&NOT_RESTRICTED&TRUSTED Uid: 10078] ] (release request)
12-05 20:30:40.971  1211  6839 D ConnectivityService: ConnectivityService NetworkRequestInfo binderDied(NetworkRequest [ LISTEN id=29, [ Capabilities: INTERNET&NOT_RESTRICTED&TRUSTED Uid: 10078] ], android.os.BinderProxy@7018f47)
12-05 20:30:40.971  1211  5118 D WindowManager: sysstate updateSystemUiVisibilityLw winCandidate is null 1
12-05 20:30:40.972  1211  6839 D ConnectivityService: ConnectivityService NetworkRequestInfo binderDied(NetworkRequest [ LISTEN id=31, [ Capabilities: INTERNET&NOT_RESTRICTED&TRUSTED Uid: 10078] ], android.os.BinderProxy@d3bd374)
12-05 20:30:40.972  1211  2797 D ConnectivityService: ConnectivityService NetworkRequestInfo binderDied(NetworkRequest [ TRACK_DEFAULT id=28, [ Capabilities: INTERNET&NOT_RESTRICTED&TRUSTED Uid: 10078] ], android.os.BinderProxy@c9e909d)
12-05 20:30:40.975  1211  7605 D ConnectivityService: ConnectivityService NetworkRequestInfo binderDied(NetworkRequest [ TRACK_DEFAULT id=30, [ Capabilities: INTERNET&NOT_RESTRICTED&TRUSTED Uid: 10078] ], android.os.BinderProxy@6019912)
12-05 20:30:40.977  1211  1790 D ConnectivityService: releasing NetworkRequest [ TRACK_DEFAULT id=28, [ Capabilities: INTERNET&NOT_RESTRICTED&TRUSTED Uid: 10078] ] (release request)
12-05 20:30:40.977  1211  1271 W ActivityManager: setHasOverlayUi called on unknown pid: 10762
12-05 20:30:40.981  1211  1790 D ConnectivityService: releasing NetworkRequest [ TRACK_DEFAULT id=30, [ Capabilities: INTERNET&NOT_RESTRICTED&TRUSTED Uid: 10078] ] (release request)
12-05 20:30:41.091  1211  1317 D BydAutoRotation: info {name:com.android.launcher3.Launcher,isFinishing:false,multiWindow:false,fullscreen:true,noDisplay:false}
12-05 20:30:41.091  1211  1317 D BydAutoRotation: orientation {xmlConfig:SCREEN_ORIENTATION_UNSPECIFIED, nowRequest:SCREEN_ORIENTATION_UNSPECIFIED, nowRequestFixed:false, codeRequestOther:false}
12-05 20:30:41.224  1211  1790 D ConnectivityService: reportNetworkConnectivity(103, false) by 1000
12-05 20:30:41.237  1211  1282 D BroadcastQueue: ssc_skip reciever for uid 1000 name = com.byd.musicwidget, broadcast=android.appwidget.action.APPWIDGET_UPDATE_OPTIONS
12-05 20:30:41.242  1211  2797 D BydAutoRotation: com.android.launcher3.Launcher, isResumed:true, reason:setRequestedOrientation, displayId:0, removePreMsg:false
12-05 20:30:41.244  7607  7607 W ContextImpl: Calling a method in the system process without a qualified user: android.app.ContextImpl.bindService:1668 android.content.ContextWrapper.bindService:705 com.byd.launcherclient.LauncherClient.connectSafely:106 com.byd.launcherclient.LauncherClient.reconnect:185 com.byd.launcherclient.LauncherClient.<init>:74 
12-05 20:30:41.245  1211  2176 D ActivityManager: bindServiceLocked  1000 process com.android.launcher3  want to bind 10016
12-05 20:30:41.250  7607  7607 W ContextImpl: Calling a method in the system process without a qualified user: android.app.ContextImpl.sendBroadcast:1064 android.content.ContextWrapper.sendBroadcast:448 com.android.launcher3.Launcher.updateAllAppWidget:785 com.android.launcher3.Launcher.onCreate:763 android.app.Activity.performCreate:7993 
12-05 20:30:41.269  1211  1282 D BroadcastQueue: ssc_skip reciever for uid 10038 name = com.byd.kuwowidget, broadcast=android.appwidget.action.APPWIDGET_UPDATE
12-05 20:30:41.277  1211  2797 D ActivityTaskManager: activityResumedForAcBar className:com.android.launcher3.Launcher
12-05 20:30:41.281  1211  1272 D WindowManager: sysstate updateSystemUiVisibilityLw winCandidate is null 1
12-05 20:30:41.289  1211  7605 D WindowManager: sysstate updateSystemUiVisibilityLw winCandidate is null 1
12-05 20:30:41.292  1211  1266 D WindowManager: sysstate setSystemUiVisibility visibility is 34568
12-05 20:30:41.292  1211  1271 I WindowManager:  gww setNewFocusStatusForDvider 
12-05 20:30:41.327  1211  7605 D ActivityManager: ssc_skip startServiceLocked 10038 want to start 10038, package com.byd.kuwowidget
12-05 20:30:41.327  1211  1271 W ActivityTaskManager: Activity top resumed state loss timeout for ActivityRecord{d74d398 u0 com.huawei.carstatushelper/.MainActivity t-1 f}
12-05 20:30:41.331  1211  1272 V WindowManager: syslog performShowLocked: mDrawState=HAS_DRAWN in Window{1c6c0d3 u0 com.android.launcher3/com.android.launcher3.Launcher}
12-05 20:30:41.339  1211  7605 D BroadcastQueue: ssc_skip reciever for uid 1000 name = com.byd.musicwidget, broadcast=android.appwidget.action.APPWIDGET_UPDATE
12-05 20:30:41.443  1211  1317 D BydAutoRotation: info {name:com.android.launcher3.Launcher,isFinishing:false,multiWindow:false,fullscreen:true,noDisplay:false}
12-05 20:30:41.443  1211  1317 D BydAutoRotation: orientation {xmlConfig:SCREEN_ORIENTATION_UNSPECIFIED, nowRequest:SCREEN_ORIENTATION_UNSPECIFIED, nowRequestFixed:false, codeRequestOther:false}
12-05 20:30:41.816  1211  1790 D ConnectivityService: NetworkAgentInfo [WIFI () - 103] validation passed
12-05 20:30:43.099  1211  1282 D BroadcastQueue: ssc_skip reciever for uid 10048 name = com.icoolme.android.weather.bydauto, broadcast=cn.jpush.android.intent.CONNECTION
12-05 20:30:44.157  1211  2813 E TaskPersister: File error accessing recents directory (directory doesn't exist?).
12-05 20:30:44.157  1211  2813 E TaskPersister: File error accessing recents directory (directory doesn't exist?).
12-05 20:30:44.250  1211  1790 D ConnectivityService: reportNetworkConnectivity(103, false) by 1000
12-05 20:30:44.803  1211  1790 D ConnectivityService: NetworkAgentInfo [WIFI () - 103] validation passed
12-05 20:30:47.288  1211  1790 D ConnectivityService: reportNetworkConnectivity(103, false) by 1000
12-05 20:30:47.652  1211  7605 D ActivityTaskManager: START intent = Intent { act=android.intent.action.MAIN cat=[android.intent.category.LAUNCHER] flg=0x10200000 cmp=com.huawei.carstatushelper/.SplashActivity bnds=[84,485][312,886] (has extras) }, processName = com.android.launcher3
12-05 20:30:47.652  1211  7605 I ActivityTaskManager: START u0 {act=android.intent.action.MAIN cat=[android.intent.category.LAUNCHER] flg=0x10200000 cmp=com.huawei.carstatushelper/.SplashActivity bnds=[84,485][312,886] (has extras)} from uid 1000
12-05 20:30:47.674  7607  7607 W ContextImpl: Calling a method in the system process without a qualified user: android.app.ContextImpl.sendBroadcast:1079 android.content.ContextWrapper.sendBroadcast:453 com.android.launcher3.Stats.recordLaunch:146 com.android.launcher3.Launcher.startAppShortcutOrInfoActivity:3508 com.android.launcher3.Launcher.onClickAppShortcut:3343 
12-05 20:30:47.707  1211  1266 D WindowManager: sysstate setSystemUiVisibility visibility is 32776
12-05 20:30:47.708  1211  1271 I WindowManager:  gww setNewFocusStatusForDvider 
12-05 20:30:47.764  1211  1283 I ActivityManager: Start proc 12819:com.huawei.carstatushelper/u0a128 for activity {com.huawei.carstatushelper/com.huawei.carstatushelper.SplashActivity}
12-05 20:30:47.791  1211  2418 V WindowManager:  mAutoRotation 1 mLastPhyRotation = 3 mWmService.getUserPreferencesVaule()-1getPhysicalWindowOrientation = 3mCurrentAppOrientation = -1
12-05 20:30:47.791  1211  2418 V WindowManager: mLastPhyRotation 3
12-05 20:30:47.793  1211  2418 D BydAutoRotation: com.huawei.carstatushelper.SplashActivity, isResumed:true, reason:minimalResumeActivityLocked, displayId:0, removePreMsg:false
12-05 20:30:47.794  1211  2418 W ActivityTaskManager: Request to remove task ignored for non-existent task 14
12-05 20:30:47.807  1211  1272 V WindowManager: syslog performShowLocked: mDrawState=HAS_DRAWN in Window{cdaa3ff u0 Splash Screen com.huawei.carstatushelper}
12-05 20:30:47.810  1211  1266 D WindowManager: sysstate setSystemUiVisibility visibility is 32776
12-05 20:30:47.871  1211  1790 D ConnectivityService: NetworkAgentInfo [WIFI () - 103] validation passed
12-05 20:30:47.924  1211  5118 D ActivityTaskManager: START intent = Intent { cmp=com.huawei.carstatushelper/.MainActivity }, processName = com.huawei.carstatushelper
12-05 20:30:47.924  1211  5118 I ActivityTaskManager: START u0 {cmp=com.huawei.carstatushelper/.MainActivity} from uid 10128
12-05 20:30:47.930  1211  1266 D WindowManager: sysstate setSystemUiVisibility visibility is 32776
12-05 20:30:47.939  1211  5118 D ActivityTaskManager: activityResumedForAcBar className:com.huawei.carstatushelper.SplashActivity
12-05 20:30:47.941  1211  5118 I ActivityTaskManager: The Process com.huawei.carstatushelper Already Exists in BG. So sending its PID: 12819
12-05 20:30:47.942  1211  5118 V WindowManager:  mAutoRotation 1 mLastPhyRotation = 3 mWmService.getUserPreferencesVaule()-1getPhysicalWindowOrientation = 3mCurrentAppOrientation = -1
12-05 20:30:47.942  1211  5118 V WindowManager: mLastPhyRotation 3
12-05 20:30:47.943  1211  5118 D BydAutoRotation: com.huawei.carstatushelper.MainActivity, isResumed:true, reason:minimalResumeActivityLocked, displayId:0, removePreMsg:true
12-05 20:30:48.131 12819 12819 E AndroidRuntime: FATAL EXCEPTION: main
12-05 20:30:48.131 12819 12819 E AndroidRuntime: Process: com.huawei.carstatushelper, PID: 12819
12-05 20:30:48.131 12819 12819 E AndroidRuntime: java.lang.RuntimeException: Unable to start activity ComponentInfo{com.huawei.carstatushelper/com.huawei.carstatushelper.MainActivity}: java.lang.IllegalArgumentException: Cannot format given Object as a Number
12-05 20:30:48.131 12819 12819 E AndroidRuntime: 	at android.app.ActivityThread.performLaunchActivity(ActivityThread.java:3271)
12-05 20:30:48.131 12819 12819 E AndroidRuntime: 	at android.app.ActivityThread.handleLaunchActivity(ActivityThread.java:3410)
12-05 20:30:48.131 12819 12819 E AndroidRuntime: 	at android.app.servertransaction.LaunchActivityItem.execute(LaunchActivityItem.java:83)
12-05 20:30:48.131 12819 12819 E AndroidRuntime: 	at android.app.servertransaction.TransactionExecutor.executeCallbacks(TransactionExecutor.java:135)
12-05 20:30:48.131 12819 12819 E AndroidRuntime: 	at android.app.servertransaction.TransactionExecutor.execute(TransactionExecutor.java:95)
12-05 20:30:48.131 12819 12819 E AndroidRuntime: 	at android.app.ActivityThread$H.handleMessage(ActivityThread.java:2017)
12-05 20:30:48.131 12819 12819 E AndroidRuntime: 	at android.os.Handler.dispatchMessage(Handler.java:107)
12-05 20:30:48.131 12819 12819 E AndroidRuntime: 	at android.os.Looper.loop(Looper.java:214)
12-05 20:30:48.131 12819 12819 E AndroidRuntime: 	at android.app.ActivityThread.main(ActivityThread.java:7478)
12-05 20:30:48.131 12819 12819 E AndroidRuntime: 	at java.lang.reflect.Method.invoke(Native Method)
12-05 20:30:48.131 12819 12819 E AndroidRuntime: 	at com.android.internal.os.RuntimeInit$MethodAndArgsCaller.run(RuntimeInit.java:492)
12-05 20:30:48.131 12819 12819 E AndroidRuntime: 	at com.android.internal.os.ZygoteInit.main(ZygoteInit.java:935)
12-05 20:30:48.131 12819 12819 E AndroidRuntime: Caused by: java.lang.IllegalArgumentException: Cannot format given Object as a Number
12-05 20:30:48.131 12819 12819 E AndroidRuntime: 	at java.text.DecimalFormat.format(DecimalFormat.java:639)
12-05 20:30:48.131 12819 12819 E AndroidRuntime: 	at java.text.Format.format(Format.java:157)
12-05 20:30:48.131 12819 12819 E AndroidRuntime: 	at com.huawei.carstatushelper.MainActivity.updateInstantElecCon(MainActivity.java:1116)
12-05 20:30:48.131 12819 12819 E AndroidRuntime: 	at com.huawei.carstatushelper.MainActivity.initAutoData(MainActivity.java:1200)
12-05 20:30:48.131 12819 12819 E AndroidRuntime: 	at com.huawei.carstatushelper.MainActivity.onCreate(MainActivity.java:202)
12-05 20:30:48.131 12819 12819 E AndroidRuntime: 	at android.app.Activity.performCreate(Activity.java:7993)
12-05 20:30:48.131 12819 12819 E AndroidRuntime: 	at android.app.Activity.performCreate(Activity.java:7982)
12-05 20:30:48.131 12819 12819 E AndroidRuntime: 	at android.app.Instrumentation.callActivityOnCreate(Instrumentation.java:1307)
12-05 20:30:48.131 12819 12819 E AndroidRuntime: 	at android.app.ActivityThread.performLaunchActivity(ActivityThread.java:3246)
12-05 20:30:48.131 12819 12819 E AndroidRuntime: 	... 11 more
12-05 20:30:48.134  1211  1960 W ActivityTaskManager:   Force finishing activity com.huawei.carstatushelper/.MainActivity
12-05 20:30:48.137  1211  1960 D BydAutoRotation: com.android.launcher3.Launcher, isResumed:true, reason:finishActivity adjustFocus, displayId:0, removePreMsg:true
12-05 20:30:48.138  1211  1960 W ActivityTaskManager: topComponentName ComponentInfo{com.android.launcher3/com.android.launcher3.Launcher}
12-05 20:30:48.138  1211  1960 D BydAutoRotation: com.android.launcher3.Launcher, isResumed:true, reason:finishActivity, displayId:0, removePreMsg:true
12-05 20:30:48.199  1211  1960 I ActivityManager: Process com.huawei.carstatushelper (pid 12819) has died: fore TOP 
12-05 20:30:48.202  1211  1960 D WindowManager: sysstate updateSystemUiVisibilityLw winCandidate is null 1
12-05 20:30:48.206  1211  1960 D WindowManager: sysstate updateSystemUiVisibilityLw winCandidate is null 1
12-05 20:30:48.209  1211  1960 D BydAutoRotation: com.android.launcher3.Launcher, isResumed:true, reason:resumeTopActivityInnerLocked, displayId:0, removePreMsg:true
12-05 20:30:48.209  1211  1960 V WindowManager:  mAutoRotation 1 mLastPhyRotation = 3 mWmService.getUserPreferencesVaule()-1getPhysicalWindowOrientation = 3mCurrentAppOrientation = -1
12-05 20:30:48.209  1211  1960 V WindowManager: mLastPhyRotation 3
12-05 20:30:48.211  1211  1960 D WindowManager: sysstate updateSystemUiVisibilityLw winCandidate is null 1
12-05 20:30:48.219  1211  1272 W WindowManager: Failed looking up window callers=com.android.server.wm.WindowManagerService.windowForClientLocked:5391 com.android.server.wm.WindowManagerService.removeWindow:1798 com.android.server.wm.Session.remove:176 
12-05 20:30:48.222  1211  1960 D WindowManager: sysstate updateSystemUiVisibilityLw winCandidate is null 1
12-05 20:30:48.228  1211  1271 I WindowManager:  gww setNewFocusStatusForDvider 
12-05 20:30:48.229  1211  1266 D WindowManager: sysstate setSystemUiVisibility visibility is 34568
12-05 20:30:48.258  1211  1272 V WindowManager: syslog performShowLocked: mDrawState=HAS_DRAWN in Window{1c6c0d3 u0 com.android.launcher3/com.android.launcher3.Launcher}
12-05 20:30:48.261  1211  2418 D ActivityTaskManager: activityResumedForAcBar className:com.android.launcher3.Launcher
12-05 20:30:48.409  1211  1317 D BydAutoRotation: info {name:com.android.launcher3.Launcher,isFinishing:false,multiWindow:false,fullscreen:true,noDisplay:false}
12-05 20:30:48.409  1211  1317 D BydAutoRotation: orientation {xmlConfig:SCREEN_ORIENTATION_UNSPECIFIED, nowRequest:SCREEN_ORIENTATION_UNSPECIFIED, nowRequestFixed:false, codeRequestOther:false}
12-05 20:30:48.636  1211  1271 W ActivityTaskManager: Activity top resumed state loss timeout for ActivityRecord{78c29fc u0 com.huawei.carstatushelper/.MainActivity t-1 f}
12-05 20:30:50.301  1211  1790 D ConnectivityService: reportNetworkConnectivity(103, false) by 1000
12-05 20:30:50.850  1211  1790 D ConnectivityService: NetworkAgentInfo [WIFI () - 103] validation passed
12-05 20:30:51.267  1211  2813 E TaskPersister: File error accessing recents directory (directory doesn't exist?).
12-05 20:30:51.267  1211  2813 E TaskPersister: File error accessing recents directory (directory doesn't exist?).
12-05 20:30:52.362  1211  1661 D ActivityManager: ssc_skip startServiceLocked 10078 want to start 10078, package com.baidu.netdisk
12-05 20:30:52.365  1211  1661 W ActivityManager: Background start not allowed: service Intent { act=com.baidu.netdisk.ACTION_GET_RECOMMAND cmp=com.baidu.netdisk/.service.NetdiskService (has extras) } to com.baidu.netdisk/.service.NetdiskService from pid=-1 uid=10078 pkg=com.baidu.netdisk startFg?=false
12-05 20:30:52.366  1211  1282 D BroadcastQueue: ssc_skip reciever for uid 10048 name = com.icoolme.android.weather.bydauto, broadcast=com.aicoolme.android.weather.updateweather
12-05 20:30:52.482  1211  7605 D ActivityManager: ssc_skip startServiceLocked 10048 want to start 10048, package com.icoolme.android.weather.bydauto
12-05 20:30:52.837  1211  2195 D ActivityTaskManager: START intent = Intent { act=android.intent.action.MAIN cat=[android.intent.category.LAUNCHER] flg=0x10200000 cmp=com.huawei.carstatushelper/.SplashActivity bnds=[84,485][312,886] (has extras) }, processName = com.android.launcher3
12-05 20:30:52.837  1211  2195 I ActivityTaskManager: START u0 {act=android.intent.action.MAIN cat=[android.intent.category.LAUNCHER] flg=0x10200000 cmp=com.huawei.carstatushelper/.SplashActivity bnds=[84,485][312,886] (has extras)} from uid 1000
12-05 20:30:52.859  7607  7607 W ContextImpl: Calling a method in the system process without a qualified user: android.app.ContextImpl.sendBroadcast:1079 android.content.ContextWrapper.sendBroadcast:453 com.android.launcher3.Stats.recordLaunch:146 com.android.launcher3.Launcher.startAppShortcutOrInfoActivity:3508 com.android.launcher3.Launcher.onClickAppShortcut:3343 
12-05 20:30:52.861  1211  5110 I DropBoxManagerService: add tag=system_server_wtf isTagEnabled=true flags=0x2
12-05 20:30:52.897  1211  1266 D WindowManager: sysstate setSystemUiVisibility visibility is 32776
12-05 20:30:52.898  1211  1271 I WindowManager:  gww setNewFocusStatusForDvider 
12-05 20:30:52.957  1211  1283 I ActivityManager: Start proc 12878:com.huawei.carstatushelper/u0a128 for activity {com.huawei.carstatushelper/com.huawei.carstatushelper.SplashActivity}
12-05 20:30:53.008  1211  7605 V WindowManager:  mAutoRotation 1 mLastPhyRotation = 3 mWmService.getUserPreferencesVaule()-1getPhysicalWindowOrientation = 3mCurrentAppOrientation = -1
12-05 20:30:53.008  1211  7605 V WindowManager: mLastPhyRotation 3
12-05 20:30:53.014  1211  7605 D BydAutoRotation: com.huawei.carstatushelper.SplashActivity, isResumed:true, reason:minimalResumeActivityLocked, displayId:0, removePreMsg:false
12-05 20:30:53.026  1211  1272 V WindowManager: syslog performShowLocked: mDrawState=HAS_DRAWN in Window{af2741d u0 Splash Screen com.huawei.carstatushelper}
12-05 20:30:53.029  1211  1266 D WindowManager: sysstate setSystemUiVisibility visibility is 32776
12-05 20:30:53.170  1211  2418 D ActivityTaskManager: START intent = Intent { cmp=com.huawei.carstatushelper/.MainActivity }, processName = com.huawei.carstatushelper
12-05 20:30:53.170  1211  2418 I ActivityTaskManager: START u0 {cmp=com.huawei.carstatushelper/.MainActivity} from uid 10128
12-05 20:30:53.176  1211  1266 D WindowManager: sysstate setSystemUiVisibility visibility is 32776
12-05 20:30:53.184  1211  2797 D ActivityTaskManager: activityResumedForAcBar className:com.huawei.carstatushelper.SplashActivity
12-05 20:30:53.186  1211  2797 I ActivityTaskManager: The Process com.huawei.carstatushelper Already Exists in BG. So sending its PID: 12878
12-05 20:30:53.187  1211  2797 V WindowManager:  mAutoRotation 1 mLastPhyRotation = 3 mWmService.getUserPreferencesVaule()-1getPhysicalWindowOrientation = 3mCurrentAppOrientation = -1
12-05 20:30:53.187  1211  2797 V WindowManager: mLastPhyRotation 3
12-05 20:30:53.189  1211  2797 D BydAutoRotation: com.huawei.carstatushelper.MainActivity, isResumed:true, reason:minimalResumeActivityLocked, displayId:0, removePreMsg:true
12-05 20:30:53.328  1211  1790 D ConnectivityService: reportNetworkConnectivity(103, false) by 1000
12-05 20:30:53.371 12878 12878 E AndroidRuntime: FATAL EXCEPTION: main
12-05 20:30:53.371 12878 12878 E AndroidRuntime: Process: com.huawei.carstatushelper, PID: 12878
12-05 20:30:53.371 12878 12878 E AndroidRuntime: java.lang.RuntimeException: Unable to start activity ComponentInfo{com.huawei.carstatushelper/com.huawei.carstatushelper.MainActivity}: java.lang.IllegalArgumentException: Cannot format given Object as a Number
12-05 20:30:53.371 12878 12878 E AndroidRuntime: 	at android.app.ActivityThread.performLaunchActivity(ActivityThread.java:3271)
12-05 20:30:53.371 12878 12878 E AndroidRuntime: 	at android.app.ActivityThread.handleLaunchActivity(ActivityThread.java:3410)
12-05 20:30:53.371 12878 12878 E AndroidRuntime: 	at android.app.servertransaction.LaunchActivityItem.execute(LaunchActivityItem.java:83)
12-05 20:30:53.371 12878 12878 E AndroidRuntime: 	at android.app.servertransaction.TransactionExecutor.executeCallbacks(TransactionExecutor.java:135)
12-05 20:30:53.371 12878 12878 E AndroidRuntime: 	at android.app.servertransaction.TransactionExecutor.execute(TransactionExecutor.java:95)
12-05 20:30:53.371 12878 12878 E AndroidRuntime: 	at android.app.ActivityThread$H.handleMessage(ActivityThread.java:2017)
12-05 20:30:53.371 12878 12878 E AndroidRuntime: 	at android.os.Handler.dispatchMessage(Handler.java:107)
12-05 20:30:53.371 12878 12878 E AndroidRuntime: 	at android.os.Looper.loop(Looper.java:214)
12-05 20:30:53.371 12878 12878 E AndroidRuntime: 	at android.app.ActivityThread.main(ActivityThread.java:7478)
12-05 20:30:53.371 12878 12878 E AndroidRuntime: 	at java.lang.reflect.Method.invoke(Native Method)
12-05 20:30:53.371 12878 12878 E AndroidRuntime: 	at com.android.internal.os.RuntimeInit$MethodAndArgsCaller.run(RuntimeInit.java:492)
12-05 20:30:53.371 12878 12878 E AndroidRuntime: 	at com.android.internal.os.ZygoteInit.main(ZygoteInit.java:935)
12-05 20:30:53.371 12878 12878 E AndroidRuntime: Caused by: java.lang.IllegalArgumentException: Cannot format given Object as a Number
12-05 20:30:53.371 12878 12878 E AndroidRuntime: 	at java.text.DecimalFormat.format(DecimalFormat.java:639)
12-05 20:30:53.371 12878 12878 E AndroidRuntime: 	at java.text.Format.format(Format.java:157)
12-05 20:30:53.371 12878 12878 E AndroidRuntime: 	at com.huawei.carstatushelper.MainActivity.updateInstantElecCon(MainActivity.java:1116)
12-05 20:30:53.371 12878 12878 E AndroidRuntime: 	at com.huawei.carstatushelper.MainActivity.initAutoData(MainActivity.java:1200)
12-05 20:30:53.371 12878 12878 E AndroidRuntime: 	at com.huawei.carstatushelper.MainActivity.onCreate(MainActivity.java:202)
12-05 20:30:53.371 12878 12878 E AndroidRuntime: 	at android.app.Activity.performCreate(Activity.java:7993)
12-05 20:30:53.371 12878 12878 E AndroidRuntime: 	at android.app.Activity.performCreate(Activity.java:7982)
12-05 20:30:53.371 12878 12878 E AndroidRuntime: 	at android.app.Instrumentation.callActivityOnCreate(Instrumentation.java:1307)
12-05 20:30:53.371 12878 12878 E AndroidRuntime: 	at android.app.ActivityThread.performLaunchActivity(ActivityThread.java:3246)
12-05 20:30:53.371 12878 12878 E AndroidRuntime: 	... 11 more
12-05 20:30:53.373  1211  2195 W ActivityTaskManager:   Force finishing activity com.huawei.carstatushelper/.MainActivity
12-05 20:30:53.373  1211 12915 I DropBoxManagerService: add tag=data_app_crash isTagEnabled=true flags=0x2
12-05 20:30:53.374  1211  2195 D BydAutoRotation: com.android.launcher3.Launcher, isResumed:true, reason:finishActivity adjustFocus, displayId:0, removePreMsg:true
12-05 20:30:53.375  1211  2195 W ActivityTaskManager: topComponentName ComponentInfo{com.android.launcher3/com.android.launcher3.Launcher}
12-05 20:30:53.375  1211  2195 D BydAutoRotation: com.android.launcher3.Launcher, isResumed:true, reason:finishActivity, displayId:0, removePreMsg:true
12-05 20:30:53.409  1211  1960 I ActivityManager: Process com.huawei.carstatushelper (pid 12878) has died: fore TOP 
12-05 20:30:53.429  1211  1960 D WindowManager: sysstate updateSystemUiVisibilityLw winCandidate is null 1
12-05 20:30:53.439  1211  1960 D WindowManager: sysstate updateSystemUiVisibilityLw winCandidate is null 1
12-05 20:30:53.443  1211  1960 D BydAutoRotation: com.android.launcher3.Launcher, isResumed:true, reason:resumeTopActivityInnerLocked, displayId:0, removePreMsg:true
12-05 20:30:53.444  1211  1960 V WindowManager:  mAutoRotation 1 mLastPhyRotation = 3 mWmService.getUserPreferencesVaule()-1getPhysicalWindowOrientation = 3mCurrentAppOrientation = -1
12-05 20:30:53.444  1211  1960 V WindowManager: mLastPhyRotation 3
12-05 20:30:53.449  1211  1960 D WindowManager: sysstate updateSystemUiVisibilityLw winCandidate is null 1
12-05 20:30:53.456  1211  6841 D WindowManager: sysstate updateSystemUiVisibilityLw winCandidate is null 1
12-05 20:30:53.461  1211  1272 W WindowManager: Failed looking up window callers=com.android.server.wm.WindowManagerService.windowForClientLocked:5391 com.android.server.wm.WindowManagerService.removeWindow:1798 com.android.server.wm.Session.remove:176 
12-05 20:30:53.467  1211  1266 D WindowManager: sysstate setSystemUiVisibility visibility is 34568
12-05 20:30:53.480  1211  1271 I WindowManager:  gww setNewFocusStatusForDvider 
12-05 20:30:53.516  1211  1272 V WindowManager: syslog performShowLocked: mDrawState=HAS_DRAWN in Window{1c6c0d3 u0 com.android.launcher3/com.android.launcher3.Launcher}
12-05 20:30:53.523  1211  2195 D ActivityTaskManager: activityResumedForAcBar className:com.android.launcher3.Launcher
12-05 20:30:53.596  1211  2195 W ActivityManager: Removing FLAG_RECEIVER_FROM_SHELL because caller is UID 1000
12-05 20:30:53.598  1211  2195 I DropBoxManagerService: add tag=system_server_wtf isTagEnabled=true flags=0x2
12-05 20:30:53.610  3602  3602 W ContextImpl: Calling a method in the system process without a qualified user: android.app.ContextImpl.startService:1589 android.content.ContextWrapper.startService:669 com.byd.bydlogtool.LogReceiver.onReceive:40 android.app.LoadedApk$ReceiverDispatcher$Args.lambda$getRunnable$0$LoadedApk$ReceiverDispatcher$Args:1550 android.app.-$$Lambda$LoadedApk$ReceiverDispatcher$Args$_BumDX2UKsnxLVrE6UJsJZkotuA.run:2 
12-05 20:30:53.611  1211  2418 D ActivityManager: ssc_skip startServiceLocked 1000 want to start 1000, package com.byd.bydlogtool
12-05 20:30:53.644  1211  1317 D BydAutoRotation: info {name:com.android.launcher3.Launcher,isFinishing:false,multiWindow:false,fullscreen:true,noDisplay:false}
12-05 20:30:53.644  1211  1317 D BydAutoRotation: orientation {xmlConfig:SCREEN_ORIENTATION_UNSPECIFIED, nowRequest:SCREEN_ORIENTATION_UNSPECIFIED, nowRequestFixed:false, codeRequestOther:false}
12-05 20:30:53.875  1211  1271 W ActivityTaskManager: Activity top resumed state loss timeout for ActivityRecord{1a16e51 u0 com.huawei.carstatushelper/.MainActivity t-1 f}
12-05 20:30:55.020  1211  1790 D ConnectivityService: NetworkAgentInfo [WIFI () - 103] validation passed
12-05 20:30:56.349  1211  1790 D ConnectivityService: reportNetworkConnectivity(103, false) by 1000
12-05 20:30:56.439  1211  2813 E TaskPersister: File error accessing recents directory (directory doesn't exist?).
12-05 20:30:56.439  1211  2813 E TaskPersister: File error accessing recents directory (directory doesn't exist?).
12-05 20:30:56.891  1211  1790 D ConnectivityService: NetworkAgentInfo [WIFI () - 103] validation passed
12-05 20:30:59.067  1211  5118 D ActivityTaskManager: START intent = Intent { act=android.intent.action.MAIN cat=[android.intent.category.LAUNCHER] flg=0x10200000 cmp=com.didjdk.adbhelper/.ConnectActivity bnds=[84,886][312,1287] (has extras) }, processName = com.android.launcher3
12-05 20:30:59.067  1211  5118 I ActivityTaskManager: START u0 {act=android.intent.action.MAIN cat=[android.intent.category.LAUNCHER] flg=0x10200000 cmp=com.didjdk.adbhelper/.ConnectActivity bnds=[84,886][312,1287] (has extras)} from uid 1000
12-05 20:30:59.110  7607  7607 W ContextImpl: Calling a method in the system process without a qualified user: android.app.ContextImpl.sendBroadcast:1079 android.content.ContextWrapper.sendBroadcast:453 com.android.launcher3.Stats.recordLaunch:146 com.android.launcher3.Launcher.startAppShortcutOrInfoActivity:3508 com.android.launcher3.Launcher.onClickAppShortcut:3343 
12-05 20:30:59.115  1211  2418 I DropBoxManagerService: add tag=system_server_wtf isTagEnabled=true flags=0x2
12-05 20:30:59.200  1211  1283 I ActivityManager: Start proc 12953:com.didjdk.adbhelper/u0a89 for activity {com.didjdk.adbhelper/com.didjdk.adbhelper.ConnectActivity}
12-05 20:30:59.222  1211  2418 V WindowManager:  mAutoRotation 1 mLastPhyRotation = 3 mWmService.getUserPreferencesVaule()-1getPhysicalWindowOrientation = 3mCurrentAppOrientation = -1
12-05 20:30:59.222  1211  2418 V WindowManager: mLastPhyRotation 3
