12-05 20:32:55.513  7607  7607 W ContextImpl: Calling a method in the system process without a qualified user: android.app.ContextImpl.sendBroadcast:1079 android.content.ContextWrapper.sendBroadcast:453 com.android.launcher3.Stats.recordLaunch:146 com.android.launcher3.Launcher.startAppShortcutOrInfoActivity:3508 com.android.launcher3.Launcher.onClickAppShortcut:3343 
12-05 20:32:55.524  1211  5111 I DropBoxManagerService: add tag=system_server_wtf isTagEnabled=true flags=0x2
12-05 20:32:55.538  1211  2176 I ActivityTaskManager: The Process com.byd.rapidmode Already Exists in BG. So sending its PID: 3234
12-05 20:32:55.539  1211  2176 V WindowManager:  mAutoRotation 1 mLastPhyRotation = 3 mWmService.getUserPreferencesVaule()-1getPhysicalWindowOrientation = 3mCurrentAppOrientation = -1
12-05 20:32:55.539  1211  2176 V WindowManager: mLastPhyRotation 3
12-05 20:32:55.540  1211  2176 D BydAutoRotation: com.byd.rapidmode.RapidModeActivity, isResumed:true, reason:minimalResumeActivityLocked, displayId:0, removePreMsg:false
12-05 20:32:55.541  1211  1266 D WindowManager: sysstate setSystemUiVisibility visibility is 32776
12-05 20:32:55.541  1211  2176 W ActivityTaskManager: Request to remove task ignored for non-existent task 21
12-05 20:32:55.547  1211  1271 I WindowManager:  gww setNewFocusStatusForDvider 
12-05 20:32:55.599  3234  3234 W ContextImpl: Calling a method in the system process without a qualified user: android.app.ContextImpl.bindService:1668 android.content.ContextWrapper.bindService:705 com.byd.rapidmode.RapidModeActivity.onStart:13 android.app.Instrumentation.callActivityOnStart:1433 android.app.Activity.performStart:8016 
12-05 20:32:55.600  1211  5111 D ActivityManager: bindServiceLocked  1000 process com.byd.rapidmode  want to bind 1000
12-05 20:32:55.740  1211  1317 D BydAutoRotation: info {name:com.byd.rapidmode.RapidModeActivity,isFinishing:false,multiWindow:false,fullscreen:true,noDisplay:false}
12-05 20:32:55.740  1211  1317 D BydAutoRotation: orientation {xmlConfig:SCREEN_ORIENTATION_UNSPECIFIED, nowRequest:SCREEN_ORIENTATION_UNSPECIFIED, nowRequestFixed:false, codeRequestOther:false}
12-05 20:32:55.978  1211  1245 D ActivityTaskManager: activityResumedForAcBar className:com.byd.rapidmode.RapidModeActivity
12-05 20:32:56.011  1211  1266 D WindowManager: sysstate setSystemUiVisibility visibility is 34568
12-05 20:32:56.013  1211  1271 I WindowManager:  gww setNewFocusStatusForDvider 
12-05 20:32:56.111  1211  1272 V WindowManager: syslog performShowLocked: mDrawState=HAS_DRAWN in Window{974c91d u0 com.byd.rapidmode/com.byd.rapidmode.RapidModeActivity}
12-05 20:32:57.387  1211  1790 D ConnectivityService: reportNetworkConnectivity(103, false) by 1000
12-05 20:32:58.167  1211  1790 D ConnectivityService: NetworkAgentInfo [WIFI () - 103] validation passed
12-05 20:32:58.375  1211  1266 D WindowManager: sysstate setSystemUiVisibility visibility is 32776
12-05 20:32:58.376  1211  1271 I WindowManager:  gww setNewFocusStatusForDvider 
12-05 20:32:58.413  1211  1272 V WindowManager: syslog performShowLocked: mDrawState=HAS_DRAWN in Window{ca44745 u0 com.byd.rapidmode/com.byd.rapidmode.RapidModeActivity}
12-05 20:32:59.096  1211  2813 E TaskPersister: File error accessing recents directory (directory doesn't exist?).
12-05 20:32:59.098  1211  2813 E TaskPersister: File error accessing recents directory (directory doesn't exist?).
12-05 20:33:00.412  1211  1790 D ConnectivityService: reportNetworkConnectivity(103, false) by 1000
12-05 20:33:00.888  1211  1790 D ConnectivityService: NetworkAgentInfo [WIFI () - 103] validation passed
12-05 20:33:03.094  1211  1266 D WindowManager: sysstate setSystemUiVisibility visibility is 34568
12-05 20:33:03.107  1211  1271 I WindowManager:  gww setNewFocusStatusForDvider 
12-05 20:33:03.424  1211  1790 D ConnectivityService: reportNetworkConnectivity(103, false) by 1000
12-05 20:33:03.838  1211  6841 D ActivityTaskManager: START intent = Intent { cmp=com.byd.rapidmode/.AppsControlActivity }, processName = com.byd.rapidmode
12-05 20:33:03.839  1211  6841 I ActivityTaskManager: START u0 {cmp=com.byd.rapidmode/.AppsControlActivity} from uid 1000
12-05 20:33:03.858  1211  6841 I ActivityTaskManager: The Process com.byd.rapidmode Already Exists in BG. So sending its PID: 3234
12-05 20:33:03.860  1211  6841 V WindowManager:  mAutoRotation 1 mLastPhyRotation = 3 mWmService.getUserPreferencesVaule()-1getPhysicalWindowOrientation = 3mCurrentAppOrientation = -1
12-05 20:33:03.860  1211  6841 V WindowManager: mLastPhyRotation 3
12-05 20:33:03.863  1211  6841 D BydAutoRotation: com.byd.rapidmode.AppsControlActivity, isResumed:true, reason:minimalResumeActivityLocked, displayId:0, removePreMsg:false
12-05 20:33:03.876  1211  1271 I WindowManager:  gww setNewFocusStatusForDvider 
12-05 20:33:04.063  1211  1317 D BydAutoRotation: info {name:com.byd.rapidmode.AppsControlActivity,isFinishing:false,multiWindow:false,fullscreen:true,noDisplay:false}
12-05 20:33:04.063  1211  1317 D BydAutoRotation: orientation {xmlConfig:SCREEN_ORIENTATION_UNSPECIFIED, nowRequest:SCREEN_ORIENTATION_UNSPECIFIED, nowRequestFixed:false, codeRequestOther:false}
12-05 20:33:04.073  1211  5111 D ActivityTaskManager: activityResumedForAcBar className:com.byd.rapidmode.AppsControlActivity
12-05 20:33:04.101  1211  1266 D WindowManager: sysstate setSystemUiVisibility visibility is 32776
12-05 20:33:04.104  1211  1271 I WindowManager:  gww setNewFocusStatusForDvider 
12-05 20:33:04.170  1211  1272 V WindowManager: syslog performShowLocked: mDrawState=HAS_DRAWN in Window{24ca3c6 u0 com.byd.rapidmode/com.byd.rapidmode.AppsControlActivity}
12-05 20:33:06.436  1211  1790 D ConnectivityService: NetworkAgentInfo [WIFI () - 103] validation passed
12-05 20:33:06.448  1211  1790 D ConnectivityService: reportNetworkConnectivity(103, false) by 1000
12-05 20:33:06.935  1211  1790 D ConnectivityService: NetworkAgentInfo [WIFI () - 103] validation passed
12-05 20:33:07.338  1211  6841 D BydAutoRotation: com.byd.rapidmode.RapidModeActivity, isResumed:true, reason:resumeTopActivityInnerLocked, displayId:0, removePreMsg:false
12-05 20:33:07.340  1211  6841 V WindowManager:  mAutoRotation 1 mLastPhyRotation = 3 mWmService.getUserPreferencesVaule()-1getPhysicalWindowOrientation = 3mCurrentAppOrientation = -1
12-05 20:33:07.340  1211  6841 V WindowManager: mLastPhyRotation 3
12-05 20:33:07.357  1211  1271 I WindowManager:  gww setNewFocusStatusForDvider 
12-05 20:33:07.376  3234  3234 W ContextImpl: Calling a method in the system process without a qualified user: android.app.ContextImpl.bindService:1668 android.content.ContextWrapper.bindService:705 com.byd.rapidmode.RapidModeActivity.onStart:13 android.app.Instrumentation.callActivityOnStart:1433 android.app.Activity.performStart:8016 
12-05 20:33:07.377  1211  6839 D ActivityManager: bindServiceLocked  1000 process com.byd.rapidmode  want to bind 1000
12-05 20:33:07.426  1211  2813 E TaskPersister: File error accessing recents directory (directory doesn't exist?).
12-05 20:33:07.426  1211  2813 E TaskPersister: File error accessing recents directory (directory doesn't exist?).
12-05 20:33:07.539  1211  1317 D BydAutoRotation: info {name:com.byd.rapidmode.RapidModeActivity,isFinishing:false,multiWindow:false,fullscreen:true,noDisplay:false}
12-05 20:33:07.539  1211  1317 D BydAutoRotation: orientation {xmlConfig:SCREEN_ORIENTATION_UNSPECIFIED, nowRequest:SCREEN_ORIENTATION_UNSPECIFIED, nowRequestFixed:false, codeRequestOther:false}
12-05 20:33:07.773  1211  1245 D ActivityTaskManager: activityResumedForAcBar className:com.byd.rapidmode.RapidModeActivity
12-05 20:33:07.781  1211  1266 D WindowManager: sysstate setSystemUiVisibility visibility is 34568
12-05 20:33:07.784  1211  1271 I WindowManager:  gww setNewFocusStatusForDvider 
12-05 20:33:07.809  1211  1272 V WindowManager: syslog performShowLocked: mDrawState=HAS_DRAWN in Window{974c91d u0 com.byd.rapidmode/com.byd.rapidmode.RapidModeActivity}
12-05 20:33:09.164  1211  1266 I ActivityTaskManager: START u0 {act=android.intent.action.MAIN cat=[android.intent.category.HOME_ONLY] flg=0x10000100 cmp=com.android.launcher3/.Launcher (has extras)} from uid 0
12-05 20:33:09.177  1211  1266 D BydAutoRotation: com.android.launcher3.Launcher, isResumed:true, reason:bringingFoundTaskToFront, displayId:0, removePreMsg:false
12-05 20:33:09.186  1211  1266 D BydAutoRotation: com.android.launcher3.Launcher, isResumed:true, reason:resumeTopActivityInnerLocked, displayId:0, removePreMsg:true
12-05 20:33:09.188  1211  1266 V WindowManager:  mAutoRotation 1 mLastPhyRotation = 3 mWmService.getUserPreferencesVaule()-1getPhysicalWindowOrientation = 3mCurrentAppOrientation = -1
12-05 20:33:09.188  1211  1266 V WindowManager: mLastPhyRotation 3
12-05 20:33:09.196  1211  1271 I WindowManager:  gww setNewFocusStatusForDvider 
12-05 20:33:09.245  1211  1245 D ActivityTaskManager: activityResumedForAcBar className:com.android.launcher3.Launcher
12-05 20:33:09.258  1211  1266 D WindowManager: sysstate setSystemUiVisibility visibility is 34568
12-05 20:33:09.261  1211  1271 I WindowManager:  gww setNewFocusStatusForDvider 
12-05 20:33:09.291  1211  1272 V WindowManager: syslog performShowLocked: mDrawState=HAS_DRAWN in Window{1c6c0d3 u0 com.android.launcher3/com.android.launcher3.Launcher}
12-05 20:33:09.387  1211  1317 D BydAutoRotation: info {name:com.android.launcher3.Launcher,isFinishing:false,multiWindow:false,fullscreen:true,noDisplay:false}
12-05 20:33:09.387  1211  1317 D BydAutoRotation: orientation {xmlConfig:SCREEN_ORIENTATION_UNSPECIFIED, nowRequest:SCREEN_ORIENTATION_UNSPECIFIED, nowRequestFixed:false, codeRequestOther:false}
12-05 20:33:09.471  1211  1790 D ConnectivityService: reportNetworkConnectivity(103, false) by 1000
12-05 20:33:09.964  1211  1790 D ConnectivityService: NetworkAgentInfo [WIFI () - 103] validation passed
12-05 20:33:11.270  1211  2813 E TaskPersister: File error accessing recents directory (directory doesn't exist?).
12-05 20:33:11.270  1211  2813 E TaskPersister: File error accessing recents directory (directory doesn't exist?).
12-05 20:33:12.012  1211  7613 D ActivityTaskManager: START intent = Intent { act=android.intent.action.MAIN cat=[android.intent.category.LAUNCHER] flg=0x10200000 cmp=com.didjdk.adbhelper/.ConnectActivity bnds=[84,886][312,1287] (has extras) }, processName = com.android.launcher3
12-05 20:33:12.012  1211  7613 I ActivityTaskManager: START u0 {act=android.intent.action.MAIN cat=[android.intent.category.LAUNCHER] flg=0x10200000 cmp=com.didjdk.adbhelper/.ConnectActivity bnds=[84,886][312,1287] (has extras)} from uid 1000
12-05 20:33:12.043  7607  7607 W ContextImpl: Calling a method in the system process without a qualified user: android.app.ContextImpl.sendBroadcast:1079 android.content.ContextWrapper.sendBroadcast:453 com.android.launcher3.Stats.recordLaunch:146 com.android.launcher3.Launcher.startAppShortcutOrInfoActivity:3508 com.android.launcher3.Launcher.onClickAppShortcut:3343 
12-05 20:33:12.050  1211  7613 I DropBoxManagerService: add tag=system_server_wtf isTagEnabled=true flags=0x2
12-05 20:33:12.082  1211  1266 D WindowManager: sysstate setSystemUiVisibility visibility is 32776
12-05 20:33:12.084  1211  1271 I WindowManager:  gww setNewFocusStatusForDvider 
12-05 20:33:12.135  1211  1283 I ActivityManager: Start proc 13969:com.didjdk.adbhelper/u0a89 for activity {com.didjdk.adbhelper/com.didjdk.adbhelper.ConnectActivity}
12-05 20:33:12.179  1211  6839 V WindowManager:  mAutoRotation 1 mLastPhyRotation = 3 mWmService.getUserPreferencesVaule()-1getPhysicalWindowOrientation = 3mCurrentAppOrientation = -1
12-05 20:33:12.186  1211  6839 V WindowManager: mLastPhyRotation 3
12-05 20:33:12.193  1211  6839 D BydAutoRotation: com.didjdk.adbhelper.ConnectActivity, isResumed:true, reason:minimalResumeActivityLocked, displayId:0, removePreMsg:false
12-05 20:33:12.199  1211  7605 W ActivityTaskManager: getTaskSnapshot: taskId=20 not found
12-05 20:33:12.208  1211  1272 V WindowManager: syslog performShowLocked: mDrawState=HAS_DRAWN in Window{6433ed1 u0 Splash Screen com.didjdk.adbhelper}
12-05 20:33:12.210  1211  1266 D WindowManager: sysstate setSystemUiVisibility visibility is 40984
12-05 20:33:12.394  1211  1317 D BydAutoRotation: info {name:com.didjdk.adbhelper.ConnectActivity,isFinishing:false,multiWindow:false,fullscreen:true,noDisplay:false}
12-05 20:33:12.394  1211  1317 D BydAutoRotation: orientation {xmlConfig:SCREEN_ORIENTATION_UNSPECIFIED, nowRequest:SCREEN_ORIENTATION_UNSPECIFIED, nowRequestFixed:false, codeRequestOther:false}
12-05 20:33:12.500  1211  1790 D ConnectivityService: reportNetworkConnectivity(103, false) by 1000
12-05 20:33:12.569  1211  5111 D ActivityTaskManager: activityResumedForAcBar className:com.didjdk.adbhelper.ConnectActivity
12-05 20:33:12.602  1211  1271 I WindowManager:  gww setNewFocusStatusForDvider 
12-05 20:33:12.625  1211  2672 D AdbDebuggingManager: Received connected key message: QAAAAM1WH/j7eTuISaUkUdlJoRVvG2nEwvj+ti1kerHeVl0r74EJZ1gOTWF3gOV3wqhQ/KsGRw9p6oAmO6M8ZIdKf68WCz9QuFy2blAAvkmdKIYEk108D+ceGC9Qjc/MrqVO0QTLvd7+liX4ysxxB9eSxK/+xzMpILXq3MVKu1VC/dmAuJdpA4G1py/P2SsMUluvN6QrGFkWUh0CHURegDoU6z4o+7xAuE1jITYru6rygPBmWtpk2hksCl+kwOMgcUQ+X5orwFiOZVDjsy1A/+ihg7irYoBD0n7Ri0dHeQx5Ww2HWFetIqbbfmVl0Lcs/TGN5PHeAa9IctGuYIfW5Z19LexAmQ6sVJu6K5kYogdHs+tnPk+MEmSwGf4OT43CSoDB4jWSMzuvm+hul8ys/NxXjTOg01eQ0PNODf2dIvzUnlkmWq3Q5/ZV/VlwE/p68YK6iQT8hAlsa0+hK6p/yJLrU9+gWlhsgvc3nsBPy0fWZkcVykSR0twyT3TYo7SK8oko5xGZIjqoUDkgi/SOoj9/urKQTP0kjSydmOQJKqTBahV3onOjlLHEhFVJYLtq/N+RZDfEMDhtXlGXNOd/M15aqQaQLcyXox+KGOa2itck2HEcqNN4p2QXCnv/AdQWT6M4UsuAOF8y94KtFuPJVvIC9bVfR4m9Ii1c7DZA0VU7STywrMYmgAEAAQA= u0_a89@localhost
12-05 20:33:12.625  1211  1263 D AdbDebuggingManager: Logging key QAAAAM1WH/j7eTuISaUkUdlJoRVvG2nEwvj+ti1kerHeVl0r74EJZ1gOTWF3gOV3wqhQ/KsGRw9p6oAmO6M8ZIdKf68WCz9QuFy2blAAvkmdKIYEk108D+ceGC9Qjc/MrqVO0QTLvd7+liX4ysxxB9eSxK/+xzMpILXq3MVKu1VC/dmAuJdpA4G1py/P2SsMUluvN6QrGFkWUh0CHURegDoU6z4o+7xAuE1jITYru6rygPBmWtpk2hksCl+kwOMgcUQ+X5orwFiOZVDjsy1A/+ihg7irYoBD0n7Ri0dHeQx5Ww2HWFetIqbbfmVl0Lcs/TGN5PHeAa9IctGuYIfW5Z19LexAmQ6sVJu6K5kYogdHs+tnPk+MEmSwGf4OT43CSoDB4jWSMzuvm+hul8ys/NxXjTOg01eQ0PNODf2dIvzUnlkmWq3Q5/ZV/VlwE/p68YK6iQT8hAlsa0+hK6p/yJLrU9+gWlhsgvc3nsBPy0fWZkcVykSR0twyT3TYo7SK8oko5xGZIjqoUDkgi/SOoj9/urKQTP0kjSydmOQJKqTBahV3onOjlLHEhFVJYLtq/N+RZDfEMDhtXlGXNOd/M15aqQaQLcyXox+KGOa2itck2HEcqNN4p2QXCnv/AdQWT6M4UsuAOF8y94KtFuPJVvIC9bVfR4m9Ii1c7DZA0VU7STywrMYmgAEAAQA= u0_a89@localhost, state = 4, alwaysAllow = true, lastConnectionTime = 1670243592625, authWindow = 604800000
12-05 20:33:12.658  1211  1272 V WindowManager: syslog performShowLocked: mDrawState=HAS_DRAWN in Window{c241f35 u0 com.didjdk.adbhelper/com.didjdk.adbhelper.ConnectActivity}
12-05 20:33:13.263  1211  1790 D ConnectivityService: NetworkAgentInfo [WIFI () - 103] validation passed
12-05 20:33:14.201  1211  7605 D ActivityManager: bindServiceLocked  1000 process android  want to bind 10034
12-05 20:33:14.240  1211  1266 D WindowManager: sysstate setSystemUiVisibility visibility is 40968
12-05 20:33:14.256  1211  1272 V WindowManager: syslog performShowLocked: mDrawState=HAS_DRAWN in Window{463af3f u0 InputMethod}
12-05 20:33:15.534  1211  1790 D ConnectivityService: reportNetworkConnectivity(103, false) by 1000
12-05 20:33:16.157  1211  2813 E TaskPersister: File error accessing recents directory (directory doesn't exist?).
12-05 20:33:16.157  1211  2813 E TaskPersister: File error accessing recents directory (directory doesn't exist?).
12-05 20:33:16.202  1211  1790 D ConnectivityService: NetworkAgentInfo [WIFI () - 103] validation passed
12-05 20:33:16.944  1211  1272 V WindowManager: syslog performShowLocked: mDrawState=HAS_DRAWN in Window{78bfe64 u0 PopupWindow:32c1b2}
12-05 20:33:18.562  1211  1790 D ConnectivityService: reportNetworkConnectivity(103, false) by 1000
12-05 20:33:19.178  1211  1790 D ConnectivityService: NetworkAgentInfo [WIFI () - 103] validation passed
12-05 20:33:21.605  1211  1790 D ConnectivityService: reportNetworkConnectivity(103, false) by 1000
12-05 20:33:22.273  1211  1790 D ConnectivityService: NetworkAgentInfo [WIFI () - 103] validation passed
12-05 20:33:22.651  1211  2672 D AdbDebuggingManager: Received connected key message: QAAAAM1WH/j7eTuISaUkUdlJoRVvG2nEwvj+ti1kerHeVl0r74EJZ1gOTWF3gOV3wqhQ/KsGRw9p6oAmO6M8ZIdKf68WCz9QuFy2blAAvkmdKIYEk108D+ceGC9Qjc/MrqVO0QTLvd7+liX4ysxxB9eSxK/+xzMpILXq3MVKu1VC/dmAuJdpA4G1py/P2SsMUluvN6QrGFkWUh0CHURegDoU6z4o+7xAuE1jITYru6rygPBmWtpk2hksCl+kwOMgcUQ+X5orwFiOZVDjsy1A/+ihg7irYoBD0n7Ri0dHeQx5Ww2HWFetIqbbfmVl0Lcs/TGN5PHeAa9IctGuYIfW5Z19LexAmQ6sVJu6K5kYogdHs+tnPk+MEmSwGf4OT43CSoDB4jWSMzuvm+hul8ys/NxXjTOg01eQ0PNODf2dIvzUnlkmWq3Q5/ZV/VlwE/p68YK6iQT8hAlsa0+hK6p/yJLrU9+gWlhsgvc3nsBPy0fWZkcVykSR0twyT3TYo7SK8oko5xGZIjqoUDkgi/SOoj9/urKQTP0kjSydmOQJKqTBahV3onOjlLHEhFVJYLtq/N+RZDfEMDhtXlGXNOd/M15aqQaQLcyXox+KGOa2itck2HEcqNN4p2QXCnv/AdQWT6M4UsuAOF8y94KtFuPJVvIC9bVfR4m9Ii1c7DZA0VU7STywrMYmgAEAAQA= u0_a89@localhost
12-05 20:33:22.653  1211  1263 D AdbDebuggingManager: Logging key QAAAAM1WH/j7eTuISaUkUdlJoRVvG2nEwvj+ti1kerHeVl0r74EJZ1gOTWF3gOV3wqhQ/KsGRw9p6oAmO6M8ZIdKf68WCz9QuFy2blAAvkmdKIYEk108D+ceGC9Qjc/MrqVO0QTLvd7+liX4ysxxB9eSxK/+xzMpILXq3MVKu1VC/dmAuJdpA4G1py/P2SsMUluvN6QrGFkWUh0CHURegDoU6z4o+7xAuE1jITYru6rygPBmWtpk2hksCl+kwOMgcUQ+X5orwFiOZVDjsy1A/+ihg7irYoBD0n7Ri0dHeQx5Ww2HWFetIqbbfmVl0Lcs/TGN5PHeAa9IctGuYIfW5Z19LexAmQ6sVJu6K5kYogdHs+tnPk+MEmSwGf4OT43CSoDB4jWSMzuvm+hul8ys/NxXjTOg01eQ0PNODf2dIvzUnlkmWq3Q5/ZV/VlwE/p68YK6iQT8hAlsa0+hK6p/yJLrU9+gWlhsgvc3nsBPy0fWZkcVykSR0twyT3TYo7SK8oko5xGZIjqoUDkgi/SOoj9/urKQTP0kjSydmOQJKqTBahV3onOjlLHEhFVJYLtq/N+RZDfEMDhtXlGXNOd/M15aqQaQLcyXox+KGOa2itck2HEcqNN4p2QXCnv/AdQWT6M4UsuAOF8y94KtFuPJVvIC9bVfR4m9Ii1c7DZA0VU7STywrMYmgAEAAQA= u0_a89@localhost, state = 4, alwaysAllow = true, lastConnectionTime = 1670243602651, authWindow = 604800000
12-05 20:33:23.530  1211  7605 D ActivityTaskManager: START intent = Intent { cmp=com.didjdk.adbhelper/.MainActivity (has extras) }, processName = com.didjdk.adbhelper
12-05 20:33:23.530  1211  7605 I ActivityTaskManager: START u0 {cmp=com.didjdk.adbhelper/.MainActivity (has extras)} from uid 10089
12-05 20:33:23.553  1211  6839 I ActivityTaskManager: The Process com.didjdk.adbhelper Already Exists in BG. So sending its PID: 13969
12-05 20:33:23.556  1211  6839 V WindowManager:  mAutoRotation 1 mLastPhyRotation = 3 mWmService.getUserPreferencesVaule()-1getPhysicalWindowOrientation = 3mCurrentAppOrientation = -1
12-05 20:33:23.557  1211  6839 V WindowManager: mLastPhyRotation 3
12-05 20:33:23.560  1211  6839 D BydAutoRotation: com.didjdk.adbhelper.MainActivity, isResumed:true, reason:minimalResumeActivityLocked, displayId:0, removePreMsg:false
12-05 20:33:23.576  1211  1271 I WindowManager:  gww setNewFocusStatusForDvider 
12-05 20:33:23.642  1211  7605 V WindowManager:  mAutoRotation 1 mLastPhyRotation = 3 mWmService.getUserPreferencesVaule()-1getPhysicalWindowOrientation = 3mCurrentAppOrientation = 1
12-05 20:33:23.642  1211  7605 V WindowManager: mLastPhyRotation 3
12-05 20:33:23.643  1211  7605 D BydAutoRotation: com.didjdk.adbhelper.MainActivity, isResumed:true, reason:setRequestedOrientation, displayId:0, removePreMsg:true
12-05 20:33:23.686  1211  7605 D ActivityTaskManager: activityResumedForAcBar className:com.didjdk.adbhelper.MainActivity
12-05 20:33:23.824  1211  1266 D WindowManager: sysstate setSystemUiVisibility visibility is 42248
12-05 20:33:23.825  1211  1271 I WindowManager:  gww setNewFocusStatusForDvider 
12-05 20:33:23.843  1211  1317 D BydAutoRotation: info {name:com.didjdk.adbhelper.MainActivity,isFinishing:false,multiWindow:false,fullscreen:true,noDisplay:false}
12-05 20:33:23.843  1211  1317 D BydAutoRotation: orientation {xmlConfig:SCREEN_ORIENTATION_UNSPECIFIED, nowRequest:SCREEN_ORIENTATION_PORTRAIT, nowRequestFixed:true, codeRequestOther:true}
12-05 20:33:23.845  1211  1317 D BydAutoRotation: userrotation_preferences -> 0
12-05 20:33:23.845  1211  1317 D BydAutoRotation: physicalOrientation(3) and req orientation is matching, no need to rotate
12-05 20:33:24.002  1211  1272 V WindowManager: syslog performShowLocked: mDrawState=HAS_DRAWN in Window{38e7ec4 u0 com.didjdk.adbhelper/com.didjdk.adbhelper.MainActivity}
12-05 20:33:24.104  1211  1266 D WindowManager: sysstate setSystemUiVisibility visibility is 42264
12-05 20:33:24.629  1211  1790 D ConnectivityService: reportNetworkConnectivity(103, false) by 1000
12-05 20:33:25.270  1211  1790 D ConnectivityService: NetworkAgentInfo [WIFI () - 103] validation passed
12-05 20:33:26.749  1211  2176 D ActivityManager: bindServiceLocked  1000 process android  want to bind 10034
12-05 20:33:26.802  1211  1266 D WindowManager: sysstate setSystemUiVisibility visibility is 42248
12-05 20:33:26.834  1211  1272 V WindowManager: syslog performShowLocked: mDrawState=HAS_DRAWN in Window{463af3f u0 InputMethod}
12-05 20:33:27.119  1211  2813 E TaskPersister: File error accessing recents directory (directory doesn't exist?).
12-05 20:33:27.119  1211  2813 E TaskPersister: File error accessing recents directory (directory doesn't exist?).
12-05 20:33:27.649  1211  1790 D ConnectivityService: reportNetworkConnectivity(103, false) by 1000
12-05 20:33:27.896  1211  1272 V WindowManager: syslog performShowLocked: mDrawState=HAS_DRAWN in Window{7600ff9 u0 PopupWindow:dcbce24}
12-05 20:33:28.136  1211  1272 V WindowManager: syslog performShowLocked: mDrawState=HAS_DRAWN in Window{63f4eec u0 PopupWindow:dcbce24}
12-05 20:33:28.898  1211  1790 D ConnectivityService: NetworkAgentInfo [WIFI () - 103] validation passed
12-05 20:33:30.672  1211  1790 D ConnectivityService: reportNetworkConnectivity(103, false) by 1000
12-05 20:33:30.751  1211  1272 V WindowManager: syslog performShowLocked: mDrawState=HAS_DRAWN in Window{f5c7197 u0 PopupWindow:dcbce24}
12-05 20:33:30.943  1211  1272 V WindowManager: syslog performShowLocked: mDrawState=HAS_DRAWN in Window{36c9033 u0 PopupWindow:dcbce24}
12-05 20:33:31.363  1211  1790 D ConnectivityService: NetworkAgentInfo [WIFI () - 103] validation passed
12-05 20:33:32.106  1211  1272 V WindowManager: syslog performShowLocked: mDrawState=HAS_DRAWN in Window{755fc8f u0 PopupWindow:dcbce24}
12-05 20:33:33.699  1211  1790 D ConnectivityService: reportNetworkConnectivity(103, false) by 1000
12-05 20:33:34.385  1211  1790 D ConnectivityService: NetworkAgentInfo [WIFI () - 103] validation passed
12-05 20:33:35.141  1211  1272 V WindowManager: syslog performShowLocked: mDrawState=HAS_DRAWN in Window{8f9ec23 u0 PopupWindow:dcbce24}
12-05 20:33:35.774  1211  1272 V WindowManager: syslog performShowLocked: mDrawState=HAS_DRAWN in Window{e90fed9 u0 PopupWindow:dcbce24}
12-05 20:33:36.722  1211  1790 D ConnectivityService: reportNetworkConnectivity(103, false) by 1000
12-05 20:33:37.659  1211  1790 D ConnectivityService: NetworkAgentInfo [WIFI () - 103] validation passed
12-05 20:33:39.753  1211  1790 D ConnectivityService: reportNetworkConnectivity(103, false) by 1000
12-05 20:33:40.319  1211  1790 D ConnectivityService: NetworkAgentInfo [WIFI () - 103] validation passed
12-05 20:33:40.612  1211  1272 V WindowManager: syslog performShowLocked: mDrawState=HAS_DRAWN in Window{713c4d u0 PopupWindow:e08bdbc}
12-05 20:33:42.799  1211  1790 D ConnectivityService: reportNetworkConnectivity(103, false) by 1000
12-05 20:33:43.288  1211  1272 V WindowManager: syslog performShowLocked: mDrawState=HAS_DRAWN in Window{b6a805 u0 PopupWindow:dcbce24}
12-05 20:33:43.470  1211  1790 D ConnectivityService: NetworkAgentInfo [WIFI () - 103] validation passed
12-05 20:33:43.799  1211  1272 V WindowManager: syslog performShowLocked: mDrawState=HAS_DRAWN in Window{d04028b u0 PopupWindow:dcbce24}
--------- beginning of main
12-05 20:33:44.269   960  9781 I NormalMMCamDevice: [frameworks/av/services/bmmcamera/device/src/NormalMMCamDevice.cpp]:[isZero]: the start is [1036800].
12-05 20:33:44.269   960  9781 I NormalMMCamDevice: [frameworks/av/services/bmmcamera/device/src/NormalMMCamDevice.cpp]:[isZero]: the start is [2592000].
12-05 20:33:44.281  7703  7703 D BYDAutoStatisticDevice: postEvent device_type: 1014, event_type =44a00020, value = 34694
12-05 20:33:44.298   652   652 I tecControl: temp is 28800 and level is 0 and time_record is 0
12-05 20:33:44.298  7703  7703 D BYDAutoInstrumentDevice: postEvent device_type: 1007, event_type =12d0003c, value = 1
12-05 20:33:44.304   931  9730 E mm-camera: <MCT   ><ERROR> 1313: mct_controller_handle_SOF_proc: Metadata stream not present
12-05 20:33:44.309   960  9781 E mm_bcamera: mm_app_preview_notify_cb: dump_number0[0]
12-05 20:33:44.310   960  9781 I NormalMMCamDevice: [frameworks/av/services/bmmcamera/device/src/NormalMMCamDevice.cpp]:[isZero]: the start is [1036800].
12-05 20:33:44.310   960  9781 I NormalMMCamDevice: [frameworks/av/services/bmmcamera/device/src/NormalMMCamDevice.cpp]:[isZero]: the start is [2592000].
12-05 20:33:44.341   931  9730 E mm-camera: <MCT   ><ERROR> 1313: mct_controller_handle_SOF_proc: Metadata stream not present
12-05 20:33:44.349  3602  3602 D BYDAutoPowerDevice: postEvent device_type: 1005, event_type =12d0003d, value = 1
12-05 20:33:44.349  2900  2900 D BYDAutoPowerDevice: postEvent device_type: 1005, event_type =12d0003d, value = 1
12-05 20:33:44.349  7703  7703 D BYDAutoInstrumentDevice: postEvent device_type: 1007, event_type =12d0003c, value = 0
12-05 20:33:44.350  2016  2016 D BYDAutoPowerDevice: postEvent device_type: 1005, event_type =12d0003d, value = 1
12-05 20:33:44.351   960  9781 E mm_bcamera: mm_app_preview_notify_cb: dump_number0[0]
12-05 20:33:44.352   960  9781 I NormalMMCamDevice: [frameworks/av/services/bmmcamera/device/src/NormalMMCamDevice.cpp]:[isZero]: the start is [1036800].
12-05 20:33:44.352   960  9781 I NormalMMCamDevice: [frameworks/av/services/bmmcamera/device/src/NormalMMCamDevice.cpp]:[isZero]: the start is [2592000].
12-05 20:33:44.381   931  9730 E mm-camera: <MCT   ><ERROR> 1313: mct_controller_handle_SOF_proc: Metadata stream not present
12-05 20:33:44.386   960  9781 E mm_bcamera: mm_app_preview_notify_cb: dump_number0[0]
12-05 20:33:44.387   960  9781 I NormalMMCamDevice: [frameworks/av/services/bmmcamera/device/src/NormalMMCamDevice.cpp]:[isZero]: the start is [1036800].
12-05 20:33:44.387   960  9781 I NormalMMCamDevice: [frameworks/av/services/bmmcamera/device/src/NormalMMCamDevice.cpp]:[isZero]: the start is [2592000].
12-05 20:33:44.398  7703  7703 D BYDAutoInstrumentDevice: postEvent device_type: 1007, event_type =12d0003c, value = 1
12-05 20:33:44.422   931  9730 E mm-camera: <MCT   ><ERROR> 1313: mct_controller_handle_SOF_proc: Metadata stream not present
12-05 20:33:44.429   960  9781 E mm_bcamera: mm_app_preview_notify_cb: dump_number0[0]
12-05 20:33:44.429   960  9781 I NormalMMCamDevice: [frameworks/av/services/bmmcamera/device/src/NormalMMCamDevice.cpp]:[isZero]: the start is [1036800].
12-05 20:33:44.429   960  9781 I NormalMMCamDevice: [frameworks/av/services/bmmcamera/device/src/NormalMMCamDevice.cpp]:[isZero]: the start is [2592000].
12-05 20:33:44.449  3602  3602 D BYDAutoPowerDevice: postEvent device_type: 1005, event_type =12d0003d, value = 0
12-05 20:33:44.449  2900  2900 D BYDAutoPowerDevice: postEvent device_type: 1005, event_type =12d0003d, value = 0
12-05 20:33:44.450  7703  7703 D BYDAutoInstrumentDevice: postEvent device_type: 1007, event_type =12d0003c, value = 0
12-05 20:33:44.450  7703  7703 D BYDAutoSafetyBeltDevice: postEvent device_type: 1042, event_type =12d0003f, value = 0
12-05 20:33:44.450  7703  7703 W DataCollectionPresenter1: AbsBYDAutoSafetyBeltListener:  0
12-05 20:33:44.459  2016  2016 D BYDAutoPowerDevice: postEvent device_type: 1005, event_type =12d0003d, value = 0
12-05 20:33:44.461   931  9730 E mm-camera: <MCT   ><ERROR> 1313: mct_controller_handle_SOF_proc: Metadata stream not present
12-05 20:33:44.471   960  9781 E mm_bcamera: mm_app_preview_notify_cb: dump_number0[0]
12-05 20:33:44.471   960  9781 I NormalMMCamDevice: [frameworks/av/services/bmmcamera/device/src/NormalMMCamDevice.cpp]:[isZero]: the start is [1036800].
12-05 20:33:44.471   960  9781 I NormalMMCamDevice: [frameworks/av/services/bmmcamera/device/src/NormalMMCamDevice.cpp]:[isZero]: the start is [2592000].
12-05 20:33:44.498  7703  7703 D BYDAutoInstrumentDevice: postEvent device_type: 1007, event_type =12d0003c, value = 1
12-05 20:33:44.501   931  9730 E mm-camera: <MCT   ><ERROR> 1313: mct_controller_handle_SOF_proc: Metadata stream not present
12-05 20:33:44.509   960  9781 E mm_bcamera: mm_app_preview_notify_cb: dump_number0[0]
12-05 20:33:44.509   960  9781 I NormalMMCamDevice: [frameworks/av/services/bmmcamera/device/src/NormalMMCamDevice.cpp]:[isZero]: the start is [1036800].
12-05 20:33:44.509   960  9781 I NormalMMCamDevice: [frameworks/av/services/bmmcamera/device/src/NormalMMCamDevice.cpp]:[isZero]: the start is [2592000].
12-05 20:33:44.541   931  9730 E mm-camera: <MCT   ><ERROR> 1313: mct_controller_handle_SOF_proc: Metadata stream not present
12-05 20:33:44.550  2016  2016 D BYDAutoPowerDevice: postEvent device_type: 1005, event_type =12d0003d, value = 1
12-05 20:33:44.550  2900  2900 D BYDAutoPowerDevice: postEvent device_type: 1005, event_type =12d0003d, value = 1
12-05 20:33:44.550  7703  7703 D BYDAutoInstrumentDevice: postEvent device_type: 1007, event_type =12d0003c, value = 0
12-05 20:33:44.550   960  9781 E mm_bcamera: mm_app_preview_notify_cb: dump_number0[0]
12-05 20:33:44.551   960  9781 I NormalMMCamDevice: [frameworks/av/services/bmmcamera/device/src/NormalMMCamDevice.cpp]:[isZero]: the start is [1036800].
12-05 20:33:44.551   960  9781 I NormalMMCamDevice: [frameworks/av/services/bmmcamera/device/src/NormalMMCamDevice.cpp]:[isZero]: the start is [2592000].
12-05 20:33:44.551  3602  3602 D BYDAutoPowerDevice: postEvent device_type: 1005, event_type =12d0003d, value = 1
12-05 20:33:44.581   931  9730 E mm-camera: <MCT   ><ERROR> 1313: mct_controller_handle_SOF_proc: Metadata stream not present
12-05 20:33:44.589   960  9781 E mm_bcamera: mm_app_preview_notify_cb: dump_number0[0]
12-05 20:33:44.589   960  9781 I NormalMMCamDevice: [frameworks/av/services/bmmcamera/device/src/NormalMMCamDevice.cpp]:[isZero]: the start is [1036800].
12-05 20:33:44.589   960  9781 I NormalMMCamDevice: [frameworks/av/services/bmmcamera/device/src/NormalMMCamDevice.cpp]:[isZero]: the start is [2592000].
12-05 20:33:44.604  7703  7703 D BYDAutoInstrumentDevice: postEvent device_type: 1007, event_type =12d0003c, value = 1
12-05 20:33:44.613 14015 14015 W adb     : type=1400 audit(0.0:2432): avc: denied { read } for comm=64657669636520706F6C6C name="usb" dev="tmpfs" ino=3199 scontext=u:r:untrusted_app_27:s0:c89,c256,c512,c768 tcontext=u:object_r:usb_device:s0 tclass=dir permissive=0
12-05 20:33:44.625   931  9730 E mm-camera: <MCT   ><ERROR> 1313: mct_controller_handle_SOF_proc: Metadata stream not present
12-05 20:33:44.630   960  9781 E mm_bcamera: mm_app_preview_notify_cb: dump_number0[0]
12-05 20:33:44.630   960  9781 I NormalMMCamDevice: [frameworks/av/services/bmmcamera/device/src/NormalMMCamDevice.cpp]:[isZero]: the start is [1036800].
12-05 20:33:44.630   960  9781 I NormalMMCamDevice: [frameworks/av/services/bmmcamera/device/src/NormalMMCamDevice.cpp]:[isZero]: the start is [2592000].
12-05 20:33:44.654  2016  2016 D BYDAutoPowerDevice: postEvent device_type: 1005, event_type =12d0003d, value = 0
12-05 20:33:44.654  7703  7703 D BYDAutoInstrumentDevice: postEvent device_type: 1007, event_type =12d0003c, value = 0
12-05 20:33:44.654  2900  2900 D BYDAutoPowerDevice: postEvent device_type: 1005, event_type =12d0003d, value = 0
12-05 20:33:44.654  3602  3602 D BYDAutoPowerDevice: postEvent device_type: 1005, event_type =12d0003d, value = 0
12-05 20:33:44.661   931  9730 E mm-camera: <MCT   ><ERROR> 1313: mct_controller_handle_SOF_proc: Metadata stream not present
12-05 20:33:44.669   960  9781 E mm_bcamera: mm_app_preview_notify_cb: dump_number0[0]
12-05 20:33:44.669   960  9781 I NormalMMCamDevice: [frameworks/av/services/bmmcamera/device/src/NormalMMCamDevice.cpp]:[isZero]: the start is [1036800].
12-05 20:33:44.669   960  9781 I NormalMMCamDevice: [frameworks/av/services/bmmcamera/device/src/NormalMMCamDevice.cpp]:[isZero]: the start is [2592000].
12-05 20:33:44.701   931  9730 E mm-camera: <MCT   ><ERROR> 1313: mct_controller_handle_SOF_proc: Metadata stream not present
12-05 20:33:44.706  7703  7703 D BYDAutoInstrumentDevice: postEvent device_type: 1007, event_type =12d0003c, value = 1
12-05 20:33:44.709   960  9781 E mm_bcamera: mm_app_preview_notify_cb: dump_number0[0]
12-05 20:33:44.709   960  9781 I NormalMMCamDevice: [frameworks/av/services/bmmcamera/device/src/NormalMMCamDevice.cpp]:[isZero]: the start is [1036800].
12-05 20:33:44.709   960  9781 I NormalMMCamDevice: [frameworks/av/services/bmmcamera/device/src/NormalMMCamDevice.cpp]:[isZero]: the start is [2592000].
12-05 20:33:44.729  7703  7703 D BYDAutoStatisticDevice: postEvent device_type: 1014, event_type =43a00028, value = 3
12-05 20:33:44.741   931  9730 E mm-camera: <MCT   ><ERROR> 1313: mct_controller_handle_SOF_proc: Metadata stream not present
12-05 20:33:44.758  3602  3602 D BYDAutoPowerDevice: postEvent device_type: 1005, event_type =12d0003d, value = 1
12-05 20:33:44.758  2900  2900 D BYDAutoPowerDevice: postEvent device_type: 1005, event_type =12d0003d, value = 1
12-05 20:33:44.759  7703  7703 D BYDAutoInstrumentDevice: postEvent device_type: 1007, event_type =12d0003c, value = 0
12-05 20:33:44.759   960  9781 E mm_bcamera: mm_app_preview_notify_cb: dump_number0[0]
12-05 20:33:44.759   960  9781 I NormalMMCamDevice: [frameworks/av/services/bmmcamera/device/src/NormalMMCamDevice.cpp]:[isZero]: the start is [1036800].
12-05 20:33:44.760   960  9781 I NormalMMCamDevice: [frameworks/av/services/bmmcamera/device/src/NormalMMCamDevice.cpp]:[isZero]: the start is [2592000].
12-05 20:33:44.762  2016  2016 D BYDAutoPowerDevice: postEvent device_type: 1005, event_type =12d0003d, value = 1
12-05 20:33:44.781   931  9730 E mm-camera: <MCT   ><ERROR> 1313: mct_controller_handle_SOF_proc: Metadata stream not present
12-05 20:33:44.795   960  9781 E mm_bcamera: mm_app_preview_notify_cb: dump_number0[0]
12-05 20:33:44.795   960  9781 I NormalMMCamDevice: [frameworks/av/services/bmmcamera/device/src/NormalMMCamDevice.cpp]:[isZero]: the start is [1036800].
12-05 20:33:44.795   960  9781 I NormalMMCamDevice: [frameworks/av/services/bmmcamera/device/src/NormalMMCamDevice.cpp]:[isZero]: the start is [2592000].
12-05 20:33:44.807  7703  7703 D BYDAutoInstrumentDevice: postEvent device_type: 1007, event_type =12d0003c, value = 1
12-05 20:33:44.824   931  9730 E mm-camera: <MCT   ><ERROR> 1313: mct_controller_handle_SOF_proc: Metadata stream not present
12-05 20:33:44.828   960  9781 E mm_bcamera: mm_app_preview_notify_cb: dump_number0[0]
12-05 20:33:44.828   960  9781 I NormalMMCamDevice: [frameworks/av/services/bmmcamera/device/src/NormalMMCamDevice.cpp]:[isZero]: the start is [1036800].
12-05 20:33:44.828   960  9781 I NormalMMCamDevice: [frameworks/av/services/bmmcamera/device/src/NormalMMCamDevice.cpp]:[isZero]: the start is [2592000].
12-05 20:33:44.861   931  9730 E mm-camera: <MCT   ><ERROR> 1313: mct_controller_handle_SOF_proc: Metadata stream not present
12-05 20:33:44.861  7703  7703 D BYDAutoInstrumentDevice: postEvent device_type: 1007, event_type =12d0003c, value = 0
12-05 20:33:44.862  2016  2016 D BYDAutoPowerDevice: postEvent device_type: 1005, event_type =12d0003d, value = 0
12-05 20:33:44.862  2900  2900 D BYDAutoPowerDevice: postEvent device_type: 1005, event_type =12d0003d, value = 0
12-05 20:33:44.863  3602  3602 D BYDAutoPowerDevice: postEvent device_type: 1005, event_type =12d0003d, value = 0
12-05 20:33:44.864  7703  7703 D BYDAutoSafetyBeltDevice: postEvent device_type: 1042, event_type =12d0003f, value = 1
12-05 20:33:44.864  7703  7703 W DataCollectionPresenter1: AbsBYDAutoSafetyBeltListener:  1
12-05 20:33:44.871   960  9781 E mm_bcamera: mm_app_preview_notify_cb: dump_number0[0]
12-05 20:33:44.871   960  9781 I NormalMMCamDevice: [frameworks/av/services/bmmcamera/device/src/NormalMMCamDevice.cpp]:[isZero]: the start is [1036800].
12-05 20:33:44.871   960  9781 I NormalMMCamDevice: [frameworks/av/services/bmmcamera/device/src/NormalMMCamDevice.cpp]:[isZero]: the start is [2592000].
12-05 20:33:44.871  2921  3137 I chatty  : uid=1000(system) handlerThread expire 8 lines
12-05 20:33:44.885  2921  6445 I chatty  : uid=1000(system) pool-1-thread-6 expire 10 lines
12-05 20:33:44.894  7703 11928 W DataCollectionPresenter1: getEventBusData
12-05 20:33:44.894  7703 11928 W DataCollectionPresenter1: setTimeLengthData: points_NullBelt : 0, points_AllBelt : 2101, driveDuration : 210100, beltStatus : 0
12-05 20:33:44.895  7703 11928 W DataCollectionPresenter1: getEventBusData: oilConsume = 0.0, evConsume = 0.0
12-05 20:33:44.895  7703 11928 E CSH     : getDriveScore: driveScore = 100.0
12-05 20:33:44.895  7703 11928 I chatty  : uid=10016(com.byd.negativescreen) pool-1-thread-3 identical 3 lines
12-05 20:33:44.895  7703 11928 E CSH     : getDriveScore: driveScore = 100.0
12-05 20:33:44.901   931  9730 E mm-camera: <MCT   ><ERROR> 1313: mct_controller_handle_SOF_proc: Metadata stream not present
12-05 20:33:44.907  7703  7703 I UserAdapterHelper: : true, autoType: PLUS DM-i, autoDay: 241, autoPowerType: 2, avatar: http://negascreenoss.byd.com/dilink_user_upload/202204/17/0757434D0XXkNy.jpeg
12-05 20:33:44.908   960  9781 E mm_bcamera: mm_app_preview_notify_cb: dump_number0[0]
12-05 20:33:44.908   960  9781 I NormalMMCamDevice: [frameworks/av/services/bmmcamera/device/src/NormalMMCamDevice.cpp]:[isZero]: the start is [1036800].
12-05 20:33:44.908   960  9781 I NormalMMCamDevice: [frameworks/av/services/bmmcamera/device/src/NormalMMCamDevice.cpp]:[isZero]: the start is [2592000].
12-05 20:33:44.919  7703  7703 D BYDAutoInstrumentDevice: postEvent device_type: 1007, event_type =12d0003c, value = 1
12-05 20:33:44.931   801  9450 I gbacqservice: BYDGBAcqService sampleSingleCellTotal = 120,totalVoltageValue = 389.489807,mElectricVehicle = 2
12-05 20:33:44.943   931  9730 E mm-camera: <MCT   ><ERROR> 1313: mct_controller_handle_SOF_proc: Metadata stream not present
12-05 20:33:44.947   960  9781 E mm_bcamera: mm_app_preview_notify_cb: dump_number0[0]
12-05 20:33:44.948   960  9781 I NormalMMCamDevice: [frameworks/av/services/bmmcamera/device/src/NormalMMCamDevice.cpp]:[isZero]: the start is [1036800].
12-05 20:33:44.948   960  9781 I NormalMMCamDevice: [frameworks/av/services/bmmcamera/device/src/NormalMMCamDevice.cpp]:[isZero]: the start is [2592000].
12-05 20:33:44.962   517 14275 E ResolverController: No valid NAT64 prefix (103, <unspecified>/0)
12-05 20:33:44.965  2016  2016 D BYDAutoPowerDevice: postEvent device_type: 1005, event_type =12d0003d, value = 1
12-05 20:33:44.965  2900  2900 D BYDAutoPowerDevice: postEvent device_type: 1005, event_type =12d0003d, value = 1
12-05 20:33:44.965  3602  3602 D BYDAutoPowerDevice: postEvent device_type: 1005, event_type =12d0003d, value = 1
12-05 20:33:44.966  7703  7703 D BYDAutoInstrumentDevice: postEvent device_type: 1007, event_type =12d0003c, value = 0
12-05 20:33:44.981   931  9730 E mm-camera: <MCT   ><ERROR> 1313: mct_controller_handle_SOF_proc: Metadata stream not present
12-05 20:33:44.989   960  9781 E mm_bcamera: mm_app_preview_notify_cb: dump_number0[0]
12-05 20:33:44.989   960  9781 I NormalMMCamDevice: [frameworks/av/services/bmmcamera/device/src/NormalMMCamDevice.cpp]:[isZero]: the start is [1036800].
12-05 20:33:44.989   960  9781 I NormalMMCamDevice: [frameworks/av/services/bmmcamera/device/src/NormalMMCamDevice.cpp]:[isZero]: the start is [2592000].
12-05 20:33:45.012  7703  7703 D BYDAutoInstrumentDevice: postEvent device_type: 1007, event_type =12d0003c, value = 1
12-05 20:33:45.019   620   712 E LocSvc_SystemStatus: PGA:4, BpAmpI:159, BpAmpQ:159
12-05 20:33:45.030   960  9781 E mm_bcamera: mm_app_preview_notify_cb: dump_number0[0]
12-05 20:33:45.030   960  9781 I NormalMMCamDevice: [frameworks/av/services/bmmcamera/device/src/NormalMMCamDevice.cpp]:[isZero]: the start is [1036800].
12-05 20:33:45.030   960  9781 I NormalMMCamDevice: [frameworks/av/services/bmmcamera/device/src/NormalMMCamDevice.cpp]:[isZero]: the start is [2592000].
12-05 20:33:45.021   931  9730 E mm-camera: <MCT   ><ERROR> 1313: mct_controller_handle_SOF_proc: Metadata stream not present
12-05 20:33:45.062   931  9730 E mm-camera: <MCT   ><ERROR> 1313: mct_controller_handle_SOF_proc: Metadata stream not present
12-05 20:33:45.063  3602  3602 D BYDAutoPowerDevice: postEvent device_type: 1005, event_type =12d0003d, value = 0
12-05 20:33:45.063  2900  2900 D BYDAutoPowerDevice: postEvent device_type: 1005, event_type =12d0003d, value = 0
12-05 20:33:45.064  7703  7703 D BYDAutoInstrumentDevice: postEvent device_type: 1007, event_type =12d0003c, value = 0
12-05 20:33:45.065  2016  2016 D BYDAutoPowerDevice: postEvent device_type: 1005, event_type =12d0003d, value = 0
12-05 20:33:45.067   960  9781 E mm_bcamera: mm_app_preview_notify_cb: dump_number0[0]
12-05 20:33:45.067   960  9781 I NormalMMCamDevice: [frameworks/av/services/bmmcamera/device/src/NormalMMCamDevice.cpp]:[isZero]: the start is [1036800].
12-05 20:33:45.067   960  9781 I NormalMMCamDevice: [frameworks/av/services/bmmcamera/device/src/NormalMMCamDevice.cpp]:[isZero]: the start is [2592000].
12-05 20:33:45.077  1211  5463 D GnssLocationProvider: WakeLock acquired by sendMessage(REPORT_SV_STATUS, 0, com.android.server.location.GnssLocationProvider$SvStatusInfo@a2e3c67)
12-05 20:33:45.078  1211  1798 V GnssLocationProvider: SV count: 47
12-05 20:33:45.079  1211  1798 D GnssLocationProvider: WakeLock released by handleMessage(REPORT_SV_STATUS, 0, com.android.server.location.GnssLocationProvider$SvStatusInfo@a2e3c67)
12-05 20:33:45.082  1211  2417 D GnssLocationProvider: WakeLock acquired by sendMessage(REPORT_LOCATION, 1, Location[gps 22.532608,113.915931 hAcc=4 et=+11h41m58s960ms etAcc=+100ms alt=61.1572265625 vel=0.0 vAcc=4 sAcc=0 bAcc=???])
12-05 20:33:45.083  7703  7703 D BYDAutoStatisticDevice: postEvent device_type: 1014, event_type =44a00020, value = 34950
12-05 20:33:45.103   931  9730 E mm-camera: <MCT   ><ERROR> 1313: mct_controller_handle_SOF_proc: Metadata stream not present
12-05 20:33:45.107  1211  1644 D SensorService: sensors 4 are not running
12-05 20:33:45.109   960  9781 E mm_bcamera: mm_app_preview_notify_cb: dump_number0[0]
12-05 20:33:45.110   960  9781 I NormalMMCamDevice: [frameworks/av/services/bmmcamera/device/src/NormalMMCamDevice.cpp]:[isZero]: the start is [1036800].
12-05 20:33:45.110   960  9781 I NormalMMCamDevice: [frameworks/av/services/bmmcamera/device/src/NormalMMCamDevice.cpp]:[isZero]: the start is [2592000].
12-05 20:33:45.116  7703  7703 D BYDAutoInstrumentDevice: postEvent device_type: 1007, event_type =12d0003c, value = 1
12-05 20:33:45.119  1211  1798 V GnssLocationProvider: reportLocation Location[gps 22.532608,113.915931 hAcc=4 et=+11h41m58s960ms etAcc=+100ms alt=61.1572265625 vel=0.0 vAcc=4 sAcc=0 bAcc=???]
12-05 20:33:45.120  1211  1798 D GnssLocationProvider: WakeLock released by handleMessage(REPORT_LOCATION, 1, Location[gps 22.532608,113.915931 hAcc=4 et=+11h41m58s960ms etAcc=+100ms alt=61.1572265625 vel=0.0 vAcc=4 sAcc=0 bAcc=??? {Bundle[{satellites=31, maxCn0=44, meanCn0=31}]}])
12-05 20:33:45.127  1211  1798 D LocationManagerService: incoming location: Location[gps 22.532608,113.915931 hAcc=4 et=+11h41m58s960ms etAcc=+100ms alt=61.1572265625 vel=0.0 vAcc=4 sAcc=0 bAcc=??? {Bundle[{satellites=31, maxCn0=44, meanCn0=31}]}]
12-05 20:33:45.129  1211  1798 D LocationManagerService: incoming location: Location[gps 22.532608,113.915931 hAcc=4 et=+11h41m58s960ms etAcc=+100ms alt=61.1572265625 vel=0.0 vAcc=4 sAcc=0 bAcc=??? {Bundle[{satellites=31, maxCn0=44, meanCn0=31}]}]
12-05 20:33:45.141   931  9730 E mm-camera: <MCT   ><ERROR> 1313: mct_controller_handle_SOF_proc: Metadata stream not present
12-05 20:33:45.151   960  9781 E mm_bcamera: mm_app_preview_notify_cb: dump_number0[0]
12-05 20:33:45.151   960  9781 I NormalMMCamDevice: [frameworks/av/services/bmmcamera/device/src/NormalMMCamDevice.cpp]:[isZero]: the start is [1036800].
12-05 20:33:45.151   960  9781 I NormalMMCamDevice: [frameworks/av/services/bmmcamera/device/src/NormalMMCamDevice.cpp]:[isZero]: the start is [2592000].
12-05 20:33:45.162  3602  3602 D BYDAutoPowerDevice: postEvent device_type: 1005, event_type =12d0003d, value = 1
12-05 20:33:45.163  2900  2900 D BYDAutoPowerDevice: postEvent device_type: 1005, event_type =12d0003d, value = 1
12-05 20:33:45.163  2016  2016 D BYDAutoPowerDevice: postEvent device_type: 1005, event_type =12d0003d, value = 1
12-05 20:33:45.163  7703  7703 D BYDAutoInstrumentDevice: postEvent device_type: 1007, event_type =12d0003c, value = 0
12-05 20:33:45.181   931  9730 E mm-camera: <MCT   ><ERROR> 1313: mct_controller_handle_SOF_proc: Metadata stream not present
12-05 20:33:45.189   960  9781 E mm_bcamera: mm_app_preview_notify_cb: dump_number0[0]
12-05 20:33:45.189   960  9781 I NormalMMCamDevice: [frameworks/av/services/bmmcamera/device/src/NormalMMCamDevice.cpp]:[isZero]: the start is [1036800].
12-05 20:33:45.189   960  9781 I NormalMMCamDevice: [frameworks/av/services/bmmcamera/device/src/NormalMMCamDevice.cpp]:[isZero]: the start is [2592000].
12-05 20:33:45.212  7703  7703 D BYDAutoInstrumentDevice: postEvent device_type: 1007, event_type =12d0003c, value = 1
12-05 20:33:45.221   931  9730 E mm-camera: <MCT   ><ERROR> 1313: mct_controller_handle_SOF_proc: Metadata stream not present
12-05 20:33:45.231   960  9781 E mm_bcamera: mm_app_preview_notify_cb: dump_number0[0]
12-05 20:33:45.231   960  9781 I NormalMMCamDevice: [frameworks/av/services/bmmcamera/device/src/NormalMMCamDevice.cpp]:[isZero]: the start is [1036800].
12-05 20:33:45.231   960  9781 I NormalMMCamDevice: [frameworks/av/services/bmmcamera/device/src/NormalMMCamDevice.cpp]:[isZero]: the start is [2592000].
12-05 20:33:45.261   931  9730 E mm-camera: <MCT   ><ERROR> 1313: mct_controller_handle_SOF_proc: Metadata stream not present
12-05 20:33:45.269  2900  2900 D BYDAutoPowerDevice: postEvent device_type: 1005, event_type =12d0003d, value = 0
12-05 20:33:45.269  3602  3602 D BYDAutoPowerDevice: postEvent device_type: 1005, event_type =12d0003d, value = 0
12-05 20:33:45.270  7703  7703 D BYDAutoInstrumentDevice: postEvent device_type: 1007, event_type =12d0003c, value = 0
12-05 20:33:45.270  2016  2016 D BYDAutoPowerDevice: postEvent device_type: 1005, event_type =12d0003d, value = 0
12-05 20:33:45.270  7703  7703 D BYDAutoSafetyBeltDevice: postEvent device_type: 1042, event_type =12d0003f, value = 0
12-05 20:33:45.270  7703  7703 W DataCollectionPresenter1: AbsBYDAutoSafetyBeltListener:  0
12-05 20:33:45.273   960  9781 E mm_bcamera: mm_app_preview_notify_cb: dump_number0[0]
12-05 20:33:45.273   960  9781 I NormalMMCamDevice: [frameworks/av/services/bmmcamera/device/src/NormalMMCamDevice.cpp]:[isZero]: the start is [1036800].
12-05 20:33:45.274   960  9781 I NormalMMCamDevice: [frameworks/av/services/bmmcamera/device/src/NormalMMCamDevice.cpp]:[isZero]: the start is [2592000].
12-05 20:33:45.298   652   652 I tecControl: temp is 29100 and level is 0 and time_record is 0
12-05 20:33:45.301   931  9730 E mm-camera: <MCT   ><ERROR> 1313: mct_controller_handle_SOF_proc: Metadata stream not present
12-05 20:33:45.307   960  9781 E mm_bcamera: mm_app_preview_notify_cb: dump_number0[0]
12-05 20:33:45.307   960  9781 I NormalMMCamDevice: [frameworks/av/services/bmmcamera/device/src/NormalMMCamDevice.cpp]:[isZero]: the start is [1036800].
12-05 20:33:45.307   960  9781 I NormalMMCamDevice: [frameworks/av/services/bmmcamera/device/src/NormalMMCamDevice.cpp]:[isZero]: the start is [2592000].
12-05 20:33:45.315  7703  7703 D BYDAutoInstrumentDevice: postEvent device_type: 1007, event_type =12d0003c, value = 1
12-05 20:33:45.341   931  9730 E mm-camera: <MCT   ><ERROR> 1313: mct_controller_handle_SOF_proc: Metadata stream not present
12-05 20:33:45.353   960  9781 E mm_bcamera: mm_app_preview_notify_cb: dump_number0[0]
12-05 20:33:45.353   960  9781 I NormalMMCamDevice: [frameworks/av/services/bmmcamera/device/src/NormalMMCamDevice.cpp]:[isZero]: the start is [1036800].
12-05 20:33:45.353   960  9781 I NormalMMCamDevice: [frameworks/av/services/bmmcamera/device/src/NormalMMCamDevice.cpp]:[isZero]: the start is [2592000].
12-05 20:33:45.369  7703  7703 D BYDAutoInstrumentDevice: postEvent device_type: 1007, event_type =12d0003c, value = 0
12-05 20:33:45.370  3602  3602 D BYDAutoPowerDevice: postEvent device_type: 1005, event_type =12d0003d, value = 1
12-05 20:33:45.370  2900  2900 D BYDAutoPowerDevice: postEvent device_type: 1005, event_type =12d0003d, value = 1
12-05 20:33:45.370  2016  2016 D BYDAutoPowerDevice: postEvent device_type: 1005, event_type =12d0003d, value = 1
12-05 20:33:45.382   931  9730 E mm-camera: <MCT   ><ERROR> 1313: mct_controller_handle_SOF_proc: Metadata stream not present
12-05 20:33:45.392   960  9781 E mm_bcamera: mm_app_preview_notify_cb: dump_number0[0]
12-05 20:33:45.392   960  9781 I NormalMMCamDevice: [frameworks/av/services/bmmcamera/device/src/NormalMMCamDevice.cpp]:[isZero]: the start is [1036800].
12-05 20:33:45.392   960  9781 I NormalMMCamDevice: [frameworks/av/services/bmmcamera/device/src/NormalMMCamDevice.cpp]:[isZero]: the start is [2592000].
12-05 20:33:45.421   931  9730 E mm-camera: <MCT   ><ERROR> 1313: mct_controller_handle_SOF_proc: Metadata stream not present
12-05 20:33:45.421  7703  7703 D BYDAutoInstrumentDevice: postEvent device_type: 1007, event_type =12d0003c, value = 1
12-05 20:33:45.429   960  9781 E mm_bcamera: mm_app_preview_notify_cb: dump_number0[0]
12-05 20:33:45.429   960  9781 I NormalMMCamDevice: [frameworks/av/services/bmmcamera/device/src/NormalMMCamDevice.cpp]:[isZero]: the start is [1036800].
