10-31 19:23:14.281  3600  3802 D AirConditioningManager:  buttonId = 100----buttonValue = 1
10-31 19:23:14.282  1232  4268 W ActivityManager: Unable to start service Intent { act=com.qti.izat.xt.srv cmp=com.qualcomm.location.XT/.XTSrv (has extras) } U=0: not found
10-31 19:23:14.282  1830  2533 D AirConditioningManager:  buttonId = 100----buttonValue = 1
10-31 19:23:14.283  1232  1404 D BroadcastQueue: ssc_skip reciever for uid 10079 name = com.dianshijia.newlive, broadcast=android.intent.action.USER_PRESENT
10-31 19:23:14.283  1232  1404 D ActivityManager: UID 10079 is not running
10-31 19:23:14.284  1232  1404 D ActivityManager: packageName 10079  NOT RUNNING
10-31 19:23:14.284  1232  1404 D BroadcastQueue: ssc_skip reciever for uid 10079 name = com.dianshijia.newlive ignored !!!
10-31 19:23:14.285  1232  4268 W ActivityManager: Unable to start service Intent { act=com.qti.izat.xt.srv cmp=com.qualcomm.location.XT/.XTSrv (has extras) } U=0: not found
10-31 19:23:14.286  3600  3802 D AirConditioningManager:  buttonId = 101----buttonValue = 1
10-31 19:23:14.286  1232  1404 D BroadcastQueue: ssc_skip reciever for uid 10077 name = com.quark.browser, broadcast=android.intent.action.USER_PRESENT
10-31 19:23:14.286  1232  1404 D ActivityManager: UID 10077 is not running
10-31 19:23:14.288  1232  1404 D ActivityManager: packageName 10077  NOT RUNNING
10-31 19:23:14.288  1232  1404 D BroadcastQueue: ssc_skip reciever for uid 10077 name = com.quark.browser ignored !!!
10-31 19:23:14.288  1232  1404 D BroadcastQueue: ssc_skip reciever for uid 10079 name = com.dianshijia.newlive, broadcast=android.net.wifi.WIFI_STATE_CHANGED
10-31 19:23:14.288  1232  1404 D ActivityManager: UID 10079 is not running
10-31 19:23:14.288  1232  1404 D ActivityManager: packageName 10079  NOT RUNNING
10-31 19:23:14.289  1830  2533 D AirConditioningManager:  buttonId = 101----buttonValue = 1
10-31 19:23:14.289  1232  1404 D BroadcastQueue: ssc_skip reciever for uid 10079 name = com.dianshijia.newlive ignored !!!
10-31 19:23:14.290  1232  1232 V SettingsProvider: Notifying for 0: content://settings/global/acc_bluetooth_state
10-31 19:23:14.292  1232  1232 V SettingsProvider: Notifying for 0: content://settings/global/wifi_on
10-31 19:23:14.298  1232  2158 W ContextImpl: Calling a method in the system process without a qualified user: android.app.ContextImpl.sendBroadcast:1064 com.byd.connectmanager.BYDTCPConnectService$AlarmListener.alarm_start:1261 android.os.ICloudAlarmListener$Stub.onTransact:117 android.os.Binder.execTransactInternal:1021 android.os.Binder.execTransact:994 
10-31 19:23:14.308  1232  1404 D BroadcastQueue: ssc_skip reciever for uid 1000 name = com.byd.cloudservicesalertdialog, broadcast=android.intent.action.CLOUD_SERVICE_STATUS
10-31 19:23:14.356  1232  1419 D BydAutoRotation: info {name:com.android.launcher3.Launcher,isFinishing:false,multiWindow:false,fullscreen:true,noDisplay:false}
10-31 19:23:14.356  1232  1419 D BydAutoRotation: orientation {xmlConfig:SCREEN_ORIENTATION_UNSPECIFIED, nowRequest:SCREEN_ORIENTATION_UNSPECIFIED, nowRequestFixed:false, codeRequestOther:false}
10-31 19:23:14.377  1232  1232 D WifiService: WIFI_STATE_CHANGED_ACTION state : 2
10-31 19:23:14.380  1232  1232 V SettingsProvider: Notifying for 0: content://settings/secure/location_providers_allowed
10-31 19:23:14.382  1232  1232 V SettingsProvider: Notifying for 0: content://settings/secure/location_providers_allowed
10-31 19:23:14.393  1232  1404 D AMSExternal: onReceive android.intent.action.CLOUD_SERVICE_STATUS waitshow:false
10-31 19:23:14.393  1232  1404 D AMSExternal: onReceive android.intent.action.CLOUD_SERVICE_STATUS mNeedShowCloudServices:false
10-31 19:23:14.412  1232  4268 W ActivityManager: Unable to start service Intent { act=com.qti.izat.xt.srv cmp=com.qualcomm.location.XT/.XTSrv (has extras) } U=0: not found
10-31 19:23:14.413  1232  4268 W ActivityManager: Unable to start service Intent { act=com.qti.izat.xt.srv cmp=com.qualcomm.location.XT/.XTSrv (has extras) } U=0: not found
10-31 19:23:14.423  2796  4586 W ActivityThread: ClassLoader.getResourceAsStream: The class loader returned by Thread.getContextClassLoader() may fail for processes that host multiple applications. You should explicitly specify a context class loader. For example: Thread.setContextClassLoader(getClass().getClassLoader());
10-31 19:23:14.432  1232  1393 V WindowManager: syslog performShowLocked: mDrawState=HAS_DRAWN in Window{aca58c0 u0 StatusBar}
10-31 19:23:14.435  1232  1393 I WindowManager: syslog Waiting for drawn Window{f70a6b5 u0 com.android.launcher3/com.android.launcher3.Launcher}: removed=false visible=true mHasSurface=true drawState=1
10-31 19:23:14.435  1232  1393 I WindowManager: syslog Waiting for drawn Window{aca58c0 u0 StatusBar}: removed=false visible=true mHasSurface=true drawState=4
10-31 19:23:14.435  1232  1393 D WindowManager: syslog Window drawn win=Window{aca58c0 u0 StatusBar}
10-31 19:23:14.445  1232  1232 D BluetoothManagerService: Bluetooth Adapter name changed to Plus
10-31 19:23:14.467  1232  1232 D BluetoothManagerService: Stored Bluetooth name: Plus
10-31 19:23:14.533  1232  1232 D BluetoothManagerService: BluetoothServiceConnection: com.android.bluetooth.btservice.AdapterService
10-31 19:23:14.534  1232  1391 D BluetoothManagerService: MESSAGE_BLUETOOTH_SERVICE_CONNECTED: 1
10-31 19:23:14.536  1232  1391 D BluetoothManagerService: MESSAGE_INFORM_ADAPTER_SERVICE_UP
10-31 19:23:14.536  1232  1391 D BluetoothManagerService: Broadcasting onBluetoothServiceUp() to 11 receivers.
10-31 19:23:14.537  1232  1391 D BluetoothManagerService: MESSAGE_BLUETOOTH_STATE_CHANGE: OFF > BLE_TURNING_ON
10-31 19:23:14.537  1232  1391 D BluetoothManagerService: test_bluetoothStateChangeHandler_prevState:10 newState:14
10-31 19:23:14.537  1232  1391 D BluetoothManagerService: Sending BLE State Change: OFF > BLE_TURNING_ON
10-31 19:23:14.546  1232  1391 D BluetoothManagerService: test_bt_state_change
10-31 19:23:14.552  1232  1391 I DropBoxManagerService: add tag=system_server_wtf isTagEnabled=true flags=0x2
10-31 19:23:14.564  1232  2624 D ActivityTaskManager: activityResumedForAcBar className:com.android.launcher3.Launcher
10-31 19:23:14.579  1232  1391 I DropBoxManagerService: add tag=system_server_wtf isTagEnabled=true flags=0x2
10-31 19:23:14.583  1232  3786 D ActivityManager: ssc_skip startServiceLocked 1002 want to start 1002, package com.android.bluetooth
10-31 19:23:14.600  3270  3270 W ContextImpl: Calling a method in the system process without a qualified user: android.app.ContextImpl.bindService:1668 android.content.ContextWrapper.bindService:705 com.kaolafm.sdk.client.KLClientAPI.bindService:17 com.kaolafm.sdk.client.KLClientAPI.init:73 com.kaolafm.sdk.client.KLClientAPI.init:1 
10-31 19:23:14.601  1232  4590 W ActivityManager: Unable to start service Intent { act=com.kaolafm.sdk.client pkg=com.edog.car } U=0: not found
10-31 19:23:14.607  1232  2599 D ActivityManager: bindServiceLocked  1002 process com.android.bluetooth  want to bind 1002
10-31 19:23:14.962  1232  1388 E ConnectivityService: interfaceLinkStateChanged() iface : wlan0, up : false
10-31 19:23:14.962  1232  1388 E ConnectivityService: processSpecApnDisconnect iface:wlan0,apn1_ifname:rmnet_data0,apn2_ifname:
10-31 19:23:14.962  1232  1388 E ConnectivityService: processFunctionApnDisconnect iface:wlan0,apn3_ifname:rmnet_data1
10-31 19:23:14.964  1232  1388 E ConnectivityService: interfaceLinkStateChanged() iface : rmnet_data2, up : true
10-31 19:23:14.984   639   639 I android.hardware.wifi@1.0-service: Adding interface handle for wlan0
10-31 19:23:14.984   639   639 I android.hardware.wifi@1.0-service: Adding interface handle for p2p0
10-31 19:23:14.984   639   639 W android.hardware.wifi@1.0-service: No active wlan interfaces in use! Using default
10-31 19:23:14.986   639   639 W android.hardware.wifi@1.0-service: No active wlan interfaces in use! Using default
10-31 19:23:14.995   639   639 I android.hardware.wifi@1.0-service: Configured chip in mode 0
10-31 19:23:14.996   639   639 W android.hardware.wifi@1.0-service: No active wlan interfaces in use! Using default
10-31 19:23:14.999   639   639 W android.hardware.wifi@1.0-service: No active wlan interfaces in use! Using default
10-31 19:23:15.011   971   971 I wificond: setting base_wiphy_index_ to 0
10-31 19:23:15.012   971   971 I wificond: create scanner for interface with index: 30
10-31 19:23:15.012   971   971 I wificond: subscribe scan result for interface with index: 30
10-31 19:23:15.014   971   971 E wificond: No Offload Service available
10-31 19:23:15.014   971   971 I wificond: Offload HAL not supported 
10-31 19:23:15.045  1232  1388 E ConnectivityService: interfaceLinkStateChanged() iface : wlan0, up : false
10-31 19:23:15.045  1232  1388 E ConnectivityService: processSpecApnDisconnect iface:wlan0,apn1_ifname:rmnet_data0,apn2_ifname:
10-31 19:23:15.045  1232  1388 E ConnectivityService: processFunctionApnDisconnect iface:wlan0,apn3_ifname:rmnet_data1
10-31 19:23:15.193  1232  1807 D ConnectivityService: registerNetworkAgent NetworkAgentInfo{ ni{[type: MOBILE[LTE], state: CONNECTED/CONNECTED, reason: connected, extra: CMIOT, failover: false, available: true, mIfaceName: null, roaming: false]}  network{100}  nethandle{432902426637}  lp{{InterfaceName: rmnet_data2 LinkAddresses: [ 100.112.4.13/30 ] DnsAddresses: [ /211.136.17.107,/211.136.20.203 ] Domains: null MTU: 1500 TcpBufferSizes: 2097152,4194304,8388608,262144,524288,1048576 Routes: [ 0.0.0.0/0 -> 100.112.4.14 rmnet_data2,100.112.4.12/30 -> 0.0.0.0 rmnet_data2 ]}}  nc{[ Transports: CELLULAR Capabilities: SUPL&INTERNET&NOT_RESTRICTED&TRUSTED&NOT_VPN&NOT_ROAMING&FOREGROUND&NOT_CONGESTED&NOT_SUSPENDED LinkUpBandwidth>=15000Kbps LinkDnBandwidth>=30000Kbps Specifier: <1>]}  Score{10}  everValidated{false}  lastValidated{false}  created{false} lingering{false} explicitlySelected{false} acceptUnvalidated{false} everCaptivePortalDetected{false} lastCaptivePortalDetected{false} captivePortalValidationPending{false} partialConnectivity{false} acceptPartialConnectivity{false} clat{mBaseIface: null, mIface: null, mState: IDLE} }
10-31 19:23:15.226  1232  1792 D ConnectivityService: NetworkAgentInfo [MOBILE (LTE) - 100] EVENT_NETWORK_INFO_CHANGED, going from null to CONNECTED
10-31 19:23:15.231  1232  1792 W DnsManager: updatePrivateDns(100, PrivateDnsConfig{true:/[]})
10-31 19:23:15.232  1232  1792 D ConnectivityService: Setting DNS servers for network 100 to [/211.136.17.107, /211.136.20.203]
10-31 19:23:15.233  1232  1792 D DnsManager: setDnsConfigurationForNetwork(100, [211.136.17.107, 211.136.20.203], [], 1800, 25, 8, 64, 0, 0, , [211.136.17.107, 211.136.20.203])
10-31 19:23:15.344  1232  3786 I WindowManager: syslog Waiting for drawn Window{f70a6b5 u0 com.android.launcher3/com.android.launcher3.Launcher}: removed=false visible=true mHasSurface=true drawState=1
10-31 19:23:15.345  1232  1825 D DisplayPowerState: Updating screen state: state=ON, backlight=0, backlightMode=0
10-31 19:23:15.345  1232  1825 D LocalDisplayAdapter: set display backlight mode night
10-31 19:23:15.353  1232  1392 W WindowManager: syslog Timeout waiting for drawn: undrawn=[Window{f70a6b5 u0 com.android.launcher3/com.android.launcher3.Launcher}]
10-31 19:23:15.353  1232  1392 I WindowManager: syslog All windows ready for display!
10-31 19:23:15.353  1232  1389 W WindowManager: syslog Setting mWindowManagerDrawComplete
10-31 19:23:15.355  1232  1389 D WindowManager: syslog call listener onScreenOn 
10-31 19:23:15.355  1232  1424 I DisplayPowerController: Unblocked screen on after 1220 ms
10-31 19:23:15.365  1232  1792 D ConnectivityService: Adding iface rmnet_data2 to network 100
10-31 19:23:15.371  1232  1424 I WindowManager: syslog screen turned On !!!!!!
10-31 19:23:15.371  1232  1424 W PowerManagerService: Screen on took 1258 ms
10-31 19:23:15.371  1232  1825 D DisplayPowerState: Updating screen state: state=ON, backlight=255, backlightMode=0
10-31 19:23:15.378  1232  1388 W Looper  : Slow dispatch took 126ms android.fg h=android.os.Handler c=com.android.server.Watchdog$HandlerChecker@deb3e45 m=0
10-31 19:23:15.386  3270  3270 W ContextImpl: Calling a method in the system process without a qualified user: android.app.ContextImpl.bindService:1668 android.content.ContextWrapper.bindService:705 cn.kuwo.autosdk.x.d:20 cn.kuwo.autosdk.a.e.e:2 com.byd.api.third.h.a.c:26 
10-31 19:23:15.388  1232  2158 D ActivityManager: bindServiceLocked  1000 process com.byd.autovoice  want to bind 10035
10-31 19:23:15.395  1232  1232 D WifiService: WIFI_STATE_CHANGED_ACTION state : 3
10-31 19:23:15.395  1232  1232 D WifiService: Wifi Enabled wifiSwitchValue : 1
10-31 19:23:15.397  1232  3786 D BroadcastQueue: ssc_skip reciever for uid 10079 name = com.dianshijia.newlive, broadcast=android.net.wifi.WIFI_STATE_CHANGED
10-31 19:23:15.397  1232  3786 D ActivityManager: UID 10079 is not running
10-31 19:23:15.399  1232  3786 D ActivityManager: packageName 10079  NOT RUNNING
10-31 19:23:15.399  1232  3786 D BroadcastQueue: ssc_skip reciever for uid 10079 name = com.dianshijia.newlive ignored !!!
10-31 19:23:15.401  3270  3270 W ContextImpl: Calling a method in the system process without a qualified user: android.app.ContextImpl.sendBroadcast:1064 android.content.ContextWrapper.sendBroadcast:448 cn.kuwo.autosdk.x.a:5 cn.kuwo.autosdk.x.b:22 cn.kuwo.autosdk.a.e.d:5 
10-31 19:23:15.401  1232  1792 E ConnectivityService: updateLinkProperties:rmnet_data2
10-31 19:23:15.401  1232  1792 D ConnectivityService: Setting DNS servers for network 100 to [/211.136.17.107, /211.136.20.203]
10-31 19:23:15.402  1232  1792 D DnsManager: setDnsConfigurationForNetwork(100, [211.136.17.107, 211.136.20.203], [], 1800, 25, 8, 64, 0, 0, , [211.136.17.107, 211.136.20.203])
10-31 19:23:15.424  1232  1792 D ConnectivityService: Setting DNS servers for network 100 to [/211.136.17.107, /211.136.20.203]
10-31 19:23:15.425  1232  1792 D DnsManager: setDnsConfigurationForNetwork(100, [211.136.17.107, 211.136.20.203], [], 1800, 25, 8, 64, 0, 0, , [211.136.17.107, 211.136.20.203])
10-31 19:23:15.428  1232  1792 V NetPluginDelegate: loading VendorPropExt jar
10-31 19:23:15.442   639   639 I android.hardware.wifi@1.0-service: wlan0 use as NAN interface
10-31 19:23:15.448  1232  1405 I ActivityManager: Start proc 4687:cn.kuwo.kwmusiccar/u0a35 for service {cn.kuwo.kwmusiccar/cn.kuwo.autosdk.AutoSdkService}
10-31 19:23:15.459  1232  1792 V NetPluginDelegate: VendorPropExt jar loaded
10-31 19:23:15.460  1232  1792 I Nat464Xlat: Android Xlat is disabled
10-31 19:23:15.477   639  4653 E android.hardware.wifi@1.0-service: Callback invoked on an invalid object
10-31 19:23:15.495  3270  4623 W ContextImpl: Calling a method in the system process without a qualified user: android.app.ContextImpl.bindService:1668 android.content.ContextWrapper.bindService:705 com.byd.j.h.a.d:40 com.byd.j.h.a.<init>:45 com.byd.j.h.a.<init>:0 
10-31 19:23:15.503   524  1167 E NetlinkEvent: NetlinkEvent::FindParam(): Parameter 'INTERFACE' not found
10-31 19:23:15.503   524  1167 E NetlinkEvent: NetlinkEvent::FindParam(): Parameter 'STATE' not found
10-31 19:23:15.503   524  1167 E NetlinkEvent: NetlinkEvent::FindParam(): Parameter 'TIME_NS' not found
10-31 19:23:15.503   524  1167 E NetlinkEvent: NetlinkEvent::FindParam(): Parameter 'UID' not found
10-31 19:23:15.508  1232  3785 D ActivityManager: bindServiceLocked  1000 process com.byd.autovoice  want to bind 10016
10-31 19:23:15.510  1232  1792 D ConnectivityService: Switching to new default network: NetworkAgentInfo{ ni{[type: MOBILE[LTE], state: CONNECTED/CONNECTED, reason: connected, extra: CMIOT, failover: false, available: true, mIfaceName: null, roaming: false]}  network{100}  nethandle{432902426637}  lp{{InterfaceName: rmnet_data2 LinkAddresses: [ 100.112.4.13/30 ] DnsAddresses: [ /211.136.17.107,/211.136.20.203 ] Domains: null MTU: 1500 TcpBufferSizes: 2097152,4194304,8388608,262144,524288,1048576 Routes: [ 0.0.0.0/0 -> 100.112.4.14 rmnet_data2,100.112.4.12/30 -> 0.0.0.0 rmnet_data2 ]}}  nc{[ Transports: CELLULAR Capabilities: SUPL&INTERNET&NOT_RESTRICTED&TRUSTED&NOT_VPN&NOT_ROAMING&FOREGROUND&NOT_CONGESTED&NOT_SUSPENDED LinkUpBandwidth>=15000Kbps LinkDnBandwidth>=30000Kbps Specifier: <1>]}  Score{10}  everValidated{false}  lastValidated{false}  created{true} lingering{false} explicitlySelected{false} acceptUnvalidated{false} everCaptivePortalDetected{false} lastCaptivePortalDetected{false} captivePortalValidationPending{false} partialConnectivity{false} acceptPartialConnectivity{false} clat{mBaseIface: null, mIface: null, mState: IDLE} }
10-31 19:23:15.518  1232  1792 E ConnectivityService: makeDefault:rmnet_data2
10-31 19:23:15.552  1232  1393 V WindowManager: syslog performShowLocked: mDrawState=HAS_DRAWN in Window{f70a6b5 u0 com.android.launcher3/com.android.launcher3.Launcher}
10-31 19:23:15.559   971   971 I wificond: Pno scan started for all supported frequencies
10-31 19:23:15.562  1232  2624 D ActivityManager: ssc_skip startServiceLocked 10063 want to start 10063, package com.qti.pasrservice
10-31 19:23:15.588   524  1167 E NetlinkEvent: NetlinkEvent::FindParam(): Parameter 'INTERFACE' not found
10-31 19:23:15.588   524  1167 E NetlinkEvent: NetlinkEvent::FindParam(): Parameter 'STATE' not found
10-31 19:23:15.588   524  1167 E NetlinkEvent: NetlinkEvent::FindParam(): Parameter 'TIME_NS' not found
10-31 19:23:15.588   524  1167 E NetlinkEvent: NetlinkEvent::FindParam(): Parameter 'UID' not found
10-31 19:23:15.595  1232  1792 D ConnectivityService: Sending CONNECTED broadcast for type 0 NetworkAgentInfo [MOBILE (LTE) - 100] isDefaultNetwork=true
10-31 19:23:15.595  1232  1792 D ConnectivityService: sendLegacyNetworkBroadcast() ifaceName = rmnet_data2
10-31 19:23:15.596  3270  4723 W ContextImpl: Calling a method in the system process without a qualified user: android.app.ContextImpl.bindService:1668 android.content.ContextWrapper.bindService:705 com.amap.api.col.2sl.bu.i:22 com.amap.api.col.2sl.bu.a:0 com.amap.api.col.2sl.bu$b.onLooperPrepared:9 
10-31 19:23:15.598  1232  1792 E ConnectivityService: updateLinkProperties:rmnet_data2
10-31 19:23:15.598  1232  1792 E ConnectivityService: updateLinkProperties:rmnet_data2
10-31 19:23:15.600   971   971 I wificond: Pno scan stopped
10-31 19:23:15.618  1232  1404 D BroadcastQueue: ssc_skip reciever for uid 10084 name = com.baidu.BaiduMap, broadcast=android.net.conn.CONNECTIVITY_CHANGE
10-31 19:23:15.619  1232  1404 D ActivityManager: UID 10084 is not running
10-31 19:23:15.632  1232  1404 D ActivityManager: packageName 10084  NOT RUNNING
10-31 19:23:15.633  1232  1404 D BroadcastQueue: ssc_skip reciever for uid 10084 name = com.baidu.BaiduMap ignored !!!
10-31 19:23:15.635  1232  2599 D ActivityManager: bindServiceLocked  1000 process com.byd.autovoice  want to bind 1000
10-31 19:23:15.639  1232  1389 V WindowManager: onProposedRotationChanged, rotation=0
10-31 19:23:15.643  1232  1389 D WindowManager: lock orientation 0 for acc on
10-31 19:23:15.644  1232  1389 V WindowManager:  mAutoRotation 1 mLastPhyRotation = 0 mWmService.getUserPreferencesVaule()-1getPhysicalWindowOrientation = 0mCurrentAppOrientation = -1
10-31 19:23:15.644  1232  1389 V WindowManager: mLastPhyRotation 0
10-31 19:23:15.674  1232  1404 D BroadcastQueue: ssc_skip reciever for uid 10048 name = com.icoolme.android.weather.bydauto, broadcast=android.net.conn.CONNECTIVITY_CHANGE
10-31 19:23:15.675  1232  1404 D BroadcastQueue: ssc_skip reciever for uid 10079 name = com.dianshijia.newlive, broadcast=android.net.conn.CONNECTIVITY_CHANGE
10-31 19:23:15.676  1232  1404 D ActivityManager: UID 10079 is not running
10-31 19:23:15.678  1232  1404 D ActivityManager: packageName 10079  NOT RUNNING
10-31 19:23:15.678  1232  1404 D BroadcastQueue: ssc_skip reciever for uid 10079 name = com.dianshijia.newlive ignored !!!
10-31 19:23:15.678  1232  1404 D BroadcastQueue: ssc_skip reciever for uid 10078 name = com.baidu.netdisk, broadcast=android.net.conn.CONNECTIVITY_CHANGE
10-31 19:23:15.678  1232  1404 D ActivityManager: UID 10078 is not running
10-31 19:23:15.680  1232  1404 D ActivityManager: packageName 10078  NOT RUNNING
10-31 19:23:15.680  1232  1404 D BroadcastQueue: ssc_skip reciever for uid 10078 name = com.baidu.netdisk ignored !!!
10-31 19:23:15.681  1232  1404 D BroadcastQueue: ssc_skip reciever for uid 10077 name = com.quark.browser, broadcast=android.net.conn.CONNECTIVITY_CHANGE
10-31 19:23:15.681  1232  1404 D ActivityManager: UID 10077 is not running
10-31 19:23:15.684  1232  1404 D ActivityManager: packageName 10077  NOT RUNNING
10-31 19:23:15.685  1232  1404 D BroadcastQueue: ssc_skip reciever for uid 10077 name = com.quark.browser ignored !!!
10-31 19:23:15.690  1232  1404 D BroadcastQueue: ssc_skip reciever for uid 10056 name = cmgyunting.vehicleplayer.cnr, broadcast=android.net.conn.CONNECTIVITY_CHANGE
10-31 19:23:15.691  1232  1404 D BroadcastQueue: ssc_skip reciever for uid 10035 name = cn.kuwo.kwmusiccar, broadcast=android.net.conn.CONNECTIVITY_CHANGE
10-31 19:23:15.697  1232  1404 D BroadcastQueue: ssc_skip reciever for uid 10048 name = com.icoolme.android.weather.bydauto, broadcast=android.net.conn.CONNECTIVITY_CHANGE
10-31 19:23:15.697  1232  1404 D BroadcastQueue: ssc_skip reciever for uid 10048 name = com.icoolme.android.weather.bydauto, broadcast=android.net.conn.CONNECTIVITY_CHANGE
10-31 19:23:15.697  1232  1404 D BroadcastQueue: ssc_skip reciever for uid 10079 name = com.dianshijia.newlive, broadcast=android.net.conn.CONNECTIVITY_CHANGE
10-31 19:23:15.697  1232  1404 D ActivityManager: UID 10079 is not running
10-31 19:23:15.698  1232  1404 D ActivityManager: packageName 10079  NOT RUNNING
10-31 19:23:15.698  1232  1404 D BroadcastQueue: ssc_skip reciever for uid 10079 name = com.dianshijia.newlive ignored !!!
10-31 19:23:15.698  1232  1404 D BroadcastQueue: ssc_skip reciever for uid 10077 name = com.quark.browser, broadcast=android.net.conn.CONNECTIVITY_CHANGE
10-31 19:23:15.698  1232  1404 D ActivityManager: UID 10077 is not running
10-31 19:23:15.699  1232  1404 D ActivityManager: packageName 10077  NOT RUNNING
10-31 19:23:15.699  1232  1404 D BroadcastQueue: ssc_skip reciever for uid 10077 name = com.quark.browser ignored !!!
10-31 19:23:15.699  1232  1404 D BroadcastQueue: ssc_skip reciever for uid 10077 name = com.quark.browser, broadcast=android.net.conn.CONNECTIVITY_CHANGE
10-31 19:23:15.699  1232  1404 D ActivityManager: UID 10077 is not running
10-31 19:23:15.699  1232  1404 D ActivityManager: packageName 10077  NOT RUNNING
10-31 19:23:15.699  1232  1404 D BroadcastQueue: ssc_skip reciever for uid 10077 name = com.quark.browser ignored !!!
10-31 19:23:15.828  2028  2028 I TelecomFramework: : onSubscriptionsChanged - update accounts
10-31 19:23:15.828  2028  2028 I TelecomFramework: PstnIncomingCallNotifier: Unregistering: Handler (com.qualcomm.qti.internal.telephony.QtiGsmCdmaPhone) {bb02d07}
10-31 19:23:15.830  1232  2158 D ActivityManager: bindServiceLocked  10035 process cn.kuwo.kwmusiccar  want to bind 10035
10-31 19:23:15.838  2028  2028 I TelecomFramework: TelecomAccountRegistry: setupAccounts: Found 2 phones.  Attempting to register.
10-31 19:23:15.842  2028  2028 I TelecomFramework: TelecomAccountRegistry: setupAccounts: Phone with subscription id: 1 slotId: 0 provisionStatus: 1
10-31 19:23:15.862  1232  3785 D ActivityManager: bindServiceLocked  10035 process cn.kuwo.kwmusiccar  want to bind 10035
10-31 19:23:15.893  1232  1405 I ActivityManager: Start proc 4787:cn.kuwo.kwmusiccar:remote/u0a35 for service {cn.kuwo.kwmusiccar/com.baidu.location.f}
10-31 19:23:15.978  1232  2624 I Telecom : PhoneAccountRegistrar: Modify account: [ComponentInfo{com.android.phone/com.android.services.telephony.TelephonyConnectionService}, ***, UserHandle{0}]: TSI.rPA@AGU
10-31 19:23:15.989  1232  2624 I Telecom : CallsManager: handlePhoneAccountChanged: phoneAccount=[[X] PhoneAccount: ComponentInfo{com.android.phone/com.android.services.telephony.TelephonyConnectionService}, ***, UserHandle{0} Capabilities: CallProvider MultiUser PlaceEmerg SimSub  Audio Routes: BESW Schemes: tel voicemail  Extras: Bundle[{android.telecom.extra.SUPPORTS_VIDEO_CALLING_FALLBACK=true, android.telecom.extra.SORT_ORDER=0}] GroupId: ***]: TSI.rPA@AGU
10-31 19:23:15.990  2028  2028 I TelecomFramework: AccountEntry: Registered phoneAccount: [[ ] PhoneAccount: ComponentInfo{com.android.phone/com.android.services.telephony.TelephonyConnectionService}, ***, UserHandle{0} Capabilities: CallProvider MultiUser PlaceEmerg SimSub  Audio Routes: BESW Schemes: tel voicemail  Extras: Bundle[{android.telecom.extra.SUPPORTS_VIDEO_CALLING_FALLBACK=true, android.telecom.extra.SORT_ORDER=0}] GroupId: ***] with handle: ComponentInfo{com.android.phone/com.android.services.telephony.TelephonyConnectionService}, ***, UserHandle{0}
10-31 19:23:15.990  2028  2028 I TelecomFramework: PstnIncomingCallNotifier: Registering: Handler (com.qualcomm.qti.internal.telephony.QtiGsmCdmaPhone) {bb02d07}
10-31 19:23:16.003  1232  1829 D UsbHostManager: USB device attached: vidpid 05e3:0761 mfg/product/ver/serial null/USB Storage/24.02/000000002402 hasAudio/HID/Storage: false/false/true
10-31 19:23:16.013  1232  1829 D UsbHostManager: Added device UsbDevice[mName=/dev/bus/usb/001/005,mVendorId=1507,mProductId=1889,mClass=0,mSubclass=0,mProtocol=0,mManufacturerName=null,mProductName=USB Storage,mVersion=24.02,mSerialNumberReader=com.android.server.usb.UsbSerialReader@f7a1164,mConfigurations=[
10-31 19:23:16.013  1232  1829 D UsbHostManager: UsbConfiguration[mId=1,mName=null,mAttributes=160,mMaxPower=250,mInterfaces=[
10-31 19:23:16.013  1232  1829 D UsbHostManager: UsbInterface[mId=0,mAlternateSetting=0,mName=null,mClass=8,mSubclass=6,mProtocol=80,mEndpoints=[
10-31 19:23:16.013  1232  1829 D UsbHostManager: UsbEndpoint[mAddress=129,mAttributes=2,mMaxPacketSize=512,mInterval=0]
10-31 19:23:16.013  1232  1829 D UsbHostManager: UsbEndpoint[mAddress=2,mAttributes=2,mMaxPacketSize=512,mInterval=0]]]]
10-31 19:23:16.044  1232  1404 D BroadcastQueue: ssc_skip reciever for uid 1000 name = com.byd.minikaraoke, broadcast=android.hardware.usb.action.USB_DEVICE_ATTACHED
10-31 19:23:16.049  2028  2028 I TelecomFramework: TelecomAccountRegistry: setupAccounts: Phone with subscription id: -1 slotId: 1 provisionStatus: -2
10-31 19:23:16.174  1232  3785 D ActivityManager: bindServiceLocked  10035 process cn.kuwo.kwmusiccar  want to bind 10035
10-31 19:23:16.226  2028  2028 I TelecomFramework: PstnPhoneCapabilitiesNotifier: handleVideoCapabilitesChanged. Video capability - false
10-31 19:23:16.305  1232  2624 I Telecom : PhoneAccountRegistrar: Modify account: [ComponentInfo{com.android.phone/com.android.services.telephony.TelephonyConnectionService}, ***, UserHandle{0}]: TSI.rPA@AGk
10-31 19:23:16.306  1232  2624 I Telecom : CallsManager: handlePhoneAccountChanged: phoneAccount=[[X] PhoneAccount: ComponentInfo{com.android.phone/com.android.services.telephony.TelephonyConnectionService}, ***, UserHandle{0} Capabilities: CallProvider MultiUser PlaceEmerg SimSub  Audio Routes: BESW Schemes: tel voicemail  Extras: Bundle[{android.telecom.extra.SUPPORTS_VIDEO_CALLING_FALLBACK=true, android.telecom.extra.SORT_ORDER=0}] GroupId: ***]: TSI.rPA@AGk
10-31 19:23:16.339  1232  1792 D ConnectivityService: NetworkAgentInfo [MOBILE (LTE) - 100] validation passed
10-31 19:23:16.352  1232  1792 D ConnectivityService: Setting DNS servers for network 100 to [/211.136.17.107, /211.136.20.203]
10-31 19:23:16.352  1232  1792 D DnsManager: setDnsConfigurationForNetwork(100, [211.136.17.107, 211.136.20.203], [], 1800, 25, 8, 64, 0, 0, , [211.136.17.107, 211.136.20.203])
10-31 19:23:16.835  1232  2624 D ActivityManager: bindServiceLocked  10049 process com.byd.pushservice  want to bind 10049
10-31 19:23:17.084  1232  1232 D BluetoothManagerService: Bluetooth Adapter address changed to 98:BB:1E:5E:96:30
10-31 19:23:17.114  1232  1391 D BluetoothManagerService: MESSAGE_BLUETOOTH_STATE_CHANGE: BLE_TURNING_ON > BLE_ON
10-31 19:23:17.114  1232  1391 D BluetoothManagerService: test_bluetoothStateChangeHandler_prevState:14 newState:15
10-31 19:23:17.114  1232  1391 D BluetoothManagerService: Bluetooth is in LE only mode
10-31 19:23:17.114  1232  1391 D BluetoothManagerService: Binding Bluetooth GATT service
10-31 19:23:17.115  1232  1391 D ActivityManager: bindServiceLocked  1000 process android  want to bind 1002
10-31 19:23:17.117  1232  1391 D BluetoothManagerService: Sending BLE State Change: BLE_TURNING_ON > BLE_ON
10-31 19:23:17.118  1232  1391 D BluetoothManagerService: test_bt_state_change
10-31 19:23:17.120  1232  1232 D BluetoothManagerService: Stored Bluetoothaddress: 98:BB:1E:5E:96:30
10-31 19:23:17.120  1232  1232 D BluetoothManagerService: Bluetooth Adapter name changed to Plus
10-31 19:23:17.121  1232  1391 I DropBoxManagerService: add tag=system_server_wtf isTagEnabled=true flags=0x2
10-31 19:23:17.123  1232  1392 E SensorNotificationService: Invalid local geomagnetic field, ignore.
10-31 19:23:17.135  1232  1391 I DropBoxManagerService: add tag=system_server_wtf isTagEnabled=true flags=0x2
10-31 19:23:17.153  1232  1232 D BluetoothManagerService: Stored Bluetooth name: Plus
10-31 19:23:17.153  1232  1232 D BluetoothManagerService: Bluetooth Adapter address changed to 98:BB:1E:5E:96:30
10-31 19:23:17.164  1232  1232 D BluetoothManagerService: Stored Bluetoothaddress: 98:BB:1E:5E:96:30
10-31 19:23:17.164  1232  1232 D BluetoothManagerService: BluetoothServiceConnection: com.android.bluetooth.gatt.GattService
10-31 19:23:17.164  1232  1391 D BluetoothManagerService: MESSAGE_BLUETOOTH_SERVICE_CONNECTED: 2
10-31 19:23:17.165  1232  1391 D BluetoothManagerService: continueFromBleOnState(): mEnableExternal=true, mDelayedTurnOff=false
10-31 19:23:17.166  1232  1391 D BluetoothManagerService: isBleAppPresent() count: 0
10-31 19:23:17.168  1232  1391 D BluetoothManagerService: Persisting Bluetooth Setting: 1
10-31 19:23:17.169  1232  1391 D BluetoothManagerService: Persisting Acc Bluetooth Setting: 1
10-31 19:23:17.170  1232  1232 V SettingsProvider: Notifying for 0: content://settings/global/bluetooth_on
10-31 19:23:17.170  1232  1391 D BluetoothManagerService: MESSAGE_BLUETOOTH_STATE_CHANGE: BLE_ON > TURNING_ON
10-31 19:23:17.170  1232  1391 D BluetoothManagerService: test_bluetoothStateChangeHandler_prevState:15 newState:11
10-31 19:23:17.170  1232  1391 D BluetoothManagerService: Sending BLE State Change: BLE_ON > TURNING_ON
10-31 19:23:17.171  1232  1391 D BluetoothManagerService: test_send_ACTION_STATE_CHANGED
10-31 19:23:17.177  1232  1404 D BroadcastQueue: ssc_skip reciever for uid 10084 name = com.baidu.BaiduMap, broadcast=android.bluetooth.adapter.action.STATE_CHANGED
10-31 19:23:17.177  1232  1404 D ActivityManager: UID 10084 is not running
10-31 19:23:17.181  1232  1404 D ActivityManager: packageName 10084  NOT RUNNING
10-31 19:23:17.181  1232  1404 D BroadcastQueue: ssc_skip reciever for uid 10084 name = com.baidu.BaiduMap ignored !!!
10-31 19:23:17.182  1232  2163 D ActivityManager: ssc_skip startServiceLocked 1002 want to start 1002, package com.android.bluetooth
10-31 19:23:17.191  1232  1404 D BroadcastQueue: ssc_skip reciever for uid 10016 name = com.byd.negativescreen, broadcast=android.bluetooth.adapter.action.STATE_CHANGED
10-31 19:23:17.217  1232  1300 D ActivityManager: ssc_skip startServiceLocked 1002 want to start 1002, package com.android.bluetooth
10-31 19:23:17.228  1232  2158 D ActivityManager: ssc_skip startServiceLocked 1002 want to start 1002, package com.android.bluetooth
10-31 19:23:17.239  1232  3786 D ActivityManager: ssc_skip startServiceLocked 1002 want to start 1002, package com.android.bluetooth
10-31 19:23:17.242  1232  1300 D ActivityManager: ssc_skip startServiceLocked 1002 want to start 1002, package com.android.bluetooth
10-31 19:23:17.245  1232  2158 D ActivityManager: ssc_skip startServiceLocked 1002 want to start 1002, package com.android.bluetooth
10-31 19:23:17.247  1232  4590 D ActivityManager: ssc_skip startServiceLocked 1002 want to start 1002, package com.android.bluetooth
10-31 19:23:17.349  3270  4623 W ContextImpl: Calling a method in the system process without a qualified user: android.app.ContextImpl.sendBroadcast:1064 android.content.ContextWrapper.sendBroadcast:448 com.byd.service.a.a.e:9 com.byd.service.a.a.b:3 com.byd.service.a.a.a:0 
10-31 19:23:17.361  1232  1232 V SettingsProvider: Notifying for 0: content://settings/global/bluetoothcall_call_status
10-31 19:23:17.374  1232  2158 D ActivityManager: ssc_skip startServiceLocked 1002 want to start 1002, package com.android.bluetooth
10-31 19:23:17.395  1232  4590 D ActivityManager: ssc_skip startServiceLocked 1002 want to start 1002, package com.android.bluetooth
10-31 19:23:17.441  1232  1389 V WindowManager: onProposedRotationChanged, rotation=3
10-31 19:23:17.442  1232  1389 D WindowManager: lock orientation 0 for acc on
10-31 19:23:17.442  1232  1389 V WindowManager:  mAutoRotation 1 mLastPhyRotation = 0 mWmService.getUserPreferencesVaule()-1getPhysicalWindowOrientation = 3mCurrentAppOrientation = -1
10-31 19:23:17.442  1232  1389 V WindowManager: mLastPhyRotation 3
10-31 19:23:17.448  1232  3786 D ActivityManager: bindServiceLocked  1002 process com.android.bluetooth  want to bind 1002
10-31 19:23:17.484  1232  1391 D BluetoothManagerService: MESSAGE_BLUETOOTH_STATE_CHANGE: TURNING_ON > ON
10-31 19:23:17.484  1232  1391 D BluetoothManagerService: test_bluetoothStateChangeHandler_prevState:11 newState:12
10-31 19:23:17.484  1232  1391 D BluetoothManagerService: Broadcasting onBluetoothStateChange(true) to 5 receivers.
10-31 19:23:17.485  1232  1391 D BluetoothManagerService: Sending BLE State Change: TURNING_ON > ON
10-31 19:23:17.486  1232  1391 D BluetoothManagerService: test_send_ACTION_STATE_CHANGED
10-31 19:23:17.488  1232  1300 D ActivityManager: bindServiceLocked  1002 process com.android.bluetooth  want to bind 1002
10-31 19:23:17.491  1232  1232 W Telecom : BluetoothPhoneService: Calling get Profile proxy
10-31 19:23:17.491  1232  1232 W Telecom : BluetoothPhoneService: Done Calling get Profile proxy
10-31 19:23:17.491  1232  1232 I Telecom : BluetoothPhoneService: queryPhoneState: BPSI.qPS@AGs
10-31 19:23:17.495  1232  1404 D BroadcastQueue: ssc_skip reciever for uid 10084 name = com.baidu.BaiduMap, broadcast=android.bluetooth.adapter.action.STATE_CHANGED
10-31 19:23:17.496  1232  1404 D ActivityManager: UID 10084 is not running
10-31 19:23:17.498  1232  1404 D ActivityManager: packageName 10084  NOT RUNNING
10-31 19:23:17.498  1232  1404 D BroadcastQueue: ssc_skip reciever for uid 10084 name = com.baidu.BaiduMap ignored !!!
10-31 19:23:17.498  1232  1404 D BroadcastQueue: ssc_skip reciever for uid 10016 name = com.byd.negativescreen, broadcast=android.bluetooth.adapter.action.STATE_CHANGED
10-31 19:23:17.544   432   453 D vold    : handleBlockEvent with action 1, eventPath = /devices/platform/soc/4e00000.ssusb/4e00000.dwc3/xhci-hcd.0.auto/usb1/1-1/1-1.3/1-1.3:1.0/host1/target1:0:0/1:0:0:0/block/sdg, devType = disk
10-31 19:23:17.544   432   453 D vold    : insert SD
10-31 19:23:17.547   432   453 D vold    : /system/bin/sgdisk
10-31 19:23:17.547   432   453 D vold    :     --android-dump
10-31 19:23:17.547   432   453 D vold    :     /dev/block/vold/disk:8,96
10-31 19:23:17.573   432   453 D vold    : DISK mbr
10-31 19:23:17.574   432   453 D vold    : 
10-31 19:23:17.574   432   453 D vold    : PART 1 b
10-31 19:23:17.574   432   453 D vold    : 
10-31 19:23:17.576   432   453 D vold    : readPartitions partitionCounts: 1
10-31 19:23:17.579   432   453 D vold    : handleBlockEvent with action 1, eventPath = /devices/platform/soc/4e00000.ssusb/4e00000.dwc3/xhci-hcd.0.auto/usb1/1-1/1-1.3/1-1.3:1.0/host1/target1:0:0/1:0:0:0/block/sdg/sdg1, devType = partition
10-31 19:23:17.582   432   452 D vold    : /system/bin/blkid
10-31 19:23:17.582   432   452 D vold    :     -c
10-31 19:23:17.582   432   452 D vold    :     /dev/null
10-31 19:23:17.582   432   452 D vold    :     -s
10-31 19:23:17.582   432   452 D vold    :     TYPE
10-31 19:23:17.582   432   452 D vold    :     -s
10-31 19:23:17.582   432   452 D vold    :     UUID
10-31 19:23:17.582   432   452 D vold    :     -s
10-31 19:23:17.582   432   452 D vold    :     LABEL
10-31 19:23:17.582   432   452 D vold    :     /dev/block/vold/public:8,97
10-31 19:23:17.583  1232  1778 D StorageManagerService: Volume null public:8,97 broadcasting checking to UserHandle{0}, deviceTypeFlag 5
10-31 19:23:17.584  1232  1404 D BroadcastQueue: ssc_skip reciever for uid 10084 name = com.baidu.BaiduMap, broadcast=android.intent.action.MEDIA_CHECKING
10-31 19:23:17.584  1232  1404 D ActivityManager: UID 10084 is not running
10-31 19:23:17.585  1232  1404 D ActivityManager: packageName 10084  NOT RUNNING
10-31 19:23:17.585  1232  1404 D BroadcastQueue: ssc_skip reciever for uid 10084 name = com.baidu.BaiduMap ignored !!!
10-31 19:23:17.585  1232  1404 D BroadcastQueue: ssc_skip reciever for uid 1000 name = com.byd.cdr, broadcast=android.intent.action.MEDIA_CHECKING
10-31 19:23:17.598   971   971 I wificond: wifi generation capability mask: 15
10-31 19:23:17.651   432   452 D vold    : /dev/block/vold/public:8,97: UUID="93B4-EBAF" TYPE="vfat" 
10-31 19:23:17.651   432   452 D vold    : 
10-31 19:23:17.651   432   452 D vold    : /system/bin/fsck_msdos
10-31 19:23:17.651   432   452 D vold    :     -p
10-31 19:23:17.651   432   452 D vold    :     -f
10-31 19:23:17.651   432   452 D vold    :     -y
10-31 19:23:17.652   432   452 D vold    :     /dev/block/vold/public:8,97
10-31 19:23:17.701  1232  1388 E ConnectivityService: interfaceLinkStateChanged() iface : wlan0, up : false
10-31 19:23:17.701  1232  1388 E ConnectivityService: processSpecApnDisconnect iface:wlan0,apn1_ifname:rmnet_data0,apn2_ifname:rmnet_data2
10-31 19:23:17.701  1232  1388 E ConnectivityService: processFunctionApnDisconnect iface:wlan0,apn3_ifname:rmnet_data1
10-31 19:23:17.713   971   971 W wificond: Scan is not started. Ignore abort request
10-31 19:23:17.713  1232  1388 E ConnectivityService: interfaceLinkStateChanged() iface : wlan0, up : false
10-31 19:23:17.714  1232  1388 E ConnectivityService: processSpecApnDisconnect iface:wlan0,apn1_ifname:rmnet_data0,apn2_ifname:rmnet_data2
10-31 19:23:17.714  1232  1388 E ConnectivityService: processFunctionApnDisconnect iface:wlan0,apn3_ifname:rmnet_data1
10-31 19:23:17.716  1232  1388 E ConnectivityService: interfaceLinkStateChanged() iface : wlan0, up : false
10-31 19:23:17.716  1232  1388 E ConnectivityService: processSpecApnDisconnect iface:wlan0,apn1_ifname:rmnet_data0,apn2_ifname:rmnet_data2
10-31 19:23:17.716  1232  1388 E ConnectivityService: processFunctionApnDisconnect iface:wlan0,apn3_ifname:rmnet_data1
10-31 19:23:17.853  1232  1388 E ConnectivityService: interfaceLinkStateChanged() iface : wlan0, up : false
10-31 19:23:17.853  1232  1388 E ConnectivityService: processSpecApnDisconnect iface:wlan0,apn1_ifname:rmnet_data0,apn2_ifname:rmnet_data2
10-31 19:23:17.853  1232  1388 E ConnectivityService: processFunctionApnDisconnect iface:wlan0,apn3_ifname:rmnet_data1
10-31 19:23:17.856  1232  1388 E ConnectivityService: interfaceLinkStateChanged() iface : wlan0, up : true
10-31 19:23:17.881  1232  1388 E ConnectivityService: interfaceLinkStateChanged() iface : wlan0, up : true
10-31 19:23:17.901  1232  1787 D ConnectivityService: registerNetworkAgent NetworkAgentInfo{ ni{[type: WIFI[], state: CONNECTING/CONNECTING, reason: (unspecified), extra: (none), failover: false, available: true, mIfaceName: null, roaming: false]}  network{101}  nethandle{437197393933}  lp{{LinkAddresses: [ ] DnsAddresses: [ ] Domains: null MTU: 0 Routes: [ ]}}  nc{[ Transports: WIFI Capabilities: NOT_METERED&INTERNET&NOT_RESTRICTED&NOT_VPN&NOT_ROAMING&FOREGROUND&NOT_CONGESTED&NOT_SUSPENDED LinkUpBandwidth>=1048576Kbps LinkDnBandwidth>=1048576Kbps Specifier: <WifiNetworkAgentSpecifier [WifiConfiguration=, SSID="ufi_68943", BSSID=5c:a0:00:28:46:69, mOriginalRequestorUid=-1, mOriginalRequestorPackageName=]> SSID: "ufi_68943"]}  Score{20}  everValidated{false}  lastValidated{false}  created{false} lingering{false} explicitlySelected{false} acceptUnvalidated{false} everCaptivePortalDetected{false} lastCaptivePortalDetected{false} captivePortalValidationPending{false} partialConnectivity{false} acceptPartialConnectivity{false} clat{mBaseIface: null, mIface: null, mState: IDLE} }
10-31 19:23:17.904  1232  1792 D ConnectivityService: NetworkAgentInfo [WIFI () - 101] EVENT_NETWORK_INFO_CHANGED, going from null to CONNECTING
10-31 19:23:17.944   432   452 D vold    : /dev/block/vold/public:8,97: 128 files, 1040448 free (32514 clusters)
10-31 19:23:17.944   432   452 D vold    : 
10-31 19:23:17.944   432   452 I vold    : Filesystem check completed OK
10-31 19:23:17.968   432   452 D vold    : Waiting for FUSE to spin up...
10-31 19:23:17.971  1232  1792 D ConnectivityService: NetworkAgentInfo [WIFI () - 101] EVENT_NETWORK_INFO_CHANGED, going from CONNECTING to CONNECTING
10-31 19:23:17.994  5022  5022 W sdcard  : Device explicitly enabled sdcardfs
10-31 19:23:17.998  1232  1792 D ConnectivityService: Adding iface wlan0 to network 101
10-31 19:23:18.000  1232  1792 E ConnectivityService: Exception adding interface: java.lang.IllegalStateException: android.os.ServiceSpecificException: Machine is not on the network (code 64)
10-31 19:23:18.001  1232  1792 E ConnectivityService: updateLinkProperties:wlan0
10-31 19:23:18.001  1232  1792 D ConnectivityService: Setting DNS servers for network 101 to [/223.6.6.6]
10-31 19:23:18.001  1232  1792 D DnsManager: setDnsConfigurationForNetwork(101, [223.6.6.6], [], 1800, 25, 8, 64, 0, 0, , [])
10-31 19:23:18.002  1232  1792 E DnsManager: Error setting DNS configuration: android.os.ServiceSpecificException: Machine is not on the network (code 64)
10-31 19:23:18.002  1232  1792 D ConnectivityService: Setting DNS servers for network 101 to [/223.6.6.6]
10-31 19:23:18.002  1232  1792 D DnsManager: setDnsConfigurationForNetwork(101, [223.6.6.6], [], 1800, 25, 8, 64, 0, 0, , [])
10-31 19:23:18.003  1232  1792 E DnsManager: Error setting DNS configuration: android.os.ServiceSpecificException: Machine is not on the network (code 64)
10-31 19:23:18.018   432   452 D vold    : Link /storage/93B4-EBAF to /storage/sdcard
10-31 19:23:18.028  1232  1792 E ConnectivityService: updateLinkProperties:wlan0
10-31 19:23:18.028  1232  1792 D ConnectivityService: Setting DNS servers for network 101 to [/223.6.6.6]
10-31 19:23:18.028  1232  1792 D DnsManager: setDnsConfigurationForNetwork(101, [223.6.6.6], [], 1800, 25, 8, 64, 0, 0, , [])
10-31 19:23:18.034  1232  1792 E DnsManager: Error setting DNS configuration: android.os.ServiceSpecificException: Machine is not on the network (code 64)
10-31 19:23:18.034  1232  1792 D ConnectivityService: Setting DNS servers for network 101 to [/223.6.6.6]
10-31 19:23:18.035  1232  1792 D DnsManager: setDnsConfigurationForNetwork(101, [223.6.6.6], [], 1800, 25, 8, 64, 0, 0, , [])
10-31 19:23:18.037  1232  1792 E DnsManager: Error setting DNS configuration: android.os.ServiceSpecificException: Machine is not on the network (code 64)
10-31 19:23:18.039  1232  1778 D StorageManagerService: Volume 93B4-EBAF public:8,97 broadcasting mounted to UserHandle{0}, deviceTypeFlag 5
10-31 19:23:18.039  1232  1404 D BroadcastQueue: ssc_skip reciever for uid 10027 name = com.android.externalstorage, broadcast=android.os.storage.action.VOLUME_STATE_CHANGED
10-31 19:23:18.080  1232  1405 I ActivityManager: Start proc 5027:com.android.externalstorage/u0a27 for broadcast {com.android.externalstorage/com.android.externalstorage.MountReceiver}
10-31 19:23:18.222  1232  1792 E ConnectivityService: Exception in addRoute for non-gateway: java.lang.IllegalStateException: android.os.ServiceSpecificException: Machine is not on the network (code 64)
10-31 19:23:18.227  1232  1792 E ConnectivityService: Exception in addRoute for gateway: java.lang.IllegalStateException: android.os.ServiceSpecificException: Machine is not on the network (code 64)
10-31 19:23:18.227  1232  1792 E ConnectivityService: updateLinkProperties:wlan0
10-31 19:23:18.227  1232  1792 D ConnectivityService: Setting DNS servers for network 101 to [/223.6.6.6]
10-31 19:23:18.227  1232  1792 D DnsManager: setDnsConfigurationForNetwork(101, [223.6.6.6], [], 1800, 25, 8, 64, 0, 0, , [])
10-31 19:23:18.228  1232  1792 E DnsManager: Error setting DNS configuration: android.os.ServiceSpecificException: Machine is not on the network (code 64)
10-31 19:23:18.228  1232  1792 D ConnectivityService: Setting DNS servers for network 101 to [/223.6.6.6]
10-31 19:23:18.229  1232  1792 D DnsManager: setDnsConfigurationForNetwork(101, [223.6.6.6], [], 1800, 25, 8, 64, 0, 0, , [])
10-31 19:23:18.229  1232  1792 E DnsManager: Error setting DNS configuration: android.os.ServiceSpecificException: Machine is not on the network (code 64)
10-31 19:23:18.234  1232  2624 D BroadcastQueue: ssc_skip reciever for uid 10012 name = com.android.providers.downloads, broadcast=android.intent.action.MEDIA_MOUNTED
10-31 19:23:18.307  1232  1792 E ConnectivityService: updateLinkProperties:wlan0
10-31 19:23:18.316  1232  4734 D BroadcastQueue: ssc_skip reciever for uid 10012 name = com.android.providers.media, broadcast=android.intent.action.MEDIA_MOUNTED
10-31 19:23:18.319  1232  1792 D ConnectivityService: NetworkAgentInfo [WIFI () - 101] EVENT_NETWORK_INFO_CHANGED, going from CONNECTING to CONNECTED
10-31 19:23:18.322  1232  1792 W DnsManager: updatePrivateDns(101, PrivateDnsConfig{true:/[]})
10-31 19:23:18.322  1232  1792 D ConnectivityService: Setting DNS servers for network 101 to [/192.168.100.1, /223.6.6.6]
10-31 19:23:18.322  1232  1792 D DnsManager: setDnsConfigurationForNetwork(101, [192.168.100.1, 223.6.6.6], [], 1800, 25, 8, 64, 0, 0, , [192.168.100.1, 223.6.6.6])
10-31 19:23:18.323  1232  4734 D ActivityManager: ssc_skip startServiceLocked 10012 want to start 10012, package com.android.providers.media
10-31 19:23:18.330  1232  1792 D ConnectivityService: Adding iface wlan0 to network 101
10-31 19:23:18.343  1232  1792 E ConnectivityService: updateLinkProperties:wlan0
10-31 19:23:18.344  1232  1792 D ConnectivityService: Setting DNS servers for network 101 to [/192.168.100.1, /223.6.6.6, /223.6.6.6]
10-31 19:23:18.344  1232  1792 D DnsManager: setDnsConfigurationForNetwork(101, [192.168.100.1, 223.6.6.6, 223.6.6.6], [], 1800, 25, 8, 64, 0, 0, , [192.168.100.1, 223.6.6.6, 223.6.6.6])
10-31 19:23:18.356  1232  1300 D BroadcastQueue: ssc_skip reciever for uid 10051 name = com.byd.auto_photo, broadcast=android.intent.action.MEDIA_MOUNTED
10-31 19:23:18.361  1232  1388 E ConnectivityService: interfaceLinkStateChanged() iface : rmnet_data1, up : false
10-31 19:23:18.361  1232  1388 E ConnectivityService: processSpecApnDisconnect iface:rmnet_data1,apn1_ifname:rmnet_data0,apn2_ifname:rmnet_data2
10-31 19:23:18.362  1232  1388 E ConnectivityService: processFunctionApnDisconnect iface:rmnet_data1,apn3_ifname:rmnet_data1
10-31 19:23:18.364  1232  1792 D ConnectivityService: Setting DNS servers for network 101 to [/192.168.100.1, /223.6.6.6, /223.6.6.6]
10-31 19:23:18.365  1232  1792 D DnsManager: setDnsConfigurationForNetwork(101, [192.168.100.1, 223.6.6.6, 223.6.6.6], [], 1800, 25, 8, 64, 0, 0, , [192.168.100.1, 223.6.6.6, 223.6.6.6])
10-31 19:23:18.434  1232  1405 I ActivityManager: Start proc 5067:com.byd.auto_photo/u0a51 for broadcast {com.byd.auto_photo/com.byd.auto_photo.MountedStateReceiver}
10-31 19:23:18.468  1232  1792 E ConnectivityService: updateLinkProperties:wlan0
10-31 19:23:18.468  1232  1792 I chatty  : uid=1000(system) ConnectivitySer identical 2 lines
10-31 19:23:18.469  1232  1792 E ConnectivityService: updateLinkProperties:wlan0
10-31 19:23:18.708  1232  1232 V SettingsProvider: Notifying for 0: content://settings/global/bluetoothcall_call_status
10-31 19:23:18.709  1232  1232 I Telecom : CallsManager: update Call state : Package name : Bluetooth   , call state : -1
10-31 19:23:18.710  1232  1232 I Telecom : CallsManager: isHiCarInCall : false   , isBtInCall : false   , isXCallInCall : false
10-31 19:23:18.710  1232  1232 I Telecom : CallsManager: same call state with before : false
10-31 19:23:18.959  1232  4734 D ActivityManager: ssc_skip startServiceLocked 10051 want to start 10051, package com.byd.auto_photo
10-31 19:23:18.971  1232  4731 D BroadcastQueue: ssc_skip reciever for uid 1000 name = com.byd.candatacollectextract, broadcast=android.intent.action.MEDIA_MOUNTED
10-31 19:23:18.976  1232  1792 E ConnectivityService: updateLinkProperties:wlan0
10-31 19:23:19.015  1232  1405 I ActivityManager: Start proc 5112:com.byd.candatacollectextract/1000 for broadcast {com.byd.candatacollectextract/com.byd.candatacollectextract.UsbBroadcastReceiver}
10-31 19:23:19.022  1232  1792 E ConnectivityService: updateLinkProperties:wlan0
10-31 19:23:19.022  1232  1792 D ConnectivityService: Setting DNS servers for network 101 to [/192.168.100.1, /223.6.6.6]
10-31 19:23:19.023  1232  1792 D DnsManager: setDnsConfigurationForNetwork(101, [192.168.100.1, 223.6.6.6], [], 1800, 25, 8, 64, 0, 0, , [192.168.100.1, 223.6.6.6])
10-31 19:23:19.025  1232  1792 D ConnectivityService: Setting DNS servers for network 101 to [/192.168.100.1, /223.6.6.6]
10-31 19:23:19.026  1232  1792 D DnsManager: setDnsConfigurationForNetwork(101, [192.168.100.1, 223.6.6.6], [], 1800, 25, 8, 64, 0, 0, , [192.168.100.1, 223.6.6.6])
10-31 19:23:19.266  1232  4734 D BroadcastQueue: ssc_skip reciever for uid 1000 name = com.byd.cdr, broadcast=android.intent.action.MEDIA_MOUNTED
10-31 19:23:19.285  1232  4731 D BroadcastQueue: ssc_skip reciever for uid 1000 name = com.byd.otgupdate, broadcast=android.intent.action.MEDIA_MOUNTED
