12-14 12:56:04.767 21415 21415 E ActivityThread: 	at com.android.internal.os.ZygoteInit.main(ZygoteInit.java:935)
12-14 12:56:04.897  1234  1366 I chatty  : uid=1000(system) android.ui expire 1 line
12-14 12:56:05.003  1234  1369 I chatty  : uid=1000(system) android.anim expire 1 line
12-14 12:56:05.071  1234  2204 I chatty  : uid=1000(system) Binder:1234_A expire 2 lines
12-14 12:56:05.123  1234  1234 I chatty  : uid=1000 system_server expire 7 lines
12-14 12:56:05.125  1234 10144 I chatty  : uid=1000(system) Binder:1234_1F expire 3 lines
12-14 12:56:05.175  1234  2200 I chatty  : uid=1000(system) Binder:1234_9 expire 2 lines
12-14 12:56:05.221  1234  1381 I chatty  : uid=1000(system) ActivityManager expire 5 lines
12-14 12:56:05.308  3303  6574 I chatty  : uid=1000(system) Binder:3303_6 expire 2 lines
12-14 12:56:05.312  1234  2215 I chatty  : uid=1000(system) Binder:1234_C expire 1 line
12-14 12:56:05.411  1234  6850 I chatty  : uid=1000(system) Binder:1234_16 expire 1 line
12-14 12:56:05.411  1234  1800 I chatty  : uid=1000(system) ConnectivitySer expire 1 line
12-14 12:56:05.432  1234  1815 I chatty  : uid=1000(system) Binder:1234_3 expire 1 line
12-14 12:56:05.433  1234 10143 I chatty  : uid=1000(system) Binder:1234_1E expire 1 line
12-14 12:56:05.462  1234  8803 I chatty  : uid=1000(system) Binder:1234_1D expire 4 lines
12-14 12:56:05.469  1234  2216 I chatty  : uid=1000(system) Binder:1234_D expire 5 lines
12-14 12:56:05.472  3124  3124 W ContextImpl: Calling a method in the system process without a qualified user: android.app.ContextImpl.startService:1589 android.content.ContextWrapper.startService:669 android.content.ContextWrapper.startService:669 com.byd.minikaraoke.main.KaraokeReceiver.onReceive:45 android.app.ActivityThread.handleReceiver:3789 
12-14 12:56:05.473  1234  1975 I chatty  : uid=1000(system) Binder:1234_5 expire 2 lines
12-14 12:56:05.479  1234  2205 I chatty  : uid=1000(system) Binder:1234_B expire 10 lines
12-14 12:56:05.513  1839  1839 E ActivityThread: Activity com.android.systemui.recents.RecentsActivity has leaked IntentReceiver com.android.systemui.recents.views.RecentsView$11@70885c8 that was originally registered here. Are you missing a call to unregisterReceiver()?
12-14 12:56:05.513  1839  1839 E ActivityThread: android.app.IntentReceiverLeaked: Activity com.android.systemui.recents.RecentsActivity has leaked IntentReceiver com.android.systemui.recents.views.RecentsView$11@70885c8 that was originally registered here. Are you missing a call to unregisterReceiver()?
12-14 12:56:05.513  1839  1839 E ActivityThread: 	at android.app.LoadedApk$ReceiverDispatcher.<init>(LoadedApk.java:1588)
12-14 12:56:05.513  1839  1839 E ActivityThread: 	at android.app.LoadedApk.getReceiverDispatcher(LoadedApk.java:1368)
12-14 12:56:05.513  1839  1839 E ActivityThread: 	at android.app.ContextImpl.registerReceiverInternal(ContextImpl.java:1534)
12-14 12:56:05.513  1839  1839 E ActivityThread: 	at android.app.ContextImpl.registerReceiver(ContextImpl.java:1507)
12-14 12:56:05.513  1839  1839 E ActivityThread: 	at android.app.ContextImpl.registerReceiver(ContextImpl.java:1495)
12-14 12:56:05.513  1839  1839 E ActivityThread: 	at android.content.ContextWrapper.registerReceiver(ContextWrapper.java:627)
12-14 12:56:05.513  1839  1839 E ActivityThread: 	at com.android.systemui.recents.views.RecentsView.<init>(RecentsView.java:237)
12-14 12:56:05.513  1839  1839 E ActivityThread: 	at com.android.systemui.recents.views.RecentsView.<init>(RecentsView.java:205)
12-14 12:56:05.513  1839  1839 E ActivityThread: 	at com.android.systemui.recents.views.RecentsView.<init>(RecentsView.java:201)
12-14 12:56:05.513  1839  1839 E ActivityThread: 	at java.lang.reflect.Constructor.newInstance0(Native Method)
12-14 12:56:05.513  1839  1839 E ActivityThread: 	at java.lang.reflect.Constructor.newInstance(Constructor.java:343)
12-14 12:56:05.513  1839  1839 E ActivityThread: 	at android.view.LayoutInflater.createView(LayoutInflater.java:854)
12-14 12:56:05.513  1839  1839 E ActivityThread: 	at android.view.LayoutInflater.createViewFromTag(LayoutInflater.java:1006)
12-14 12:56:05.513  1839  1839 E ActivityThread: 	at android.view.LayoutInflater.createViewFromTag(LayoutInflater.java:961)
12-14 12:56:05.513  1839  1839 E ActivityThread: 	at android.view.LayoutInflater.rInflate(LayoutInflater.java:1123)
12-14 12:56:05.513  1839  1839 E ActivityThread: 	at android.view.LayoutInflater.rInflateChildren(LayoutInflater.java:1084)
12-14 12:56:05.513  1839  1839 E ActivityThread: 	at android.view.LayoutInflater.inflate(LayoutInflater.java:682)
12-14 12:56:05.513  1839  1839 E ActivityThread: 	at android.view.LayoutInflater.inflate(LayoutInflater.java:534)
12-14 12:56:05.513  1839  1839 E ActivityThread: 	at android.view.LayoutInflater.inflate(LayoutInflater.java:481)
12-14 12:56:05.513  1839  1839 E ActivityThread: 	at com.android.internal.policy.PhoneWindow.setContentView(PhoneWindow.java:439)
12-14 12:56:05.513  1839  1839 E ActivityThread: 	at android.app.Activity.setContentView(Activity.java:3334)
12-14 12:56:05.513  1839  1839 E ActivityThread: 	at com.android.systemui.recents.RecentsActivity.onCreate(RecentsActivity.java:362)
12-14 12:56:05.513  1839  1839 E ActivityThread: 	at android.app.Activity.performCreate(Activity.java:7993)
12-14 12:56:05.513  1839  1839 E ActivityThread: 	at android.app.Activity.performCreate(Activity.java:7982)
12-14 12:56:05.513  1839  1839 E ActivityThread: 	at android.app.Instrumentation.callActivityOnCreate(Instrumentation.java:1307)
12-14 12:56:05.513  1839  1839 E ActivityThread: 	at android.app.ActivityThread.performLaunchActivity(ActivityThread.java:3246)
12-14 12:56:05.513  1839  1839 E ActivityThread: 	at android.app.ActivityThread.handleLaunchActivity(ActivityThread.java:3410)
12-14 12:56:05.513  1839  1839 E ActivityThread: 	at android.app.servertransaction.LaunchActivityItem.execute(LaunchActivityItem.java:83)
12-14 12:56:05.513  1839  1839 E ActivityThread: 	at android.app.servertransaction.TransactionExecutor.executeCallbacks(TransactionExecutor.java:135)
12-14 12:56:05.513  1839  1839 E ActivityThread: 	at android.app.servertransaction.TransactionExecutor.execute(TransactionExecutor.java:95)
12-14 12:56:05.513  1839  1839 E ActivityThread: 	at android.app.ActivityThread$H.handleMessage(ActivityThread.java:2017)
12-14 12:56:05.513  1839  1839 E ActivityThread: 	at android.os.Handler.dispatchMessage(Handler.java:107)
12-14 12:56:05.513  1839  1839 E ActivityThread: 	at android.os.Looper.loop(Looper.java:214)
12-14 12:56:05.513  1839  1839 E ActivityThread: 	at android.app.ActivityThread.main(ActivityThread.java:7478)
12-14 12:56:05.513  1839  1839 E ActivityThread: 	at java.lang.reflect.Method.invoke(Native Method)
12-14 12:56:05.513  1839  1839 E ActivityThread: 	at com.android.internal.os.RuntimeInit$MethodAndArgsCaller.run(RuntimeInit.java:492)
12-14 12:56:05.513  1839  1839 E ActivityThread: 	at com.android.internal.os.ZygoteInit.main(ZygoteInit.java:935)
12-14 12:56:05.514  1234  5720 I chatty  : uid=1000(system) Binder:1234_11 expire 3 lines
12-14 12:56:05.547  1234 10781 I chatty  : uid=1000(system) Binder:1234_20 expire 5 lines
12-14 12:56:05.569  1234  1976 I chatty  : uid=1000(system) Binder:1234_6 expire 3 lines
12-14 12:56:05.582  1234  6188 I chatty  : uid=1000(system) Binder:1234_13 expire 12 lines
12-14 12:56:05.588 24152 24152 W ContextImpl: Calling a method in the system process without a qualified user: android.app.ContextImpl.startService:1589 android.content.ContextWrapper.startService:669 android.content.ContextWrapper.startService:669 com.byd.mediacenter.MediaReceiver.onReceive:84 android.app.ActivityThread.handleReceiver:3789 
12-14 12:56:05.637  1234  1365 I chatty  : uid=1000(system) android.fg expire 1 line
12-14 12:56:05.657  1234  1378 I chatty  : uid=1000(system) android.bg expire 2 lines
12-14 12:56:05.706  1234  1369 I chatty  : uid=1000(system) android.anim expire 5 lines
12-14 12:56:05.776  1234  1379 I chatty  : uid=1000(system) ActivityManager expire 68 lines
12-14 12:56:05.813  1234  1234 I chatty  : uid=1000 system_server expire 11 lines
12-14 12:56:05.902  1234  1396 I chatty  : uid=1000(system) AppAutoRotation expire 4 lines
12-14 12:56:05.987  1234  1367 I chatty  : uid=1000(system) android.io expire 1 line
12-14 12:56:06.085  1234  1381 I chatty  : uid=1000(system) ActivityManager expire 2 lines
12-14 12:56:06.204  1234  1368 I chatty  : uid=1000(system) android.display expire 7 lines
12-14 12:56:06.355  1234  1690 I chatty  : uid=1000(system) AccModeManagerS expire 13 lines
12-14 12:56:06.368  1234  1720 I chatty  : uid=1000(system) AlarmManager expire 5 lines
12-14 12:56:06.370  1234  8797 I chatty  : uid=1000(system) Binder:1234_1A expire 4 lines
12-14 12:56:06.375 24235 24235 W ContextImpl: Calling a method in the system process without a qualified user: android.app.ContextImpl.bindService:1668 android.content.ContextWrapper.bindService:705 com.byd.launcherclient.LauncherClient.connectSafely:106 com.byd.launcherclient.LauncherClient.reconnect:175 com.byd.launcherclient.LauncherClient.<init>:74 
12-14 12:56:06.381 24235 24235 W ContextImpl: Calling a method in the system process without a qualified user: android.app.ContextImpl.bindService:1668 android.content.ContextWrapper.bindService:705 com.byd.launcherclient.LauncherClient.connectSafely:106 com.byd.launcherclient.LauncherClient.reconnect:185 com.byd.launcherclient.LauncherClient.<init>:74 
12-14 12:56:06.434  1234  1366 I chatty  : uid=1000(system) android.ui expire 11 lines
12-14 12:56:08.106  1234  2758 I chatty  : uid=1000(system) LazyTaskWriterT expire 2 lines
12-14 12:56:09.044  1234  1786 I chatty  : uid=1000(system) BydStorage expire 2 lines
12-14 12:56:09.046   434   515 D vold    : unlink /storage/usbotg for doUnmount()
12-14 12:56:09.073  1234  1785 I chatty  : uid=1000(system) StorageCallback expire 6 lines
12-14 12:56:09.094  3375  3375 W ContextImpl: Calling a method in the system process without a qualified user: android.app.ContextImpl.startService:1589 android.content.ContextWrapper.startService:669 android.content.ContextWrapper.startService:669 com.byd.otgupdate.OTGUpdateReceiver.startService:51 com.byd.otgupdate.OTGUpdateReceiver.dealCastEvent:43 
12-14 12:56:09.689   434   515 D vold    : Finish to unmount /storage/usbotg
12-14 12:56:09.690   434 21349 D vold    : unlink /storage/sdcard for doUnmount()
12-14 12:56:10.331   434 21349 D vold    : Finish to unmount /storage/sdcard
12-14 12:56:14.146  1234  1401 I chatty  : uid=1000(system) PowerManagerSer expire 10 lines
12-14 12:56:15.026   434   455 D vold    : handleBlockEvent with action 2, eventPath = /devices/platform/soc/4e00000.ssusb/4e00000.dwc3/xhci-hcd.0.auto/usb1/1-1/1-1.1/1-1.1:1.0/host1/target1:0:0/1:0:0:0/block/sdg, devType = disk
12-14 12:56:15.158  1234  1838 I chatty  : uid=1000(system) UsbService host expire 5 lines
12-14 12:56:15.163   434   455 D vold    : handleBlockEvent with action 2, eventPath = /devices/platform/soc/4e00000.ssusb/4e00000.dwc3/xhci-hcd.0.auto/usb1/1-1/1-1.3/1-1.3:1.0/host2/target2:0:0/2:0:0:0/block/sdh/sdh1, devType = partition
12-14 12:56:15.167   434   455 D vold    : handleBlockEvent with action 2, eventPath = /devices/platform/soc/4e00000.ssusb/4e00000.dwc3/xhci-hcd.0.auto/usb1/1-1/1-1.3/1-1.3:1.0/host2/target2:0:0/2:0:0:0/block/sdh, devType = disk
12-14 12:56:25.222  1234  1388 I chatty  : uid=1000(system) batterystats-wo expire 4 lines
12-14 12:56:25.224  1839  2260 D AirConditioningManager:  buttonId = 100----buttonValue = 1
12-14 12:56:25.226 24235 24376 D AirConditioningManager:  buttonId = 100----buttonValue = 1
12-14 12:56:25.230  1839  2260 D AirConditioningManager:  buttonId = 101----buttonValue = 1
12-14 12:56:25.230 24235 24376 D AirConditioningManager:  buttonId = 101----buttonValue = 1
12-14 12:56:25.232  3303  3303 I chatty  : uid=1000(system) com.byd.autovoice expire 5 lines
12-14 12:56:25.232  1839  2260 D AirConditioningManager:  buttonId = 2----buttonValue = 0
12-14 12:56:25.232 24235 24376 D AirConditioningManager:  buttonId = 2----buttonValue = 0
12-14 12:56:25.235  1234  1234 I chatty  : uid=1000 system_server expire 10 lines
12-14 12:56:25.261  1234  1690 I chatty  : uid=1000(system) AccModeManagerS expire 6 lines
12-14 12:56:25.266  1234  1834 I chatty  : uid=1000(system) PhotonicModulat expire 1 line
12-14 12:56:25.268   695   695 D MyAccAnimation: accanim playAnimation time: 7357816ms
12-14 12:56:25.271  1234  1379 I chatty  : uid=1000(system) ActivityManager expire 57 lines
12-14 12:56:25.361  1234  1401 I chatty  : uid=1000(system) PowerManagerSer expire 5 lines
12-14 12:56:25.386  1234  4171 I chatty  : uid=1000(system) LocationService expire 4 lines
12-14 12:56:25.388  1234 10143 I chatty  : uid=1000(system) Binder:1234_1E expire 2 lines
12-14 12:56:25.399   640   640 I android.hardware.wifi@1.0-service: Wifi HAL started
12-14 12:56:25.420  1234  1396 I chatty  : uid=1000(system) AppAutoRotation expire 2 lines
12-14 12:56:25.460  1234  1369 I chatty  : uid=1000(system) android.anim expire 8 lines
12-14 12:56:25.561  1234  8801 I chatty  : uid=1000(system) Binder:1234_1B expire 6 lines
12-14 12:56:25.572  1234 10781 I chatty  : uid=1000(system) Binder:1234_20 expire 2 lines
12-14 12:56:25.598  1234  2216 I chatty  : uid=1000(system) Binder:1234_D expire 1 line
12-14 12:56:25.702  1234  1975 I chatty  : uid=1000(system) Binder:1234_5 expire 2 lines
12-14 12:56:25.718  3303 24470 I chatty  : uid=1000(system) com.byd.autovoice expire 1 line
12-14 12:56:25.721  1234  1976 I chatty  : uid=1000(system) Binder:1234_6 expire 1 line
12-14 12:56:25.754  3303 24471 I chatty  : uid=1000(system) com.byd.autovoice expire 1 line
12-14 12:56:25.826  1234  1365 I chatty  : uid=1000(system) android.fg expire 18 lines
12-14 12:56:25.829   640   640 I android.hardware.wifi@1.0-service: Adding interface handle for p2p0
12-14 12:56:25.829   640   640 I android.hardware.wifi@1.0-service: Adding interface handle for wlan0
12-14 12:56:25.829   640   640 W android.hardware.wifi@1.0-service: No active wlan interfaces in use! Using default
12-14 12:56:25.829   640   640 W android.hardware.wifi@1.0-service: No active wlan interfaces in use! Using default
12-14 12:56:25.834   640   640 I android.hardware.wifi@1.0-service: Configured chip in mode 0
12-14 12:56:25.834   640   640 W android.hardware.wifi@1.0-service: No active wlan interfaces in use! Using default
12-14 12:56:25.839   640   640 W android.hardware.wifi@1.0-service: No active wlan interfaces in use! Using default
12-14 12:56:25.848   960   960 I wificond: setting base_wiphy_index_ to 0
12-14 12:56:25.849   960   960 I wificond: create scanner for interface with index: 30
12-14 12:56:25.849   960   960 I wificond: subscribe scan result for interface with index: 30
12-14 12:56:25.850   960   960 E wificond: No Offload Service available
12-14 12:56:25.852   960   960 I wificond: Offload HAL not supported 
12-14 12:56:25.871  1234  1381 I chatty  : uid=1000(system) ActivityManager expire 29 lines
12-14 12:56:25.917  1234  1368 I chatty  : uid=1000(system) android.display expire 11 lines
12-14 12:56:25.932  1234  1366 I chatty  : uid=1000(system) android.ui expire 15 lines
12-14 12:56:25.941  1234  1834 I chatty  : uid=1000(system) PhotonicModulat expire 1 line
12-14 12:56:26.047   960   960 I wificond: Pno scan started for frequencies: 2412, 2417, 2422, 2427, 2432, 2437, 2447, 2452, 2457, 2462, 5180, 5200, 5220, 5240, 5745, 5765, 5785, 5805, 
12-14 12:56:26.052   960   960 I wificond: Pno scan stopped
12-14 12:56:26.091  1234  1388 I chatty  : uid=1000(system) batterystats-wo expire 1 line
12-14 12:56:26.146  1234  5720 I chatty  : uid=1000(system) Binder:1234_11 expire 17 lines
12-14 12:56:26.220  1234  1800 I chatty  : uid=1000(system) ConnectivitySer expire 108 lines
12-14 12:56:26.310   527  1147 E NetlinkEvent: NetlinkEvent::FindParam(): Parameter 'INTERFACE' not found
12-14 12:56:26.310   527  1147 E NetlinkEvent: NetlinkEvent::FindParam(): Parameter 'STATE' not found
12-14 12:56:26.310   527  1147 E NetlinkEvent: NetlinkEvent::FindParam(): Parameter 'TIME_NS' not found
12-14 12:56:26.310   527  1147 E NetlinkEvent: NetlinkEvent::FindParam(): Parameter 'UID' not found
12-14 12:56:26.330  3303 24470 I chatty  : uid=1000(system) com.byd.autovoice expire 1 line
12-14 12:56:26.462  1234  1838 I chatty  : uid=1000(system) UsbService host expire 4 lines
12-14 12:56:27.482   527  1147 E NetlinkEvent: NetlinkEvent::FindParam(): Parameter 'INTERFACE' not found
12-14 12:56:27.482   527  1147 E NetlinkEvent: NetlinkEvent::FindParam(): Parameter 'STATE' not found
12-14 12:56:27.482   527  1147 E NetlinkEvent: NetlinkEvent::FindParam(): Parameter 'TIME_NS' not found
12-14 12:56:27.482   527  1147 E NetlinkEvent: NetlinkEvent::FindParam(): Parameter 'UID' not found
12-14 12:56:27.527   434   455 D vold    : handleBlockEvent with action 1, eventPath = /devices/platform/soc/4e00000.ssusb/4e00000.dwc3/xhci-hcd.0.auto/usb1/1-1/1-1.1/1-1.1:1.0/host1/target1:0:0/1:0:0:0/block/sdg, devType = disk
12-14 12:56:27.527   434   455 D vold    : insert U Disk
12-14 12:56:27.530   434   455 D vold    : /system/bin/sgdisk
12-14 12:56:27.530   434   455 D vold    :     --android-dump
12-14 12:56:27.530   434   455 D vold    :     /dev/block/vold/disk:8,96
12-14 12:56:27.563   434   455 D vold    : DISK mbr
12-14 12:56:27.563   434   455 D vold    : 
12-14 12:56:27.563   434   455 D vold    : PART 1 6e
12-14 12:56:27.563   434   455 D vold    : 
12-14 12:56:27.563   434   455 D vold    : PART 4 0
12-14 12:56:27.563   434   455 D vold    : 
12-14 12:56:27.565   434   455 D vold    : readPartitions partitionCounts: 1
12-14 12:56:27.565   434   455 D vold    : Partition unknown 110
12-14 12:56:27.565   434   455 D vold    : readPartitions partitionCounts: 2
12-14 12:56:27.565   434   455 W vold    :  Only the first partition is mounted 
12-14 12:56:27.565   434   455 W vold    : disk:8,96 has unknown partition table; trying entire device
12-14 12:56:27.565   434   455 D vold    : /system/bin/blkid
12-14 12:56:27.565   434   455 D vold    :     -c
12-14 12:56:27.565   434   455 D vold    :     /dev/null
12-14 12:56:27.565   434   455 D vold    :     -s
12-14 12:56:27.565   434   455 D vold    :     TYPE
12-14 12:56:27.565   434   455 D vold    :     -s
12-14 12:56:27.565   434   455 D vold    :     UUID
12-14 12:56:27.565   434   455 D vold    :     -s
12-14 12:56:27.565   434   455 D vold    :     LABEL
12-14 12:56:27.565   434   455 D vold    :     /dev/block/vold/disk:8,96
12-14 12:56:27.608   434   455 D vold    : /dev/block/vold/disk:8,96: LABEL="CAR_MUSIC" UUID="8680-23E6" TYPE="vfat" 
12-14 12:56:27.608   434   455 D vold    : 
12-14 12:56:27.614   434 21349 D vold    : /system/bin/blkid
12-14 12:56:27.614   434 21349 D vold    :     -c
12-14 12:56:27.614   434 21349 D vold    :     /dev/null
12-14 12:56:27.614   434 21349 D vold    :     -s
12-14 12:56:27.614   434 21349 D vold    :     TYPE
12-14 12:56:27.614   434 21349 D vold    :     -s
12-14 12:56:27.614   434 21349 D vold    :     UUID
12-14 12:56:27.614   434 21349 D vold    :     -s
12-14 12:56:27.614   434 21349 D vold    :     LABEL
12-14 12:56:27.614   434 21349 D vold    :     /dev/block/vold/public:8,96
12-14 12:56:27.620  1234  1785 I chatty  : uid=1000(system) StorageCallback expire 4 lines
12-14 12:56:27.645   434 21349 D vold    : /dev/block/vold/public:8,96: LABEL="CAR_MUSIC" UUID="8680-23E6" TYPE="vfat" 
12-14 12:56:27.645   434 21349 D vold    : 
12-14 12:56:27.646   434 21349 D vold    : /system/bin/fsck_msdos
12-14 12:56:27.646   434 21349 D vold    :     -p
12-14 12:56:27.646   434 21349 D vold    :     -f
12-14 12:56:27.646   434 21349 D vold    :     -y
12-14 12:56:27.646   434 21349 D vold    :     /dev/block/vold/public:8,96
12-14 12:56:28.027   960   960 W wificond: Scan is not started. Ignore abort request
12-14 12:56:28.115  1234  1794 I chatty  : uid=1000(system) ClientModeImpl expire 1 line
12-14 12:56:28.126   434   455 D vold    : handleBlockEvent with action 1, eventPath = /devices/platform/soc/4e00000.ssusb/4e00000.dwc3/xhci-hcd.0.auto/usb1/1-1/1-1.3/1-1.3:1.0/host2/target2:0:0/2:0:0:0/block/sdh, devType = disk
12-14 12:56:28.126   434   455 D vold    : insert SD
12-14 12:56:28.129   434   455 D vold    : /system/bin/sgdisk
12-14 12:56:28.129   434   455 D vold    :     --android-dump
12-14 12:56:28.129   434   455 D vold    :     /dev/block/vold/disk:8,112
12-14 12:56:28.158   434   455 D vold    : DISK mbr
12-14 12:56:28.158   434   455 D vold    : 
12-14 12:56:28.158   434   455 D vold    : PART 1 b
12-14 12:56:28.158   434   455 D vold    : 
12-14 12:56:28.159   434   455 D vold    : readPartitions partitionCounts: 1
12-14 12:56:28.160   434   455 D vold    : handleBlockEvent with action 1, eventPath = /devices/platform/soc/4e00000.ssusb/4e00000.dwc3/xhci-hcd.0.auto/usb1/1-1/1-1.3/1-1.3:1.0/host2/target2:0:0/2:0:0:0/block/sdh/sdh1, devType = partition
12-14 12:56:28.309  1234  1273 I chatty  : uid=1000(system) Binder:1234_1 expire 4 lines
12-14 12:56:28.570   434 21349 D vold    : /dev/block/vold/public:8,96: 189 files, 1572920 free (3342343 clusters)
12-14 12:56:28.570   434 21349 D vold    : 
12-14 12:56:28.571   434 21349 I vold    : Filesystem check completed OK
12-14 12:56:28.586   434 21349 D vold    : Waiting for FUSE to spin up...
12-14 12:56:28.596 24761 24761 W sdcard  : Device explicitly enabled sdcardfs
12-14 12:56:28.637   434 21349 D vold    : Link /storage/8680-23E6 to /storage/usbotg
12-14 12:56:28.637   434 21349 D vold    : /system/bin/blkid
12-14 12:56:28.637   434 21349 D vold    :     -c
12-14 12:56:28.638   434 21349 D vold    :     /dev/null
12-14 12:56:28.638   434 21349 D vold    :     -s
12-14 12:56:28.638   434 21349 D vold    :     TYPE
12-14 12:56:28.638   434 21349 D vold    :     -s
12-14 12:56:28.638   434 21349 D vold    :     UUID
12-14 12:56:28.638   434 21349 D vold    :     -s
12-14 12:56:28.638   434 21349 D vold    :     LABEL
12-14 12:56:28.638   434 21349 D vold    :     /dev/block/vold/public:8,113
12-14 12:56:28.645  1234  1379 I chatty  : uid=1000(system) ActivityManager expire 105 lines
12-14 12:56:28.719   434 21349 D vold    : /dev/block/vold/public:8,113: UUID="93B4-EBAF" TYPE="vfat" 
12-14 12:56:28.719   434 21349 D vold    : 
12-14 12:56:28.720   434 21349 D vold    : /system/bin/fsck_msdos
12-14 12:56:28.720   434 21349 D vold    :     -p
12-14 12:56:28.720   434 21349 D vold    :     -f
12-14 12:56:28.720   434 21349 D vold    :     -y
12-14 12:56:28.720   434 21349 D vold    :     /dev/block/vold/public:8,113
12-14 12:56:28.814  1234  1975 I chatty  : uid=1000(system) Binder:1234_5 expire 13 lines
12-14 12:56:28.976   527  1147 E NetlinkEvent: NetlinkEvent::FindParam(): Parameter 'INTERFACE' not found
12-14 12:56:28.976   527  1147 E NetlinkEvent: NetlinkEvent::FindParam(): Parameter 'STATE' not found
12-14 12:56:28.976   527  1147 E NetlinkEvent: NetlinkEvent::FindParam(): Parameter 'TIME_NS' not found
12-14 12:56:28.976   527  1147 E NetlinkEvent: NetlinkEvent::FindParam(): Parameter 'UID' not found
12-14 12:56:28.986   434 21349 D vold    : /dev/block/vold/public:8,113: 130 files, 1000288 free (31259 clusters)
12-14 12:56:28.986   434 21349 D vold    : 
12-14 12:56:28.987   434 21349 I vold    : Filesystem check completed OK
12-14 12:56:29.008   434 21349 D vold    : Waiting for FUSE to spin up...
12-14 12:56:29.035 24809 24809 W sdcard  : Device explicitly enabled sdcardfs
12-14 12:56:29.059   434 21349 D vold    : Link /storage/93B4-EBAF to /storage/sdcard
12-14 12:56:29.318  1234  8797 I chatty  : uid=1000(system) Binder:1234_1A expire 25 lines
12-14 12:56:29.577  1234  1976 I chatty  : uid=1000(system) Binder:1234_6 expire 48 lines
12-14 12:56:29.579  3375  3375 W ContextImpl: Calling a method in the system process without a qualified user: android.app.ContextImpl.startService:1589 android.content.ContextWrapper.startService:669 android.content.ContextWrapper.startService:669 com.byd.otgupdate.OTGUpdateReceiver.startService:51 com.byd.otgupdate.OTGUpdateReceiver.dealCastEvent:43 
12-14 12:56:29.581  1234  6188 I chatty  : uid=1000(system) Binder:1234_13 expire 16 lines
12-14 12:56:31.092  1234  1369 I chatty  : uid=1000(system) android.anim expire 31 lines
12-14 12:56:31.502 24152 24152 W ContextImpl: Calling a method in the system process without a qualified user: android.app.ContextImpl.startService:1589 android.content.ContextWrapper.startService:669 android.content.ContextWrapper.startService:669 com.byd.mediacenter.MediaReceiver.onReceive:84 android.app.ActivityThread.handleReceiver:3789 
12-14 12:56:31.560 24152 24152 W ActivityThread: ClassLoader.loadClass: The class loader returned by Thread.getContextClassLoader() may fail for processes that host multiple applications. You should explicitly specify a context class loader. For example: Thread.setContextClassLoader(getClass().getClassLoader());
12-14 12:56:31.577 24152 24152 W ContextImpl: Calling a method in the system process without a qualified user: android.app.ContextImpl.bindService:1668 android.content.ContextWrapper.bindService:705 com.kaolafm.sdk.core.mediaplayer.PlayerManager.bindService:657 com.kaolafm.sdk.core.mediaplayer.PlayerManager.<init>:547 com.kaolafm.sdk.core.mediaplayer.PlayerManager.getInstance:556 
12-14 12:56:31.666  1234  1367 I chatty  : uid=1000(system) android.io expire 3 lines
12-14 12:56:31.745 24152 24152 W ContextImpl: Calling a method in the system process without a qualified user: android.app.ContextImpl.startService:1589 android.content.ContextWrapper.startService:669 android.content.ContextWrapper.startService:669 com.byd.mediacenter.MediaReceiver.onReceive:84 android.app.ActivityThread.handleReceiver:3789 
12-14 12:56:31.759 24152 24152 W ContextImpl: Calling a method in the system process without a qualified user: android.app.ContextImpl.bindService:1668 android.content.ContextWrapper.bindService:705 com.kaolafm.sdk.core.mediaplayer.VLCMediaPlayClient.bindVLCPlayService:498 com.kaolafm.sdk.core.mediaplayer.PlayerService.onCreate:60 android.app.ActivityThread.handleCreateService:3954 
12-14 12:56:31.826 24152 24152 W ContextImpl: Calling a method in the system process without a qualified user: android.app.ContextImpl.startService:1589 android.content.ContextWrapper.startService:669 android.content.ContextWrapper.startService:669 com.byd.mediacenter.MediaReceiver.onReceive:84 android.app.ActivityThread.handleReceiver:3789 
12-14 12:56:32.559  1234  1690 I chatty  : uid=1000(system) AccModeManagerS expire 2 lines
12-14 12:56:32.620  2864  2864 W ContextImpl: Calling a method in the system process without a qualified user: android.app.ContextImpl.startService:1589 android.content.ContextWrapper.startService:669 android.content.ContextWrapper.startService:669 com.byd.gpsinfo.broadcast.GpsInfoBootCompletedReceiver.onReceive:29 android.app.ActivityThread.handleReceiver:3789 
12-14 12:56:32.632 24152 24152 W ContextImpl: Calling a method in the system process without a qualified user: android.app.ContextImpl.startService:1589 android.content.ContextWrapper.startService:669 android.content.ContextWrapper.startService:669 com.byd.mediacenter.MediaReceiver.onReceive:45 android.app.ActivityThread.handleReceiver:3789 
12-14 12:56:32.634  1234  2205 I chatty  : uid=1000(system) Binder:1234_B expire 14 lines
12-14 12:56:33.021  1234  1234 I chatty  : uid=1000 system_server expire 30 lines
12-14 12:56:33.027  1234 25038 I chatty  : uid=1000 system_server expire 2 lines
12-14 12:56:33.256 25040 25040 D ActivityThread: Loading provider com.icoolme.android.weather.bydauto.provider: com.icoolme.android.common.provider.DbProvider
12-14 12:56:33.261  3124  3124 W ContextImpl: Calling a method in the system process without a qualified user: android.app.ContextImpl.startService:1589 android.content.ContextWrapper.startService:669 android.content.ContextWrapper.startService:669 com.bajintech.assistant.receiver.BootReceiver.onReceive:6 android.app.ActivityThread.handleReceiver:3789 
12-14 12:56:33.271  3178  3178 W ContextImpl: Calling a method in the system process without a qualified user: android.app.ContextImpl.startService:1589 android.content.ContextWrapper.startService:669 android.content.ContextWrapper.startService:669 com.byd.otaupdate.base.util.ServiceUtil.startService:77 com.byd.otaupdate.ui.common.UpdateOTABroadcastReceiverHelper.startUpdateOTAService:217 
12-14 12:56:33.282  3178  3178 W ContextImpl: Calling a method in the system process without a qualified user: android.app.ContextImpl.sendBroadcast:1064 android.content.ContextWrapper.sendBroadcast:448 com.byd.otaupdate.ui.vehicleota.base.VehicleOTAUtil.sendBroadcastToAPN2:1959 com.byd.otaupdate.ui.vehicleota.base.VehicleOTAUtil.sendBroadcastToDisconnectAPN2:1930 com.byd.otaupdate.ui.vehicleota.bootcompleted.BootCompletedBroadcastPresenter.dealBootCompletedUpdateMode:160 
12-14 12:56:33.284  3214  3214 W ContextImpl: Calling a method in the system process without a qualified user: android.app.ContextImpl.startService:1589 android.content.ContextWrapper.startService:669 android.content.ContextWrapper.startService:669 com.byd.trafficmonitor.common.TrafficMonitorReceiver.onReceive:37 android.app.ActivityThread.handleReceiver:3789 
12-14 12:56:33.333 25040 25079 D ActivityThread: Loading provider com.icoolme.android.weather.bydauto.cityprovider: com.icoolme.android.common.provider.CityProvider
12-14 12:56:34.018  1234  2198 I chatty  : uid=1000(system) Binder:1234_8 expire 15 lines
12-14 12:56:34.131  1234  6860 I chatty  : uid=1000(system) Binder:1234_17 expire 24 lines
12-14 12:56:34.162  1234  8801 I chatty  : uid=1000(system) Binder:1234_1B expire 12 lines
12-14 12:56:34.285  1234 10143 I chatty  : uid=1000(system) Binder:1234_1E expire 19 lines
12-14 12:56:34.364  1234  1396 I chatty  : uid=1000(system) AppAutoRotation expire 30 lines
12-14 12:56:34.402 24235 24235 W ContextImpl: Calling a method in the system process without a qualified user: android.app.ContextImpl.sendBroadcast:1064 android.content.ContextWrapper.sendBroadcast:448 com.android.launcher3.Launcher.updateAllAppWidget:785 com.android.launcher3.LauncherModel$14.run:1621 android.os.Handler.handleCallback:883 
12-14 12:56:34.458  2037  2037 I TelecomFramework: : Carrier-config changed, checking for phone account updates.
12-14 12:56:34.499  2037  2037 I TelecomFramework: AccountEntry: reRegisterPstnPhoneAccount: subId: 1 - no change
12-14 12:56:34.693  2037  2037 I TelecomFramework: : Carrier-config changed, checking for phone account updates.
12-14 12:56:35.060  1234  8803 I chatty  : uid=1000(system) Binder:1234_1D expire 20 lines
12-14 12:56:35.594  1234  1378 I chatty  : uid=1000(system) android.bg expire 2 lines
12-14 12:56:35.912  1234 25427 I chatty  : uid=1000 system_server expire 1 line
12-14 12:56:35.921  1234 25429 I chatty  : uid=1000 system_server expire 1 line
12-14 12:56:35.946  1234 25437 I chatty  : uid=1000 system_server expire 1 line
12-14 12:56:35.962  1234 25444 I chatty  : uid=1000 system_server expire 1 line
12-14 12:56:35.978  1234 25446 I chatty  : uid=1000 system_server expire 1 line
12-14 12:56:36.035  1234  2216 I chatty  : uid=1000(system) Binder:1234_D expire 20 lines
12-14 12:56:36.052 25391 25391 D ActivityThread: Loading provider contacts;com.android.contacts: com.android.providers.contacts.ContactsProvider2
12-14 12:56:36.721  1234  5493 I chatty  : uid=1000(system) Binder:1234_10 expire 15 lines
12-14 12:56:37.262  3517  3517 W ContextImpl: Calling a method in the system process without a qualified user: android.app.ContextImpl.startService:1589 android.content.ContextWrapper.startService:669 android.content.ContextWrapper.startService:669 com.byd.bydlogtool.LogReceiver.onReceive:49 android.app.ActivityThread.handleReceiver:3789 
12-14 12:56:37.452 25671 25671 W ContextImpl: Calling a method in the system process without a qualified user: android.app.ContextImpl.startService:1589 android.content.ContextWrapper.startService:669 android.content.ContextWrapper.startService:669 com.byd.higpsdata.HiGpsDataBootReceiver.onReceive:21 android.app.ActivityThread.handleReceiver:3789 
12-14 12:56:37.630 25699 25699 W ContextImpl: Calling a method in the system process without a qualified user: android.app.ContextImpl.startService:1589 android.content.ContextWrapper.startService:669 android.content.ContextWrapper.startService:669 com.byd.mediatesttool.ToolReceiver.onReceive:18 android.app.ActivityThread.handleReceiver:3789 
12-14 12:56:37.642  3124  3124 W ContextImpl: Calling a method in the system process without a qualified user: android.app.ContextImpl.startService:1589 android.content.ContextWrapper.startService:669 android.content.ContextWrapper.startService:669 com.byd.minikaraoke.main.KaraokeReceiver.onReceive:43 android.app.ActivityThread.handleReceiver:3789 
12-14 12:56:39.012  3250 25819 W ContextImpl: Calling a method in the system process without a qualified user: android.app.ContextImpl.startService:1589 android.content.ContextWrapper.startService:669 android.content.ContextWrapper.startService:669 com.qualcomm.qti.workloadclassifier.WLCReceiver$StartRunnable.run:45 java.lang.Thread.run:919 
12-14 12:56:39.040  1234  1366 I chatty  : uid=1000(system) android.ui expire 35 lines
12-14 12:56:40.248  1234  1800 I chatty  : uid=1000(system) ConnectivitySer expire 12 lines
12-14 12:56:41.179  1234  1379 I chatty  : uid=1000(system) ActivityManager expire 14 lines
12-14 12:56:57.071 24235 24235 W ContextImpl: Calling a method in the system process without a qualified user: android.app.ContextImpl.sendBroadcast:1079 android.content.ContextWrapper.sendBroadcast:453 com.android.launcher3.Stats.recordLaunch:146 com.android.launcher3.Launcher.startAppShortcutOrInfoActivity:3508 com.android.launcher3.Launcher.onClickAppShortcut:3343 
12-14 12:56:57.162  1234  1381 I chatty  : uid=1000(system) ActivityManager expire 1 line
12-14 12:56:57.580  1234  1395 I chatty  : uid=1000(system) FileObserver expire 1 line
12-14 12:56:57.718   527  1147 E NetlinkEvent: NetlinkEvent::FindParam(): Parameter 'INTERFACE' not found
12-14 12:56:57.718   527  1147 E NetlinkEvent: NetlinkEvent::FindParam(): Parameter 'STATE' not found
12-14 12:56:57.718   527  1147 E NetlinkEvent: NetlinkEvent::FindParam(): Parameter 'TIME_NS' not found
12-14 12:56:57.719   527  1147 E NetlinkEvent: NetlinkEvent::FindParam(): Parameter 'UID' not found
12-14 12:56:57.976  1234  2198 I chatty  : uid=1000(system) Binder:1234_8 expire 7 lines
12-14 12:56:58.415  1234  1800 I chatty  : uid=1000(system) ConnectivitySer expire 13 lines
12-14 12:57:00.637  1234  2758 I chatty  : uid=1000(system) LazyTaskWriterT expire 10 lines
12-14 12:57:04.437   527  1147 E NetlinkEvent: NetlinkEvent::FindParam(): Parameter 'INTERFACE' not found
12-14 12:57:04.437   527  1147 E NetlinkEvent: NetlinkEvent::FindParam(): Parameter 'STATE' not found
12-14 12:57:04.437   527  1147 E NetlinkEvent: NetlinkEvent::FindParam(): Parameter 'TIME_NS' not found
12-14 12:57:04.437   527  1147 E NetlinkEvent: NetlinkEvent::FindParam(): Parameter 'UID' not found
12-14 12:57:07.952  1234  2628 I chatty  : uid=1000(system) AdbDebuggingMan expire 2 lines
12-14 12:57:07.952  1234  1365 I chatty  : uid=1000(system) android.fg expire 2 lines
12-14 12:57:09.694  1234  8803 I chatty  : uid=1000(system) Binder:1234_1D expire 13 lines
12-14 12:57:09.711  1234  5493 I chatty  : uid=1000(system) Binder:1234_10 expire 12 lines
12-14 12:57:10.173   527  1147 E NetlinkEvent: NetlinkEvent::FindParam(): Parameter 'INTERFACE' not found
12-14 12:57:10.173   527  1147 E NetlinkEvent: NetlinkEvent::FindParam(): Parameter 'STATE' not found
12-14 12:57:10.173   527  1147 E NetlinkEvent: NetlinkEvent::FindParam(): Parameter 'TIME_NS' not found
12-14 12:57:10.173   527  1147 E NetlinkEvent: NetlinkEvent::FindParam(): Parameter 'UID' not found
12-14 12:57:15.949   527  1147 E NetlinkEvent: NetlinkEvent::FindParam(): Parameter 'INTERFACE' not found
12-14 12:57:15.949   527  1147 E NetlinkEvent: NetlinkEvent::FindParam(): Parameter 'STATE' not found
12-14 12:57:15.949   527  1147 E NetlinkEvent: NetlinkEvent::FindParam(): Parameter 'TIME_NS' not found
12-14 12:57:15.949   527  1147 E NetlinkEvent: NetlinkEvent::FindParam(): Parameter 'UID' not found
12-14 12:57:16.202  1234  1368 I chatty  : uid=1000(system) android.display expire 23 lines
12-14 12:57:16.242  1234  1976 I chatty  : uid=1000(system) Binder:1234_6 expire 6 lines
12-14 12:57:16.545  1234  1800 I chatty  : uid=1000(system) ConnectivitySer expire 22 lines
12-14 12:57:19.593 24235 24235 W ContextImpl: Calling a method in the system process without a qualified user: android.app.ContextImpl.sendBroadcast:1079 android.content.ContextWrapper.sendBroadcast:453 com.android.launcher3.Stats.recordLaunch:146 com.android.launcher3.Launcher.startAppShortcutOrInfoActivity:3508 com.android.launcher3.Launcher.onClickAppShortcut:3343 
12-14 12:57:19.750  1234 10143 I chatty  : uid=1000(system) Binder:1234_1E expire 6 lines
12-14 12:57:21.712   527  1147 E NetlinkEvent: NetlinkEvent::FindParam(): Parameter 'INTERFACE' not found
12-14 12:57:21.712   527  1147 E NetlinkEvent: NetlinkEvent::FindParam(): Parameter 'STATE' not found
12-14 12:57:21.712   527  1147 E NetlinkEvent: NetlinkEvent::FindParam(): Parameter 'TIME_NS' not found
12-14 12:57:21.712   527  1147 E NetlinkEvent: NetlinkEvent::FindParam(): Parameter 'UID' not found
12-14 12:57:48.067  1234  1975 I chatty  : uid=1000(system) Binder:1234_5 expire 4 lines
12-14 12:57:48.089 24235 24235 W ContextImpl: Calling a method in the system process without a qualified user: android.app.ContextImpl.sendBroadcast:1079 android.content.ContextWrapper.sendBroadcast:453 com.android.launcher3.Stats.recordLaunch:146 com.android.launcher3.Launcher.startAppShortcutOrInfoActivity:3508 com.android.launcher3.Launcher.onClickAppShortcut:3343 
12-14 12:57:48.115  1234  6860 I chatty  : uid=1000(system) Binder:1234_17 expire 10 lines
12-14 12:57:48.125  1234  1366 I chatty  : uid=1000(system) android.ui expire 16 lines
12-14 12:57:48.172  1234  1368 I chatty  : uid=1000(system) android.display expire 11 lines
12-14 12:57:48.207  1234  1369 I chatty  : uid=1000(system) android.anim expire 12 lines
12-14 12:57:48.316  1234  1396 I chatty  : uid=1000(system) AppAutoRotation expire 14 lines
12-14 12:57:49.683  1234  8801 I chatty  : uid=1000(system) Binder:1234_1B expire 6 lines
12-14 12:57:49.894  1234  1800 I chatty  : uid=1000(system) ConnectivitySer expire 14 lines
12-14 12:57:51.138  1234  2758 I chatty  : uid=1000(system) LazyTaskWriterT expire 6 lines
12-14 12:57:51.344 24235 24235 W ContextImpl: Calling a method in the system process without a qualified user: android.app.ContextImpl.sendBroadcast:1079 android.content.ContextWrapper.sendBroadcast:453 com.android.launcher3.Stats.recordLaunch:146 com.android.launcher3.Launcher.startAppShortcutOrInfoActivity:3508 com.android.launcher3.Launcher.onClickAppShortcut:3343 
12-14 12:57:59.087  3474  3474 W ContextImpl: Calling a method in the system process without a qualified user: android.app.ContextImpl.startActivity:928 android.content.ContextWrapper.startActivity:383 com.byd.avc.context.ContextManager.startAndroidActivity:378 com.byd.avc.util.DeviceStates$ActivityControler.startAVCActivity:2902 com.byd.avc.rule.ruleImpl.PVCRuleManager$ProcessRadarMsg.onRadarChanged:978 
12-14 12:57:59.087  3474  3474 W ContextImpl: Calling a method in the system process without a qualified user: android.app.ContextImpl.startActivity:940 android.app.ContextImpl.startActivity:929 android.content.ContextWrapper.startActivity:383 com.byd.avc.context.ContextManager.startAndroidActivity:378 com.byd.avc.util.DeviceStates$ActivityControler.startAVCActivity:2902 
12-14 12:57:59.194  1234  8803 I chatty  : uid=1000(system) Binder:1234_1D expire 3 lines
12-14 12:57:59.215  3303  3303 I chatty  : uid=1000(system) com.byd.autovoice expire 10 lines
12-14 12:57:59.307  1234  1975 I chatty  : uid=1000(system) Binder:1234_5 expire 3 lines
12-14 12:57:59.314  1234  1834 I chatty  : uid=1000(system) PhotonicModulat expire 112 lines
12-14 12:57:59.635  1234  1401 I chatty  : uid=1000(system) PowerManagerSer expire 2 lines
12-14 12:58:06.907  1234  6860 I chatty  : uid=1000(system) Binder:1234_17 expire 12 lines
12-14 12:58:09.622  3474  3474 W ContextImpl: Calling a method in the system process without a qualified user: android.app.ContextImpl.startActivity:928 android.content.ContextWrapper.startActivity:383 com.byd.avc.context.ContextManager.startAndroidActivity:378 com.byd.avc.util.DeviceStates$ActivityControler.startAVCActivity:2902 com.byd.avc.rule.ruleImpl.PVCRuleManager$ProcessRadarMsg.onRadarChanged:978 
12-14 12:58:09.623  3474  3474 W ContextImpl: Calling a method in the system process without a qualified user: android.app.ContextImpl.startActivity:940 android.app.ContextImpl.startActivity:929 android.content.ContextWrapper.startActivity:383 com.byd.avc.context.ContextManager.startAndroidActivity:378 com.byd.avc.util.DeviceStates$ActivityControler.startAVCActivity:2902 
12-14 12:58:09.745  1234  1379 I chatty  : uid=1000(system) ActivityManager expire 5 lines
12-14 12:58:09.746  3303  3303 I chatty  : uid=1000(system) com.byd.autovoice expire 19 lines
12-14 12:58:09.747  1234 10143 I chatty  : uid=1000(system) Binder:1234_1E expire 2 lines
12-14 12:58:09.781  1234  1834 I chatty  : uid=1000(system) PhotonicModulat expire 155 lines
12-14 12:58:10.100  1234  1369 I chatty  : uid=1000(system) android.anim expire 12 lines
12-14 12:58:10.122  1234  1401 I chatty  : uid=1000(system) PowerManagerSer expire 3 lines
12-14 12:58:11.096  1234  1800 I chatty  : uid=1000(system) ConnectivitySer expire 6 lines
12-14 12:58:15.509  1234 10781 I chatty  : uid=1000(system) Binder:1234_20 expire 3 lines
12-14 12:58:15.532  1234  1368 I chatty  : uid=1000(system) android.display expire 4 lines
12-14 12:58:15.554  1234  1379 I chatty  : uid=1000(system) ActivityManager expire 10 lines
12-14 12:58:15.580  1234  8801 I chatty  : uid=1000(system) Binder:1234_1B expire 4 lines
12-14 12:58:15.628  1234  5720 I chatty  : uid=1000(system) Binder:1234_11 expire 1 line
12-14 12:58:15.654  1234  1366 I chatty  : uid=1000(system) android.ui expire 3 lines
12-14 12:58:15.781  1234  1396 I chatty  : uid=1000(system) AppAutoRotation expire 4 lines
12-14 12:58:17.185  3474  3474 W ContextImpl: Calling a method in the system process without a qualified user: android.app.ContextImpl.startActivity:928 android.content.ContextWrapper.startActivity:383 com.byd.avc.context.ContextManager.startAndroidActivity:378 com.byd.avc.util.DeviceStates$ActivityControler.startAVCActivity:2902 com.byd.avc.rule.ruleImpl.PVCRuleManager$ProcessGearboxMsg.processGearboxAutoTypeMsg_R:255 
12-14 12:58:17.186  3474  3474 W ContextImpl: Calling a method in the system process without a qualified user: android.app.ContextImpl.startActivity:940 android.app.ContextImpl.startActivity:929 android.content.ContextWrapper.startActivity:383 com.byd.avc.context.ContextManager.startAndroidActivity:378 com.byd.avc.util.DeviceStates$ActivityControler.startAVCActivity:2902 
12-14 12:58:17.188  1234  2198 I chatty  : uid=1000(system) Binder:1234_8 expire 2 lines
12-14 12:58:17.213  1234  2216 I chatty  : uid=1000(system) Binder:1234_D expire 7 lines
12-14 12:58:17.425  3303  3303 W ContextImpl: Calling a method in the system process without a qualified user: android.app.ContextImpl.sendBroadcast:1064 android.content.ContextWrapper.sendBroadcast:448 com.byd.service.presenter.RecorderPresenterImpl.e:82 com.byd.service.presenter.RecorderPresenterImpl$l.onReceive:66 android.app.LoadedApk$ReceiverDispatcher$Args.lambda$getRunnable$0$LoadedApk$ReceiverDispatcher$Args:1550 
12-14 12:58:18.554  1234  1834 I chatty  : uid=1000(system) PhotonicModulat expire 63 lines
12-14 12:58:18.627  1234  2758 I chatty  : uid=1000(system) LazyTaskWriterT expire 8 lines
12-14 12:58:20.215  1234  1800 I chatty  : uid=1000(system) ConnectivitySer expire 17 lines
12-14 12:58:22.991  1234  5720 I chatty  : uid=1000(system) Binder:1234_11 expire 11 lines
12-14 12:58:23.067  1234  1368 I chatty  : uid=1000(system) android.display expire 16 lines
12-14 12:58:23.130  1234  1379 I chatty  : uid=1000(system) ActivityManager expire 5 lines
12-14 12:58:23.136  1234  1975 I chatty  : uid=1000(system) Binder:1234_5 expire 1 line
12-14 12:58:23.205  1234  1976 I chatty  : uid=1000(system) Binder:1234_6 expire 7 lines
12-14 12:58:23.231  1234  1366 I chatty  : uid=1000(system) android.ui expire 9 lines
12-14 12:58:23.283  1234  1369 I chatty  : uid=1000(system) android.anim expire 12 lines
12-14 12:58:23.326  1234  1401 I chatty  : uid=1000(system) PowerManagerSer expire 1 line
12-14 12:58:23.363  1234  1396 I chatty  : uid=1000(system) AppAutoRotation expire 14 lines
12-14 12:58:25.409  1234  1234 I chatty  : uid=1000 system_server expire 6 lines
12-14 12:58:25.430  1234  4171 I chatty  : uid=1000(system) LocationService expire 8 lines
12-14 12:58:30.789  1234  5493 I chatty  : uid=1000(system) Binder:1234_10 expire 2 lines
12-14 12:58:30.808  1234 10781 I chatty  : uid=1000(system) Binder:1234_20 expire 4 lines
12-14 12:58:30.881  1234  1273 I chatty  : uid=1000(system) Binder:1234_1 expire 2 lines
12-14 12:58:35.175  1234 10143 I chatty  : uid=1000(system) Binder:1234_1E expire 10 lines
12-14 12:58:41.717  1234  8801 I chatty  : uid=1000(system) Binder:1234_1B expire 7 lines
12-14 12:58:44.776  1234  2758 I chatty  : uid=1000(system) LazyTaskWriterT expire 4 lines
12-14 12:58:45.162  1234  1800 I chatty  : uid=1000(system) ConnectivitySer expire 7 lines
12-14 12:58:46.939  1234  1366 I chatty  : uid=1000(system) android.ui expire 5 lines
12-14 12:58:46.964  1234  1368 I chatty  : uid=1000(system) android.display expire 7 lines
12-14 12:58:46.965  1234  5493 I chatty  : uid=1000(system) Binder:1234_10 expire 5 lines
12-14 12:58:47.041  1234  1369 I chatty  : uid=1000(system) android.anim expire 3 lines
12-14 12:58:47.167  1234  1396 I chatty  : uid=1000(system) AppAutoRotation expire 4 lines
12-14 12:58:48.986  1234  1976 I chatty  : uid=1000(system) Binder:1234_6 expire 2 lines
12-14 12:58:49.811  1234  1975 I chatty  : uid=1000(system) Binder:1234_5 expire 3 lines
12-14 12:58:49.833  1234  6188 I chatty  : uid=1000(system) Binder:1234_13 expire 4 lines
12-14 12:58:50.249  1234  6850 I chatty  : uid=1000(system) Binder:1234_16 expire 1 line
12-14 12:58:50.249  1234 10781 I chatty  : uid=1000(system) Binder:1234_20 expire 1 line
12-14 12:58:50.269  1234  2628 I chatty  : uid=1000(system) AdbDebuggingMan expire 1 line
12-14 12:58:50.270  1234  1365 I chatty  : uid=1000(system) android.fg expire 1 line
12-14 12:58:51.367  1234  1234 I chatty  : uid=1000 system_server expire 15 lines
12-14 12:58:56.588  1234  1800 I chatty  : uid=1000(system) ConnectivitySer expire 15 lines
12-14 12:58:56.745  1839  1865 D AirConditioningManager:  buttonId = 100----buttonValue = -1
12-14 12:58:56.748 24235 24272 D AirConditioningManager:  buttonId = 100----buttonValue = -1
12-14 12:58:56.751  1839  1865 D AirConditioningManager:  buttonId = 2----buttonValue = -1
12-14 12:58:56.753 24235 24272 D AirConditioningManager:  buttonId = 2----buttonValue = -1
12-14 12:58:56.754  1839  1865 D AirConditioningManager:  buttonId = 101----buttonValue = -1
12-14 12:58:56.754 24235 24272 D AirConditioningManager:  buttonId = 101----buttonValue = -1
12-14 12:58:56.760  1234  1690 I chatty  : uid=1000(system) AccModeManagerS expire 8 lines
12-14 12:58:56.783  3303  3303 W ContextImpl: Calling a method in the system process without a qualified user: android.app.ContextImpl.sendBroadcast:1064 android.content.ContextWrapper.sendBroadcast:448 com.byd.service.presenter.RecorderPresenterImpl.Q:51 com.byd.service.presenter.RecorderPresenterImpl.b:41 com.byd.service.presenter.RecorderPresenterImpl.a:22 
12-14 12:58:56.807  1234  5493 I chatty  : uid=1000(system) Binder:1234_10 expire 2 lines
12-14 12:58:56.870  3303  3303 W ContextImpl: Calling a method in the system process without a qualified user: android.app.ContextImpl.sendBroadcast:1064 android.content.ContextWrapper.sendBroadcast:448 com.byd.e.c.d:11 com.byd.service.presenter.RecorderPresenterImpl.Q:57 com.byd.service.presenter.RecorderPresenterImpl.b:41 
12-14 12:58:56.872  1234  1976 I chatty  : uid=1000(system) Binder:1234_6 expire 3 lines
12-14 12:58:56.915  1234  6846 I chatty  : uid=1000(system) Binder:1234_14 expire 2 lines
12-14 12:58:56.946  1234  1379 I chatty  : uid=1000(system) ActivityManager expire 117 lines
12-14 12:58:56.949  1234  4171 I chatty  : uid=1000(system) LocationService expire 4 lines
12-14 12:58:56.950  3303  3303 W ContextImpl: Calling a method in the system process without a qualified user: android.app.ContextImpl.stopService:1601 android.content.ContextWrapper.stopService:679 com.byd.service.presenter.RecorderPresenterImpl.O:29 com.byd.service.presenter.RecorderPresenterImpl.Q:91 com.byd.service.presenter.RecorderPresenterImpl.b:41 
12-14 12:58:56.957  1234  6850 I chatty  : uid=1000(system) Binder:1234_16 expire 2 lines
12-14 12:58:56.959  3178  3178 W ContextImpl: Calling a method in the system process without a qualified user: android.app.ContextImpl.startService:1589 android.content.ContextWrapper.startService:669 android.content.ContextWrapper.startService:669 com.byd.otaupdate.base.util.ServiceUtil.startService:77 com.byd.otaupdate.ui.common.UpdateOTABroadcastReceiverHelper.startUpdateOTAService:217 
12-14 12:58:57.009   960   960 W wificond: No pno scan started
12-14 12:58:57.009   960   960 W wificond: Scheduled scan is not running!
12-14 12:58:57.018   960   960 W wificond: No pno scan started
12-14 12:58:57.018   960   960 W wificond: Scheduled scan is not running!
12-14 12:58:57.040  1234  2758 I chatty  : uid=1000(system) LazyTaskWriterT expire 2 lines
