10-31 19:28:07.892  1059  4918 I NormalMMCamDevice: [frameworks/av/services/bmmcamera/device/src/NormalMMCamDevice.cpp]:[isZero]: the start is [2592000].
10-31 19:28:07.908  3851  3851 D BYDAutoInstrumentDevice: postEvent device_type: 1007, event_type =12d0003c, value = 0
10-31 19:28:07.909  3851  3851 D BYDAutoSafetyBeltDevice: postEvent device_type: 1042, event_type =12d0003f, value = 0
10-31 19:28:07.909  3851  3851 W DataCollectionPresenter1: AbsBYDAutoSafetyBeltListener:  0
10-31 19:28:07.909  2835  2835 D BYDAutoPowerDevice: postEvent device_type: 1005, event_type =12d0003d, value = 0
10-31 19:28:07.909  3482  3482 D BYDAutoPowerDevice: postEvent device_type: 1005, event_type =12d0003d, value = 0
10-31 19:28:07.910  2005  2005 D BYDAutoPowerDevice: postEvent device_type: 1005, event_type =12d0003d, value = 0
10-31 19:28:07.923  1015  4894 E mm-camera: <MCT   ><ERROR> 1313: mct_controller_handle_SOF_proc: Metadata stream not present
10-31 19:28:07.925  1059  5893 W NormalCamClient: setCurrentFrame: has not new frame, pid[3470]
10-31 19:28:07.925  3470  4974 W AVMCamera: fetchFrame: frameMemory is NULL
10-31 19:28:07.925  1059  4890 E FrameBuffer: unlockRead: err
10-31 19:28:07.931  1059  4918 E mm_bcamera: mm_app_preview_notify_cb: dump_number0[0]
10-31 19:28:07.932  1059  4918 I NormalMMCamDevice: [frameworks/av/services/bmmcamera/device/src/NormalMMCamDevice.cpp]:[isZero]: the start is [1036800].
10-31 19:28:07.932  1059  4918 I NormalMMCamDevice: [frameworks/av/services/bmmcamera/device/src/NormalMMCamDevice.cpp]:[isZero]: the start is [2592000].
10-31 19:28:07.952  3851  3851 D BYDAutoInstrumentDevice: postEvent device_type: 1007, event_type =12d0003c, value = 1
10-31 19:28:07.963  1015  4894 E mm-camera: <MCT   ><ERROR> 1313: mct_controller_handle_SOF_proc: Metadata stream not present
10-31 19:28:07.969  1059  4918 E mm_bcamera: mm_app_preview_notify_cb: dump_number0[0]
10-31 19:28:07.969  1059  4918 I NormalMMCamDevice: [frameworks/av/services/bmmcamera/device/src/NormalMMCamDevice.cpp]:[isZero]: the start is [1036800].
10-31 19:28:07.969  1059  4918 I NormalMMCamDevice: [frameworks/av/services/bmmcamera/device/src/NormalMMCamDevice.cpp]:[isZero]: the start is [2592000].
10-31 19:28:07.991  1232  1810 D GnssLocationProvider: WakeLock acquired by sendMessage(REPORT_SV_STATUS, 0, com.android.server.location.GnssLocationProvider$SvStatusInfo@5b55412)
10-31 19:28:07.991  1232  1801 V GnssLocationProvider: SV count: 43
10-31 19:28:07.992  1232  1801 D GnssLocationProvider: WakeLock released by handleMessage(REPORT_SV_STATUS, 0, com.android.server.location.GnssLocationProvider$SvStatusInfo@5b55412)
10-31 19:28:07.999  1232  1811 D GnssLocationProvider: WakeLock acquired by sendMessage(REPORT_LOCATION, 1, Location[gps 22.535563,113.914838 hAcc=4 et=+14m20s393ms alt=11.84649658203125 vel=0.0 vAcc=3 sAcc=0 bAcc=???])
10-31 19:28:08.000  1232  1801 V GnssLocationProvider: reportLocation Location[gps 22.535563,113.914838 hAcc=4 et=+14m20s393ms alt=11.84649658203125 vel=0.0 vAcc=3 sAcc=0 bAcc=???]
10-31 19:28:08.000  1232  1801 D GnssLocationProvider: WakeLock released by handleMessage(REPORT_LOCATION, 1, Location[gps 22.535563,113.914838 hAcc=4 et=+14m20s393ms alt=11.84649658203125 vel=0.0 vAcc=3 sAcc=0 bAcc=??? {Bundle[{satellites=31, maxCn0=46, meanCn0=31}]}])
10-31 19:28:08.000  1232  1801 D LocationManagerService: incoming location: Location[gps 22.535563,113.914838 hAcc=4 et=+14m20s393ms alt=11.84649658203125 vel=0.0 vAcc=3 sAcc=0 bAcc=??? {Bundle[{satellites=31, maxCn0=46, meanCn0=31}]}]
10-31 19:28:08.003  1015  4894 E mm-camera: <MCT   ><ERROR> 1313: mct_controller_handle_SOF_proc: Metadata stream not present
10-31 19:28:08.004  1232  1801 D LocationManagerService: incoming location: Location[gps 22.535563,113.914838 hAcc=4 et=+14m20s393ms alt=11.84649658203125 vel=0.0 vAcc=3 sAcc=0 bAcc=??? {Bundle[{satellites=31, maxCn0=46, meanCn0=31}]}]
10-31 19:28:08.019  3482  3482 D BYDAutoPowerDevice: postEvent device_type: 1005, event_type =12d0003d, value = 1
10-31 19:28:08.019  2005  2005 D BYDAutoPowerDevice: postEvent device_type: 1005, event_type =12d0003d, value = 1
10-31 19:28:08.020  2835  2835 D BYDAutoPowerDevice: postEvent device_type: 1005, event_type =12d0003d, value = 1
10-31 19:28:08.020  3851  3851 D BYDAutoInstrumentDevice: postEvent device_type: 1007, event_type =12d0003c, value = 0
10-31 19:28:08.020  1059  4918 E mm_bcamera: mm_app_preview_notify_cb: dump_number0[0]
10-31 19:28:08.020  1059  4918 I NormalMMCamDevice: [frameworks/av/services/bmmcamera/device/src/NormalMMCamDevice.cpp]:[isZero]: the start is [1036800].
10-31 19:28:08.021  1059  4918 I NormalMMCamDevice: [frameworks/av/services/bmmcamera/device/src/NormalMMCamDevice.cpp]:[isZero]: the start is [2592000].
10-31 19:28:08.043  1015  4894 E mm-camera: <MCT   ><ERROR> 1313: mct_controller_handle_SOF_proc: Metadata stream not present
10-31 19:28:08.049  1059  4918 E mm_bcamera: mm_app_preview_notify_cb: dump_number0[0]
10-31 19:28:08.049  1059  4918 I NormalMMCamDevice: [frameworks/av/services/bmmcamera/device/src/NormalMMCamDevice.cpp]:[isZero]: the start is [1036800].
10-31 19:28:08.049  1059  4918 I NormalMMCamDevice: [frameworks/av/services/bmmcamera/device/src/NormalMMCamDevice.cpp]:[isZero]: the start is [2592000].
10-31 19:28:08.064  3851  3851 D BYDAutoInstrumentDevice: postEvent device_type: 1007, event_type =12d0003c, value = 1
10-31 19:28:08.083  1015  4894 E mm-camera: <MCT   ><ERROR> 1313: mct_controller_handle_SOF_proc: Metadata stream not present
10-31 19:28:08.088   675   675 I tecControl: temp is 48800 and level is 0 and time_record is 0
10-31 19:28:08.092  1059  4918 E mm_bcamera: mm_app_preview_notify_cb: dump_number0[0]
10-31 19:28:08.092  1059  4918 I NormalMMCamDevice: [frameworks/av/services/bmmcamera/device/src/NormalMMCamDevice.cpp]:[isZero]: the start is [1036800].
10-31 19:28:08.092  1059  4918 I NormalMMCamDevice: [frameworks/av/services/bmmcamera/device/src/NormalMMCamDevice.cpp]:[isZero]: the start is [2592000].
10-31 19:28:08.116  2005  2005 D BYDAutoPowerDevice: postEvent device_type: 1005, event_type =12d0003d, value = 0
10-31 19:28:08.116  2835  2835 D BYDAutoPowerDevice: postEvent device_type: 1005, event_type =12d0003d, value = 0
10-31 19:28:08.116  3482  3482 D BYDAutoPowerDevice: postEvent device_type: 1005, event_type =12d0003d, value = 0
10-31 19:28:08.117  3851  3851 D BYDAutoInstrumentDevice: postEvent device_type: 1007, event_type =12d0003c, value = 0
10-31 19:28:08.123  1015  4894 E mm-camera: <MCT   ><ERROR> 1313: mct_controller_handle_SOF_proc: Metadata stream not present
10-31 19:28:08.131  1059  4918 E mm_bcamera: mm_app_preview_notify_cb: dump_number0[0]
10-31 19:28:08.131  1059  4918 I NormalMMCamDevice: [frameworks/av/services/bmmcamera/device/src/NormalMMCamDevice.cpp]:[isZero]: the start is [1036800].
10-31 19:28:08.131  1059  4918 I NormalMMCamDevice: [frameworks/av/services/bmmcamera/device/src/NormalMMCamDevice.cpp]:[isZero]: the start is [2592000].
10-31 19:28:08.162  3851  3851 D BYDAutoInstrumentDevice: postEvent device_type: 1007, event_type =12d0003c, value = 1
10-31 19:28:08.163  1015  4894 E mm-camera: <MCT   ><ERROR> 1313: mct_controller_handle_SOF_proc: Metadata stream not present
10-31 19:28:08.171  1059  4918 E mm_bcamera: mm_app_preview_notify_cb: dump_number0[0]
10-31 19:28:08.171  1059  4918 I NormalMMCamDevice: [frameworks/av/services/bmmcamera/device/src/NormalMMCamDevice.cpp]:[isZero]: the start is [1036800].
10-31 19:28:08.171  1059  4918 I NormalMMCamDevice: [frameworks/av/services/bmmcamera/device/src/NormalMMCamDevice.cpp]:[isZero]: the start is [2592000].
10-31 19:28:08.183   810  4567 I gbacqservice: BYDGBAcqService sampleSingleCellTotal = 120,totalVoltageValue = 399.422180,mElectricVehicle = 2
10-31 19:28:08.203  1015  4894 E mm-camera: <MCT   ><ERROR> 1313: mct_controller_handle_SOF_proc: Metadata stream not present
10-31 19:28:08.211  1059  4918 E mm_bcamera: mm_app_preview_notify_cb: dump_number0[0]
10-31 19:28:08.211  1059  4918 I NormalMMCamDevice: [frameworks/av/services/bmmcamera/device/src/NormalMMCamDevice.cpp]:[isZero]: the start is [1036800].
10-31 19:28:08.211  1059  4918 I NormalMMCamDevice: [frameworks/av/services/bmmcamera/device/src/NormalMMCamDevice.cpp]:[isZero]: the start is [2592000].
10-31 19:28:08.214  2005  2005 D BYDAutoPowerDevice: postEvent device_type: 1005, event_type =12d0003d, value = 1
10-31 19:28:08.214  3851  3851 D BYDAutoInstrumentDevice: postEvent device_type: 1007, event_type =12d0003c, value = 0
10-31 19:28:08.214  3482  3482 D BYDAutoPowerDevice: postEvent device_type: 1005, event_type =12d0003d, value = 1
10-31 19:28:08.214  2835  2835 D BYDAutoPowerDevice: postEvent device_type: 1005, event_type =12d0003d, value = 1
10-31 19:28:08.243  1015  4894 E mm-camera: <MCT   ><ERROR> 1313: mct_controller_handle_SOF_proc: Metadata stream not present
10-31 19:28:08.252  1059  4918 E mm_bcamera: mm_app_preview_notify_cb: dump_number0[0]
10-31 19:28:08.252  1059  4918 I NormalMMCamDevice: [frameworks/av/services/bmmcamera/device/src/NormalMMCamDevice.cpp]:[isZero]: the start is [1036800].
10-31 19:28:08.252  1059  4918 I NormalMMCamDevice: [frameworks/av/services/bmmcamera/device/src/NormalMMCamDevice.cpp]:[isZero]: the start is [2592000].
10-31 19:28:08.263  3851  3851 D BYDAutoInstrumentDevice: postEvent device_type: 1007, event_type =12d0003c, value = 1
10-31 19:28:08.283  1015  4894 E mm-camera: <MCT   ><ERROR> 1313: mct_controller_handle_SOF_proc: Metadata stream not present
10-31 19:28:08.286   975  5363 I OMX-VENC: venc_dev: stats: avg. fps 25.09, bitrate 4737150
10-31 19:28:08.293  1059  4918 E mm_bcamera: mm_app_preview_notify_cb: dump_number0[0]
10-31 19:28:08.293  1059  4918 I NormalMMCamDevice: [frameworks/av/services/bmmcamera/device/src/NormalMMCamDevice.cpp]:[isZero]: the start is [1036800].
10-31 19:28:08.293  1059  4918 I NormalMMCamDevice: [frameworks/av/services/bmmcamera/device/src/NormalMMCamDevice.cpp]:[isZero]: the start is [2592000].
10-31 19:28:08.313  3851  3851 D BYDAutoInstrumentDevice: postEvent device_type: 1007, event_type =12d0003c, value = 0
10-31 19:28:08.313  2005  2005 D BYDAutoPowerDevice: postEvent device_type: 1005, event_type =12d0003d, value = 0
10-31 19:28:08.313  2835  2835 D BYDAutoPowerDevice: postEvent device_type: 1005, event_type =12d0003d, value = 0
10-31 19:28:08.313  3482  3482 D BYDAutoPowerDevice: postEvent device_type: 1005, event_type =12d0003d, value = 0
10-31 19:28:08.314  3851  3851 D BYDAutoSafetyBeltDevice: postEvent device_type: 1042, event_type =12d0003f, value = 1
10-31 19:28:08.314  3851  3851 W DataCollectionPresenter1: AbsBYDAutoSafetyBeltListener:  1
10-31 19:28:08.323  1015  4894 E mm-camera: <MCT   ><ERROR> 1313: mct_controller_handle_SOF_proc: Metadata stream not present
10-31 19:28:08.332  1059  4918 E mm_bcamera: mm_app_preview_notify_cb: dump_number0[0]
10-31 19:28:08.332  1059  4918 I NormalMMCamDevice: [frameworks/av/services/bmmcamera/device/src/NormalMMCamDevice.cpp]:[isZero]: the start is [1036800].
10-31 19:28:08.332  1059  4918 I NormalMMCamDevice: [frameworks/av/services/bmmcamera/device/src/NormalMMCamDevice.cpp]:[isZero]: the start is [2592000].
10-31 19:28:08.363  1015  4894 E mm-camera: <MCT   ><ERROR> 1313: mct_controller_handle_SOF_proc: Metadata stream not present
10-31 19:28:08.364  3851  3851 D BYDAutoInstrumentDevice: postEvent device_type: 1007, event_type =12d0003c, value = 1
10-31 19:28:08.373  1059  4918 E mm_bcamera: mm_app_preview_notify_cb: dump_number0[0]
10-31 19:28:08.373  1059  4918 I NormalMMCamDevice: [frameworks/av/services/bmmcamera/device/src/NormalMMCamDevice.cpp]:[isZero]: the start is [1036800].
10-31 19:28:08.373  1059  4918 I NormalMMCamDevice: [frameworks/av/services/bmmcamera/device/src/NormalMMCamDevice.cpp]:[isZero]: the start is [2592000].
10-31 19:28:08.413  1015  4894 E mm-camera: <MCT   ><ERROR> 1313: mct_controller_handle_SOF_proc: Metadata stream not present
10-31 19:28:08.417  3851  3851 D BYDAutoInstrumentDevice: postEvent device_type: 1007, event_type =12d0003c, value = 0
10-31 19:28:08.418  3482  3482 D BYDAutoPowerDevice: postEvent device_type: 1005, event_type =12d0003d, value = 1
10-31 19:28:08.418  2835  2835 D BYDAutoPowerDevice: postEvent device_type: 1005, event_type =12d0003d, value = 1
10-31 19:28:08.418  2005  2005 D BYDAutoPowerDevice: postEvent device_type: 1005, event_type =12d0003d, value = 1
10-31 19:28:08.419  1059  4918 E mm_bcamera: mm_app_preview_notify_cb: dump_number0[0]
10-31 19:28:08.419  1059  4918 I NormalMMCamDevice: [frameworks/av/services/bmmcamera/device/src/NormalMMCamDevice.cpp]:[isZero]: the start is [1036800].
10-31 19:28:08.419  1059  4918 I NormalMMCamDevice: [frameworks/av/services/bmmcamera/device/src/NormalMMCamDevice.cpp]:[isZero]: the start is [2592000].
10-31 19:28:08.443  1015  4894 E mm-camera: <MCT   ><ERROR> 1313: mct_controller_handle_SOF_proc: Metadata stream not present
10-31 19:28:08.446  3851  3851 D BYDAutoStatisticDevice: postEvent device_type: 1014, event_type =44a00020, value = 34950
10-31 19:28:08.454  1059  4918 E mm_bcamera: mm_app_preview_notify_cb: dump_number0[0]
10-31 19:28:08.454  1059  4918 I NormalMMCamDevice: [frameworks/av/services/bmmcamera/device/src/NormalMMCamDevice.cpp]:[isZero]: the start is [1036800].
10-31 19:28:08.454  1059  4918 I NormalMMCamDevice: [frameworks/av/services/bmmcamera/device/src/NormalMMCamDevice.cpp]:[isZero]: the start is [2592000].
10-31 19:28:08.463  3851  3851 D BYDAutoInstrumentDevice: postEvent device_type: 1007, event_type =12d0003c, value = 1
10-31 19:28:08.473  1232  1792 D ConnectivityService: reportNetworkConnectivity(101, false) by 1000
10-31 19:28:08.474  1232  5017 D NetworkMonitor/101: Forcing reevaluation for UID 1000. Dns signal count: 0
10-31 19:28:08.475  1232  7244 D NetworkMonitor: isCaptivePortal() mIsCaptivePortalCheckEnabled : true
10-31 19:28:08.491  1015  4894 E mm-camera: <MCT   ><ERROR> 1313: mct_controller_handle_SOF_proc: Metadata stream not present
10-31 19:28:08.493  1232  7246 D NetworkMonitor/101: PROBE_DNS www.qualcomm.cn 17ms OK 42.81.54.38
10-31 19:28:08.497   524  7249 E ResolverController: No valid NAT64 prefix (101, <unspecified>/0)
10-31 19:28:08.497  1232  7245 D NetworkMonitor/101: PROBE_DNS connectivitycheck.gstatic.com 19ms OK 203.208.41.66
10-31 19:28:08.497  1059  4918 E mm_bcamera: mm_app_preview_notify_cb: dump_number0[0]
10-31 19:28:08.497  1059  4918 I NormalMMCamDevice: [frameworks/av/services/bmmcamera/device/src/NormalMMCamDevice.cpp]:[isZero]: the start is [1036800].
10-31 19:28:08.497  1059  4918 I NormalMMCamDevice: [frameworks/av/services/bmmcamera/device/src/NormalMMCamDevice.cpp]:[isZero]: the start is [2592000].
10-31 19:28:08.501   524  7250 E ResolverController: No valid NAT64 prefix (101, <unspecified>/0)
10-31 19:28:08.513  3482  3482 D BYDAutoPowerDevice: postEvent device_type: 1005, event_type =12d0003d, value = 0
10-31 19:28:08.514  2835  2835 D BYDAutoPowerDevice: postEvent device_type: 1005, event_type =12d0003d, value = 0
10-31 19:28:08.514  2005  2005 D BYDAutoPowerDevice: postEvent device_type: 1005, event_type =12d0003d, value = 0
10-31 19:28:08.514  3851  3851 D BYDAutoInstrumentDevice: postEvent device_type: 1007, event_type =12d0003c, value = 0
10-31 19:28:08.523  1015  4894 E mm-camera: <MCT   ><ERROR> 1313: mct_controller_handle_SOF_proc: Metadata stream not present
10-31 19:28:08.529  1059  4918 E mm_bcamera: mm_app_preview_notify_cb: dump_number0[0]
10-31 19:28:08.529  1059  4918 I NormalMMCamDevice: [frameworks/av/services/bmmcamera/device/src/NormalMMCamDevice.cpp]:[isZero]: the start is [1036800].
10-31 19:28:08.529  1059  4918 I NormalMMCamDevice: [frameworks/av/services/bmmcamera/device/src/NormalMMCamDevice.cpp]:[isZero]: the start is [2592000].
10-31 19:28:08.546  3851  3851 D BYDAutoStatisticDevice: postEvent device_type: 1014, event_type =44a00020, value = 34951
10-31 19:28:08.563  1015  4894 E mm-camera: <MCT   ><ERROR> 1313: mct_controller_handle_SOF_proc: Metadata stream not present
10-31 19:28:08.564  3851  3851 D BYDAutoInstrumentDevice: postEvent device_type: 1007, event_type =12d0003c, value = 1
10-31 19:28:08.572  1059  4918 E mm_bcamera: mm_app_preview_notify_cb: dump_number0[0]
10-31 19:28:08.572  1059  4918 I NormalMMCamDevice: [frameworks/av/services/bmmcamera/device/src/NormalMMCamDevice.cpp]:[isZero]: the start is [1036800].
10-31 19:28:08.572  1059  4918 I NormalMMCamDevice: [frameworks/av/services/bmmcamera/device/src/NormalMMCamDevice.cpp]:[isZero]: the start is [2592000].
10-31 19:28:08.603  1015  4894 E mm-camera: <MCT   ><ERROR> 1313: mct_controller_handle_SOF_proc: Metadata stream not present
10-31 19:28:08.612  1059  4918 E mm_bcamera: mm_app_preview_notify_cb: dump_number0[0]
10-31 19:28:08.613  1059  4918 I NormalMMCamDevice: [frameworks/av/services/bmmcamera/device/src/NormalMMCamDevice.cpp]:[isZero]: the start is [1036800].
10-31 19:28:08.613  1059  4918 I NormalMMCamDevice: [frameworks/av/services/bmmcamera/device/src/NormalMMCamDevice.cpp]:[isZero]: the start is [2592000].
10-31 19:28:08.615  3482  3482 D BYDAutoPowerDevice: postEvent device_type: 1005, event_type =12d0003d, value = 1
10-31 19:28:08.615  2835  2835 D BYDAutoPowerDevice: postEvent device_type: 1005, event_type =12d0003d, value = 1
10-31 19:28:08.615  3851  3851 D BYDAutoInstrumentDevice: postEvent device_type: 1007, event_type =12d0003c, value = 0
10-31 19:28:08.619  2005  2005 D BYDAutoPowerDevice: postEvent device_type: 1005, event_type =12d0003d, value = 1
10-31 19:28:08.643  1015  4894 E mm-camera: <MCT   ><ERROR> 1313: mct_controller_handle_SOF_proc: Metadata stream not present
10-31 19:28:08.649  1059  4918 E mm_bcamera: mm_app_preview_notify_cb: dump_number0[0]
10-31 19:28:08.649  1059  4918 I NormalMMCamDevice: [frameworks/av/services/bmmcamera/device/src/NormalMMCamDevice.cpp]:[isZero]: the start is [1036800].
10-31 19:28:08.649  1059  4918 I NormalMMCamDevice: [frameworks/av/services/bmmcamera/device/src/NormalMMCamDevice.cpp]:[isZero]: the start is [2592000].
10-31 19:28:08.662  1232  7246 D NetworkMonitor/101: PROBE_HTTP http://www.qualcomm.cn/generate_204 time=167ms ret=204 request={Connection=[close], User-Agent=[Mozilla/5.0 (X11; Linux x86_64) AppleWebKit/537.36 (KHTML, like Gecko) Chrome/60.0.3112.32 Safari/537.36]} headers={null=[HTTP/1.1 204 No Content], CF-RAY=[762c0ba5eda2783a-TSN], Connection=[close], Date=[Mon, 31 Oct 2022 11:28:08 GMT], Server=[cloudflare], Vary=[Accept-Encoding], X-Android-Received-Millis=[1667215688661], X-Android-Response-Source=[NETWORK 204], X-Android-Selected-Protocol=[http/1.1], X-Android-Sent-Millis=[1667215688574]}
10-31 19:28:08.664  3851  3851 D BYDAutoInstrumentDevice: postEvent device_type: 1007, event_type =12d0003c, value = 1
10-31 19:28:08.683  1015  4894 E mm-camera: <MCT   ><ERROR> 1313: mct_controller_handle_SOF_proc: Metadata stream not present
10-31 19:28:08.690  1059  4918 E mm_bcamera: mm_app_preview_notify_cb: dump_number0[0]
10-31 19:28:08.690  1059  4918 I NormalMMCamDevice: [frameworks/av/services/bmmcamera/device/src/NormalMMCamDevice.cpp]:[isZero]: the start is [1036800].
10-31 19:28:08.690  1059  4918 I NormalMMCamDevice: [frameworks/av/services/bmmcamera/device/src/NormalMMCamDevice.cpp]:[isZero]: the start is [2592000].
10-31 19:28:08.713  3851  3851 D BYDAutoInstrumentDevice: postEvent device_type: 1007, event_type =12d0003c, value = 0
10-31 19:28:08.714  2835  2835 D BYDAutoPowerDevice: postEvent device_type: 1005, event_type =12d0003d, value = 0
10-31 19:28:08.714  3851  3851 D BYDAutoSafetyBeltDevice: postEvent device_type: 1042, event_type =12d0003f, value = 0
10-31 19:28:08.714  3851  3851 W DataCollectionPresenter1: AbsBYDAutoSafetyBeltListener:  0
10-31 19:28:08.715  3482  3482 D BYDAutoPowerDevice: postEvent device_type: 1005, event_type =12d0003d, value = 0
10-31 19:28:08.716  2005  2005 D BYDAutoPowerDevice: postEvent device_type: 1005, event_type =12d0003d, value = 0
10-31 19:28:08.723  1015  4894 E mm-camera: <MCT   ><ERROR> 1313: mct_controller_handle_SOF_proc: Metadata stream not present
10-31 19:28:08.729  1059  4918 E mm_bcamera: mm_app_preview_notify_cb: dump_number0[0]
10-31 19:28:08.729  1059  4918 I NormalMMCamDevice: [frameworks/av/services/bmmcamera/device/src/NormalMMCamDevice.cpp]:[isZero]: the start is [1036800].
10-31 19:28:08.729  1059  4918 I NormalMMCamDevice: [frameworks/av/services/bmmcamera/device/src/NormalMMCamDevice.cpp]:[isZero]: the start is [2592000].
10-31 19:28:08.744  3470  5330 W CDR     : FileWriterRunnable: addData: the data size is 3
10-31 19:28:08.763  1015  4894 E mm-camera: <MCT   ><ERROR> 1313: mct_controller_handle_SOF_proc: Metadata stream not present
10-31 19:28:08.769  1059  4918 E mm_bcamera: mm_app_preview_notify_cb: dump_number0[0]
10-31 19:28:08.769  1059  4918 I NormalMMCamDevice: [frameworks/av/services/bmmcamera/device/src/NormalMMCamDevice.cpp]:[isZero]: the start is [1036800].
10-31 19:28:08.769  1059  4918 I NormalMMCamDevice: [frameworks/av/services/bmmcamera/device/src/NormalMMCamDevice.cpp]:[isZero]: the start is [2592000].
10-31 19:28:08.773  3851  3851 D BYDAutoInstrumentDevice: postEvent device_type: 1007, event_type =12d0003c, value = 1
10-31 19:28:08.797  3851  3851 D BYDAutoStatisticDevice: postEvent device_type: 1014, event_type =43a00028, value = 53
10-31 19:28:08.803  1015  4894 E mm-camera: <MCT   ><ERROR> 1313: mct_controller_handle_SOF_proc: Metadata stream not present
10-31 19:28:08.813  3482  3482 D BYDAutoPowerDevice: postEvent device_type: 1005, event_type =12d0003d, value = 1
10-31 19:28:08.814  2005  2005 D BYDAutoPowerDevice: postEvent device_type: 1005, event_type =12d0003d, value = 1
10-31 19:28:08.814  2835  2835 D BYDAutoPowerDevice: postEvent device_type: 1005, event_type =12d0003d, value = 1
10-31 19:28:08.814  3851  3851 D BYDAutoInstrumentDevice: postEvent device_type: 1007, event_type =12d0003c, value = 0
10-31 19:28:08.817  1059  4918 E mm_bcamera: mm_app_preview_notify_cb: dump_number0[0]
10-31 19:28:08.817  1059  4918 I NormalMMCamDevice: [frameworks/av/services/bmmcamera/device/src/NormalMMCamDevice.cpp]:[isZero]: the start is [1036800].
10-31 19:28:08.817  1059  4918 I NormalMMCamDevice: [frameworks/av/services/bmmcamera/device/src/NormalMMCamDevice.cpp]:[isZero]: the start is [2592000].
10-31 19:28:08.843  1015  4894 E mm-camera: <MCT   ><ERROR> 1313: mct_controller_handle_SOF_proc: Metadata stream not present
10-31 19:28:08.851  1059  4918 E mm_bcamera: mm_app_preview_notify_cb: dump_number0[0]
10-31 19:28:08.851  1059  4918 I NormalMMCamDevice: [frameworks/av/services/bmmcamera/device/src/NormalMMCamDevice.cpp]:[isZero]: the start is [1036800].
10-31 19:28:08.851  1059  4918 I NormalMMCamDevice: [frameworks/av/services/bmmcamera/device/src/NormalMMCamDevice.cpp]:[isZero]: the start is [2592000].
10-31 19:28:08.864  3851  3851 D BYDAutoInstrumentDevice: postEvent device_type: 1007, event_type =12d0003c, value = 1
10-31 19:28:08.874  1232  1232 D [BYDCLOUD]BYDTCPConnectService: onReceive, action = android.cloudmanager.action.send_gps_action
10-31 19:28:08.874  1232  2622 D [BYDCLOUD]BYDTCPConnectService: handle msg.what: 10,str: 0,bundle data:Bundle[{}]
10-31 19:28:08.875   813  4552 I [BYDCLOUD]pack: property = 113.91483768_22.53556264_1_2_26_11.846497_.0_360.0_1
10-31 19:28:08.875   813  4552 D [BYDCLOUD]pack: datapack FuncID : 300 ,pack_len = 93
10-31 19:28:08.875   813  4552 D [BYDCLOUD]send: start funcNumber = 300,mMsgSending = 0 mbWaitingSendComplete = 0
10-31 19:28:08.875   813  4552 E [BYDCLOUD]send: func_send ready to send keyid :300,content_size :93
10-31 19:28:08.875   813  4552 D [BYDCLOUD]send: createMessage push_back message.size:0
10-31 19:28:08.875   813  4389 I [BYDCLOUD]socket: send_func: send completed
10-31 19:28:08.876  1232  2622 D [BYDCLOUD]BYDTCPConnectService: set_alarm_interval type is: 0 interval is: 10
10-31 19:28:08.876  1232  2622 D [BYDCLOUD]BYDTCPConnectService: alarm_start type = 0
10-31 19:28:08.876  1232  2622 I AlarmManager: setImpl wakeup alarm mPackageName=android type=2 triggerAtMillis=871271 nowMillis=1667215688876 nowRealtime=861271 windowMillis=0 intervalMillis=0 operation=PendingIntent{a3cc42b: PendingIntentRecord{3e6d088 android broadcastIntent}} listenerTag=null
10-31 19:28:08.878   813  1455 D [BYDCLOUD]send: send sendMsg successfull!!! erase.keyId is :300
10-31 19:28:08.884  1015  4894 E mm-camera: <MCT   ><ERROR> 1313: mct_controller_handle_SOF_proc: Metadata stream not present
10-31 19:28:08.892  1059  4918 E mm_bcamera: mm_app_preview_notify_cb: dump_number0[0]
10-31 19:28:08.892  1059  4918 I NormalMMCamDevice: [frameworks/av/services/bmmcamera/device/src/NormalMMCamDevice.cpp]:[isZero]: the start is [1036800].
10-31 19:28:08.892  1059  4918 I NormalMMCamDevice: [frameworks/av/services/bmmcamera/device/src/NormalMMCamDevice.cpp]:[isZero]: the start is [2592000].
10-31 19:28:08.914  3851  3851 D BYDAutoInstrumentDevice: postEvent device_type: 1007, event_type =12d0003c, value = 0
10-31 19:28:08.914  3482  3482 D BYDAutoPowerDevice: postEvent device_type: 1005, event_type =12d0003d, value = 0
10-31 19:28:08.914  2005  2005 D BYDAutoPowerDevice: postEvent device_type: 1005, event_type =12d0003d, value = 0
10-31 19:28:08.914  2835  2835 D BYDAutoPowerDevice: postEvent device_type: 1005, event_type =12d0003d, value = 0
10-31 19:28:08.923  1015  4894 E mm-camera: <MCT   ><ERROR> 1313: mct_controller_handle_SOF_proc: Metadata stream not present
10-31 19:28:08.929  1059  4918 E mm_bcamera: mm_app_preview_notify_cb: dump_number0[0]
10-31 19:28:08.929  1059  4918 I NormalMMCamDevice: [frameworks/av/services/bmmcamera/device/src/NormalMMCamDevice.cpp]:[isZero]: the start is [1036800].
10-31 19:28:08.929  1059  4918 I NormalMMCamDevice: [frameworks/av/services/bmmcamera/device/src/NormalMMCamDevice.cpp]:[isZero]: the start is [2592000].
10-31 19:28:08.963  1015  4894 E mm-camera: <MCT   ><ERROR> 1313: mct_controller_handle_SOF_proc: Metadata stream not present
10-31 19:28:08.971  1059  4918 E mm_bcamera: mm_app_preview_notify_cb: dump_number0[0]
10-31 19:28:08.971  1059  4918 I NormalMMCamDevice: [frameworks/av/services/bmmcamera/device/src/NormalMMCamDevice.cpp]:[isZero]: the start is [1036800].
10-31 19:28:08.971  1059  4918 I NormalMMCamDevice: [frameworks/av/services/bmmcamera/device/src/NormalMMCamDevice.cpp]:[isZero]: the start is [2592000].
10-31 19:28:08.978  3851  3851 D BYDAutoInstrumentDevice: postEvent device_type: 1007, event_type =12d0003c, value = 1
10-31 19:28:08.987  1232  7245 D NetworkMonitor/101: PROBE_HTTPS https://connectivitycheck.gstatic.com/generate_204 time=488ms ret=204 request={Connection=[close], User-Agent=[Mozilla/5.0 (X11; Linux x86_64) AppleWebKit/537.36 (KHTML, like Gecko) Chrome/60.0.3112.32 Safari/537.36]} headers={null=[HTTP/1.1 204 No Content], Alt-Svc=[h3=":443"; ma=2592000,h3-29=":443"; ma=2592000,h3-Q050=":443"; ma=2592000,h3-Q046=":443"; ma=2592000,h3-Q043=":443"; ma=2592000,quic=":443"; ma=2592000; v="46,43"], Connection=[close], Content-Length=[0], Cross-Origin-Resource-Policy=[cross-origin], Date=[Mon, 31 Oct 2022 11:28:08 GMT], X-Android-Received-Millis=[1667215688985], X-Android-Response-Source=[NETWORK 204], X-Android-Selected-Protocol=[http/1.1], X-Android-Sent-Millis=[1667215688766]}
10-31 19:28:08.989  1232  7244 D NetworkMonitor/101: sendNetworkCheckBroadcast() currentWifiInfo : SSID: ufi_68943, BSSID: 5c:a0:00:28:46:69, MAC: 56:e2:6d:97:90:ec, Supplicant state: COMPLETED, Wifi Generation: 4, HE Eight Max VHT Spatial Streams Support: false, Eight Max VHT Spatial streams support: false, RSSI: -41, Link speed: 58Mbps, Tx Link speed: 58Mbps, Rx Link speed: 52Mbps, Frequency: 2437MHz, Net ID: 1, Metered hint: true, score: 60
10-31 19:28:08.989  1232  7244 D NetworkMonitor/101: sendNetworkCheckBroadcast() mLastCheckResult : true, checkResult : true, mNotCheck : true
10-31 19:28:08.989  1232  7244 D NetworkMonitor/101: isCaptivePortal: isSuccessful()=true isPortal()=false RedirectUrl=null isPartialConnectivity()=false Time=513ms
10-31 19:28:08.993  1830  1830 E NetworkController.WifiSignalController: ACTION_WIFI_CHECK_INTERNET isSuccessful true
10-31 19:28:08.993  1232  1792 D ConnectivityService: NetworkAgentInfo [WIFI () - 101] validation passed
10-31 19:28:08.998  1232  1811 D GnssLocationProvider: WakeLock acquired by sendMessage(REPORT_SV_STATUS, 0, com.android.server.location.GnssLocationProvider$SvStatusInfo@909f5e)
10-31 19:28:08.998  1232  1801 V GnssLocationProvider: SV count: 43
10-31 19:28:08.998  1232  1801 D GnssLocationProvider: WakeLock released by handleMessage(REPORT_SV_STATUS, 0, com.android.server.location.GnssLocationProvider$SvStatusInfo@909f5e)
10-31 19:28:09.003  1015  4894 E mm-camera: <MCT   ><ERROR> 1313: mct_controller_handle_SOF_proc: Metadata stream not present
10-31 19:28:09.009  1232  1811 D GnssLocationProvider: WakeLock acquired by sendMessage(REPORT_LOCATION, 1, Location[gps 22.535563,113.914838 hAcc=4 et=+14m21s394ms etAcc=+100ms alt=11.809051513671875 vel=0.0 vAcc=3 sAcc=0 bAcc=???])
10-31 19:28:09.016  1059  4918 E mm_bcamera: mm_app_preview_notify_cb: dump_number0[0]
10-31 19:28:09.017  1059  4918 I NormalMMCamDevice: [frameworks/av/services/bmmcamera/device/src/NormalMMCamDevice.cpp]:[isZero]: the start is [1036800].
10-31 19:28:09.017  1059  4918 I NormalMMCamDevice: [frameworks/av/services/bmmcamera/device/src/NormalMMCamDevice.cpp]:[isZero]: the start is [2592000].
10-31 19:28:09.029  3851  3851 D BYDAutoInstrumentDevice: postEvent device_type: 1007, event_type =12d0003c, value = 0
10-31 19:28:09.029  3482  3482 D BYDAutoPowerDevice: postEvent device_type: 1005, event_type =12d0003d, value = 1
10-31 19:28:09.029  2005  2005 D BYDAutoPowerDevice: postEvent device_type: 1005, event_type =12d0003d, value = 1
10-31 19:28:09.030  2835  2835 D BYDAutoPowerDevice: postEvent device_type: 1005, event_type =12d0003d, value = 1
10-31 19:28:09.031  1232  1801 V GnssLocationProvider: reportLocation Location[gps 22.535563,113.914838 hAcc=4 et=+14m21s394ms etAcc=+100ms alt=11.809051513671875 vel=0.0 vAcc=3 sAcc=0 bAcc=???]
10-31 19:28:09.032  1232  1801 D GnssLocationProvider: WakeLock released by handleMessage(REPORT_LOCATION, 1, Location[gps 22.535563,113.914838 hAcc=4 et=+14m21s394ms etAcc=+100ms alt=11.809051513671875 vel=0.0 vAcc=3 sAcc=0 bAcc=??? {Bundle[{satellites=30, maxCn0=47, meanCn0=31}]}])
10-31 19:28:09.039  1232  1801 D LocationManagerService: incoming location: Location[gps 22.535563,113.914838 hAcc=4 et=+14m21s394ms etAcc=+100ms alt=11.809051513671875 vel=0.0 vAcc=3 sAcc=0 bAcc=??? {Bundle[{satellites=30, maxCn0=47, meanCn0=31}]}]
10-31 19:28:09.045  1015  4894 E mm-camera: <MCT   ><ERROR> 1313: mct_controller_handle_SOF_proc: Metadata stream not present
10-31 19:28:09.045  1232  1801 D LocationManagerService: incoming location: Location[gps 22.535563,113.914838 hAcc=4 et=+14m21s394ms etAcc=+100ms alt=11.809051513671875 vel=0.0 vAcc=3 sAcc=0 bAcc=??? {Bundle[{satellites=30, maxCn0=47, meanCn0=31}]}]
10-31 19:28:09.056  1059  4918 E mm_bcamera: mm_app_preview_notify_cb: dump_number0[0]
10-31 19:28:09.056  1059  4918 I NormalMMCamDevice: [frameworks/av/services/bmmcamera/device/src/NormalMMCamDevice.cpp]:[isZero]: the start is [1036800].
10-31 19:28:09.056  1059  4918 I NormalMMCamDevice: [frameworks/av/services/bmmcamera/device/src/NormalMMCamDevice.cpp]:[isZero]: the start is [2592000].
10-31 19:28:09.077  3851  3851 D BYDAutoInstrumentDevice: postEvent device_type: 1007, event_type =12d0003c, value = 1
10-31 19:28:09.083  1015  4894 E mm-camera: <MCT   ><ERROR> 1313: mct_controller_handle_SOF_proc: Metadata stream not present
10-31 19:28:09.088   675   675 I tecControl: temp is 49500 and level is 0 and time_record is 0
10-31 19:28:09.089  1059  4918 E mm_bcamera: mm_app_preview_notify_cb: dump_number0[0]
10-31 19:28:09.089  1059  4918 I NormalMMCamDevice: [frameworks/av/services/bmmcamera/device/src/NormalMMCamDevice.cpp]:[isZero]: the start is [1036800].
10-31 19:28:09.089  1059  4918 I NormalMMCamDevice: [frameworks/av/services/bmmcamera/device/src/NormalMMCamDevice.cpp]:[isZero]: the start is [2592000].
10-31 19:28:09.123  1015  4894 E mm-camera: <MCT   ><ERROR> 1313: mct_controller_handle_SOF_proc: Metadata stream not present
10-31 19:28:09.135  1059  4918 E mm_bcamera: mm_app_preview_notify_cb: dump_number0[0]
10-31 19:28:09.135  1059  4918 I NormalMMCamDevice: [frameworks/av/services/bmmcamera/device/src/NormalMMCamDevice.cpp]:[isZero]: the start is [1036800].
10-31 19:28:09.135  1059  4918 I NormalMMCamDevice: [frameworks/av/services/bmmcamera/device/src/NormalMMCamDevice.cpp]:[isZero]: the start is [2592000].
10-31 19:28:09.144  3851  3851 D BYDAutoInstrumentDevice: postEvent device_type: 1007, event_type =12d0003c, value = 0
10-31 19:28:09.145  3851  3851 D BYDAutoSafetyBeltDevice: postEvent device_type: 1042, event_type =12d0003f, value = 1
10-31 19:28:09.145  3851  3851 W DataCollectionPresenter1: AbsBYDAutoSafetyBeltListener:  1
10-31 19:28:09.145  2005  2005 D BYDAutoPowerDevice: postEvent device_type: 1005, event_type =12d0003d, value = 0
10-31 19:28:09.145  3482  3482 D BYDAutoPowerDevice: postEvent device_type: 1005, event_type =12d0003d, value = 0
10-31 19:28:09.146  2835  2835 D BYDAutoPowerDevice: postEvent device_type: 1005, event_type =12d0003d, value = 0
10-31 19:28:09.163  1015  4894 E mm-camera: <MCT   ><ERROR> 1313: mct_controller_handle_SOF_proc: Metadata stream not present
10-31 19:28:09.173  1059  4918 E mm_bcamera: mm_app_preview_notify_cb: dump_number0[0]
10-31 19:28:09.173  1059  4918 I NormalMMCamDevice: [frameworks/av/services/bmmcamera/device/src/NormalMMCamDevice.cpp]:[isZero]: the start is [1036800].
10-31 19:28:09.173  1059  4918 I NormalMMCamDevice: [frameworks/av/services/bmmcamera/device/src/NormalMMCamDevice.cpp]:[isZero]: the start is [2592000].
10-31 19:28:09.184   810  4567 I gbacqservice: BYDGBAcqService sampleSingleCellTotal = 120,totalVoltageValue = 399.420166,mElectricVehicle = 2
10-31 19:28:09.190  3851  3851 D BYDAutoInstrumentDevice: postEvent device_type: 1007, event_type =12d0003c, value = 1
10-31 19:28:09.203  1015  4894 E mm-camera: <MCT   ><ERROR> 1313: mct_controller_handle_SOF_proc: Metadata stream not present
10-31 19:28:09.213  1059  4918 E mm_bcamera: mm_app_preview_notify_cb: dump_number0[0]
10-31 19:28:09.214  1059  4918 I NormalMMCamDevice: [frameworks/av/services/bmmcamera/device/src/NormalMMCamDevice.cpp]:[isZero]: the start is [1036800].
10-31 19:28:09.214  1059  4918 I NormalMMCamDevice: [frameworks/av/services/bmmcamera/device/src/NormalMMCamDevice.cpp]:[isZero]: the start is [2592000].
10-31 19:28:09.239  3851  3851 D BYDAutoInstrumentDevice: postEvent device_type: 1007, event_type =12d0003c, value = 0
10-31 19:28:09.239  2835  2835 D BYDAutoPowerDevice: postEvent device_type: 1005, event_type =12d0003d, value = 1
10-31 19:28:09.239  2005  2005 D BYDAutoPowerDevice: postEvent device_type: 1005, event_type =12d0003d, value = 1
10-31 19:28:09.240  3482  3482 D BYDAutoPowerDevice: postEvent device_type: 1005, event_type =12d0003d, value = 1
10-31 19:28:09.243  1015  4894 E mm-camera: <MCT   ><ERROR> 1313: mct_controller_handle_SOF_proc: Metadata stream not present
10-31 19:28:09.252  1059  4918 E mm_bcamera: mm_app_preview_notify_cb: dump_number0[0]
10-31 19:28:09.253  1059  4918 I NormalMMCamDevice: [frameworks/av/services/bmmcamera/device/src/NormalMMCamDevice.cpp]:[isZero]: the start is [1036800].
10-31 19:28:09.253  1059  4918 I NormalMMCamDevice: [frameworks/av/services/bmmcamera/device/src/NormalMMCamDevice.cpp]:[isZero]: the start is [2592000].
10-31 19:28:09.283  1015  4894 E mm-camera: <MCT   ><ERROR> 1313: mct_controller_handle_SOF_proc: Metadata stream not present
10-31 19:28:09.285  3851  3851 D BYDAutoInstrumentDevice: postEvent device_type: 1007, event_type =12d0003c, value = 1
10-31 19:28:09.298  1059  4918 E mm_bcamera: mm_app_preview_notify_cb: dump_number0[0]
10-31 19:28:09.298  1059  4918 I NormalMMCamDevice: [frameworks/av/services/bmmcamera/device/src/NormalMMCamDevice.cpp]:[isZero]: the start is [1036800].
10-31 19:28:09.298  1059  4918 I NormalMMCamDevice: [frameworks/av/services/bmmcamera/device/src/NormalMMCamDevice.cpp]:[isZero]: the start is [2592000].
10-31 19:28:09.327  1015  4894 E mm-camera: <MCT   ><ERROR> 1313: mct_controller_handle_SOF_proc: Metadata stream not present
10-31 19:28:09.332  1059  4918 E mm_bcamera: mm_app_preview_notify_cb: dump_number0[0]
10-31 19:28:09.332  1059  4918 I NormalMMCamDevice: [frameworks/av/services/bmmcamera/device/src/NormalMMCamDevice.cpp]:[isZero]: the start is [1036800].
10-31 19:28:09.332  1059  4918 I NormalMMCamDevice: [frameworks/av/services/bmmcamera/device/src/NormalMMCamDevice.cpp]:[isZero]: the start is [2592000].
10-31 19:28:09.337  3482  3482 D BYDAutoPowerDevice: postEvent device_type: 1005, event_type =12d0003d, value = 0
10-31 19:28:09.338  3851  3851 D BYDAutoInstrumentDevice: postEvent device_type: 1007, event_type =12d0003c, value = 0
10-31 19:28:09.339  2835  2835 D BYDAutoPowerDevice: postEvent device_type: 1005, event_type =12d0003d, value = 0
10-31 19:28:09.341  2005  2005 D BYDAutoPowerDevice: postEvent device_type: 1005, event_type =12d0003d, value = 0
10-31 19:28:09.369  1015  4894 E mm-camera: <MCT   ><ERROR> 1313: mct_controller_handle_SOF_proc: Metadata stream not present
10-31 19:28:09.370  1059  4918 E mm_bcamera: mm_app_preview_notify_cb: dump_number0[0]
10-31 19:28:09.370  1059  4918 I NormalMMCamDevice: [frameworks/av/services/bmmcamera/device/src/NormalMMCamDevice.cpp]:[isZero]: the start is [1036800].
10-31 19:28:09.370  1059  4918 I NormalMMCamDevice: [frameworks/av/services/bmmcamera/device/src/NormalMMCamDevice.cpp]:[isZero]: the start is [2592000].
10-31 19:28:09.392  3851  3851 D BYDAutoInstrumentDevice: postEvent device_type: 1007, event_type =12d0003c, value = 1
10-31 19:28:09.403  1015  4894 E mm-camera: <MCT   ><ERROR> 1313: mct_controller_handle_SOF_proc: Metadata stream not present
10-31 19:28:09.409  1059  4918 E mm_bcamera: mm_app_preview_notify_cb: dump_number0[0]
10-31 19:28:09.409  1059  4918 I NormalMMCamDevice: [frameworks/av/services/bmmcamera/device/src/NormalMMCamDevice.cpp]:[isZero]: the start is [1036800].
10-31 19:28:09.409  1059  4918 I NormalMMCamDevice: [frameworks/av/services/bmmcamera/device/src/NormalMMCamDevice.cpp]:[isZero]: the start is [2592000].
10-31 19:28:09.435  3851  3851 D BYDAutoInstrumentDevice: postEvent device_type: 1007, event_type =12d0003c, value = 0
10-31 19:28:09.435  2005  2005 D BYDAutoPowerDevice: postEvent device_type: 1005, event_type =12d0003d, value = 1
10-31 19:28:09.435  2835  2835 D BYDAutoPowerDevice: postEvent device_type: 1005, event_type =12d0003d, value = 1
10-31 19:28:09.435  3482  3482 D BYDAutoPowerDevice: postEvent device_type: 1005, event_type =12d0003d, value = 1
10-31 19:28:09.443  1015  4894 E mm-camera: <MCT   ><ERROR> 1313: mct_controller_handle_SOF_proc: Metadata stream not present
10-31 19:28:09.451  1059  4918 E mm_bcamera: mm_app_preview_notify_cb: dump_number0[0]
10-31 19:28:09.451  1059  4918 I NormalMMCamDevice: [frameworks/av/services/bmmcamera/device/src/NormalMMCamDevice.cpp]:[isZero]: the start is [1036800].
10-31 19:28:09.451  1059  4918 I NormalMMCamDevice: [frameworks/av/services/bmmcamera/device/src/NormalMMCamDevice.cpp]:[isZero]: the start is [2592000].
10-31 19:28:09.486  1015  4894 E mm-camera: <MCT   ><ERROR> 1313: mct_controller_handle_SOF_proc: Metadata stream not present
10-31 19:28:09.488  3851  3851 D BYDAutoInstrumentDevice: postEvent device_type: 1007, event_type =12d0003c, value = 1
10-31 19:28:09.492  1059  4918 E mm_bcamera: mm_app_preview_notify_cb: dump_number0[0]
10-31 19:28:09.492  1059  4918 I NormalMMCamDevice: [frameworks/av/services/bmmcamera/device/src/NormalMMCamDevice.cpp]:[isZero]: the start is [1036800].
10-31 19:28:09.492  1059  4918 I NormalMMCamDevice: [frameworks/av/services/bmmcamera/device/src/NormalMMCamDevice.cpp]:[isZero]: the start is [2592000].
10-31 19:28:09.523  1015  4894 E mm-camera: <MCT   ><ERROR> 1313: mct_controller_handle_SOF_proc: Metadata stream not present
10-31 19:28:09.531  1059  4918 E mm_bcamera: mm_app_preview_notify_cb: dump_number0[0]
10-31 19:28:09.531  1059  4918 I NormalMMCamDevice: [frameworks/av/services/bmmcamera/device/src/NormalMMCamDevice.cpp]:[isZero]: the start is [1036800].
10-31 19:28:09.531  1059  4918 I NormalMMCamDevice: [frameworks/av/services/bmmcamera/device/src/NormalMMCamDevice.cpp]:[isZero]: the start is [2592000].
10-31 19:28:09.537  3851  3851 D BYDAutoInstrumentDevice: postEvent device_type: 1007, event_type =12d0003c, value = 0
10-31 19:28:09.537  3482  3482 D BYDAutoPowerDevice: postEvent device_type: 1005, event_type =12d0003d, value = 0
10-31 19:28:09.538  2005  2005 D BYDAutoPowerDevice: postEvent device_type: 1005, event_type =12d0003d, value = 0
10-31 19:28:09.538  2835  2835 D BYDAutoPowerDevice: postEvent device_type: 1005, event_type =12d0003d, value = 0
10-31 19:28:09.540  3851  3851 D BYDAutoSafetyBeltDevice: postEvent device_type: 1042, event_type =12d0003f, value = 0
10-31 19:28:09.540  3851  3851 W DataCollectionPresenter1: AbsBYDAutoSafetyBeltListener:  0
10-31 19:28:09.563  1015  4894 E mm-camera: <MCT   ><ERROR> 1313: mct_controller_handle_SOF_proc: Metadata stream not present
10-31 19:28:09.572  1059  4918 E mm_bcamera: mm_app_preview_notify_cb: dump_number0[0]
10-31 19:28:09.572  1059  4918 I NormalMMCamDevice: [frameworks/av/services/bmmcamera/device/src/NormalMMCamDevice.cpp]:[isZero]: the start is [1036800].
10-31 19:28:09.572  1059  4918 I NormalMMCamDevice: [frameworks/av/services/bmmcamera/device/src/NormalMMCamDevice.cpp]:[isZero]: the start is [2592000].
10-31 19:28:09.587  3851  3851 D BYDAutoInstrumentDevice: postEvent device_type: 1007, event_type =12d0003c, value = 1
10-31 19:28:09.603  1015  4894 E mm-camera: <MCT   ><ERROR> 1313: mct_controller_handle_SOF_proc: Metadata stream not present
10-31 19:28:09.615  1059  4918 E mm_bcamera: mm_app_preview_notify_cb: dump_number0[0]
10-31 19:28:09.615  1059  4918 I NormalMMCamDevice: [frameworks/av/services/bmmcamera/device/src/NormalMMCamDevice.cpp]:[isZero]: the start is [1036800].
10-31 19:28:09.615  1059  4918 I NormalMMCamDevice: [frameworks/av/services/bmmcamera/device/src/NormalMMCamDevice.cpp]:[isZero]: the start is [2592000].
10-31 19:28:09.639  3851  3851 D BYDAutoInstrumentDevice: postEvent device_type: 1007, event_type =12d0003c, value = 0
10-31 19:28:09.639  2835  2835 D BYDAutoPowerDevice: postEvent device_type: 1005, event_type =12d0003d, value = 1
10-31 19:28:09.640  3482  3482 D BYDAutoPowerDevice: postEvent device_type: 1005, event_type =12d0003d, value = 1
10-31 19:28:09.640  2005  2005 D BYDAutoPowerDevice: postEvent device_type: 1005, event_type =12d0003d, value = 1
10-31 19:28:09.643  1015  4894 E mm-camera: <MCT   ><ERROR> 1313: mct_controller_handle_SOF_proc: Metadata stream not present
10-31 19:28:09.651  1059  4918 E mm_bcamera: mm_app_preview_notify_cb: dump_number0[0]
10-31 19:28:09.651  1059  4918 I NormalMMCamDevice: [frameworks/av/services/bmmcamera/device/src/NormalMMCamDevice.cpp]:[isZero]: the start is [1036800].
10-31 19:28:09.651  1059  4918 I NormalMMCamDevice: [frameworks/av/services/bmmcamera/device/src/NormalMMCamDevice.cpp]:[isZero]: the start is [2592000].
10-31 19:28:09.683  1015  4894 E mm-camera: <MCT   ><ERROR> 1313: mct_controller_handle_SOF_proc: Metadata stream not present
10-31 19:28:09.687  3851  3851 D BYDAutoInstrumentDevice: postEvent device_type: 1007, event_type =12d0003c, value = 1
10-31 19:28:09.688  3470  5138 D CDR     : WriteFileMonitor: writeFileThread() run
10-31 19:28:09.692  1059  4918 E mm_bcamera: mm_app_preview_notify_cb: dump_number0[0]
10-31 19:28:09.692  1059  4918 I NormalMMCamDevice: [frameworks/av/services/bmmcamera/device/src/NormalMMCamDevice.cpp]:[isZero]: the start is [1036800].
10-31 19:28:09.692  1059  4918 I NormalMMCamDevice: [frameworks/av/services/bmmcamera/device/src/NormalMMCamDevice.cpp]:[isZero]: the start is [2592000].
10-31 19:28:09.705  3851  3851 D BYDAutoStatisticDevice: postEvent device_type: 1014, event_type =44600010, value = 3322
10-31 19:28:09.723  1015  4894 E mm-camera: <MCT   ><ERROR> 1313: mct_controller_handle_SOF_proc: Metadata stream not present
10-31 19:28:09.733  1059  4918 E mm_bcamera: mm_app_preview_notify_cb: dump_number0[0]
10-31 19:28:09.733  1059  4918 I NormalMMCamDevice: [frameworks/av/services/bmmcamera/device/src/NormalMMCamDevice.cpp]:[isZero]: the start is [1036800].
10-31 19:28:09.733  1059  4918 I NormalMMCamDevice: [frameworks/av/services/bmmcamera/device/src/NormalMMCamDevice.cpp]:[isZero]: the start is [2592000].
10-31 19:28:09.737  2005  2005 D BYDAutoPowerDevice: postEvent device_type: 1005, event_type =12d0003d, value = 0
10-31 19:28:09.738  3482  3482 D BYDAutoPowerDevice: postEvent device_type: 1005, event_type =12d0003d, value = 0
10-31 19:28:09.738  2835  2835 D BYDAutoPowerDevice: postEvent device_type: 1005, event_type =12d0003d, value = 0
10-31 19:28:09.738  3851  3851 D BYDAutoInstrumentDevice: postEvent device_type: 1007, event_type =12d0003c, value = 0
10-31 19:28:09.763  1015  4894 E mm-camera: <MCT   ><ERROR> 1313: mct_controller_handle_SOF_proc: Metadata stream not present
10-31 19:28:09.764  2859  2859 D BYDAutoBigDataDevice: postEvent device_type: 1061, event_type =99000020, value = [0, 0, 4, 65, 0, 2, -104, 58, -120, 19, -113, 1, 0, 2]
10-31 19:28:09.765  2859  2859 D BYDAutoBigDataDevice: postEvent device_type: 1061, event_type =99000020, value = [0, 0, 4, 100, 5, 2, 5, -1, -1, -69, 0, 0, -1, -1]
10-31 19:28:09.765  2859  2859 D BYDAutoBigDataDevice: postEvent device_type: 1061, event_type =99000020, value = [0, 0, 4, -49, 4, 2, 4, 0, 0, 0, 0, 0, 0, 0]
10-31 19:28:09.771  1059  4918 E mm_bcamera: mm_app_preview_notify_cb: dump_number0[0]
10-31 19:28:09.771  1059  4918 I NormalMMCamDevice: [frameworks/av/services/bmmcamera/device/src/NormalMMCamDevice.cpp]:[isZero]: the start is [1036800].
10-31 19:28:09.771  1059  4918 I NormalMMCamDevice: [frameworks/av/services/bmmcamera/device/src/NormalMMCamDevice.cpp]:[isZero]: the start is [2592000].
10-31 19:28:09.787  2859  2859 D BYDAutoBigDataDevice: postEvent device_type: 1061, event_type =99000020, value = [0, 0, 1, 45, 0, 0, -96, 40, 0, 32, 12, 49, 95, 123]
10-31 19:28:09.787  3851  3851 D BYDAutoInstrumentDevice: postEvent device_type: 1007, event_type =12d0003c, value = 1
10-31 19:28:09.793  2859  2859 D BYDAutoBigDataDevice: postEvent device_type: 1061, event_type =99000020, value = [0, 0, 1, 33, 0, 0, 0, 112, -1, -97, -91, -1, -120, -59]
10-31 19:28:09.798  3851  3851 D BYDAutoStatisticDevice: postEvent device_type: 1014, event_type =43a00028, value = 54
10-31 19:28:09.803  2859  2859 D BYDAutoBigDataDevice: postEvent device_type: 1061, event_type =99000020, value = [0, 0, 4, 71, 0, 0, 1, 72, 1, 72, 62, 3, 72, -28]
10-31 19:28:09.803  1015  4894 E mm-camera: <MCT   ><ERROR> 1313: mct_controller_handle_SOF_proc: Metadata stream not present
10-31 19:28:09.811  1059  4918 E mm_bcamera: mm_app_preview_notify_cb: dump_number0[0]
10-31 19:28:09.811  1059  4918 I NormalMMCamDevice: [frameworks/av/services/bmmcamera/device/src/NormalMMCamDevice.cpp]:[isZero]: the start is [1036800].
10-31 19:28:09.811  1059  4918 I NormalMMCamDevice: [frameworks/av/services/bmmcamera/device/src/NormalMMCamDevice.cpp]:[isZero]: the start is [2592000].
10-31 19:28:09.837  2859  2859 D BYDAutoPowerDevice: postEvent device_type: 1005, event_type =12d0003d, value = 1
10-31 19:28:09.837  2835  2835 D BYDAutoPowerDevice: postEvent device_type: 1005, event_type =12d0003d, value = 1
10-31 19:28:09.837  3482  3482 D BYDAutoPowerDevice: postEvent device_type: 1005, event_type =12d0003d, value = 1
10-31 19:28:09.837  2859  2859 D BYDAutoBigDataDevice: postEvent device_type: 1061, event_type =99000020, value = [0, 0, 1, 45, 0, 0, -96, 40, 0, 32, 12, 49, 111, 107]
10-31 19:28:09.837  2005  2005 D BYDAutoPowerDevice: postEvent device_type: 1005, event_type =12d0003d, value = 1
10-31 19:28:09.838  3851  3851 D BYDAutoInstrumentDevice: postEvent device_type: 1007, event_type =12d0003c, value = 0
10-31 19:28:09.840  2859  2859 D BYDAutoBigDataDevice: postEvent device_type: 1061, event_type =99000020, value = [0, 0, 3, 66, 0, 2, 0, 11, 19, -63, 40, 52, 80, 116]
10-31 19:28:09.843  1015  4894 E mm-camera: <MCT   ><ERROR> 1313: mct_controller_handle_SOF_proc: Metadata stream not present
10-31 19:28:09.848  3851  3851 D BYDAutoStatisticDevice: postEvent device_type: 1014, event_type =44a00020, value = 34950
10-31 19:28:09.851  1059  4918 E mm_bcamera: mm_app_preview_notify_cb: dump_number0[0]
10-31 19:28:09.851  1059  4918 I NormalMMCamDevice: [frameworks/av/services/bmmcamera/device/src/NormalMMCamDevice.cpp]:[isZero]: the start is [1036800].
10-31 19:28:09.851  1059  4918 I NormalMMCamDevice: [frameworks/av/services/bmmcamera/device/src/NormalMMCamDevice.cpp]:[isZero]: the start is [2592000].
10-31 19:28:09.864  2859  2859 D BYDAutoBigDataDevice: postEvent device_type: 1061, event_type =99000020, value = [0, 0, 4, 100, 6, 2, 6, 73, 83, 40, 40, -120, 19, 78]
10-31 19:28:09.864  3686  5395 I AlarmManager: setImpl wakeup alarm mPackageName=com.icoolme.android.weather.bydauto type=0 triggerAtMillis=1667215979862 nowMillis=1667215689864 nowRealtime=862259 windowMillis=0 intervalMillis=0 operation=PendingIntent{5fbfe80: android.os.BinderProxy@ad68cb9} listenerTag=null
10-31 19:28:09.864  2859  2859 D BYDAutoBigDataDevice: postEvent device_type: 1061, event_type =99000020, value = [0, 0, 4, -49, 5, 2, 5, 120, 0, 0, 0, 0, -113, -15]
10-31 19:28:09.886  2859  2859 D BYDAutoBigDataDevice: postEvent device_type: 1061, event_type =99000020, value = [0, 0, 3, -39, 6, 0, 6, 117, 3, -64, 0, -19, 83, 0]
