11-17 07:16:42.748   975   975 I wificond: Offload HAL not supported 
11-17 07:16:42.938  1230  2171 I chatty  : uid=1000(system) Binder:1230_7 expire 1 line
11-17 07:16:42.941  1230  1793 I chatty  : uid=1000(system) ConnectivitySer expire 16 lines
11-17 07:16:43.111  1230  9077 I chatty  : uid=1000(system) Binder:1230_F expire 2 lines
11-17 07:16:43.184  3349  3349 W ContextImpl: Calling a method in the system process without a qualified user: android.app.ContextImpl.bindService:1668 android.content.ContextWrapper.bindService:705 cn.kuwo.autosdk.x.d:20 cn.kuwo.autosdk.a.e.e:2 com.byd.api.third.h.a.c:26 
11-17 07:16:43.193  1230  9069 I chatty  : uid=1000(system) Binder:1230_E expire 1 line
11-17 07:16:43.200  3349  3349 W ContextImpl: Calling a method in the system process without a qualified user: android.app.ContextImpl.sendBroadcast:1064 android.content.ContextWrapper.sendBroadcast:448 cn.kuwo.autosdk.x.a:5 cn.kuwo.autosdk.x.b:22 cn.kuwo.autosdk.a.e.d:5 
11-17 07:16:43.224  1230  2221 I chatty  : uid=1000(system) Binder:1230_9 expire 1 line
11-17 07:16:43.244  3349  9116 W ContextImpl: Calling a method in the system process without a qualified user: android.app.ContextImpl.bindService:1668 android.content.ContextWrapper.bindService:705 com.byd.j.h.a.d:40 com.byd.j.h.a.<init>:45 com.byd.j.h.a.<init>:0 
11-17 07:16:43.246  1230  2149 I chatty  : uid=1000(system) Binder:1230_6 expire 1 line
11-17 07:16:43.254   638   638 I android.hardware.wifi@1.0-service: wlan0 use as NAN interface
11-17 07:16:43.315   975   975 I wificond: Pno scan started for all supported frequencies
11-17 07:16:43.321   522  1149 E NetlinkEvent: NetlinkEvent::FindParam(): Parameter 'INTERFACE' not found
11-17 07:16:43.321   522  1149 E NetlinkEvent: NetlinkEvent::FindParam(): Parameter 'STATE' not found
11-17 07:16:43.321   522  1149 E NetlinkEvent: NetlinkEvent::FindParam(): Parameter 'TIME_NS' not found
11-17 07:16:43.321   522  1149 E NetlinkEvent: NetlinkEvent::FindParam(): Parameter 'UID' not found
11-17 07:16:43.355   975   975 I wificond: Pno scan stopped
11-17 07:16:43.357  3349  9236 W ContextImpl: Calling a method in the system process without a qualified user: android.app.ContextImpl.bindService:1668 android.content.ContextWrapper.bindService:705 com.amap.api.col.2sl.bu.i:22 com.amap.api.col.2sl.bu.a:0 com.amap.api.col.2sl.bu$b.onLooperPrepared:9 
11-17 07:16:43.358  1230  1969 I chatty  : uid=1000(system) Binder:1230_5 expire 1 line
11-17 07:16:43.363   638  9178 E android.hardware.wifi@1.0-service: Callback invoked on an invalid object
11-17 07:16:43.400  1230  1793 I chatty  : uid=1000(system) ConnectivitySer expire 4 lines
11-17 07:16:43.409  1230  1314 I chatty  : uid=1000(system) android.anim expire 5 lines
11-17 07:16:43.410  1230  1311 I chatty  : uid=1000(system) android.ui expire 10 lines
11-17 07:16:43.577  2037  2037 I TelecomFramework: : onSubscriptionsChanged - update accounts
11-17 07:16:43.577  2037  2037 I TelecomFramework: PstnIncomingCallNotifier: Unregistering: Handler (com.qualcomm.qti.internal.telephony.QtiGsmCdmaPhone) {1aae8b2}
11-17 07:16:43.580  2037  2037 I TelecomFramework: TelecomAccountRegistry: setupAccounts: Found 2 phones.  Attempting to register.
11-17 07:16:43.581  2037  2037 I TelecomFramework: TelecomAccountRegistry: setupAccounts: Phone with subscription id: 1 slotId: 0 provisionStatus: 1
11-17 07:16:43.634  1230  2171 I chatty  : uid=1000(system) Binder:1230_7 expire 8 lines
11-17 07:16:43.640  2037  2037 I TelecomFramework: AccountEntry: Registered phoneAccount: [[ ] PhoneAccount: ComponentInfo{com.android.phone/com.android.services.telephony.TelephonyConnectionService}, ***, UserHandle{0} Capabilities: CallProvider MultiUser PlaceEmerg SimSub  Audio Routes: BESW Schemes: tel voicemail  Extras: Bundle[{android.telecom.extra.SUPPORTS_VIDEO_CALLING_FALLBACK=true, android.telecom.extra.SORT_ORDER=0}] GroupId: ***] with handle: ComponentInfo{com.android.phone/com.android.services.telephony.TelephonyConnectionService}, ***, UserHandle{0}
11-17 07:16:43.640  2037  2037 I TelecomFramework: PstnIncomingCallNotifier: Registering: Handler (com.qualcomm.qti.internal.telephony.QtiGsmCdmaPhone) {1aae8b2}
11-17 07:16:43.649  2037  2037 I TelecomFramework: TelecomAccountRegistry: setupAccounts: Phone with subscription id: -1 slotId: 1 provisionStatus: -2
11-17 07:16:43.714  2037  2037 I TelecomFramework: PstnPhoneCapabilitiesNotifier: handleVideoCapabilitesChanged. Video capability - false
11-17 07:16:43.777  1230  1837 I chatty  : uid=1000(system) UsbService host expire 2 lines
11-17 07:16:43.782  1230  1322 I chatty  : uid=1000(system) ActivityManager expire 62 lines
11-17 07:16:43.827  1230  9077 I chatty  : uid=1000(system) Binder:1230_F expire 8 lines
11-17 07:16:43.845  1230  1272 I chatty  : uid=1000(system) Binder:1230_2 expire 10 lines
11-17 07:16:43.883  1230  1323 I chatty  : uid=1000(system) ActivityManager expire 9 lines
11-17 07:16:44.039  1230  1809 I chatty  : uid=1000(system) Binder:1230_4 expire 13 lines
11-17 07:16:44.173  1230  1230 I chatty  : uid=1000 system_server expire 20 lines
11-17 07:16:44.200  1230  2397 I chatty  : uid=1000(system) Binder:1230_B expire 10 lines
11-17 07:16:44.445  1230  9448 I chatty  : uid=1000 system_server expire 1 line
11-17 07:16:44.453  1230  9458 I chatty  : uid=1000 system_server expire 1 line
11-17 07:16:44.511  1230  2242 I chatty  : uid=1000(system) Binder:1230_A expire 10 lines
11-17 07:16:44.519   522  1149 E NetlinkEvent: NetlinkEvent::FindParam(): Parameter 'INTERFACE' not found
11-17 07:16:44.519   522  1149 E NetlinkEvent: NetlinkEvent::FindParam(): Parameter 'STATE' not found
11-17 07:16:44.519   522  1149 E NetlinkEvent: NetlinkEvent::FindParam(): Parameter 'TIME_NS' not found
11-17 07:16:44.519   522  1149 E NetlinkEvent: NetlinkEvent::FindParam(): Parameter 'UID' not found
11-17 07:16:44.919  1230  1313 I chatty  : uid=1000(system) android.display expire 4 lines
11-17 07:16:45.093  3349  9116 W ContextImpl: Calling a method in the system process without a qualified user: android.app.ContextImpl.sendBroadcast:1064 android.content.ContextWrapper.sendBroadcast:448 com.byd.service.a.a.e:9 com.byd.service.a.a.b:3 com.byd.service.a.a.a:0 
11-17 07:16:45.113  1230  1312 I chatty  : uid=1000(system) android.io expire 24 lines
11-17 07:16:45.185  1230  2876 I chatty  : uid=1000(system) backup-0 expire 5 lines
11-17 07:16:45.326   433   454 D vold    : handleBlockEvent with action 1, eventPath = /devices/platform/soc/4e00000.ssusb/4e00000.dwc3/xhci-hcd.0.auto/usb1/1-1/1-1.3/1-1.3:1.0/host1/target1:0:0/1:0:0:0/block/sdg, devType = disk
11-17 07:16:45.326   433   454 D vold    : insert SD
11-17 07:16:45.329   433   454 D vold    : /system/bin/sgdisk
11-17 07:16:45.329   433   454 D vold    :     --android-dump
11-17 07:16:45.329   433   454 D vold    :     /dev/block/vold/disk:8,96
11-17 07:16:45.369   975   975 I wificond: wifi generation capability mask: 15
11-17 07:16:45.379   433   454 D vold    : DISK mbr
11-17 07:16:45.379   433   454 D vold    : 
11-17 07:16:45.379   433   454 D vold    : PART 1 b
11-17 07:16:45.379   433   454 D vold    : 
11-17 07:16:45.379   433   454 D vold    : readPartitions partitionCounts: 1
11-17 07:16:45.382   433   454 D vold    : handleBlockEvent with action 1, eventPath = /devices/platform/soc/4e00000.ssusb/4e00000.dwc3/xhci-hcd.0.auto/usb1/1-1/1-1.3/1-1.3:1.0/host1/target1:0:0/1:0:0:0/block/sdg/sdg1, devType = partition
11-17 07:16:45.396  1230  1777 I chatty  : uid=1000(system) StorageCallback expire 2 lines
11-17 07:16:45.396   433  2688 D vold    : /system/bin/blkid
11-17 07:16:45.397   433  2688 D vold    :     -c
11-17 07:16:45.397   433  2688 D vold    :     /dev/null
11-17 07:16:45.397   433  2688 D vold    :     -s
11-17 07:16:45.397   433  2688 D vold    :     TYPE
11-17 07:16:45.397   433  2688 D vold    :     -s
11-17 07:16:45.397   433  2688 D vold    :     UUID
11-17 07:16:45.397   433  2688 D vold    :     -s
11-17 07:16:45.397   433  2688 D vold    :     LABEL
11-17 07:16:45.397   433  2688 D vold    :     /dev/block/vold/public:8,97
11-17 07:16:45.539   433  2688 D vold    : /dev/block/vold/public:8,97: UUID="93B4-EBAF" TYPE="vfat" 
11-17 07:16:45.539   433  2688 D vold    : 
11-17 07:16:45.539   433  2688 D vold    : /system/bin/fsck_msdos
11-17 07:16:45.539   433  2688 D vold    :     -p
11-17 07:16:45.539   433  2688 D vold    :     -f
11-17 07:16:45.539   433  2688 D vold    :     -y
11-17 07:16:45.539   433  2688 D vold    :     /dev/block/vold/public:8,97
11-17 07:16:45.604  1230  2207 I chatty  : uid=1000(system) Binder:1230_8 expire 3 lines
11-17 07:16:45.839   433  2688 I vold    : Filesystem check completed OK
11-17 07:16:45.858   433  2688 D vold    : Waiting for FUSE to spin up...
11-17 07:16:45.874  9622  9622 W sdcard  : Device explicitly enabled sdcardfs
11-17 07:16:45.912   433  2688 D vold    : Link /storage/93B4-EBAF to /storage/sdcard
11-17 07:16:46.163  2909  9071 W ContextImpl: Calling a method in the system process without a qualified user: android.app.ContextImpl.sendBroadcast:1064 android.content.ContextWrapper.sendBroadcast:448 com.byd.gpsinfo.broadcast.GpsInfoBroadcastManager.sendGpsFixStateBroadcast:83 com.byd.gpsinfo.task.UpdateRunnable.showOrHideGpsIcon:163 com.byd.gpsinfo.task.UpdateRunnable.updateTask:55 
11-17 07:16:47.037  3349  9116 W ContextImpl: Calling a method in the system process without a qualified user: android.app.ContextImpl.sendBroadcast:1064 android.content.ContextWrapper.sendBroadcast:448 com.byd.service.a.a.e:9 com.byd.service.a.a.b:3 com.byd.service.a.a.a:0 
11-17 07:16:47.692  3461  3461 W ContextImpl: Calling a method in the system process without a qualified user: android.app.ContextImpl.startService:1589 android.content.ContextWrapper.startService:669 android.content.ContextWrapper.startService:669 com.byd.bluetoothcall.BluetoothCallReceiver.onReceive:43 android.app.ActivityThread.handleReceiver:3789 
11-17 07:16:47.693  1230  1807 I chatty  : uid=1000(system) Binder:1230_3 expire 7 lines
11-17 07:16:47.882  1230  9266 I chatty  : uid=1000(system) Binder:1230_10 expire 11 lines
11-17 07:16:47.884  1230  1310 I chatty  : uid=1000(system) android.fg expire 3 lines
11-17 07:16:47.898  1230  9069 I chatty  : uid=1000(system) Binder:1230_E expire 10 lines
11-17 07:16:47.930   522  1149 E NetlinkEvent: NetlinkEvent::FindParam(): Parameter 'INTERFACE' not found
11-17 07:16:47.930   522  1149 E NetlinkEvent: NetlinkEvent::FindParam(): Parameter 'STATE' not found
11-17 07:16:47.930   522  1149 E NetlinkEvent: NetlinkEvent::FindParam(): Parameter 'TIME_NS' not found
11-17 07:16:47.930   522  1149 E NetlinkEvent: NetlinkEvent::FindParam(): Parameter 'UID' not found
11-17 07:16:48.128  3461  3461 W ContextImpl: Calling a method in the system process without a qualified user: android.app.ContextImpl.startService:1589 android.content.ContextWrapper.startService:669 android.content.ContextWrapper.startService:669 com.byd.bluetoothcall.BluetoothCallReceiver.onReceive:43 android.app.ActivityThread.handleReceiver:3789 
11-17 07:16:48.249  3515  3515 W ContextImpl: Calling a method in the system process without a qualified user: android.app.ContextImpl.startService:1589 android.content.ContextWrapper.startService:669 android.content.ContextWrapper.startService:669 com.byd.mediacenter.MediaReceiver.onReceive:84 android.app.ActivityThread.handleReceiver:3789 
11-17 07:16:48.262  3461  3461 W ContextImpl: Calling a method in the system process without a qualified user: android.app.ContextImpl.sendBroadcast:1064 android.content.ContextWrapper.sendBroadcast:448 com.byd.bluetoothcall.model.service.BluetoothCallService$2.onReceive:692 android.app.LoadedApk$ReceiverDispatcher$Args.lambda$getRunnable$0$LoadedApk$ReceiverDispatcher$Args:1550 android.app.-$$Lambda$LoadedApk$ReceiverDispatcher$Args$_BumDX2UKsnxLVrE6UJsJZkotuA.run:2 
11-17 07:16:48.345  3515  3515 W ActivityThread: ClassLoader.loadClass: The class loader returned by Thread.getContextClassLoader() may fail for processes that host multiple applications. You should explicitly specify a context class loader. For example: Thread.setContextClassLoader(getClass().getClassLoader());
11-17 07:16:48.374  3515  3515 W ContextImpl: Calling a method in the system process without a qualified user: android.app.ContextImpl.bindService:1668 android.content.ContextWrapper.bindService:705 com.kaolafm.sdk.core.mediaplayer.PlayerManager.bindService:657 com.kaolafm.sdk.core.mediaplayer.PlayerManager.<init>:547 com.kaolafm.sdk.core.mediaplayer.PlayerManager.getInstance:556 
11-17 07:16:48.685  3515  3515 W ContextImpl: Calling a method in the system process without a qualified user: android.app.ContextImpl.startService:1589 android.content.ContextWrapper.startService:669 android.content.ContextWrapper.startService:669 com.byd.mediacenter.MediaReceiver.onReceive:84 android.app.ActivityThread.handleReceiver:3789 
11-17 07:16:48.692  3515  3515 W ContextImpl: Calling a method in the system process without a qualified user: android.app.ContextImpl.bindService:1668 android.content.ContextWrapper.bindService:705 com.kaolafm.sdk.core.mediaplayer.VLCMediaPlayClient.bindVLCPlayService:498 com.kaolafm.sdk.core.mediaplayer.PlayerService.onCreate:60 android.app.ActivityThread.handleCreateService:3954 
11-17 07:16:48.890  3515  3515 W ContextImpl: Calling a method in the system process without a qualified user: android.app.ContextImpl.startService:1589 android.content.ContextWrapper.startService:669 android.content.ContextWrapper.startService:669 com.byd.mediacenter.MediaReceiver.onReceive:84 android.app.ActivityThread.handleReceiver:3789 
11-17 07:16:49.216  1230  1653 I chatty  : uid=1000(system) AccModeManagerS expire 6 lines
11-17 07:16:49.476  3349  3349 W ContextImpl: Calling a method in the system process without a qualified user: android.app.ContextImpl.sendBroadcast:1064 android.content.ContextWrapper.sendBroadcast:448 com.byd.service.widget.NotifyService.onConfigurationChanged:10 android.app.ActivityThread.performConfigurationChanged:5438 android.app.ActivityThread.handleConfigurationChanged:5717 
11-17 07:16:49.533  2909  2909 W ContextImpl: Calling a method in the system process without a qualified user: android.app.ContextImpl.startService:1589 android.content.ContextWrapper.startService:669 android.content.ContextWrapper.startService:669 com.byd.gpsinfo.broadcast.GpsInfoBootCompletedReceiver.onReceive:29 android.app.ActivityThread.handleReceiver:3789 
11-17 07:16:49.535  1230  9861 I chatty  : uid=1000(system) Binder:1230_11 expire 2 lines
11-17 07:16:49.538  3515  3515 W ContextImpl: Calling a method in the system process without a qualified user: android.app.ContextImpl.startService:1589 android.content.ContextWrapper.startService:669 android.content.ContextWrapper.startService:669 com.byd.mediacenter.MediaReceiver.onReceive:45 android.app.ActivityThread.handleReceiver:3789 
11-17 07:16:49.556  1230  9863 I chatty  : uid=1000(system) Binder:1230_13 expire 1 line
11-17 07:16:49.609  1230  2221 I chatty  : uid=1000(system) Binder:1230_9 expire 5 lines
11-17 07:16:49.897  1230  9864 I chatty  : uid=1000(system) Binder:1230_14 expire 18 lines
11-17 07:16:49.946  3668  3668 W ContextImpl: Calling a method in the system process without a qualified user: android.app.ContextImpl.bindService:1668 android.content.ContextWrapper.bindService:705 com.byd.launcherclient.LauncherClient.connectSafely:106 com.byd.launcherclient.LauncherClient.reconnect:185 com.byd.launcherclient.LauncherClient.<init>:74 
11-17 07:16:49.954  3668  3668 W ContextImpl: Calling a method in the system process without a qualified user: android.app.ContextImpl.sendBroadcast:1064 android.content.ContextWrapper.sendBroadcast:448 com.android.launcher3.Launcher.updateAllAppWidget:785 com.android.launcher3.Launcher.onCreate:763 android.app.Activity.performCreate:7993 
11-17 07:16:50.065  1230  1314 I chatty  : uid=1000(system) android.anim expire 12 lines
11-17 07:16:50.144  1230  1346 I chatty  : uid=1000(system) AppAutoRotation expire 4 lines
11-17 07:16:50.176  1230  9069 I chatty  : uid=1000(system) Binder:1230_E expire 29 lines
11-17 07:16:50.231  1230  1272 I chatty  : uid=1000(system) Binder:1230_2 expire 10 lines
11-17 07:16:50.412  1230  1807 I chatty  : uid=1000(system) Binder:1230_3 expire 6 lines
11-17 07:16:50.454  1230  1230 I chatty  : uid=1000 system_server expire 21 lines
11-17 07:16:50.458  1230  9927 I chatty  : uid=1000 system_server expire 2 lines
11-17 07:16:50.475  1230  2397 I chatty  : uid=1000(system) Binder:1230_B expire 7 lines
11-17 07:16:50.504  3187  3187 W ContextImpl: Calling a method in the system process without a qualified user: android.app.ContextImpl.startService:1589 android.content.ContextWrapper.startService:669 android.content.ContextWrapper.startService:669 com.bajintech.assistant.receiver.BootReceiver.onReceive:6 android.app.ActivityThread.handleReceiver:3789 
11-17 07:16:50.510  1230  2762 I chatty  : uid=1000(system) Binder:1230_D expire 20 lines
11-17 07:16:50.516  3247  3247 W ContextImpl: Calling a method in the system process without a qualified user: android.app.ContextImpl.startService:1589 android.content.ContextWrapper.startService:669 android.content.ContextWrapper.startService:669 com.byd.otaupdate.base.util.ServiceUtil.startService:77 com.byd.otaupdate.ui.common.UpdateOTABroadcastReceiverHelper.startUpdateOTAService:217 
11-17 07:16:50.528  3247  3247 W ContextImpl: Calling a method in the system process without a qualified user: android.app.ContextImpl.sendBroadcast:1064 android.content.ContextWrapper.sendBroadcast:448 com.byd.otaupdate.ui.vehicleota.base.VehicleOTAUtil.sendBroadcastToAPN2:1959 com.byd.otaupdate.ui.vehicleota.base.VehicleOTAUtil.sendBroadcastToDisconnectAPN2:1930 com.byd.otaupdate.ui.vehicleota.bootcompleted.BootCompletedBroadcastPresenter.dealBootCompletedUpdateMode:160 
11-17 07:16:50.529  3285  3285 W ContextImpl: Calling a method in the system process without a qualified user: android.app.ContextImpl.startService:1589 android.content.ContextWrapper.startService:669 android.content.ContextWrapper.startService:669 com.byd.trafficmonitor.common.TrafficMonitorReceiver.onReceive:37 android.app.ActivityThread.handleReceiver:3789 
11-17 07:16:50.603  1230  1322 I chatty  : uid=1000(system) ActivityManager expire 18 lines
11-17 07:16:50.845  1230  2171 I chatty  : uid=1000(system) Binder:1230_7 expire 7 lines
11-17 07:16:50.931  2037  2037 I TelecomFramework: : Carrier-config changed, checking for phone account updates.
11-17 07:16:50.940  1230  1323 I chatty  : uid=1000(system) ActivityManager expire 12 lines
11-17 07:16:50.947  3668  3668 W ContextImpl: Calling a method in the system process without a qualified user: android.app.ContextImpl.sendBroadcast:1064 android.content.ContextWrapper.sendBroadcast:448 com.android.launcher3.Launcher.updateAllAppWidget:785 com.android.launcher3.LauncherModel$14.run:1621 android.os.Handler.handleCallback:883 
11-17 07:16:51.071  2037  2037 I TelecomFramework: AccountEntry: reRegisterPstnPhoneAccount: subId: 1 - no change
11-17 07:16:51.178  1230  1809 I chatty  : uid=1000(system) Binder:1230_4 expire 6 lines
11-17 07:16:51.390  1230  9861 I chatty  : uid=1000(system) Binder:1230_11 expire 2 lines
11-17 07:16:51.471  2037  2037 I TelecomFramework: : Carrier-config changed, checking for phone account updates.
11-17 07:16:51.702  1230  1313 I chatty  : uid=1000(system) android.display expire 5 lines
11-17 07:16:51.823  1230  2689 I chatty  : uid=1000(system) Binder:1230_C expire 7 lines
11-17 07:16:52.801  1230  1343 I chatty  : uid=1000(system) FileObserver expire 1 line
11-17 07:16:52.826  1230 10090 I chatty  : uid=1000 system_server expire 1 line
11-17 07:16:52.827  1230 10091 I chatty  : uid=1000 system_server expire 1 line
11-17 07:16:52.833  1230 10092 I chatty  : uid=1000 system_server expire 1 line
11-17 07:16:52.841  1230 10093 I chatty  : uid=1000 system_server expire 1 line
11-17 07:16:52.912  1230  2242 I chatty  : uid=1000(system) Binder:1230_A expire 1 line
11-17 07:16:54.163  3580  3580 W ContextImpl: Calling a method in the system process without a qualified user: android.app.ContextImpl.startService:1589 android.content.ContextWrapper.startService:669 android.content.ContextWrapper.startService:669 com.byd.bydlogtool.LogReceiver.onReceive:49 android.app.ActivityThread.handleReceiver:3789 
11-17 07:16:54.353 10197 10197 W ContextImpl: Calling a method in the system process without a qualified user: android.app.ContextImpl.startService:1589 android.content.ContextWrapper.startService:669 android.content.ContextWrapper.startService:669 com.byd.higpsdata.HiGpsDataBootReceiver.onReceive:21 android.app.ActivityThread.handleReceiver:3789 
11-17 07:16:54.584 10219 10219 W ContextImpl: Calling a method in the system process without a qualified user: android.app.ContextImpl.startService:1589 android.content.ContextWrapper.startService:669 android.content.ContextWrapper.startService:669 com.byd.mediatesttool.ToolReceiver.onReceive:18 android.app.ActivityThread.handleReceiver:3789 
11-17 07:16:54.595  3187  3187 W ContextImpl: Calling a method in the system process without a qualified user: android.app.ContextImpl.startService:1589 android.content.ContextWrapper.startService:669 android.content.ContextWrapper.startService:669 com.byd.minikaraoke.main.KaraokeReceiver.onReceive:43 android.app.ActivityThread.handleReceiver:3789 
11-17 07:16:55.673  1230  1311 I chatty  : uid=1000(system) android.ui expire 4 lines
11-17 07:16:56.165  3306 10280 W ContextImpl: Calling a method in the system process without a qualified user: android.app.ContextImpl.startService:1589 android.content.ContextWrapper.startService:669 android.content.ContextWrapper.startService:669 com.qualcomm.qti.workloadclassifier.WLCReceiver$StartRunnable.run:45 java.lang.Thread.run:919 
11-17 07:16:57.005  2909  3883 W ContextImpl: Calling a method in the system process without a qualified user: android.app.ContextImpl.sendBroadcast:1079 android.content.ContextWrapper.sendBroadcast:453 com.byd.gpsinfo.broadcast.GpsInfoBroadcastManager.sendAltitudeBroadcast:96 com.byd.gpsinfo.manager.AltitudeManager.handleAltitudeBroadcast:41 com.byd.gpsinfo.listeners.GpsInfoLocationListener.updateLocation:81 
11-17 07:17:00.986  2909  3883 W ContextImpl: Calling a method in the system process without a qualified user: android.app.ContextImpl.sendBroadcast:1079 android.content.ContextWrapper.sendBroadcast:453 com.byd.gpsinfo.broadcast.GpsInfoBroadcastManager.sendAltitudeBroadcast:96 com.byd.gpsinfo.manager.AltitudeManager.handleAltitudeBroadcast:41 com.byd.gpsinfo.listeners.GpsInfoLocationListener.updateLocation:81 
11-17 07:17:01.191  1230  1230 I chatty  : uid=1000 system_server expire 4 lines
11-17 07:17:03.353  1230  1322 I chatty  : uid=1000(system) ActivityManager expire 8 lines
11-17 07:17:03.987  1230 10331 I chatty  : uid=1000 system_server expire 1 line
11-17 07:17:03.990  1230 10332 I chatty  : uid=1000 system_server expire 1 line
11-17 07:17:03.995  1230 10330 I chatty  : uid=1000 system_server expire 1 line
11-17 07:17:04.013  1230 10333 I chatty  : uid=1000 system_server expire 1 line
11-17 07:17:04.034  1230 10334 I chatty  : uid=1000 system_server expire 1 line
11-17 07:17:11.921  1230  2762 I chatty  : uid=1000(system) Binder:1230_D expire 7 lines
11-17 07:17:14.334  1230  1793 I chatty  : uid=1000(system) ConnectivitySer expire 2 lines
11-17 07:17:19.010  2909  3883 W ContextImpl: Calling a method in the system process without a qualified user: android.app.ContextImpl.sendBroadcast:1079 android.content.ContextWrapper.sendBroadcast:453 com.byd.gpsinfo.broadcast.GpsInfoBroadcastManager.sendAltitudeBroadcast:96 com.byd.gpsinfo.manager.AltitudeManager.handleAltitudeBroadcast:41 com.byd.gpsinfo.listeners.GpsInfoLocationListener.updateLocation:81 
11-17 07:17:23.015  2909  3883 W ContextImpl: Calling a method in the system process without a qualified user: android.app.ContextImpl.sendBroadcast:1079 android.content.ContextWrapper.sendBroadcast:453 com.byd.gpsinfo.broadcast.GpsInfoBroadcastManager.sendAltitudeBroadcast:96 com.byd.gpsinfo.manager.AltitudeManager.handleAltitudeBroadcast:41 com.byd.gpsinfo.listeners.GpsInfoLocationListener.updateLocation:81 
11-17 07:17:26.921  3247  3247 W ContextImpl: Calling a method in the system process without a qualified user: android.app.ContextImpl.sendBroadcast:1064 android.content.ContextWrapper.sendBroadcast:448 com.byd.otaupdate.ui.vehicleota.base.VehicleOTAUtil.sendBroadcastSystemIconForOTA:894 com.byd.otaupdate.ui.vehicleota.base.VehicleOTAUtil.disAppearSystemUI:797 com.byd.otaupdate.ui.vehicleota.base.VehicleOTAUtil.restoreFactorySettingsOfOTA:839 
11-17 07:17:26.953  3247  3247 W ContextImpl: Calling a method in the system process without a qualified user: android.app.ContextImpl.sendBroadcast:1079 android.content.ContextWrapper.sendBroadcast:453 com.byd.otaupdate.ui.vehicleota.base.VehicleOTAUtil.sendBroadcastToCarSettings:781 com.byd.otaupdate.ui.vehicleota.base.VehicleOTAUtil.sendBroadcastToCarSettings:757 com.byd.otaupdate.ui.vehicleota.base.VehicleOTAUtil.disAppearSystemUI:804 
11-17 07:17:26.998  3247  3247 W ContextImpl: Calling a method in the system process without a qualified user: android.app.ContextImpl.sendBroadcast:1079 android.content.ContextWrapper.sendBroadcast:453 com.byd.otaupdate.ui.vehicleota.base.VehicleOTAUtil.sendBroadcastToCarSettings:781 com.byd.otaupdate.ui.vehicleota.base.VehicleOTAUtil.sendBroadcastToCarSettings:757 com.byd.otaupdate.ui.vehicleota.base.VehicleOTAUtil.cancelAppointAlarm:1903 
11-17 07:17:41.004  2909  3883 W ContextImpl: Calling a method in the system process without a qualified user: android.app.ContextImpl.sendBroadcast:1079 android.content.ContextWrapper.sendBroadcast:453 com.byd.gpsinfo.broadcast.GpsInfoBroadcastManager.sendAltitudeBroadcast:96 com.byd.gpsinfo.manager.AltitudeManager.handleAltitudeBroadcast:41 com.byd.gpsinfo.listeners.GpsInfoLocationListener.updateLocation:81 
11-17 07:18:31.031  2909  3883 I chatty  : uid=1000(system) SetGpsInfoToMcu identical 10 lines
11-17 07:18:57.384  3535  3535 W ContextImpl: Calling a method in the system process without a qualified user: android.app.ContextImpl.startActivity:928 android.content.ContextWrapper.startActivity:383 com.byd.avc.context.ContextManager.startAndroidActivity:378 com.byd.avc.util.DeviceStates$ActivityControler.startAVCActivity:2902 com.byd.avc.rule.ruleImpl.PVCRuleManager$ProcessGearboxMsg.processGearboxAutoTypeMsg_R:255 
11-17 07:18:57.384  3535  3535 W ContextImpl: Calling a method in the system process without a qualified user: android.app.ContextImpl.startActivity:940 android.app.ContextImpl.startActivity:929 android.content.ContextWrapper.startActivity:383 com.byd.avc.context.ContextManager.startAndroidActivity:378 com.byd.avc.util.DeviceStates$ActivityControler.startAVCActivity:2902 
11-17 07:18:57.644  3349  3349 W ContextImpl: Calling a method in the system process without a qualified user: android.app.ContextImpl.sendBroadcast:1064 android.content.ContextWrapper.sendBroadcast:448 com.byd.service.presenter.RecorderPresenterImpl.e:17 com.byd.service.presenter.RecorderPresenterImpl$l.onReceive:134 android.app.LoadedApk$ReceiverDispatcher$Args.lambda$getRunnable$0$LoadedApk$ReceiverDispatcher$Args:1550 
11-17 07:18:57.662  1230  2207 I chatty  : uid=1000(system) Binder:1230_8 expire 9 lines
11-17 07:18:57.669  3349  3349 W ContextImpl: Calling a method in the system process without a qualified user: android.app.ContextImpl.sendBroadcast:1064 android.content.ContextWrapper.sendBroadcast:448 com.byd.service.presenter.RecorderPresenterImpl.e:37 com.byd.service.presenter.RecorderPresenterImpl$l.onReceive:134 android.app.LoadedApk$ReceiverDispatcher$Args.lambda$getRunnable$0$LoadedApk$ReceiverDispatcher$Args:1550 
11-17 07:18:57.674  3349  3349 W ContextImpl: Calling a method in the system process without a qualified user: android.app.ContextImpl.sendBroadcast:1064 android.content.ContextWrapper.sendBroadcast:448 com.byd.service.presenter.RecorderPresenterImpl.e:52 com.byd.service.presenter.RecorderPresenterImpl$l.onReceive:134 android.app.LoadedApk$ReceiverDispatcher$Args.lambda$getRunnable$0$LoadedApk$ReceiverDispatcher$Args:1550 
11-17 07:18:57.677  3349  3349 W ContextImpl: Calling a method in the system process without a qualified user: android.app.ContextImpl.sendBroadcast:1064 android.content.ContextWrapper.sendBroadcast:448 com.byd.service.presenter.RecorderPresenterImpl.e:67 com.byd.service.presenter.RecorderPresenterImpl$l.onReceive:134 android.app.LoadedApk$ReceiverDispatcher$Args.lambda$getRunnable$0$LoadedApk$ReceiverDispatcher$Args:1550 
11-17 07:18:57.681  3349  3349 W ContextImpl: Calling a method in the system process without a qualified user: android.app.ContextImpl.sendBroadcast:1064 android.content.ContextWrapper.sendBroadcast:448 com.byd.service.presenter.RecorderPresenterImpl.e:82 com.byd.service.presenter.RecorderPresenterImpl$l.onReceive:134 android.app.LoadedApk$ReceiverDispatcher$Args.lambda$getRunnable$0$LoadedApk$ReceiverDispatcher$Args:1550 
11-17 07:18:57.700  3349  3349 W ContextImpl: Calling a method in the system process without a qualified user: android.app.ContextImpl.sendBroadcast:1064 android.content.ContextWrapper.sendBroadcast:448 com.byd.service.presenter.RecorderPresenterImpl.e:17 com.byd.service.presenter.RecorderPresenterImpl$l.onReceive:66 android.app.LoadedApk$ReceiverDispatcher$Args.lambda$getRunnable$0$LoadedApk$ReceiverDispatcher$Args:1550 
11-17 07:18:57.702  3349  3349 W ContextImpl: Calling a method in the system process without a qualified user: android.app.ContextImpl.sendBroadcast:1064 android.content.ContextWrapper.sendBroadcast:448 com.byd.service.presenter.RecorderPresenterImpl.e:37 com.byd.service.presenter.RecorderPresenterImpl$l.onReceive:66 android.app.LoadedApk$ReceiverDispatcher$Args.lambda$getRunnable$0$LoadedApk$ReceiverDispatcher$Args:1550 
11-17 07:18:57.705  3349  3349 W ContextImpl: Calling a method in the system process without a qualified user: android.app.ContextImpl.sendBroadcast:1064 android.content.ContextWrapper.sendBroadcast:448 com.byd.service.presenter.RecorderPresenterImpl.e:52 com.byd.service.presenter.RecorderPresenterImpl$l.onReceive:66 android.app.LoadedApk$ReceiverDispatcher$Args.lambda$getRunnable$0$LoadedApk$ReceiverDispatcher$Args:1550 
11-17 07:18:57.709  3349  3349 W ContextImpl: Calling a method in the system process without a qualified user: android.app.ContextImpl.sendBroadcast:1064 android.content.ContextWrapper.sendBroadcast:448 com.byd.service.presenter.RecorderPresenterImpl.e:67 com.byd.service.presenter.RecorderPresenterImpl$l.onReceive:66 android.app.LoadedApk$ReceiverDispatcher$Args.lambda$getRunnable$0$LoadedApk$ReceiverDispatcher$Args:1550 
11-17 07:18:57.712  3349  3349 W ContextImpl: Calling a method in the system process without a qualified user: android.app.ContextImpl.sendBroadcast:1064 android.content.ContextWrapper.sendBroadcast:448 com.byd.service.presenter.RecorderPresenterImpl.e:82 com.byd.service.presenter.RecorderPresenterImpl$l.onReceive:66 android.app.LoadedApk$ReceiverDispatcher$Args.lambda$getRunnable$0$LoadedApk$ReceiverDispatcher$Args:1550 
11-17 07:19:13.826  1230  9069 I chatty  : uid=1000(system) Binder:1230_E expire 6 lines
11-17 07:19:13.941  1230  1313 I chatty  : uid=1000(system) android.display expire 18 lines
11-17 07:19:14.023  1230  9864 I chatty  : uid=1000(system) Binder:1230_14 expire 12 lines
11-17 07:19:14.065  1230  2242 I chatty  : uid=1000(system) Binder:1230_A expire 4 lines
11-17 07:19:14.065  1230  1346 I chatty  : uid=1000(system) AppAutoRotation expire 16 lines
11-17 07:19:14.073  1230  1322 I chatty  : uid=1000(system) ActivityManager expire 11 lines
11-17 07:19:14.143  1230  2762 I chatty  : uid=1000(system) Binder:1230_D expire 13 lines
11-17 07:19:14.160  1230  1311 I chatty  : uid=1000(system) android.ui expire 10 lines
11-17 07:19:14.252  1230  1314 I chatty  : uid=1000(system) android.anim expire 10 lines
11-17 07:19:15.561  2037  2037 I TelecomFramework: : onSubscriptionsChanged - update accounts
11-17 07:19:15.561  2037  2037 I TelecomFramework: PstnIncomingCallNotifier: Unregistering: Handler (com.qualcomm.qti.internal.telephony.QtiGsmCdmaPhone) {1aae8b2}
11-17 07:19:15.566  2037  2037 I TelecomFramework: TelecomAccountRegistry: setupAccounts: Found 2 phones.  Attempting to register.
11-17 07:19:15.568  2037  2037 I TelecomFramework: TelecomAccountRegistry: setupAccounts: Phone with subscription id: 1 slotId: 0 provisionStatus: 1
11-17 07:19:15.572  1230  1807 I chatty  : uid=1000(system) Binder:1230_3 expire 3 lines
11-17 07:19:15.629  2037  2037 I TelecomFramework: AccountEntry: Registered phoneAccount: [[ ] PhoneAccount: ComponentInfo{com.android.phone/com.android.services.telephony.TelephonyConnectionService}, ***, UserHandle{0} Capabilities: CallProvider MultiUser PlaceEmerg SimSub  Audio Routes: BESW Schemes: tel voicemail  Extras: Bundle[{android.telecom.extra.SUPPORTS_VIDEO_CALLING_FALLBACK=true, android.telecom.extra.SORT_ORDER=0}] GroupId: ***] with handle: ComponentInfo{com.android.phone/com.android.services.telephony.TelephonyConnectionService}, ***, UserHandle{0}
11-17 07:19:15.629  2037  2037 I TelecomFramework: PstnIncomingCallNotifier: Registering: Handler (com.qualcomm.qti.internal.telephony.QtiGsmCdmaPhone) {1aae8b2}
11-17 07:19:15.646  2037  2037 I TelecomFramework: TelecomAccountRegistry: setupAccounts: Phone with subscription id: -1 slotId: 1 provisionStatus: -2
11-17 07:19:15.683  2037  2037 I TelecomFramework: PstnPhoneCapabilitiesNotifier: handleVideoCapabilitesChanged. Video capability - false
11-17 07:19:15.705  1230  1272 I chatty  : uid=1000(system) Binder:1230_2 expire 11 lines
11-17 07:19:25.291  1230 10839 I chatty  : uid=1000 system_server expire 1 line
11-17 07:19:25.298  1230 10841 I chatty  : uid=1000 system_server expire 1 line
11-17 07:19:25.302  1230 10842 I chatty  : uid=1000 system_server expire 1 line
11-17 07:19:25.304  1230 10843 I chatty  : uid=1000 system_server expire 1 line
11-17 07:19:25.305  1230 10840 I chatty  : uid=1000 system_server expire 1 line
11-17 07:19:34.424  1230  2689 I chatty  : uid=1000(system) Binder:1230_C expire 9 lines
11-17 07:19:34.507  3668  3668 W ContextImpl: Calling a method in the system process without a qualified user: android.app.ContextImpl.sendBroadcast:1079 android.content.ContextWrapper.sendBroadcast:453 com.android.launcher3.Stats.recordLaunch:146 com.android.launcher3.Launcher.startAppShortcutOrInfoActivity:3508 com.android.launcher3.Launcher.onClickAppShortcut:3343 
11-17 07:19:34.563  1230  1323 I chatty  : uid=1000(system) ActivityManager expire 7 lines
11-17 07:19:35.412  1230  2171 I chatty  : uid=1000(system) Binder:1230_7 expire 10 lines
11-17 07:19:37.127  1230  1809 I chatty  : uid=1000(system) Binder:1230_4 expire 2 lines
11-17 07:19:37.834  1230  2397 I chatty  : uid=1000(system) Binder:1230_B expire 10 lines
11-17 07:19:38.086  1230  2809 I chatty  : uid=1000(system) LazyTaskWriterT expire 4 lines
11-17 07:19:38.212 10913 11321 E ActivityThread: Failed to find provider info for com.vivo.push.sdk.service.SystemPushConfig
11-17 07:19:38.214 10913 11342 E ActivityThread: Failed to find provider info for com.vivo.push.sdk.service.SystemPushConfig
11-17 07:19:38.439  1230  1312 I chatty  : uid=1000(system) android.io expire 3 lines
11-17 07:19:39.713  1230 11447 I chatty  : uid=1000 system_server expire 1 line
11-17 07:19:39.716  1230 11446 I chatty  : uid=1000 system_server expire 1 line
11-17 07:19:39.716  1230 11450 I chatty  : uid=1000 system_server expire 1 line
11-17 07:19:39.717  1230 11449 I chatty  : uid=1000 system_server expire 1 line
11-17 07:19:39.719  1230 11448 I chatty  : uid=1000 system_server expire 1 line
11-17 07:19:40.143 10913 11357 W PackageParser: Unknown element under <manifest>: supports-gl-texture at /data/app/com.baidu.BaiduMap-b1bNK8KoMS7mcLdWfWvwfA==/base.apk Binary XML file line #124
11-17 07:19:40.144 10913 11357 W PackageParser: Unknown element under <manifest>: supports-gl-texture at /data/app/com.baidu.BaiduMap-b1bNK8KoMS7mcLdWfWvwfA==/base.apk Binary XML file line #125
11-17 07:19:40.173 10913 11357 W PackageParser: No actions in intent filter at /data/app/com.baidu.BaiduMap-b1bNK8KoMS7mcLdWfWvwfA==/base.apk Binary XML file line #2800
11-17 07:19:40.243  1230  1683 I chatty  : uid=1000(system) AlarmManager expire 2 lines
11-17 07:19:41.105  1230  1322 I chatty  : uid=1000(system) ActivityManager expire 25 lines
11-17 07:19:44.710  1230  2762 I chatty  : uid=1000(system) Binder:1230_D expire 1 line
11-17 07:19:44.794  1230  1793 I chatty  : uid=1000(system) ConnectivitySer expire 7 lines
11-17 07:19:47.034  3349 11824 W ContextImpl: Calling a method in the system process without a qualified user: android.app.ContextImpl.sendBroadcast:1064 android.content.ContextWrapper.sendBroadcast:448 com.byd.service.a.a.e:9 com.byd.service.a.a.b:3 com.byd.service.a.a.a:0 
11-17 07:19:52.362  1230  9862 I chatty  : uid=1000(system) Binder:1230_12 expire 7 lines
11-17 07:19:52.382  1230  2171 I chatty  : uid=1000(system) Binder:1230_7 expire 2 lines
11-17 07:20:03.444  1230  1830 I chatty  : uid=1000(system) PhotonicModulat expire 54 lines
11-17 07:20:03.447  1230  1230 I chatty  : uid=1000 system_server expire 6 lines
11-17 07:20:03.449  1230  1358 I chatty  : uid=1000(system) PowerManagerSer expire 17 lines
11-17 07:20:27.784  1230  1346 I chatty  : uid=1000(system) AppAutoRotation expire 12 lines
11-17 07:20:32.353  1230 12017 I chatty  : uid=1000 system_server expire 1 line
11-17 07:20:32.355  1230 12018 I chatty  : uid=1000 system_server expire 1 line
11-17 07:20:32.355  1230 12020 I chatty  : uid=1000 system_server expire 1 line
11-17 07:20:32.357  1230 12019 I chatty  : uid=1000 system_server expire 1 line
11-17 07:20:32.360  1230 12021 I chatty  : uid=1000 system_server expire 1 line
11-17 07:20:48.543  3535  3535 W ContextImpl: Calling a method in the system process without a qualified user: android.app.ContextImpl.startActivity:928 android.content.ContextWrapper.startActivity:383 com.byd.avc.context.ContextManager.startAndroidActivity:378 com.byd.avc.util.DeviceStates$ActivityControler.startAVCActivity:2902 com.byd.avc.rule.ruleImpl.PVCRuleManager$ProcessRadarMsg.onRadarChanged:978 
11-17 07:20:48.543  3535  3535 W ContextImpl: Calling a method in the system process without a qualified user: android.app.ContextImpl.startActivity:940 android.app.ContextImpl.startActivity:929 android.content.ContextWrapper.startActivity:383 com.byd.avc.context.ContextManager.startAndroidActivity:378 com.byd.avc.util.DeviceStates$ActivityControler.startAVCActivity:2902 
11-17 07:20:48.545  1230  9864 I chatty  : uid=1000(system) Binder:1230_14 expire 2 lines
11-17 07:20:48.579  1230  9863 I chatty  : uid=1000(system) Binder:1230_13 expire 18 lines
11-17 07:20:48.622  1230  1314 I chatty  : uid=1000(system) android.anim expire 13 lines
11-17 07:20:49.273  3349  3349 W ContextImpl: Calling a method in the system process without a qualified user: android.app.ContextImpl.sendBroadcast:1064 android.content.ContextWrapper.sendBroadcast:448 com.byd.service.presenter.RecorderPresenterImpl.e:17 com.byd.service.presenter.RecorderPresenterImpl$l.onReceive:134 android.app.LoadedApk$ReceiverDispatcher$Args.lambda$getRunnable$0$LoadedApk$ReceiverDispatcher$Args:1550 
11-17 07:20:49.276  1230 12042 I chatty  : uid=1000(system) Binder:1230_15 expire 2 lines
11-17 07:20:49.334  3349  3349 W ContextImpl: Calling a method in the system process without a qualified user: android.app.ContextImpl.sendBroadcast:1064 android.content.ContextWrapper.sendBroadcast:448 com.byd.service.presenter.RecorderPresenterImpl.e:37 com.byd.service.presenter.RecorderPresenterImpl$l.onReceive:134 android.app.LoadedApk$ReceiverDispatcher$Args.lambda$getRunnable$0$LoadedApk$ReceiverDispatcher$Args:1550 
11-17 07:20:49.345  3349  3349 W ContextImpl: Calling a method in the system process without a qualified user: android.app.ContextImpl.sendBroadcast:1064 android.content.ContextWrapper.sendBroadcast:448 com.byd.service.presenter.RecorderPresenterImpl.e:52 com.byd.service.presenter.RecorderPresenterImpl$l.onReceive:134 android.app.LoadedApk$ReceiverDispatcher$Args.lambda$getRunnable$0$LoadedApk$ReceiverDispatcher$Args:1550 
11-17 07:20:49.348  3349  3349 W ContextImpl: Calling a method in the system process without a qualified user: android.app.ContextImpl.sendBroadcast:1064 android.content.ContextWrapper.sendBroadcast:448 com.byd.service.presenter.RecorderPresenterImpl.e:67 com.byd.service.presenter.RecorderPresenterImpl$l.onReceive:134 android.app.LoadedApk$ReceiverDispatcher$Args.lambda$getRunnable$0$LoadedApk$ReceiverDispatcher$Args:1550 
11-17 07:20:49.354  3349  3349 W ContextImpl: Calling a method in the system process without a qualified user: android.app.ContextImpl.sendBroadcast:1064 android.content.ContextWrapper.sendBroadcast:448 com.byd.service.presenter.RecorderPresenterImpl.e:82 com.byd.service.presenter.RecorderPresenterImpl$l.onReceive:134 android.app.LoadedApk$ReceiverDispatcher$Args.lambda$getRunnable$0$LoadedApk$ReceiverDispatcher$Args:1550 
11-17 07:20:49.359  3349  3349 W ContextImpl: Calling a method in the system process without a qualified user: android.app.ContextImpl.sendBroadcast:1064 android.content.ContextWrapper.sendBroadcast:448 com.byd.service.presenter.RecorderPresenterImpl.e:17 com.byd.service.presenter.RecorderPresenterImpl$l.onReceive:66 android.app.LoadedApk$ReceiverDispatcher$Args.lambda$getRunnable$0$LoadedApk$ReceiverDispatcher$Args:1550 
11-17 07:20:49.363  3349  3349 W ContextImpl: Calling a method in the system process without a qualified user: android.app.ContextImpl.sendBroadcast:1064 android.content.ContextWrapper.sendBroadcast:448 com.byd.service.presenter.RecorderPresenterImpl.e:37 com.byd.service.presenter.RecorderPresenterImpl$l.onReceive:66 android.app.LoadedApk$ReceiverDispatcher$Args.lambda$getRunnable$0$LoadedApk$ReceiverDispatcher$Args:1550 
11-17 07:20:49.366  1230  2221 I chatty  : uid=1000(system) Binder:1230_9 expire 1 line
11-17 07:20:49.369  3349  3349 W ContextImpl: Calling a method in the system process without a qualified user: android.app.ContextImpl.sendBroadcast:1064 android.content.ContextWrapper.sendBroadcast:448 com.byd.service.presenter.RecorderPresenterImpl.e:52 com.byd.service.presenter.RecorderPresenterImpl$l.onReceive:66 android.app.LoadedApk$ReceiverDispatcher$Args.lambda$getRunnable$0$LoadedApk$ReceiverDispatcher$Args:1550 
11-17 07:20:49.394  3349  3349 W ContextImpl: Calling a method in the system process without a qualified user: android.app.ContextImpl.sendBroadcast:1064 android.content.ContextWrapper.sendBroadcast:448 com.byd.service.presenter.RecorderPresenterImpl.e:67 com.byd.service.presenter.RecorderPresenterImpl$l.onReceive:66 android.app.LoadedApk$ReceiverDispatcher$Args.lambda$getRunnable$0$LoadedApk$ReceiverDispatcher$Args:1550 
11-17 07:20:49.406  3349  3349 W ContextImpl: Calling a method in the system process without a qualified user: android.app.ContextImpl.sendBroadcast:1064 android.content.ContextWrapper.sendBroadcast:448 com.byd.service.presenter.RecorderPresenterImpl.e:82 com.byd.service.presenter.RecorderPresenterImpl$l.onReceive:66 android.app.LoadedApk$ReceiverDispatcher$Args.lambda$getRunnable$0$LoadedApk$ReceiverDispatcher$Args:1550 
11-17 07:20:50.719  1230  9077 I chatty  : uid=1000(system) Binder:1230_F expire 1 line
11-17 07:20:54.017  2909  3883 I chatty  : uid=1000(system) SetGpsInfoToMcu expire 5 lines
11-17 07:21:40.213  1230 12299 I chatty  : uid=1000 system_server expire 1 line
11-17 07:21:40.220  1230 12300 I chatty  : uid=1000 system_server expire 1 line
11-17 07:21:40.222  1230 12301 I chatty  : uid=1000 system_server expire 1 line
11-17 07:21:40.227  1230 12302 I chatty  : uid=1000 system_server expire 1 line
11-17 07:21:40.234  1230 12303 I chatty  : uid=1000 system_server expire 1 line
11-17 07:21:55.459  1230 12352 I chatty  : uid=1000 system_server expire 1 line
11-17 07:21:55.462  1230 12353 I chatty  : uid=1000 system_server expire 1 line
11-17 07:21:55.467  1230 12354 I chatty  : uid=1000 system_server expire 1 line
11-17 07:21:55.477  1230 12356 I chatty  : uid=1000 system_server expire 1 line
11-17 07:21:55.484  1230 12355 I chatty  : uid=1000 system_server expire 1 line
11-17 07:22:09.891  1230  1230 I chatty  : uid=1000 system_server expire 10 lines
11-17 07:22:18.694  1230  1310 I chatty  : uid=1000(system) android.fg expire 25 lines
11-17 07:22:40.191  1230 12513 I chatty  : uid=1000 system_server expire 1 line
11-17 07:22:40.198  1230 12514 I chatty  : uid=1000 system_server expire 1 line
11-17 07:22:40.199  1230 12515 I chatty  : uid=1000 system_server expire 1 line
11-17 07:22:40.207  1230 12516 I chatty  : uid=1000 system_server expire 1 line
11-17 07:22:40.210  1230 12517 I chatty  : uid=1000 system_server expire 1 line
11-17 07:22:47.069  3349 12545 W ContextImpl: Calling a method in the system process without a qualified user: android.app.ContextImpl.sendBroadcast:1064 android.content.ContextWrapper.sendBroadcast:448 com.byd.service.a.a.e:9 com.byd.service.a.a.b:3 com.byd.service.a.a.a:0 
11-17 07:22:49.570  1230  1321 I chatty  : uid=1000(system) android.bg expire 2 lines
11-17 07:23:40.194  1230 12726 I chatty  : uid=1000 system_server expire 1 line
11-17 07:23:40.200  1230 12728 I chatty  : uid=1000 system_server expire 1 line
11-17 07:23:40.207  1230 12727 I chatty  : uid=1000 system_server expire 1 line
11-17 07:23:40.212  1230 12729 I chatty  : uid=1000 system_server expire 1 line
11-17 07:23:40.221  1230 12730 I chatty  : uid=1000 system_server expire 1 line
11-17 07:23:48.224  1230  1830 I chatty  : uid=1000(system) PhotonicModulat expire 10 lines
11-17 07:24:23.817  1230  1322 I chatty  : uid=1000(system) ActivityManager expire 10 lines
11-17 07:24:27.210  1230  1271 I chatty  : uid=1000(system) Binder:1230_1 expire 3 lines
11-17 07:24:27.249  2037  2037 I TelecomFramework: : onSubscriptionsChanged - update accounts
11-17 07:24:27.249  2037  2037 I TelecomFramework: PstnIncomingCallNotifier: Unregistering: Handler (com.qualcomm.qti.internal.telephony.QtiGsmCdmaPhone) {1aae8b2}
11-17 07:24:27.259  2037  2037 I TelecomFramework: TelecomAccountRegistry: setupAccounts: Found 2 phones.  Attempting to register.
11-17 07:24:27.260  2037  2037 I TelecomFramework: TelecomAccountRegistry: setupAccounts: Phone with subscription id: 1 slotId: 0 provisionStatus: 1
11-17 07:24:27.331  1230  9266 I chatty  : uid=1000(system) Binder:1230_10 expire 2 lines
11-17 07:24:27.333  2037  2037 I TelecomFramework: AccountEntry: Registered phoneAccount: [[ ] PhoneAccount: ComponentInfo{com.android.phone/com.android.services.telephony.TelephonyConnectionService}, ***, UserHandle{0} Capabilities: CallProvider MultiUser PlaceEmerg SimSub  Audio Routes: BESW Schemes: tel voicemail  Extras: Bundle[{android.telecom.extra.SUPPORTS_VIDEO_CALLING_FALLBACK=true, android.telecom.extra.SORT_ORDER=0}] GroupId: ***] with handle: ComponentInfo{com.android.phone/com.android.services.telephony.TelephonyConnectionService}, ***, UserHandle{0}
11-17 07:24:27.334  2037  2037 I TelecomFramework: PstnIncomingCallNotifier: Registering: Handler (com.qualcomm.qti.internal.telephony.QtiGsmCdmaPhone) {1aae8b2}
11-17 07:24:27.339  2037  2037 I TelecomFramework: TelecomAccountRegistry: setupAccounts: Phone with subscription id: -1 slotId: 1 provisionStatus: -2
11-17 07:24:27.378  2037  2037 I TelecomFramework: PstnPhoneCapabilitiesNotifier: handleVideoCapabilitesChanged. Video capability - false
11-17 07:24:40.199  1230 12941 I chatty  : uid=1000 system_server expire 1 line
11-17 07:24:40.203  1230 12942 I chatty  : uid=1000 system_server expire 1 line
11-17 07:24:40.206  1230 12943 I chatty  : uid=1000 system_server expire 1 line
11-17 07:24:40.211  1230 12944 I chatty  : uid=1000 system_server expire 1 line
11-17 07:24:40.219  1230 12945 I chatty  : uid=1000 system_server expire 1 line
11-17 07:25:40.183  1230 13176 I chatty  : uid=1000 system_server expire 1 line
11-17 07:25:40.186  1230 13177 I chatty  : uid=1000 system_server expire 1 line
11-17 07:25:40.189  1230 13178 I chatty  : uid=1000 system_server expire 1 line
11-17 07:25:40.192  1230 13179 I chatty  : uid=1000 system_server expire 1 line
11-17 07:25:40.201  1230 13180 I chatty  : uid=1000 system_server expire 1 line
11-17 07:25:41.160  1230  1830 I chatty  : uid=1000(system) PhotonicModulat expire 10 lines
11-17 07:25:41.161  1230  1230 I chatty  : uid=1000 system_server expire 20 lines
11-17 07:25:41.162  1230  1358 I chatty  : uid=1000(system) PowerManagerSer expire 20 lines
11-17 07:25:47.056  3349 13210 W ContextImpl: Calling a method in the system process without a qualified user: android.app.ContextImpl.sendBroadcast:1064 android.content.ContextWrapper.sendBroadcast:448 com.byd.service.a.a.e:9 com.byd.service.a.a.b:3 com.byd.service.a.a.a:0 
11-17 07:26:40.230  1230 13385 I chatty  : uid=1000 system_server expire 1 line
11-17 07:26:40.232  1230 13386 I chatty  : uid=1000 system_server expire 1 line
11-17 07:26:40.236  1230 13387 I chatty  : uid=1000 system_server expire 1 line
11-17 07:26:40.240  1230 13388 I chatty  : uid=1000 system_server expire 1 line
11-17 07:26:40.243  1230 13389 I chatty  : uid=1000 system_server expire 1 line
11-17 07:26:56.489  1230 13455 I chatty  : uid=1000 system_server expire 1 line
11-17 07:26:56.493  1230 13456 I chatty  : uid=1000 system_server expire 1 line
11-17 07:26:56.498  1230 13458 I chatty  : uid=1000 system_server expire 1 line
11-17 07:26:56.496  1230 13457 I chatty  : uid=1000 system_server expire 1 line
11-17 07:26:56.516  1230 13459 I chatty  : uid=1000 system_server expire 1 line
