10-31 19:23:19.287  1232  4731 D BroadcastQueue: ssc_skip reciever for uid 1000 name = com.byd.silentinstaller, broadcast=android.intent.action.MEDIA_MOUNTED
10-31 19:23:19.342  1232  1405 I ActivityManager: Start proc 5141:com.byd.silentinstaller/1000 for broadcast {com.byd.silentinstaller/com.byd.silentinstaller.USBBroadcastReceiver}
10-31 19:23:19.605  1232  4590 D BroadcastQueue: ssc_skip reciever for uid 10077 name = com.quark.browser, broadcast=android.intent.action.MEDIA_MOUNTED
10-31 19:23:19.605  1232  4590 D ActivityManager: UID 10077 is not running
10-31 19:23:19.606  1232  4590 D ActivityManager: packageName 10077  NOT RUNNING
10-31 19:23:19.606  1232  4590 D BroadcastQueue: ssc_skip reciever for uid 10077 name = com.quark.browser ignored !!!
10-31 19:23:19.608  1232  1404 D BroadcastQueue: ssc_skip reciever for uid 1000 name = com.byd.bluetoothcall, broadcast=android.bluetooth.headsetclient.profile.action.CONNECTION_STATE_CHANGED
10-31 19:23:19.616  3379  3379 W ContextImpl: Calling a method in the system process without a qualified user: android.app.ContextImpl.startService:1589 android.content.ContextWrapper.startService:669 android.content.ContextWrapper.startService:669 com.byd.bluetoothcall.BluetoothCallReceiver.onReceive:43 android.app.ActivityThread.handleReceiver:3789 
10-31 19:23:19.616  1232  4590 D ActivityManager: ssc_skip startServiceLocked 1000 want to start 1000, package com.byd.bluetoothcall
10-31 19:23:19.618  1232  4590 D BroadcastQueue: ssc_skip reciever for uid 1000 name = com.byd.btsetting, broadcast=android.bluetooth.adapter.action.CONNECTION_STATE_CHANGED
10-31 19:23:19.658  1232  1405 I ActivityManager: Start proc 5166:com.byd.btsetting/1000 for broadcast {com.byd.btsetting/com.byd.btsetting.bluetooth.BluetoothDisConnDialogReceiver}
10-31 19:23:19.789  1232  1391 D BluetoothManagerService: MESSAGE_REGISTER_ADAPTER
10-31 19:23:19.805  1232  4590 D ActivityManager: bindServiceLocked  1000 process com.byd.btsetting  want to bind 1002
10-31 19:23:19.814  1232  4590 I chatty  : uid=1000(system) Binder:1232_10 identical 1 line
10-31 19:23:19.819  1232  4590 D ActivityManager: bindServiceLocked  1000 process com.byd.btsetting  want to bind 1002
10-31 19:23:19.964  1232  1389 D WindowManager: sysstate setSystemUiVisibility visibility is 32776
10-31 19:23:19.966  1232  1392 I WindowManager:  gww setNewFocusStatusForDvider 
10-31 19:23:20.022  1232  1388 W Looper  : Slow dispatch took 558ms android.fg h=android.os.Handler c=java.util.concurrent.FutureTask@250e4ec m=0
10-31 19:23:20.047  1232  1792 E ConnectivityService: updateLinkProperties:wlan0
10-31 19:23:20.083  1232  1393 V WindowManager: syslog performShowLocked: mDrawState=HAS_DRAWN in Window{29f0df9 u0 com.byd.customserver}
10-31 19:23:20.354  1232  1404 D AMSExternal: exit poweron app package:com.android.server.accmodemanager isPanoOffAndUserUnlocked:true current:com.android.server.accmodemanager
10-31 19:23:20.354  1232  1404 D AMSExternal: startPowerOnApp packageName:com.byd.cloudservicesalertdialog
10-31 19:23:20.354  1232  1404 D AMSExternal: mNeedShowCloudServices = false
10-31 19:23:20.355  1232  1404 D AMSExternal: updatePowerOnCurrentApp packageName:com.byd.cloudservicesalertdialog reason:startup current:com.android.server.accmodemanager
10-31 19:23:20.364  2835  4580 W ContextImpl: Calling a method in the system process without a qualified user: android.app.ContextImpl.sendBroadcast:1064 android.content.ContextWrapper.sendBroadcast:448 com.byd.gpsinfo.broadcast.GpsInfoBroadcastManager.sendGpsFixStateBroadcast:83 com.byd.gpsinfo.task.UpdateRunnable.showOrHideGpsIcon:163 com.byd.gpsinfo.task.UpdateRunnable.updateTask:55 
10-31 19:23:20.371  1232  1404 D AMSExternal: updatePowerOnCurrentApp end:com.byd.cloudservicesalertdialog
10-31 19:23:20.373  1232  1404 D AMSExternal: exit poweron app package:com.byd.cloudservicesalertdialog isPanoOffAndUserUnlocked:true current:com.byd.cloudservicesalertdialog
10-31 19:23:20.373  1232  1404 D AMSExternal: startPowerOnApp packageName:com.byd.warning
10-31 19:23:20.373  1232  1404 D AMSExternal: mNeedShowWarning = false
10-31 19:23:20.373  1232  1404 D AMSExternal: updatePowerOnCurrentApp packageName:com.byd.warning reason:startup current:com.byd.cloudservicesalertdialog
10-31 19:23:20.376  1232  1404 D AMSExternal: updatePowerOnCurrentApp end:com.byd.warning
10-31 19:23:20.381  1232  1404 D AMSExternal: exit poweron app package:com.byd.warning isPanoOffAndUserUnlocked:true current:com.byd.warning
10-31 19:23:20.381  1232  1404 D AMSExternal: startPowerOnApp packageName:com.android.launcher3
10-31 19:23:20.384  1232  1404 D ActivityTaskManager: START intent = Intent { act=android.intent.action.MAIN cat=[android.intent.category.HOME_ONLY] flg=0x10200000 cmp=com.android.launcher3/.Launcher (has extras) }, processName = system
10-31 19:23:20.384  1232  1404 I ActivityTaskManager: START u0 {act=android.intent.action.MAIN cat=[android.intent.category.HOME_ONLY] flg=0x10200000 cmp=com.android.launcher3/.Launcher (has extras)} from uid 1000
10-31 19:23:20.391  1232  1404 D AMSExternal: updatePowerOnCurrentApp packageName:com.android.launcher3 reason:startup current:com.byd.warning
10-31 19:23:20.394  1232  1404 D AMSExternal: updatePowerOnCurrentApp end:com.android.launcher3
10-31 19:23:20.394  1232  1404 D BroadcastQueue: ssc_skip reciever for uid 1000 name = com.byd.autovoice, broadcast=android.intent.action.POWERON_APP_CHANGE
10-31 19:23:20.400  1232  4734 D BroadcastQueue: ssc_skip reciever for uid 1000 name = com.byd.mediacenter, broadcast=android.intent.action.POWERON_APP_CHANGE
10-31 19:23:20.407  3418  3418 W ContextImpl: Calling a method in the system process without a qualified user: android.app.ContextImpl.startService:1589 android.content.ContextWrapper.startService:669 android.content.ContextWrapper.startService:669 com.byd.mediacenter.MediaReceiver.onReceive:84 android.app.ActivityThread.handleReceiver:3789 
10-31 19:23:20.415  1232  4590 D ActivityManager: ssc_skip startServiceLocked 1000 want to start 1000, package com.byd.mediacenter
10-31 19:23:20.433  1232  4590 W BroadcastQueue: Permission Denial: receiving Intent { act=android.intent.action.POWERON_APP_CHANGE flg=0x1000030 (has extras) } to com.byd.pushservice/.BootReceiver requires android.permission.POWERON_APP_CHANGE due to sender android (uid 1000)
10-31 19:23:20.433  1232  4590 D BroadcastQueue: ssc_skip reciever for uid 10049 name = com.byd.pushservice, broadcast=android.intent.action.POWERON_APP_CHANGE
10-31 19:23:20.435  1232  1404 D BroadcastQueue: ssc_skip reciever for uid 1000 name = com.byd.autovoice, broadcast=android.intent.action.POWERON_APP_CHANGE
10-31 19:23:20.451  3270  4623 W ContextImpl: Calling a method in the system process without a qualified user: android.app.ContextImpl.sendBroadcast:1064 android.content.ContextWrapper.sendBroadcast:448 com.byd.service.a.a.e:9 com.byd.service.a.a.b:3 com.byd.service.a.a.a:0 
10-31 19:23:20.458  1232  2158 D BroadcastQueue: ssc_skip reciever for uid 1000 name = com.byd.mediacenter, broadcast=android.intent.action.POWERON_APP_CHANGE
10-31 19:23:20.488  1232  4734 D ConnectivityService: requestNetwork for uid/pid:1000/3418 NetworkRequest [ TRACK_DEFAULT id=21, [ Capabilities: INTERNET&NOT_RESTRICTED&TRUSTED Uid: 1000] ]
10-31 19:23:20.505  3418  3418 W ActivityThread: ClassLoader.loadClass: The class loader returned by Thread.getContextClassLoader() may fail for processes that host multiple applications. You should explicitly specify a context class loader. For example: Thread.setContextClassLoader(getClass().getClassLoader());
10-31 19:23:20.534  3418  3418 W ContextImpl: Calling a method in the system process without a qualified user: android.app.ContextImpl.bindService:1668 android.content.ContextWrapper.bindService:705 com.kaolafm.sdk.core.mediaplayer.PlayerManager.bindService:657 com.kaolafm.sdk.core.mediaplayer.PlayerManager.<init>:547 com.kaolafm.sdk.core.mediaplayer.PlayerManager.getInstance:556 
10-31 19:23:20.535  1232  4734 D ActivityManager: bindServiceLocked  1000 process com.byd.mediacenter  want to bind 1000
10-31 19:23:20.556  1232  1300 D ConnectivityService: isPidInFuncApnList pid: 3418
10-31 19:23:20.597  1232  4734 D ConnectivityService: isPidInFuncApnList pid: 3418
10-31 19:23:20.598  1232  1300 D ConnectivityService: isPidInFuncApnList pid: 3418
10-31 19:23:20.600  1232  1300 I chatty  : uid=1000(system) Binder:1232_2 identical 3 lines
10-31 19:23:20.601  1232  1300 D ConnectivityService: isPidInFuncApnList pid: 3418
10-31 19:23:20.640  1232  1391 D BluetoothManagerService: MESSAGE_REGISTER_ADAPTER
10-31 19:23:20.694  3418  3418 W ContextImpl: Calling a method in the system process without a qualified user: android.app.ContextImpl.startService:1589 android.content.ContextWrapper.startService:669 android.content.ContextWrapper.startService:669 com.byd.mediacenter.MediaReceiver.onReceive:84 android.app.ActivityThread.handleReceiver:3789 
10-31 19:23:20.695  1232  1300 D ActivityManager: ssc_skip startServiceLocked 1000 want to start 1000, package com.byd.mediacenter
10-31 19:23:20.699  3418  3418 W ContextImpl: Calling a method in the system process without a qualified user: android.app.ContextImpl.bindService:1668 android.content.ContextWrapper.bindService:705 com.kaolafm.sdk.core.mediaplayer.VLCMediaPlayClient.bindVLCPlayService:498 com.kaolafm.sdk.core.mediaplayer.PlayerService.onCreate:60 android.app.ActivityThread.handleCreateService:3954 
10-31 19:23:20.701  1232  2158 D ActivityManager: bindServiceLocked  1000 process com.byd.mediacenter  want to bind 1000
10-31 19:23:20.708  1232  4734 W BroadcastQueue: Permission Denial: receiving Intent { act=android.intent.action.POWERON_APP_CHANGE flg=0x1000030 (has extras) } to com.byd.pushservice/.BootReceiver requires android.permission.POWERON_APP_CHANGE due to sender android (uid 1000)
10-31 19:23:20.708  1232  4734 D BroadcastQueue: ssc_skip reciever for uid 10049 name = com.byd.pushservice, broadcast=android.intent.action.POWERON_APP_CHANGE
10-31 19:23:20.709  1232  1404 D BroadcastQueue: ssc_skip reciever for uid 1000 name = com.byd.autovoice, broadcast=android.intent.action.POWERON_APP_CHANGE
10-31 19:23:20.714  1232  2158 D ConnectivityService: isPidInFuncApnList pid: 3418
10-31 19:23:20.721  1232  4734 D BroadcastQueue: ssc_skip reciever for uid 1000 name = com.byd.mediacenter, broadcast=android.intent.action.POWERON_APP_CHANGE
10-31 19:23:20.789  1232  4734 D ConnectivityService: isPidInFuncApnList pid: 3418
10-31 19:23:20.801  3418  3418 W ContextImpl: Calling a method in the system process without a qualified user: android.app.ContextImpl.startService:1589 android.content.ContextWrapper.startService:669 android.content.ContextWrapper.startService:669 com.byd.mediacenter.MediaReceiver.onReceive:84 android.app.ActivityThread.handleReceiver:3789 
10-31 19:23:20.801  1232  1300 D ActivityManager: ssc_skip startServiceLocked 1000 want to start 1000, package com.byd.mediacenter
10-31 19:23:20.802  1232  1300 W BroadcastQueue: Permission Denial: receiving Intent { act=android.intent.action.POWERON_APP_CHANGE flg=0x1000030 (has extras) } to com.byd.pushservice/.BootReceiver requires android.permission.POWERON_APP_CHANGE due to sender android (uid 1000)
10-31 19:23:20.802  1232  1300 D BroadcastQueue: ssc_skip reciever for uid 10049 name = com.byd.pushservice, broadcast=android.intent.action.POWERON_APP_CHANGE
10-31 19:23:20.804  1232  1404 D BroadcastQueue: ssc_skip reciever for uid 1000 name = com.byd.btsetting, broadcast=android.bluetooth.device.action.ACL_CONNECTED
10-31 19:23:20.809  1232  1300 D BroadcastQueue: ssc_skip reciever for uid 10016 name = com.byd.negativescreen, broadcast=android.bluetooth.device.action.ACL_CONNECTED
10-31 19:23:20.814  1232  1391 D BluetoothManagerService: MESSAGE_REGISTER_ADAPTER
10-31 19:23:20.824  1232  1792 D ConnectivityService: NetworkAgentInfo [WIFI () - 101] validation passed
10-31 19:23:20.838   524  1167 E NetlinkEvent: NetlinkEvent::FindParam(): Parameter 'INTERFACE' not found
10-31 19:23:20.838   524  1167 E NetlinkEvent: NetlinkEvent::FindParam(): Parameter 'STATE' not found
10-31 19:23:20.838   524  1167 E NetlinkEvent: NetlinkEvent::FindParam(): Parameter 'TIME_NS' not found
10-31 19:23:20.839   524  1167 E NetlinkEvent: NetlinkEvent::FindParam(): Parameter 'UID' not found
10-31 19:23:20.845  1232  1792 D ConnectivityService: Switching to new default network: NetworkAgentInfo{ ni{[type: WIFI[], state: CONNECTED/CONNECTED, reason: (unspecified), extra: (none), failover: false, available: true, mIfaceName: null, roaming: false]}  network{101}  nethandle{437197393933}  lp{{InterfaceName: wlan0 LinkAddresses: [ fe80::69d5:17d1:81f9:3730/64,192.168.100.234/24 ] DnsAddresses: [ /192.168.100.1,/223.6.6.6 ] UsePrivateDns: true ValidatedPrivateDnsAddresses: [223.6.6.6] Domains: null MTU: 0 TcpBufferSizes: 524288,1048576,2097152,262144,524288,1048576 Routes: [ fe80::/64 -> :: wlan0,192.168.100.0/24 -> 0.0.0.0 wlan0,0.0.0.0/0 -> 192.168.100.1 wlan0 ]}}  nc{[ Transports: WIFI Capabilities: NOT_METERED&INTERNET&NOT_RESTRICTED&TRUSTED&NOT_VPN&VALIDATED&NOT_ROAMING&FOREGROUND&NOT_CONGESTED&NOT_SUSPENDED LinkUpBandwidth>=1048576Kbps LinkDnBandwidth>=1048576Kbps Specifier: <WifiNetworkAgentSpecifier [WifiConfiguration=, SSID="ufi_68943", BSSID=5c:a0:00:28:46:69, mOriginalRequestorUid=-1, mOriginalRequestorPackageName=]> SignalStrength: -42 SSID: "ufi_68943"]}  Score{60}  everValidated{true}  lastValidated{true}  created{true} lingering{false} explicitlySelected{false} acceptUnvalidated{false} everCaptivePortalDetected{false} lastCaptivePortalDetected{false} captivePortalValidationPending{false} partialConnectivity{false} acceptPartialConnectivity{false} clat{mBaseIface: null, mIface: null, mState: IDLE} }
10-31 19:23:20.849  1232  1792 E ConnectivityService: makeDefault:wlan0
10-31 19:23:20.871  1232  1792 D ConnectivityService: Lingering NetworkAgentInfo [MOBILE (LTE) - 100] for 30000ms
10-31 19:23:20.873  1232  1792 D ConnectivityService: Sending DISCONNECTED broadcast for type 0 NetworkAgentInfo [MOBILE (LTE) - 100] isDefaultNetwork=true
10-31 19:23:20.873  1232  1792 D ConnectivityService: sendLegacyNetworkBroadcast() ifaceName = rmnet_data2
10-31 19:23:20.873  1232  1792 D ConnectivityService: Sending CONNECTED broadcast for type 1 NetworkAgentInfo [WIFI () - 101] isDefaultNetwork=true
10-31 19:23:20.873  1232  1792 D ConnectivityService: sendLegacyNetworkBroadcast() ifaceName = wlan0
10-31 19:23:20.882  1232  1792 D ConnectivityService: Setting DNS servers for network 101 to [/192.168.100.1, /223.6.6.6]
10-31 19:23:20.883  1232  1792 D DnsManager: setDnsConfigurationForNetwork(101, [192.168.100.1, 223.6.6.6], [], 1800, 25, 8, 64, 0, 0, , [192.168.100.1, 223.6.6.6])
10-31 19:23:20.905  1232  1404 D BroadcastQueue: ssc_skip reciever for uid 10084 name = com.baidu.BaiduMap, broadcast=android.net.conn.CONNECTIVITY_CHANGE
10-31 19:23:20.906  1232  1404 D ActivityManager: UID 10084 is not running
10-31 19:23:20.906  1232  1404 D ActivityManager: packageName 10084  NOT RUNNING
10-31 19:23:20.906  1232  1404 D BroadcastQueue: ssc_skip reciever for uid 10084 name = com.baidu.BaiduMap ignored !!!
10-31 19:23:20.907  1232  1404 D BroadcastQueue: ssc_skip reciever for uid 10048 name = com.icoolme.android.weather.bydauto, broadcast=android.net.conn.CONNECTIVITY_CHANGE
10-31 19:23:20.910  1232  1792 E ConnectivityService: updateLinkProperties:wlan0
10-31 19:23:20.928  1232  3784 D ConnectivityService: isPidInFuncApnList pid: 3418
10-31 19:23:20.934  1232  1388 E ConnectivityService: interfaceLinkStateChanged() iface : r_rmnet_data0, up : true
10-31 19:23:20.938  1232  1972 D ConnectivityService: isPidInFuncApnList pid: 3418
10-31 19:23:20.945  1232  1404 D BroadcastQueue: ssc_skip reciever for uid 10079 name = com.dianshijia.newlive, broadcast=android.net.conn.CONNECTIVITY_CHANGE
10-31 19:23:20.945  1232  1404 D ActivityManager: UID 10079 is not running
10-31 19:23:20.954  1232  1404 D ActivityManager: packageName 10079  NOT RUNNING
10-31 19:23:20.954  1232  1404 D BroadcastQueue: ssc_skip reciever for uid 10079 name = com.dianshijia.newlive ignored !!!
10-31 19:23:20.962  1232  1404 D BroadcastQueue: ssc_skip reciever for uid 10078 name = com.baidu.netdisk, broadcast=android.net.conn.CONNECTIVITY_CHANGE
10-31 19:23:20.962  1232  1404 D ActivityManager: UID 10078 is not running
10-31 19:23:20.966  1232  1404 D ActivityManager: packageName 10078  NOT RUNNING
10-31 19:23:20.966  1232  1404 D BroadcastQueue: ssc_skip reciever for uid 10078 name = com.baidu.netdisk ignored !!!
10-31 19:23:20.967  1232  1404 D BroadcastQueue: ssc_skip reciever for uid 10077 name = com.quark.browser, broadcast=android.net.conn.CONNECTIVITY_CHANGE
10-31 19:23:20.967  1232  1404 D ActivityManager: UID 10077 is not running
10-31 19:23:20.967  1232  1404 D ActivityManager: packageName 10077  NOT RUNNING
10-31 19:23:20.967  1232  1404 D BroadcastQueue: ssc_skip reciever for uid 10077 name = com.quark.browser ignored !!!
10-31 19:23:20.968  1232  1404 D BroadcastQueue: ssc_skip reciever for uid 10056 name = cmgyunting.vehicleplayer.cnr, broadcast=android.net.conn.CONNECTIVITY_CHANGE
10-31 19:23:20.975  1232  1404 D BroadcastQueue: ssc_skip reciever for uid 10035 name = cn.kuwo.kwmusiccar, broadcast=android.net.conn.CONNECTIVITY_CHANGE
10-31 19:23:20.975  1232  1404 D BroadcastQueue: ssc_skip reciever for uid 10048 name = com.icoolme.android.weather.bydauto, broadcast=android.net.conn.CONNECTIVITY_CHANGE
10-31 19:23:20.976  1232  1404 D BroadcastQueue: ssc_skip reciever for uid 10048 name = com.icoolme.android.weather.bydauto, broadcast=android.net.conn.CONNECTIVITY_CHANGE
10-31 19:23:20.979  1232  1404 D BroadcastQueue: ssc_skip reciever for uid 10079 name = com.dianshijia.newlive, broadcast=android.net.conn.CONNECTIVITY_CHANGE
10-31 19:23:20.979  1232  1404 D ActivityManager: UID 10079 is not running
10-31 19:23:20.980  1232  1404 D ActivityManager: packageName 10079  NOT RUNNING
10-31 19:23:20.980  1232  1404 D BroadcastQueue: ssc_skip reciever for uid 10079 name = com.dianshijia.newlive ignored !!!
10-31 19:23:20.980  1232  1404 D BroadcastQueue: ssc_skip reciever for uid 10077 name = com.quark.browser, broadcast=android.net.conn.CONNECTIVITY_CHANGE
10-31 19:23:20.980  1232  1404 D ActivityManager: UID 10077 is not running
10-31 19:23:20.981  1232  1404 D ActivityManager: packageName 10077  NOT RUNNING
10-31 19:23:20.981  1232  1404 D BroadcastQueue: ssc_skip reciever for uid 10077 name = com.quark.browser ignored !!!
10-31 19:23:20.981  1232  1404 D BroadcastQueue: ssc_skip reciever for uid 10077 name = com.quark.browser, broadcast=android.net.conn.CONNECTIVITY_CHANGE
10-31 19:23:20.982  1232  1404 D ActivityManager: UID 10077 is not running
10-31 19:23:20.982  1232  1404 D ActivityManager: packageName 10077  NOT RUNNING
10-31 19:23:20.982  1232  1404 D BroadcastQueue: ssc_skip reciever for uid 10077 name = com.quark.browser ignored !!!
10-31 19:23:20.982  1232  1404 D BroadcastQueue: ssc_skip reciever for uid 10084 name = com.baidu.BaiduMap, broadcast=android.net.conn.CONNECTIVITY_CHANGE
10-31 19:23:20.982  1232  1404 D ActivityManager: UID 10084 is not running
10-31 19:23:20.983  1232  1404 D ActivityManager: packageName 10084  NOT RUNNING
10-31 19:23:20.983  1232  1404 D BroadcastQueue: ssc_skip reciever for uid 10084 name = com.baidu.BaiduMap ignored !!!
10-31 19:23:20.983  1232  1404 D BroadcastQueue: ssc_skip reciever for uid 10048 name = com.icoolme.android.weather.bydauto, broadcast=android.net.conn.CONNECTIVITY_CHANGE
10-31 19:23:20.983  1232  1404 D BroadcastQueue: ssc_skip reciever for uid 10079 name = com.dianshijia.newlive, broadcast=android.net.conn.CONNECTIVITY_CHANGE
10-31 19:23:20.983  1232  1404 D ActivityManager: UID 10079 is not running
10-31 19:23:20.983  1232  1404 D ActivityManager: packageName 10079  NOT RUNNING
10-31 19:23:20.983  1232  1404 D BroadcastQueue: ssc_skip reciever for uid 10079 name = com.dianshijia.newlive ignored !!!
10-31 19:23:20.984  1232  1404 D BroadcastQueue: ssc_skip reciever for uid 10078 name = com.baidu.netdisk, broadcast=android.net.conn.CONNECTIVITY_CHANGE
10-31 19:23:20.984  1232  1404 D ActivityManager: UID 10078 is not running
10-31 19:23:20.984  1232  1404 D ActivityManager: packageName 10078  NOT RUNNING
10-31 19:23:20.984  1232  1404 D BroadcastQueue: ssc_skip reciever for uid 10078 name = com.baidu.netdisk ignored !!!
10-31 19:23:20.985  1232  1404 D BroadcastQueue: ssc_skip reciever for uid 10077 name = com.quark.browser, broadcast=android.net.conn.CONNECTIVITY_CHANGE
10-31 19:23:20.985  1232  1404 D ActivityManager: UID 10077 is not running
10-31 19:23:20.985  1232  1404 D ActivityManager: packageName 10077  NOT RUNNING
10-31 19:23:20.986  1232  1404 D BroadcastQueue: ssc_skip reciever for uid 10077 name = com.quark.browser ignored !!!
10-31 19:23:20.986  1232  1404 D BroadcastQueue: ssc_skip reciever for uid 10056 name = cmgyunting.vehicleplayer.cnr, broadcast=android.net.conn.CONNECTIVITY_CHANGE
10-31 19:23:20.986  1232  1404 D BroadcastQueue: ssc_skip reciever for uid 10035 name = cn.kuwo.kwmusiccar, broadcast=android.net.conn.CONNECTIVITY_CHANGE
10-31 19:23:20.986  1232  1404 D BroadcastQueue: ssc_skip reciever for uid 10048 name = com.icoolme.android.weather.bydauto, broadcast=android.net.conn.CONNECTIVITY_CHANGE
10-31 19:23:20.986  1232  1404 D BroadcastQueue: ssc_skip reciever for uid 10048 name = com.icoolme.android.weather.bydauto, broadcast=android.net.conn.CONNECTIVITY_CHANGE
10-31 19:23:20.986  1232  1404 D BroadcastQueue: ssc_skip reciever for uid 10079 name = com.dianshijia.newlive, broadcast=android.net.conn.CONNECTIVITY_CHANGE
10-31 19:23:20.986  1232  1404 D ActivityManager: UID 10079 is not running
10-31 19:23:20.986  1232  1404 D ActivityManager: packageName 10079  NOT RUNNING
10-31 19:23:20.987  1232  1404 D BroadcastQueue: ssc_skip reciever for uid 10079 name = com.dianshijia.newlive ignored !!!
10-31 19:23:20.987  1232  1404 D BroadcastQueue: ssc_skip reciever for uid 10077 name = com.quark.browser, broadcast=android.net.conn.CONNECTIVITY_CHANGE
10-31 19:23:20.987  1232  1404 D ActivityManager: UID 10077 is not running
10-31 19:23:20.987  1232  1404 D ActivityManager: packageName 10077  NOT RUNNING
10-31 19:23:20.987  1232  1404 D BroadcastQueue: ssc_skip reciever for uid 10077 name = com.quark.browser ignored !!!
10-31 19:23:20.987  1232  1404 D BroadcastQueue: ssc_skip reciever for uid 10077 name = com.quark.browser, broadcast=android.net.conn.CONNECTIVITY_CHANGE
10-31 19:23:20.987  1232  1404 D ActivityManager: UID 10077 is not running
10-31 19:23:20.988  1232  1404 D ActivityManager: packageName 10077  NOT RUNNING
10-31 19:23:20.988  1232  1404 D BroadcastQueue: ssc_skip reciever for uid 10077 name = com.quark.browser ignored !!!
10-31 19:23:21.074  1232  1792 D ConnectivityService: reportNetworkConnectivity(101, false) by 1000
10-31 19:23:21.243  1232  1388 W Looper  : Slow dispatch took 197ms android.fg h=android.os.Handler c=java.util.concurrent.FutureTask@ab92435 m=0
10-31 19:23:21.292  1232  1388 E ConnectivityService: interfaceLinkStateChanged() iface : bond0, up : false
10-31 19:23:21.293  1232  1388 E ConnectivityService: processSpecApnDisconnect iface:bond0,apn1_ifname:rmnet_data0,apn2_ifname:rmnet_data2
10-31 19:23:21.293  1232  1388 E ConnectivityService: processFunctionApnDisconnect iface:bond0,apn3_ifname:
10-31 19:23:21.449  1232  1709 V WindowManager:  mAutoRotation 1 mLastPhyRotation = 3 mWmService.getUserPreferencesVaule()-1getPhysicalWindowOrientation = 3mCurrentAppOrientation = -1
10-31 19:23:21.449  1232  1709 V WindowManager: mLastPhyRotation 3
10-31 19:23:21.454  1232  1709 I WindowManager: ScreenRotationAnimation  fixedToUserRotation= false, isSecure= false
10-31 19:23:21.465  1232  1709 D WindowManager: screenshotNew  mWidth= 1920, mHeight= 1080
10-31 19:23:21.465  1232  1709 D WindowManager: mAutoRotation = 1 preferencesstate = -1 specialscreenstate = 0
10-31 19:23:21.466  1232  1709 D DisplayManagerService:  screenshotInternalNew width = 1920 height = 1080
10-31 19:23:21.518  1232  1392 I ActivityTaskManager: Config changes=20000480 {1.0 1byd_theme460mcc13mnc [zh_CN] ldltr sw720dp w720dp h1188dp 240dpi lrg long port finger -keyb/v/h -nav/h winConfig={ mBounds=Rect(0, 0 - 1080, 1920) mAppBounds=Rect(0, 0 - 1080, 1830) mWindowingMode=fullscreen mDisplayWindowingMode=fullscreen mActivityType=undefined mAlwaysOnTop=undefined mRotation=ROTATION_270} s.16}
10-31 19:23:21.521  1232  1404 D BroadcastQueue: ssc_skip reciever for uid 1000 name = com.byd.autovoice, broadcast=android.intent.action.BOOT_COMPLETED
10-31 19:23:21.653  1232  1392 I ActivityTaskManager: Override config changes=20000480 {1.0 1byd_theme460mcc13mnc [zh_CN] ldltr sw720dp w720dp h1188dp 240dpi lrg long port finger -keyb/v/h -nav/h winConfig={ mBounds=Rect(0, 0 - 1080, 1920) mAppBounds=Rect(0, 0 - 1080, 1830) mWindowingMode=fullscreen mDisplayWindowingMode=fullscreen mActivityType=undefined mAlwaysOnTop=undefined mRotation=ROTATION_270} s.16} for displayId=0
10-31 19:23:21.666  1232  1389 D WindowManager: sysstate setSystemUiVisibility visibility is 32776
10-31 19:23:21.783  3270  3270 W ContextImpl: Calling a method in the system process without a qualified user: android.app.ContextImpl.sendBroadcast:1064 android.content.ContextWrapper.sendBroadcast:448 com.byd.service.widget.NotifyService.onConfigurationChanged:10 android.app.ActivityThread.performConfigurationChanged:5438 android.app.ActivityThread.handleConfigurationChanged:5717 
10-31 19:23:21.785  1232  1298 I Telecom : PhoneAccountRegistrar: New phone account registered: [[ ] PhoneAccount: ComponentInfo{com.android.bluetooth/com.android.bluetooth.hfpclient.connserv.HfpClientConnectionService}, ***, UserHandle{0} Capabilities: CallProvider  Audio Routes: BESW Schemes: tel  Extras: null GroupId: ***]: TSI.rPA@AGw
10-31 19:23:21.788  1232  1298 I Telecom : CallsManager: Sending phone-account ComponentInfo{com.android.bluetooth/com.android.bluetooth.hfpclient.connserv.HfpClientConnectionService}, ***, UserHandle{0} registered intent as user: TSI.rPA@AGw
10-31 19:23:21.809  1232  5242 I Telecom : PhoneAccountRegistrar: Phone account ComponentInfo{com.android.bluetooth/com.android.bluetooth.hfpclient.connserv.HfpClientConnectionService}, ***, UserHandle{0} enabled.: TSI.ePA@AG0
10-31 19:23:21.819  1232  1393 V WindowManager: syslog performShowLocked: mDrawState=HAS_DRAWN in Window{29f0df9 u0 com.byd.customserver}
10-31 19:23:21.824  1232  3786 D BroadcastQueue: ssc_skip reciever for uid 1000 name = com.byd.gpsinfo, broadcast=android.intent.action.BOOT_COMPLETED
10-31 19:23:21.825  2835  2835 W ContextImpl: Calling a method in the system process without a qualified user: android.app.ContextImpl.startService:1589 android.content.ContextWrapper.startService:669 android.content.ContextWrapper.startService:669 com.byd.gpsinfo.broadcast.GpsInfoBootCompletedReceiver.onReceive:29 android.app.ActivityThread.handleReceiver:3789 
10-31 19:23:21.830  1232  3786 D ActivityManager: ssc_skip startServiceLocked 1000 want to start 1000, package com.byd.gpsinfo
10-31 19:23:21.839  1232  3786 D BroadcastQueue: ssc_skip reciever for uid 1000 name = com.byd.mediacenter, broadcast=android.intent.action.BOOT_COMPLETED
10-31 19:23:21.857  3418  3418 W ContextImpl: Calling a method in the system process without a qualified user: android.app.ContextImpl.startService:1589 android.content.ContextWrapper.startService:669 android.content.ContextWrapper.startService:669 com.byd.mediacenter.MediaReceiver.onReceive:45 android.app.ActivityThread.handleReceiver:3789 
10-31 19:23:21.868  1232  1957 D ActivityManager: ssc_skip startServiceLocked 1000 want to start 1000, package com.byd.mediacenter
10-31 19:23:21.870  1232  3786 W BroadcastQueue: Permission Denial: receiving Intent { act=android.intent.action.BOOT_COMPLETED flg=0x9000010 (has extras) } to com.baidu.BaiduMap/com.baidu.android.imsdk.IMReceiver requires android.permission.RECEIVE_BOOT_COMPLETED due to sender android (uid 1000)
10-31 19:23:21.870  1232  3786 D BroadcastQueue: ssc_skip reciever for uid 10084 name = com.baidu.BaiduMap, broadcast=android.intent.action.BOOT_COMPLETED
10-31 19:23:21.870  1232  3786 D ActivityManager: UID 10084 is not running
10-31 19:23:21.871  1232  3786 D ActivityManager: packageName 10084  NOT RUNNING
10-31 19:23:21.871  1232  3786 D BroadcastQueue: ssc_skip reciever for uid 10084 name = com.baidu.BaiduMap ignored !!!
10-31 19:23:21.872  1232  1404 D BroadcastQueue: ssc_skip reciever for uid 10048 name = com.icoolme.android.weather.bydauto, broadcast=android.intent.action.BOOT_COMPLETED
10-31 19:23:21.883  1232  1300 D BroadcastQueue: ssc_skip reciever for uid 1000 name = com.byd.cloudservicesalertdialog, broadcast=android.intent.action.BOOT_COMPLETED
10-31 19:23:21.896  1232  2188 D ActivityManager: ssc_skip startServiceLocked 10048 want to start 10048, package com.icoolme.android.weather.bydauto
10-31 19:23:21.899  1232  1300 D BroadcastQueue: ssc_skip reciever for uid 1000 name = com.byd.clientconfigurationservice, broadcast=android.intent.action.BOOT_COMPLETED
10-31 19:23:21.901  1232  1300 D BroadcastQueue: ssc_skip reciever for uid 1000 name = com.byd.clientstatuscollectionservice, broadcast=android.intent.action.BOOT_COMPLETED
10-31 19:23:21.922  1232  1300 D ActivityManager: ssc_skip startServiceLocked 10048 want to start 10048, package com.icoolme.android.weather.bydauto
10-31 19:23:21.972  1232  1405 I ActivityManager: Start proc 5335:com.icoolme.android.weather.bydauto:widget/u0a48 for service {com.icoolme.android.weather.bydauto/com.icoolme.android.weather.widget.WeatherWidgetService}
10-31 19:23:21.981  1232  1792 D ConnectivityService: NetworkAgentInfo [WIFI () - 101] validation passed
10-31 19:23:22.121  5335  5335 D ActivityThread: Loading provider com.icoolme.android.weather.bydauto.provider: com.icoolme.android.common.provider.DbProvider
10-31 19:23:22.316  1232  1404 W BroadcastQueue: Permission Denial: broadcasting Intent { act=android.net.conn.CONNECTIVITY_CHANGE flg=0x4200010 (has extras) } from null (pid=-1, uid=-1) requires com.icoolme.android.weather.bydauto.permission.JPUSH_MESSAGE due to registered receiver BroadcastFilter{b7ce0a9 10048/u0 ReceiverList{f186c30 3686 com.icoolme.android.weather.bydauto/10048/u0 remote:b1a6573}}
10-31 19:23:22.323  1232  1298 D BydAutoRotation: com.android.launcher3.Launcher, isResumed:true, reason:setRequestedOrientation, displayId:0, removePreMsg:false
10-31 19:23:22.327  3600  3600 W ContextImpl: Calling a method in the system process without a qualified user: android.app.ContextImpl.bindService:1668 android.content.ContextWrapper.bindService:705 com.byd.launcherclient.LauncherClient.connectSafely:106 com.byd.launcherclient.LauncherClient.reconnect:185 com.byd.launcherclient.LauncherClient.<init>:74 
10-31 19:23:22.328  1232  1300 D ActivityManager: bindServiceLocked  1000 process com.android.launcher3  want to bind 10016
10-31 19:23:22.335  3600  3600 W ContextImpl: Calling a method in the system process without a qualified user: android.app.ContextImpl.sendBroadcast:1064 android.content.ContextWrapper.sendBroadcast:448 com.android.launcher3.Launcher.updateAllAppWidget:785 com.android.launcher3.Launcher.onCreate:763 android.app.Activity.performCreate:7993 
10-31 19:23:22.340  1232  1404 D BroadcastQueue: ssc_skip reciever for uid 1000 name = com.byd.musicwidget, broadcast=android.appwidget.action.APPWIDGET_UPDATE
10-31 19:23:22.369  1232  2188 D ActivityTaskManager: activityResumedForAcBar className:com.android.launcher3.Launcher
10-31 19:23:22.414  5335  5371 D ActivityThread: Loading provider com.icoolme.android.weather.bydauto.cityprovider: com.icoolme.android.common.provider.CityProvider
10-31 19:23:22.434  1232  1393 V WindowManager: syslog performShowLocked: mDrawState=HAS_DRAWN in Window{8cefbe1 u0 com.android.launcher3/com.android.launcher3.Launcher}
10-31 19:23:22.521  1232  1300 I WallpaperManagerService: isEcoTheme: theme = 1
10-31 19:23:22.521  1232  1300 D WallpaperManagerService: isEcoTheme, themValue = eco
10-31 19:23:22.521  1232  1300 I WallpaperManagerService: isEcoTheme: theme = 1
10-31 19:23:22.521  1232  1300 D WallpaperManagerService: isEcoTheme, themValue = eco
10-31 19:23:22.521  1232  1300 W WallpaperManagerService: Error getting wallpaper
10-31 19:23:22.521  1232  1300 W WallpaperManagerService: java.io.FileNotFoundException: open failed: ENOENT (No such file or directory)
10-31 19:23:22.521  1232  1300 W WallpaperManagerService: 	at android.os.ParcelFileDescriptor.openInternal(ParcelFileDescriptor.java:315)
10-31 19:23:22.521  1232  1300 W WallpaperManagerService: 	at android.os.ParcelFileDescriptor.open(ParcelFileDescriptor.java:220)
10-31 19:23:22.521  1232  1300 W WallpaperManagerService: 	at com.android.server.wallpaper.WallpaperManagerService.getPortWallpaper(WallpaperManagerService.java:3398)
10-31 19:23:22.521  1232  1300 W WallpaperManagerService: 	at android.app.IWallpaperManager$Stub.onTransact(IWallpaperManager.java:700)
10-31 19:23:22.521  1232  1300 W WallpaperManagerService: 	at android.os.Binder.execTransactInternal(Binder.java:1021)
10-31 19:23:22.521  1232  1300 W WallpaperManagerService: 	at android.os.Binder.execTransact(Binder.java:994)
10-31 19:23:22.524  1232  1419 D BydAutoRotation: info {name:com.android.launcher3.Launcher,isFinishing:false,multiWindow:false,fullscreen:true,noDisplay:false}
10-31 19:23:22.524  1232  1419 D BydAutoRotation: orientation {xmlConfig:SCREEN_ORIENTATION_UNSPECIFIED, nowRequest:SCREEN_ORIENTATION_UNSPECIFIED, nowRequestFixed:false, codeRequestOther:false}
10-31 19:23:22.605  1232  1393 V WindowManager: syslog performShowLocked: mDrawState=HAS_DRAWN in Window{790830 u0 com.android.systemui.ImageWallpaper}
10-31 19:23:22.808  1232  1393 V WindowManager: syslog performShowLocked: mDrawState=HAS_DRAWN in Window{52d56db u0 NavigationBar0}
10-31 19:23:22.811  1232  1393 V WindowManager: syslog performShowLocked: mDrawState=HAS_DRAWN in Window{aca58c0 u0 StatusBar}
10-31 19:23:22.813  3379  3379 W ContextImpl: Calling a method in the system process without a qualified user: android.app.ContextImpl.sendBroadcast:1064 android.content.ContextWrapper.sendBroadcast:448 com.byd.bluetoothcall.model.service.BluetoothCallService$2.onReceive:692 android.app.LoadedApk$ReceiverDispatcher$Args.lambda$getRunnable$0$LoadedApk$ReceiverDispatcher$Args:1550 android.app.-$$Lambda$LoadedApk$ReceiverDispatcher$Args$_BumDX2UKsnxLVrE6UJsJZkotuA.run:2 
10-31 19:23:22.820  1232  1393 I WindowManager: Screen frozen for +1s370ms due to Window{aca58c0 u0 StatusBar}
10-31 19:23:22.821  1232  2163 D BroadcastQueue: ssc_skip reciever for uid 1000 name = android, broadcast=android.intent.action.BOOT_COMPLETED
10-31 19:23:22.830  1232  1232 D BroadcastQueue: ssc_skip reciever for uid 1000 name = com.byd.avc, broadcast=android.intent.action.BOOT_COMPLETED
10-31 19:23:22.845  1232  2163 D BroadcastQueue: ssc_skip reciever for uid 1000 name = com.byd.cdr, broadcast=android.intent.action.BOOT_COMPLETED
10-31 19:23:22.851  1232  5410 I DropBoxManagerService: add tag=SYSTEM_RESTART isTagEnabled=true flags=0x2
10-31 19:23:22.851  1232  2163 D BroadcastQueue: ssc_skip reciever for uid 1000 name = com.byd.minikaraoke, broadcast=android.intent.action.BOOT_COMPLETED
10-31 19:23:22.854  1232  5410 I BootReceiver: Checking for fsck errors
10-31 19:23:22.855  3101  3101 W ContextImpl: Calling a method in the system process without a qualified user: android.app.ContextImpl.startService:1589 android.content.ContextWrapper.startService:669 android.content.ContextWrapper.startService:669 com.bajintech.assistant.receiver.BootReceiver.onReceive:6 android.app.ActivityThread.handleReceiver:3789 
10-31 19:23:22.856  1232  1300 D ActivityManager: ssc_skip startServiceLocked 1000 want to start 1000, package com.byd.minikaraoke
10-31 19:23:22.857  1232  1300 D BroadcastQueue: ssc_skip reciever for uid 1000 name = com.byd.otaupdate, broadcast=android.intent.action.BOOT_COMPLETED
10-31 19:23:22.861  3153  3153 W ContextImpl: Calling a method in the system process without a qualified user: android.app.ContextImpl.startService:1589 android.content.ContextWrapper.startService:669 android.content.ContextWrapper.startService:669 com.byd.otaupdate.base.util.ServiceUtil.startService:77 com.byd.otaupdate.ui.common.UpdateOTABroadcastReceiverHelper.startUpdateOTAService:217 
10-31 19:23:22.862  1232  2188 D ActivityManager: ssc_skip startServiceLocked 1000 want to start 1000, package com.byd.otaupdate
10-31 19:23:22.864  1232  2163 D BroadcastQueue: ssc_skip reciever for uid 1000 name = com.byd.trafficmonitor, broadcast=android.intent.action.BOOT_COMPLETED
10-31 19:23:22.866  3153  3153 W ContextImpl: Calling a method in the system process without a qualified user: android.app.ContextImpl.sendBroadcast:1064 android.content.ContextWrapper.sendBroadcast:448 com.byd.otaupdate.ui.vehicleota.base.VehicleOTAUtil.sendBroadcastToAPN2:1959 com.byd.otaupdate.ui.vehicleota.base.VehicleOTAUtil.sendBroadcastToDisconnectAPN2:1930 com.byd.otaupdate.ui.vehicleota.bootcompleted.BootCompletedBroadcastPresenter.dealBootCompletedUpdateMode:160 
10-31 19:23:22.871  3200  3200 W ContextImpl: Calling a method in the system process without a qualified user: android.app.ContextImpl.startService:1589 android.content.ContextWrapper.startService:669 android.content.ContextWrapper.startService:669 com.byd.trafficmonitor.common.TrafficMonitorReceiver.onReceive:37 android.app.ActivityThread.handleReceiver:3789 
10-31 19:23:22.878  1232  4734 D ActivityManager: ssc_skip startServiceLocked 1000 want to start 1000, package com.byd.trafficmonitor
10-31 19:23:22.880  1232  2188 D BroadcastQueue: ssc_skip reciever for uid 1001 name = com.qti.dpmserviceapp, broadcast=android.intent.action.BOOT_COMPLETED
10-31 19:23:22.904  1232  4734 D ActivityManager: ssc_skip startServiceLocked 1001 want to start 1001, package com.qti.dpmserviceapp
10-31 19:23:22.906  1232  2188 D BroadcastQueue: ssc_skip reciever for uid 1001 name = com.qti.qualcomm.datastatusnotification, broadcast=android.intent.action.BOOT_COMPLETED
10-31 19:23:22.908  1232  2163 D ActivityManager: ssc_skip startServiceLocked 1001 want to start 1001, package com.qti.qualcomm.datastatusnotification
10-31 19:23:22.910  1232  2188 D BroadcastQueue: ssc_skip reciever for uid 1000 name = com.qualcomm.qti.services.secureui, broadcast=android.intent.action.BOOT_COMPLETED
10-31 19:23:22.912  1232  2163 D BroadcastQueue: ssc_skip reciever for uid 10071 name = com.qualcomm.qti.services.systemhelper, broadcast=android.intent.action.BOOT_COMPLETED
10-31 19:23:22.923  1232  2188 D BroadcastQueue: ssc_skip reciever for uid 10079 name = com.dianshijia.newlive, broadcast=android.intent.action.BOOT_COMPLETED
10-31 19:23:22.923  1232  2188 D ActivityManager: UID 10079 is not running
10-31 19:23:22.923  1232  2188 D ActivityManager: packageName 10079  NOT RUNNING
10-31 19:23:22.923  1232  2188 D BroadcastQueue: ssc_skip reciever for uid 10079 name = com.dianshijia.newlive ignored !!!
10-31 19:23:22.929  1232  1232 I Telecom : DefaultDialerCache: Refreshing default dialer for user 0: now null: DDC.oR@AG8
10-31 19:23:22.942  1232  1232 I Telecom : MissedCallNotifierImpl: reloadAfterBootComplete: no user(s) to check; skipping reload.: TSBCR.oR@AHA
10-31 19:23:22.967  1232  2163 D ActivityManager: bindServiceLocked  1001 process com.android.phone  want to bind 10068
10-31 19:23:23.023  1232  1404 D BroadcastQueue: ssc_skip reciever for uid 1001 name = com.android.phone, broadcast=android.telephony.action.CARRIER_CONFIG_CHANGED
10-31 19:23:23.029  1232  2188 D BroadcastQueue: ssc_skip reciever for uid 10043 name = com.byd.auto_camera, broadcast=android.intent.action.BOOT_COMPLETED
10-31 19:23:23.072  1232  1232 I Telecom : PhoneAccountRegistrar: getSimCallManager: SimCallManager for subId 1 queried, returning: null: TSI.gSCMFU@AHE
10-31 19:23:23.073  1232  1232 E ActivityThread: Failed to find provider info for com.android.blockednumber
10-31 19:23:23.074  1232  1232 W Telecom : null: shouldShowEmergencyCallNotification: provider not ready.: CM.CCCR->CM.UECNT@AHI
10-31 19:23:23.079  1232  1405 I ActivityManager: Start proc 5415:com.byd.auto_camera/u0a43 for broadcast {com.byd.auto_camera/com.byd.auto_camera.BootReceiver}
10-31 19:23:23.127  3600  3600 W ContextImpl: Calling a method in the system process without a qualified user: android.app.ContextImpl.sendBroadcast:1064 android.content.ContextWrapper.sendBroadcast:448 com.android.launcher3.Launcher.updateAllAppWidget:785 com.android.launcher3.LauncherModel$14.run:1621 android.os.Handler.handleCallback:883 
10-31 19:23:23.257  1232  1393 V WindowManager:  mAutoRotation 1 mLastPhyRotation = 3 mWmService.getUserPreferencesVaule()-1getPhysicalWindowOrientation = 3mCurrentAppOrientation = -1
10-31 19:23:23.257  1232  1393 V WindowManager: mLastPhyRotation 3
10-31 19:23:23.269  2028  2028 I TelecomFramework: : Carrier-config changed, checking for phone account updates.
10-31 19:23:23.320  2028  2028 I TelecomFramework: AccountEntry: reRegisterPstnPhoneAccount: subId: 1 - no change
10-31 19:23:23.352  1232  5242 D BroadcastQueue: ssc_skip reciever for uid 1001 name = com.android.phone, broadcast=android.telephony.action.CARRIER_CONFIG_CHANGED
10-31 19:23:23.387  1232  4734 D ActivityManager: ssc_skip startServiceLocked 1001 want to start 1001, package com.android.phone
10-31 19:23:23.388  1232  3786 D BroadcastQueue: ssc_skip reciever for uid 1001 name = com.qualcomm.qti.networksetting, broadcast=android.telephony.action.CARRIER_CONFIG_CHANGED
10-31 19:23:23.410  1232  3786 D BroadcastQueue: ssc_skip reciever for uid 1000 name = com.byd.musicwidget, broadcast=android.appwidget.action.APPWIDGET_UPDATE
10-31 19:23:23.417  1232  1232 I Telecom : PhoneAccountRegistrar: getSimCallManager: SimCallManager for subId 1 queried, returning: null: TSI.gSCMFU@AHc
10-31 19:23:23.418  1232  1232 E ActivityThread: Failed to find provider info for com.android.blockednumber
10-31 19:23:23.418  1232  1232 W Telecom : null: shouldShowEmergencyCallNotification: provider not ready.: CM.CCCR->CM.UECNT@AHg
10-31 19:23:23.428  2028  2028 I TelecomFramework: : Carrier-config changed, checking for phone account updates.
10-31 19:23:23.437  1232  4734 D BroadcastQueue: ssc_skip reciever for uid 1001 name = com.android.phone, broadcast=android.telephony.action.CARRIER_CONFIG_CHANGED
10-31 19:23:23.483  1232  4734 D BroadcastQueue: ssc_skip reciever for uid 1001 name = com.android.phone, broadcast=android.telephony.action.CARRIER_CONFIG_CHANGED
10-31 19:23:23.493  1232  4734 D BroadcastQueue: ssc_skip reciever for uid 1001 name = com.qualcomm.qti.networksetting, broadcast=android.telephony.action.CARRIER_CONFIG_CHANGED
10-31 19:23:23.504  1232  4734 D BroadcastQueue: ssc_skip reciever for uid 10043 name = com.byd.auto_camera, broadcast=android.intent.action.BOOT_COMPLETED
10-31 19:23:23.508  1232  4734 W BroadcastQueue: Permission Denial: receiving Intent { act=android.intent.action.BOOT_COMPLETED flg=0x9000010 (has extras) } to cmgyunting.vehicleplayer.cnr/com.netease.nimlib.service.NimReceiver requires android.permission.RECEIVE_BOOT_COMPLETED due to sender android (uid 1000)
10-31 19:23:23.509  1232  4734 D BroadcastQueue: ssc_skip reciever for uid 10056 name = cmgyunting.vehicleplayer.cnr, broadcast=android.intent.action.BOOT_COMPLETED
10-31 19:23:23.515  1232  1404 D BroadcastQueue: ssc_skip reciever for uid 1000 name = com.android.dynsystem, broadcast=android.intent.action.BOOT_COMPLETED
10-31 19:23:23.541  1232  1405 I ActivityManager: Start proc 5449:com.android.dynsystem/1000 for broadcast {com.android.dynsystem/com.android.dynsystem.BootCompletedReceiver}
10-31 19:23:23.731  1232  4734 D DynamicSystemService: GsiService is not ready, wait for 64ms
10-31 19:23:23.800  1232  3786 W DynamicSystemService: gsiservice died; reconnecting
10-31 19:23:23.806  1232  4734 D BroadcastQueue: ssc_skip reciever for uid 10053 name = com.android.messaging, broadcast=android.intent.action.BOOT_COMPLETED
10-31 19:23:23.832  1232  1405 I ActivityManager: Start proc 5473:com.android.messaging/u0a53 for broadcast {com.android.messaging/com.android.messaging.receiver.BootAndPackageReplacedReceiver}
10-31 19:23:24.086  1232  1792 D ConnectivityService: reportNetworkConnectivity(101, false) by 1000
10-31 19:23:24.143  1232  4734 D ActivityManager: bindServiceLocked  1000 process android  want to bind 10053
10-31 19:23:24.211  1232  4734 D BroadcastQueue: ssc_skip reciever for uid 10064 name = com.android.onetimeinitializer, broadcast=android.intent.action.BOOT_COMPLETED
10-31 19:23:24.251  1232  1405 I ActivityManager: Start proc 5511:com.android.onetimeinitializer/u0a64 for broadcast {com.android.onetimeinitializer/com.android.onetimeinitializer.OneTimeInitializerReceiver}
10-31 19:23:24.271  1232  5242 D MmsServiceBroker: getCarrierConfigValues() by com.android.messaging
10-31 19:23:24.271  1232  5242 W MmsServiceBroker: MmsService not connected. Try connecting...
10-31 19:23:24.272  1232  1232 I MmsServiceBroker: Connecting to MmsService
10-31 19:23:24.277  1232  1232 W ContextImpl: Calling a method in the system process without a qualified user: android.app.ContextImpl.bindService:1668 com.android.server.MmsServiceBroker.tryConnecting:242 com.android.server.MmsServiceBroker.access$000:54 com.android.server.MmsServiceBroker$1.handleMessage:84 android.os.Handler.dispatchMessage:107 
10-31 19:23:24.278  1232  1232 D ActivityManager: bindServiceLocked  1000 process android  want to bind 1001
10-31 19:23:24.312  1232  1232 I MmsServiceBroker: MmsService connected
10-31 19:23:24.331  1232  1300 D MmsServiceBroker: getCarrierConfigValues() by com.android.messaging
10-31 19:23:24.347  1232  1298 D MmsServiceBroker: getCarrierConfigValues() by com.android.messaging
10-31 19:23:24.474  1232  3786 D BroadcastQueue: ssc_skip reciever for uid 10014 name = com.android.packageinstaller, broadcast=android.intent.action.BOOT_COMPLETED
10-31 19:23:24.504  1232  3786 D ActivityManager: bindServiceLocked  1000 process android  want to bind 10053
10-31 19:23:24.526  1232  1405 I ActivityManager: Start proc 5543:com.android.packageinstaller/u0a14 for broadcast {com.android.packageinstaller/com.android.packageinstaller.TemporaryFileManager}
10-31 19:23:24.738  1232  1792 D ConnectivityService: NetworkAgentInfo [WIFI () - 101] validation passed
10-31 19:23:24.750  1232  1957 D ActivityManager: bindServiceLocked  1000 process android  want to bind 10053
10-31 19:23:24.802  1232  4734 D BroadcastQueue: ssc_skip reciever for uid 10019 name = com.android.permissioncontroller, broadcast=android.intent.action.BOOT_COMPLETED
10-31 19:23:24.873  1232  1405 I ActivityManager: Start proc 5568:com.android.permissioncontroller/u0a19 for broadcast {com.android.permissioncontroller/com.android.packageinstaller.permission.service.LocationAccessCheck$SetupPeriodicBackgroundLocationAccessCheck}
10-31 19:23:25.074  1232  1418 I DropBoxManagerService: add tag=system_server_wtf isTagEnabled=true flags=0x2
10-31 19:23:25.194  1232  3786 D BroadcastQueue: ssc_skip reciever for uid 1001 name = com.android.phone, broadcast=android.intent.action.BOOT_COMPLETED
10-31 19:23:25.197  1232  3786 D BroadcastQueue: ssc_skip reciever for uid 10017 name = com.android.providers.calendar, broadcast=android.intent.action.BOOT_COMPLETED
10-31 19:23:25.237  1232  4734 D BroadcastQueue: ssc_skip reciever for uid 10012 name = com.android.providers.downloads, broadcast=android.intent.action.BOOT_COMPLETED
10-31 19:23:25.270  1232  4734 D BroadcastQueue: ssc_skip reciever for uid 10012 name = com.android.providers.media, broadcast=android.intent.action.BOOT_COMPLETED
10-31 19:23:25.273  1232  3786 D ActivityManager: ssc_skip startServiceLocked 10012 want to start 10012, package com.android.providers.media
10-31 19:23:25.276  1232  3786 D BroadcastQueue: ssc_skip reciever for uid 10012 name = com.android.providers.media, broadcast=android.intent.action.BOOT_COMPLETED
10-31 19:23:25.288  1232  4734 D BroadcastQueue: ssc_skip reciever for uid 10036 name = com.android.traceur, broadcast=android.intent.action.BOOT_COMPLETED
10-31 19:23:25.326  1232  1405 I ActivityManager: Start proc 5600:com.android.traceur/u0a36 for broadcast {com.android.traceur/com.android.traceur.Receiver}
10-31 19:23:25.477  1232  4734 W ActivityManager: Unable to start service Intent { cmp=com.icoolme.android.weather.bydauto/com.icoolme.android.common.service.FloatWindowService (has extras) } U=0: not found
10-31 19:23:25.500  1232  3786 D BroadcastQueue: ssc_skip reciever for uid 10054 name = com.autonavi.amapauto, broadcast=android.intent.action.BOOT_COMPLETED
10-31 19:23:25.506  1232  1300 D ActivityManager: ssc_skip startServiceLocked 10054 want to start 10054, package com.autonavi.amapauto
10-31 19:23:25.511  1232  1300 D BroadcastQueue: ssc_skip reciever for uid 10034 name = com.baidu.input, broadcast=android.intent.action.BOOT_COMPLETED
10-31 19:23:25.519  1232  1300 D BroadcastQueue: ssc_skip reciever for uid 10034 name = com.baidu.input, broadcast=android.intent.action.BOOT_COMPLETED
10-31 19:23:25.529  1232  1300 D BroadcastQueue: ssc_skip reciever for uid 1000 name = com.byd.ambientlight, broadcast=android.intent.action.BOOT_COMPLETED
10-31 19:23:25.583  1232  1405 I ActivityManager: Start proc 5623:com.byd.ambientlight/1000 for broadcast {com.byd.ambientlight/com.byd.ambientlight.LauncherReceiver}
10-31 19:23:25.645  1232  5641 I DropBoxManagerService: add tag=system_app_wtf isTagEnabled=true flags=0x2
10-31 19:23:25.661  1232  5643 I DropBoxManagerService: add tag=system_app_wtf isTagEnabled=true flags=0x2
10-31 19:23:25.667  1232  5645 I DropBoxManagerService: add tag=system_app_wtf isTagEnabled=true flags=0x2
