--------- beginning of system
12-05 08:51:57.419  2030  2030 I TelecomFramework: : onSubscriptionsChanged - update accounts
12-05 08:51:57.419  2030  2030 I TelecomFramework: TelecomAccountRegistry: setupAccounts: Found 2 phones.  Attempting to register.
12-05 08:51:57.419  2030  2030 I TelecomFramework: TelecomAccountRegistry: setupAccounts: Phone with subscription id: -1 slotId: 0 provisionStatus: 1
12-05 08:51:57.420  2030  2030 I TelecomFramework: TelecomAccountRegistry: setupAccounts: Phone with subscription id: -1 slotId: 1 provisionStatus: -2
12-05 08:51:57.420  2030  2030 I TelecomFramework: TelecomAccountRegistry: setupAccounts: adding default
12-05 08:51:57.428  1211  1960 I chatty  : uid=1000(system) Binder:1211_5 expire 3 lines
12-05 08:51:57.432  2030  2030 I TelecomFramework: AccountEntry: Registered phoneAccount: [[ ] PhoneAccount: ComponentInfo{com.android.phone/com.android.services.telephony.TelephonyConnectionService}, ***, UserHandle{0} Capabilities: CallProvider EmergOnly MultiUser PlaceEmerg SimSub  Audio Routes: BESW Schemes: tel voicemail  Extras: Bundle[{android.telecom.extra.SUPPORTS_VIDEO_CALLING_FALLBACK=true}] GroupId: ***] with handle: ComponentInfo{com.android.phone/com.android.services.telephony.TelephonyConnectionService}, ***, UserHandle{0}
12-05 08:51:57.432  2030  2030 I TelecomFramework: PstnIncomingCallNotifier: Registering: Handler (com.qualcomm.qti.internal.telephony.QtiGsmCdmaPhone) {b5c4518}
12-05 08:51:57.445  2030  2030 I TelecomFramework: : onSubscriptionsChanged - update accounts
12-05 08:51:57.445  2030  2030 I TelecomFramework: PstnIncomingCallNotifier: Unregistering: Handler (com.qualcomm.qti.internal.telephony.QtiGsmCdmaPhone) {b5c4518}
12-05 08:51:57.445  2030  2030 I TelecomFramework: TelecomAccountRegistry: setupAccounts: Found 2 phones.  Attempting to register.
12-05 08:51:57.446  2030  2030 I TelecomFramework: TelecomAccountRegistry: setupAccounts: Phone with subscription id: -1 slotId: 0 provisionStatus: 1
12-05 08:51:57.446  2030  2030 I TelecomFramework: TelecomAccountRegistry: setupAccounts: Phone with subscription id: -1 slotId: 1 provisionStatus: -2
12-05 08:51:57.446  2030  2030 I TelecomFramework: TelecomAccountRegistry: setupAccounts: adding default
12-05 08:51:57.454  1211  2195 I chatty  : uid=1000(system) Binder:1211_B expire 7 lines
12-05 08:51:57.455  2030  2030 I TelecomFramework: AccountEntry: Registered phoneAccount: [[ ] PhoneAccount: ComponentInfo{com.android.phone/com.android.services.telephony.TelephonyConnectionService}, ***, UserHandle{0} Capabilities: CallProvider EmergOnly MultiUser PlaceEmerg SimSub  Audio Routes: BESW Schemes: tel voicemail  Extras: Bundle[{android.telecom.extra.SUPPORTS_VIDEO_CALLING_FALLBACK=true}] GroupId: ***] with handle: ComponentInfo{com.android.phone/com.android.services.telephony.TelephonyConnectionService}, ***, UserHandle{0}
12-05 08:51:57.455  2030  2030 I TelecomFramework: PstnIncomingCallNotifier: Registering: Handler (com.qualcomm.qti.internal.telephony.QtiGsmCdmaPhone) {b5c4518}
12-05 08:51:57.487  1211  1272 I chatty  : uid=1000(system) android.anim expire 24 lines
12-05 08:51:57.625  1211  2176 I chatty  : uid=1000(system) Binder:1211_A expire 3 lines
12-05 08:51:57.626  1211  1211 I chatty  : uid=1000 system_server expire 6 lines
12-05 08:51:57.638  2030  2030 D MccTable: updateMccMncConfiguration mccmnc='
12-05 08:51:57.724  2030  2030 I TelecomFramework: : onSubscriptionsChanged - update accounts
12-05 08:51:57.724  2030  2030 I TelecomFramework: PstnIncomingCallNotifier: Unregistering: Handler (com.qualcomm.qti.internal.telephony.QtiGsmCdmaPhone) {b5c4518}
12-05 08:51:57.724  2030  2030 I TelecomFramework: TelecomAccountRegistry: setupAccounts: Found 2 phones.  Attempting to register.
12-05 08:51:57.724  2030  2030 I TelecomFramework: TelecomAccountRegistry: setupAccounts: Phone with subscription id: 1 slotId: 0 provisionStatus: 1
12-05 08:51:57.726  1831  2090 E ActivityThread: Failed to find provider info for com.android.contacts
12-05 08:51:57.740  2030  2030 I TelecomFramework: AccountEntry: Registered phoneAccount: [[ ] PhoneAccount: ComponentInfo{com.android.phone/com.android.services.telephony.TelephonyConnectionService}, ***, UserHandle{0} Capabilities: CallProvider MultiUser PlaceEmerg SimSub  Audio Routes: BESW Schemes: tel voicemail  Extras: Bundle[{android.telecom.extra.SUPPORTS_VIDEO_CALLING_FALLBACK=true, android.telecom.extra.SORT_ORDER=0}] GroupId: ***] with handle: ComponentInfo{com.android.phone/com.android.services.telephony.TelephonyConnectionService}, ***, UserHandle{0}
12-05 08:51:57.740  2030  2030 I TelecomFramework: PstnIncomingCallNotifier: Registering: Handler (com.qualcomm.qti.internal.telephony.QtiGsmCdmaPhone) {b5c4518}
12-05 08:51:57.742  2030  2030 W TelecomFramework: AccountEntry: registerMmTelCapabilityCallback: registration failed, no ImsService available. Exception: CapabilityCallbackManager - MmTelFeature binder is dead. (code: 1)
12-05 08:51:57.743  2030  2030 I TelecomFramework: TelecomAccountRegistry: setupAccounts: Phone with subscription id: -1 slotId: 1 provisionStatus: -2
12-05 08:51:57.744  2030  2030 I TelecomFramework: TelecomAccountRegistry: Unregistering phone account ComponentInfo{com.android.phone/com.android.services.telephony.TelephonyConnectionService}, ***, UserHandle{0}.
12-05 08:51:57.746  1211  1853 I chatty  : uid=1000(system) Binder:1211_4 expire 10 lines
12-05 08:51:57.756  1831  2090 E ActivityThread: Failed to find provider info for com.android.contacts
12-05 08:51:57.798  1211  1282 I chatty  : uid=1000(system) ActivityManager expire 68 lines
12-05 08:51:57.806  2030  2030 I TelecomFramework: PstnPhoneCapabilitiesNotifier: handleVideoCapabilitesChanged. Video capability - false
12-05 08:51:57.815  2030  2030 I TelecomFramework: PstnPhoneCapabilitiesNotifier: handleVideoCapabilitesChanged. Video capability - false
12-05 08:51:57.831  2030  2030 W TelecomFramework: AccountEntry: registerMmTelCapabilityCallback: registration failed, no ImsService available. Exception: CapabilityCallbackManager - MmTelFeature binder is dead. (code: 1)
12-05 08:51:57.837  2030  2030 I TelecomFramework: : onSubscriptionsChanged - update accounts
12-05 08:51:57.837  2030  2030 I TelecomFramework: PstnIncomingCallNotifier: Unregistering: Handler (com.qualcomm.qti.internal.telephony.QtiGsmCdmaPhone) {b5c4518}
12-05 08:51:57.838  1211  2174 I chatty  : uid=1000(system) Binder:1211_9 expire 5 lines
12-05 08:51:57.838  2030  2030 I TelecomFramework: TelecomAccountRegistry: setupAccounts: Found 2 phones.  Attempting to register.
12-05 08:51:57.839  2030  2030 I TelecomFramework: TelecomAccountRegistry: setupAccounts: Phone with subscription id: 1 slotId: 0 provisionStatus: 1
12-05 08:51:57.851  1211  1271 I chatty  : uid=1000(system) android.display expire 25 lines
12-05 08:51:57.853  1211  2418 I chatty  : uid=1000(system) Binder:1211_C expire 15 lines
12-05 08:51:57.855  2030  2030 I TelecomFramework: AccountEntry: Registered phoneAccount: [[ ] PhoneAccount: ComponentInfo{com.android.phone/com.android.services.telephony.TelephonyConnectionService}, ***, UserHandle{0} Capabilities: CallProvider MultiUser PlaceEmerg SimSub  Audio Routes: BESW Schemes: tel voicemail  Extras: Bundle[{android.telecom.extra.SUPPORTS_VIDEO_CALLING_FALLBACK=true, android.telecom.extra.SORT_ORDER=0}] GroupId: ***] with handle: ComponentInfo{com.android.phone/com.android.services.telephony.TelephonyConnectionService}, ***, UserHandle{0}
12-05 08:51:57.855  2030  2030 I TelecomFramework: PstnIncomingCallNotifier: Registering: Handler (com.qualcomm.qti.internal.telephony.QtiGsmCdmaPhone) {b5c4518}
12-05 08:51:57.856  2030  2030 W TelecomFramework: AccountEntry: registerMmTelCapabilityCallback: registration failed, no ImsService available. Exception: CapabilityCallbackManager - MmTelFeature binder is dead. (code: 1)
12-05 08:51:57.857  2030  2030 I TelecomFramework: TelecomAccountRegistry: setupAccounts: Phone with subscription id: -1 slotId: 1 provisionStatus: -2
12-05 08:51:57.869  2030  2030 I TelecomFramework: : onSubscriptionsChanged - update accounts
12-05 08:51:57.869  2030  2030 I TelecomFramework: PstnIncomingCallNotifier: Unregistering: Handler (com.qualcomm.qti.internal.telephony.QtiGsmCdmaPhone) {b5c4518}
12-05 08:51:57.870  2030  2030 I TelecomFramework: TelecomAccountRegistry: setupAccounts: Found 2 phones.  Attempting to register.
12-05 08:51:57.871  2030  2030 I TelecomFramework: TelecomAccountRegistry: setupAccounts: Phone with subscription id: 1 slotId: 0 provisionStatus: 1
12-05 08:51:57.881  2030  2030 I TelecomFramework: AccountEntry: Registered phoneAccount: [[ ] PhoneAccount: ComponentInfo{com.android.phone/com.android.services.telephony.TelephonyConnectionService}, ***, UserHandle{0} Capabilities: CallProvider MultiUser PlaceEmerg SimSub  Audio Routes: BESW Schemes: tel voicemail  Extras: Bundle[{android.telecom.extra.SUPPORTS_VIDEO_CALLING_FALLBACK=true, android.telecom.extra.SORT_ORDER=0}] GroupId: ***] with handle: ComponentInfo{com.android.phone/com.android.services.telephony.TelephonyConnectionService}, ***, UserHandle{0}
12-05 08:51:57.881  2030  2030 I TelecomFramework: PstnIncomingCallNotifier: Registering: Handler (com.qualcomm.qti.internal.telephony.QtiGsmCdmaPhone) {b5c4518}
12-05 08:51:57.883  2030  2030 W TelecomFramework: AccountEntry: registerMmTelCapabilityCallback: registration failed, no ImsService available. Exception: CapabilityCallbackManager - MmTelFeature binder is dead. (code: 1)
12-05 08:51:57.884  2030  2030 I TelecomFramework: TelecomAccountRegistry: setupAccounts: Phone with subscription id: -1 slotId: 1 provisionStatus: -2
12-05 08:51:57.891  2030  2030 W TelecomFramework: AccountEntry: registerMmTelCapabilityCallback: registration failed, no ImsService available. Exception: CapabilityCallbackManager - MmTelFeature binder is dead. (code: 1)
12-05 08:51:57.899  2030  2030 I TelecomFramework: : onSubscriptionsChanged - update accounts
12-05 08:51:57.899  2030  2030 I TelecomFramework: PstnIncomingCallNotifier: Unregistering: Handler (com.qualcomm.qti.internal.telephony.QtiGsmCdmaPhone) {b5c4518}
12-05 08:51:57.900  2030  2030 I TelecomFramework: TelecomAccountRegistry: setupAccounts: Found 2 phones.  Attempting to register.
12-05 08:51:57.901  2030  2030 I TelecomFramework: TelecomAccountRegistry: setupAccounts: Phone with subscription id: 1 slotId: 0 provisionStatus: 1
12-05 08:51:57.926  2030  2030 I TelecomFramework: AccountEntry: Registered phoneAccount: [[ ] PhoneAccount: ComponentInfo{com.android.phone/com.android.services.telephony.TelephonyConnectionService}, ***, UserHandle{0} Capabilities: CallProvider MultiUser PlaceEmerg SimSub  Audio Routes: BESW Schemes: tel voicemail  Extras: Bundle[{android.telecom.extra.SUPPORTS_VIDEO_CALLING_FALLBACK=true, android.telecom.extra.SORT_ORDER=0}] GroupId: ***] with handle: ComponentInfo{com.android.phone/com.android.services.telephony.TelephonyConnectionService}, ***, UserHandle{0}
12-05 08:51:57.926  2030  2030 I TelecomFramework: PstnIncomingCallNotifier: Registering: Handler (com.qualcomm.qti.internal.telephony.QtiGsmCdmaPhone) {b5c4518}
12-05 08:51:57.928  2030  2030 W TelecomFramework: AccountEntry: registerMmTelCapabilityCallback: registration failed, no ImsService available. Exception: CapabilityCallbackManager - MmTelFeature binder is dead. (code: 1)
12-05 08:51:57.929  2030  2030 I TelecomFramework: TelecomAccountRegistry: setupAccounts: Phone with subscription id: -1 slotId: 1 provisionStatus: -2
12-05 08:51:57.939  2030  2030 I TelecomFramework: : onSubscriptionsChanged - update accounts
12-05 08:51:57.939  2030  2030 I TelecomFramework: PstnIncomingCallNotifier: Unregistering: Handler (com.qualcomm.qti.internal.telephony.QtiGsmCdmaPhone) {b5c4518}
12-05 08:51:57.941  2030  2030 I TelecomFramework: TelecomAccountRegistry: setupAccounts: Found 2 phones.  Attempting to register.
12-05 08:51:57.941  2030  2030 I TelecomFramework: TelecomAccountRegistry: setupAccounts: Phone with subscription id: 1 slotId: 0 provisionStatus: 1
12-05 08:51:57.951  2030  2030 I TelecomFramework: AccountEntry: Registered phoneAccount: [[ ] PhoneAccount: ComponentInfo{com.android.phone/com.android.services.telephony.TelephonyConnectionService}, ***, UserHandle{0} Capabilities: CallProvider MultiUser PlaceEmerg SimSub  Audio Routes: BESW Schemes: tel voicemail  Extras: Bundle[{android.telecom.extra.SUPPORTS_VIDEO_CALLING_FALLBACK=true, android.telecom.extra.SORT_ORDER=0}] GroupId: ***] with handle: ComponentInfo{com.android.phone/com.android.services.telephony.TelephonyConnectionService}, ***, UserHandle{0}
12-05 08:51:57.951  2030  2030 I TelecomFramework: PstnIncomingCallNotifier: Registering: Handler (com.qualcomm.qti.internal.telephony.QtiGsmCdmaPhone) {b5c4518}
12-05 08:51:57.953  2030  2030 W TelecomFramework: AccountEntry: registerMmTelCapabilityCallback: registration failed, no ImsService available. Exception: CapabilityCallbackManager - MmTelFeature binder is dead. (code: 1)
12-05 08:51:57.954  2030  2030 I TelecomFramework: TelecomAccountRegistry: setupAccounts: Phone with subscription id: -1 slotId: 1 provisionStatus: -2
12-05 08:51:57.960  1211  1790 I chatty  : uid=1000(system) ConnectivitySer expire 3 lines
12-05 08:51:57.966  2030  2030 I TelecomFramework: PstnPhoneCapabilitiesNotifier: handleVideoCapabilitesChanged. Video capability - false
12-05 08:51:57.974  2030  2030 I TelecomFramework: : Carrier-config changed, checking for phone account updates.
12-05 08:51:58.047  1211  1266 I chatty  : uid=1000(system) android.ui expire 12 lines
12-05 08:51:58.064  2030  2030 I TelecomFramework: PstnPhoneCapabilitiesNotifier: handleVideoCapabilitesChanged. Video capability - false
12-05 08:51:58.065  2030  2030 I TelecomFramework: PstnPhoneCapabilitiesNotifier: handleVideoCapabilitesChanged. Video capability - false
12-05 08:51:58.065  2030  2030 D MccTable: updateMccMncConfiguration mccmnc='46013
12-05 08:51:58.065  2030  2030 D MccTable: updateMccMncConfiguration: mcc=460, mnc=13
12-05 08:51:58.065  2030  2030 D MccTable: updateMccMncConfiguration updateConfig config={0.0 ?byd_theme460mcc13mnc ?localeList ?layoutDir ?swdp ?wdp ?hdp ?density ?lsize ?long ?ldr ?wideColorGamut ?orien ?uimode ?night ?touch ?keyb/?/? ?nav/? winConfig={ mBounds=Rect(0, 0 - 0, 0) mAppBounds=null mWindowingMode=undefined mDisplayWindowingMode=undefined mActivityType=undefined mAlwaysOnTop=undefined mRotation=undefined}}
12-05 08:51:58.080  1211  1281 I chatty  : uid=1000(system) android.bg expire 4 lines
12-05 08:51:58.129  2030  2030 I TelecomFramework: PstnPhoneCapabilitiesNotifier: handleVideoCapabilitesChanged. Video capability - false
12-05 08:51:58.129  2030  2030 I TelecomFramework: PstnPhoneCapabilitiesNotifier: handleVideoCapabilitesChanged. Video capability - false
12-05 08:51:58.205  2030  2030 I TelecomFramework: : onSubscriptionsChanged - update accounts
12-05 08:51:58.205  2030  2030 I TelecomFramework: PstnIncomingCallNotifier: Unregistering: Handler (com.qualcomm.qti.internal.telephony.QtiGsmCdmaPhone) {b5c4518}
12-05 08:51:58.207  2030  2030 I TelecomFramework: TelecomAccountRegistry: setupAccounts: Found 2 phones.  Attempting to register.
12-05 08:51:58.207  2030  2030 I TelecomFramework: TelecomAccountRegistry: setupAccounts: Phone with subscription id: 1 slotId: 0 provisionStatus: 1
12-05 08:51:58.225  1211  1246 I chatty  : uid=1000(system) Binder:1211_2 expire 16 lines
12-05 08:51:58.226  2030  2030 I TelecomFramework: AccountEntry: Registered phoneAccount: [[ ] PhoneAccount: ComponentInfo{com.android.phone/com.android.services.telephony.TelephonyConnectionService}, ***, UserHandle{0} Capabilities: CallProvider MultiUser PlaceEmerg SimSub  Audio Routes: BESW Schemes: tel voicemail  Extras: Bundle[{android.telecom.extra.SUPPORTS_VIDEO_CALLING_FALLBACK=true, android.telecom.extra.SORT_ORDER=0}] GroupId: ***] with handle: ComponentInfo{com.android.phone/com.android.services.telephony.TelephonyConnectionService}, ***, UserHandle{0}
12-05 08:51:58.226  2030  2030 I TelecomFramework: PstnIncomingCallNotifier: Registering: Handler (com.qualcomm.qti.internal.telephony.QtiGsmCdmaPhone) {b5c4518}
12-05 08:51:58.238  2030  2030 I TelecomFramework: TelecomAccountRegistry: setupAccounts: Phone with subscription id: -1 slotId: 1 provisionStatus: -2
12-05 08:51:58.245  2030  2030 I TelecomFramework: PstnIncomingCallNotifier: Unregistering: Handler (com.qualcomm.qti.internal.telephony.QtiGsmCdmaPhone) {b5c4518}
12-05 08:51:58.246  2030  2030 I TelecomFramework: TelecomAccountRegistry: setupAccounts: Found 2 phones.  Attempting to register.
12-05 08:51:58.247  2030  2030 I TelecomFramework: TelecomAccountRegistry: setupAccounts: Phone with subscription id: 1 slotId: 0 provisionStatus: 1
12-05 08:51:58.264  2030  2030 I TelecomFramework: AccountEntry: Registered phoneAccount: [[ ] PhoneAccount: ComponentInfo{com.android.phone/com.android.services.telephony.TelephonyConnectionService}, ***, UserHandle{0} Capabilities: CallProvider MultiUser PlaceEmerg SimSub  Audio Routes: BESW Schemes: tel voicemail  Extras: Bundle[{android.telecom.extra.SUPPORTS_VIDEO_CALLING_FALLBACK=true, android.telecom.extra.SORT_ORDER=0}] GroupId: ***] with handle: ComponentInfo{com.android.phone/com.android.services.telephony.TelephonyConnectionService}, ***, UserHandle{0}
12-05 08:51:58.264  2030  2030 I TelecomFramework: PstnIncomingCallNotifier: Registering: Handler (com.qualcomm.qti.internal.telephony.QtiGsmCdmaPhone) {b5c4518}
12-05 08:51:58.269  2030  2030 I TelecomFramework: TelecomAccountRegistry: setupAccounts: Phone with subscription id: -1 slotId: 1 provisionStatus: -2
12-05 08:51:58.372  1211  1263 I chatty  : uid=1000(system) android.fg expire 7 lines
12-05 08:51:58.435  2030  2030 I TelecomFramework: PstnPhoneCapabilitiesNotifier: handleVideoCapabilitesChanged. Video capability - false
12-05 08:51:58.439  2030  2030 I TelecomFramework: PstnPhoneCapabilitiesNotifier: handleVideoCapabilitesChanged. Video capability - false
12-05 08:51:58.497  2030  2030 I TelecomFramework: : onSubscriptionsChanged - update accounts
12-05 08:51:58.497  2030  2030 I TelecomFramework: PstnIncomingCallNotifier: Unregistering: Handler (com.qualcomm.qti.internal.telephony.QtiGsmCdmaPhone) {b5c4518}
12-05 08:51:58.500  2030  2030 I TelecomFramework: TelecomAccountRegistry: setupAccounts: Found 2 phones.  Attempting to register.
12-05 08:51:58.501  2030  2030 I TelecomFramework: TelecomAccountRegistry: setupAccounts: Phone with subscription id: 1 slotId: 0 provisionStatus: 1
12-05 08:51:58.527  2030  2030 I TelecomFramework: AccountEntry: Registered phoneAccount: [[ ] PhoneAccount: ComponentInfo{com.android.phone/com.android.services.telephony.TelephonyConnectionService}, ***, UserHandle{0} Capabilities: CallProvider MultiUser PlaceEmerg SimSub  Audio Routes: BESW Schemes: tel voicemail  Extras: Bundle[{android.telecom.extra.SUPPORTS_VIDEO_CALLING_FALLBACK=true, android.telecom.extra.SORT_ORDER=0}] GroupId: ***] with handle: ComponentInfo{com.android.phone/com.android.services.telephony.TelephonyConnectionService}, ***, UserHandle{0}
12-05 08:51:58.527  2030  2030 I TelecomFramework: PstnIncomingCallNotifier: Registering: Handler (com.qualcomm.qti.internal.telephony.QtiGsmCdmaPhone) {b5c4518}
12-05 08:51:58.530  2030  2030 I TelecomFramework: TelecomAccountRegistry: setupAccounts: Phone with subscription id: -1 slotId: 1 provisionStatus: -2
12-05 08:51:58.575  2030  2030 I TelecomFramework: PstnPhoneCapabilitiesNotifier: handleVideoCapabilitesChanged. Video capability - false
12-05 08:51:58.606  2030  2030 D MccTable: updateMccMncConfiguration mccmnc='46013
12-05 08:51:58.606  2030  2030 D MccTable: updateMccMncConfiguration: mcc=460, mnc=13
12-05 08:51:58.606  2030  2030 D MccTable: updateMccMncConfiguration updateConfig config={0.0 ?byd_theme460mcc13mnc ?localeList ?layoutDir ?swdp ?wdp ?hdp ?density ?lsize ?long ?ldr ?wideColorGamut ?orien ?uimode ?night ?touch ?keyb/?/? ?nav/? winConfig={ mBounds=Rect(0, 0 - 0, 0) mAppBounds=null mWindowingMode=undefined mDisplayWindowingMode=undefined mActivityType=undefined mAlwaysOnTop=undefined mRotation=undefined}}
12-05 08:51:58.818  2030  2030 E SystemConfig: SystemConfig is being accessed by a process other than system_server.
12-05 08:51:58.825  1211  2659 I chatty  : uid=1000 system_server expire 1 line
12-05 08:51:58.871  1211  1771 I chatty  : uid=1000(system) StorageManagerS expire 3 lines
12-05 08:51:58.871   432   454 D vold    : fscrypt_unlock_user_key 0 serial=0 token_present=0
12-05 08:51:58.872  1211  1637 I chatty  : uid=1000(system) AccModeManagerS expire 14 lines
12-05 08:51:58.873   432   454 D vold    : /system/bin/sgdisk
12-05 08:51:58.873   432   454 D vold    :     --android-dump
12-05 08:51:58.873   432   454 D vold    :     /dev/block/vold/disk:8,96
12-05 08:51:58.907   432   454 D vold    : DISK mbr
12-05 08:51:58.907   432   454 D vold    : 
12-05 08:51:58.907   432   454 D vold    : PART 1 b
12-05 08:51:58.907   432   454 D vold    : 
12-05 08:51:58.915   432   454 D vold    : readPartitions partitionCounts: 1
12-05 08:51:58.923   432   505 D vold    : Waiting for FUSE to spin up...
12-05 08:51:58.969  2671  2671 W sdcard  : Device explicitly enabled sdcardfs
12-05 08:51:58.973   432   505 D vold    : Waiting for FUSE to spin up...
12-05 08:51:58.989   432   454 D vold    : fscrypt_prepare_user_storage for volume null, user 0, serial 0, flags 2
12-05 08:51:58.989   432   454 D vold    : Preparing: /data/system_ce/0
12-05 08:51:58.989   432   454 D vold    : Preparing: /data/misc_ce/0
12-05 08:51:58.989   432   454 D vold    : Preparing: /data/vendor_ce/0
12-05 08:51:58.991   432   454 D vold    : Preparing: /data/media/0
12-05 08:51:58.991   432   454 D vold    : Preparing: /data/data
12-05 08:51:58.991   432   454 D vold    : Starting restorecon of /data/system_ce/0
12-05 08:51:59.000   432   454 D vold    : Finished restorecon of /data/system_ce/0
12-05 08:51:59.000   432   454 D vold    : Starting restorecon of /data/vendor_ce/0
12-05 08:51:59.018  2030  2030 I TelecomFramework: : onSubscriptionsChanged - update accounts
12-05 08:51:59.019  2030  2030 I TelecomFramework: PstnIncomingCallNotifier: Unregistering: Handler (com.qualcomm.qti.internal.telephony.QtiGsmCdmaPhone) {b5c4518}
12-05 08:51:59.024   432   454 D vold    : Finished restorecon of /data/vendor_ce/0
12-05 08:51:59.024   432   454 D vold    : Starting restorecon of /data/misc_ce/0
12-05 08:51:59.025  2030  2030 I TelecomFramework: TelecomAccountRegistry: setupAccounts: Found 2 phones.  Attempting to register.
12-05 08:51:59.026  2030  2030 I TelecomFramework: TelecomAccountRegistry: setupAccounts: Phone with subscription id: 1 slotId: 0 provisionStatus: 1
12-05 08:51:59.026   432   505 D vold    : /system/bin/blkid
12-05 08:51:59.026   432   505 D vold    :     -c
12-05 08:51:59.026   432   505 D vold    :     /dev/null
12-05 08:51:59.026   432   505 D vold    :     -s
12-05 08:51:59.026   432   505 D vold    :     TYPE
12-05 08:51:59.026   432   505 D vold    :     -s
12-05 08:51:59.026   432   505 D vold    :     UUID
12-05 08:51:59.026   432   505 D vold    :     -s
12-05 08:51:59.026   432   505 D vold    :     LABEL
12-05 08:51:59.026   432   505 D vold    :     /dev/block/vold/public:8,97
12-05 08:51:59.063   432   454 D vold    : Finished restorecon of /data/misc_ce/0
12-05 08:51:59.063   432   454 D vold    : /system/bin/vold_prepare_subdirs
12-05 08:51:59.063   432   454 D vold    :     prepare
12-05 08:51:59.063   432   454 D vold    :     
12-05 08:51:59.063   432   454 D vold    :     0
12-05 08:51:59.063   432   454 D vold    :     2
12-05 08:51:59.097  2030  2030 I TelecomFramework: AccountEntry: Registered phoneAccount: [[ ] PhoneAccount: ComponentInfo{com.android.phone/com.android.services.telephony.TelephonyConnectionService}, ***, UserHandle{0} Capabilities: CallProvider MultiUser PlaceEmerg SimSub  Audio Routes: BESW Schemes: tel voicemail  Extras: Bundle[{android.telecom.extra.SUPPORTS_VIDEO_CALLING_FALLBACK=true, android.telecom.extra.SORT_ORDER=0}] GroupId: ***] with handle: ComponentInfo{com.android.phone/com.android.services.telephony.TelephonyConnectionService}, ***, UserHandle{0}
12-05 08:51:59.097  2030  2030 I TelecomFramework: PstnIncomingCallNotifier: Registering: Handler (com.qualcomm.qti.internal.telephony.QtiGsmCdmaPhone) {b5c4518}
12-05 08:51:59.105  2030  2030 I TelecomFramework: TelecomAccountRegistry: setupAccounts: Phone with subscription id: -1 slotId: 1 provisionStatus: -2
12-05 08:51:59.150   432   505 D vold    : /dev/block/vold/public:8,97: UUID="93B4-EBAF" TYPE="vfat" 
12-05 08:51:59.150   432   505 D vold    : 
12-05 08:51:59.154   432   505 D vold    : /system/bin/fsck_msdos
12-05 08:51:59.154   432   505 D vold    :     -p
12-05 08:51:59.154   432   505 D vold    :     -f
12-05 08:51:59.154   432   505 D vold    :     -y
12-05 08:51:59.154   432   505 D vold    :     /dev/block/vold/public:8,97
12-05 08:51:59.234  2030  2030 I TelecomFramework: : onSubscriptionsChanged - update accounts
12-05 08:51:59.234  2030  2030 I TelecomFramework: PstnIncomingCallNotifier: Unregistering: Handler (com.qualcomm.qti.internal.telephony.QtiGsmCdmaPhone) {b5c4518}
12-05 08:51:59.237  2030  2030 I TelecomFramework: TelecomAccountRegistry: setupAccounts: Found 2 phones.  Attempting to register.
12-05 08:51:59.242  2030  2030 I TelecomFramework: TelecomAccountRegistry: setupAccounts: Phone with subscription id: 1 slotId: 0 provisionStatus: 1
12-05 08:51:59.291  2030  2030 I TelecomFramework: AccountEntry: Registered phoneAccount: [[ ] PhoneAccount: ComponentInfo{com.android.phone/com.android.services.telephony.TelephonyConnectionService}, ***, UserHandle{0} Capabilities: CallProvider MultiUser PlaceEmerg SimSub  Audio Routes: BESW Schemes: tel voicemail  Extras: Bundle[{android.telecom.extra.SUPPORTS_VIDEO_CALLING_FALLBACK=true, android.telecom.extra.SORT_ORDER=0}] GroupId: ***] with handle: ComponentInfo{com.android.phone/com.android.services.telephony.TelephonyConnectionService}, ***, UserHandle{0}
12-05 08:51:59.291  2030  2030 I TelecomFramework: PstnIncomingCallNotifier: Registering: Handler (com.qualcomm.qti.internal.telephony.QtiGsmCdmaPhone) {b5c4518}
12-05 08:51:59.304  1211  1282 I chatty  : uid=1000(system) ActivityManager expire 113 lines
12-05 08:51:59.307  2030  2030 I TelecomFramework: TelecomAccountRegistry: setupAccounts: Phone with subscription id: -1 slotId: 1 provisionStatus: -2
12-05 08:51:59.319  1211  1283 I chatty  : uid=1000(system) ActivityManager expire 17 lines
12-05 08:51:59.322  1211  1790 I chatty  : uid=1000(system) ConnectivitySer expire 19 lines
12-05 08:51:59.337  1211  1272 I chatty  : uid=1000(system) android.anim expire 8 lines
12-05 08:51:59.379  2030  2030 I TelecomFramework: : onSubscriptionsChanged - update accounts
12-05 08:51:59.379  2030  2030 I TelecomFramework: PstnIncomingCallNotifier: Unregistering: Handler (com.qualcomm.qti.internal.telephony.QtiGsmCdmaPhone) {b5c4518}
12-05 08:51:59.402  2030  2030 I TelecomFramework: TelecomAccountRegistry: setupAccounts: Found 2 phones.  Attempting to register.
12-05 08:51:59.404  2030  2030 I TelecomFramework: TelecomAccountRegistry: setupAccounts: Phone with subscription id: 1 slotId: 0 provisionStatus: 1
12-05 08:51:59.415  1211  1977 I chatty  : uid=1000(system) Binder:1211_7 expire 4 lines
12-05 08:51:59.423  1211  1266 I chatty  : uid=1000(system) android.ui expire 2 lines
12-05 08:51:59.451   432   505 D vold    : /dev/block/vold/public:8,97: 135 files, 1041632 free (32551 clusters)
12-05 08:51:59.451   432   505 D vold    : 
12-05 08:51:59.452   432   505 I vold    : Filesystem check completed OK
12-05 08:51:59.467  1211  1321 I chatty  : uid=1000(system) PowerManagerSer expire 5 lines
12-05 08:51:59.468  1211  1824 I chatty  : uid=1000(system) PhotonicModulat expire 2 lines
12-05 08:51:59.468  1211  1246 I chatty  : uid=1000(system) Binder:1211_2 expire 4 lines
12-05 08:51:59.475  2030  2030 I TelecomFramework: AccountEntry: Registered phoneAccount: [[ ] PhoneAccount: ComponentInfo{com.android.phone/com.android.services.telephony.TelephonyConnectionService}, ***, UserHandle{0} Capabilities: CallProvider MultiUser PlaceEmerg SimSub  Audio Routes: BESW Schemes: tel voicemail  Extras: Bundle[{android.telecom.extra.SUPPORTS_VIDEO_CALLING_FALLBACK=true, android.telecom.extra.SORT_ORDER=0}] GroupId: ***] with handle: ComponentInfo{com.android.phone/com.android.services.telephony.TelephonyConnectionService}, ***, UserHandle{0}
12-05 08:51:59.475  2030  2030 I TelecomFramework: PstnIncomingCallNotifier: Registering: Handler (com.qualcomm.qti.internal.telephony.QtiGsmCdmaPhone) {b5c4518}
12-05 08:51:59.484   432   505 D vold    : Waiting for FUSE to spin up...
12-05 08:51:59.491  2030  2030 I TelecomFramework: TelecomAccountRegistry: setupAccounts: Phone with subscription id: -1 slotId: 1 provisionStatus: -2
12-05 08:51:59.503  1211  1271 I chatty  : uid=1000(system) android.display expire 3 lines
12-05 08:51:59.524  1211  1211 I chatty  : uid=1000 system_server expire 12 lines
12-05 08:51:59.535   432   505 D vold    : Waiting for FUSE to spin up...
12-05 08:51:59.536   517  1133 E NetlinkEvent: NetlinkEvent::FindParam(): Parameter 'INTERFACE' not found
12-05 08:51:59.536   517  1133 E NetlinkEvent: NetlinkEvent::FindParam(): Parameter 'STATE' not found
12-05 08:51:59.536   517  1133 E NetlinkEvent: NetlinkEvent::FindParam(): Parameter 'TIME_NS' not found
12-05 08:51:59.536   517  1133 E NetlinkEvent: NetlinkEvent::FindParam(): Parameter 'UID' not found
12-05 08:51:59.539  2785  2785 W sdcard  : Device explicitly enabled sdcardfs
12-05 08:51:59.552  2030  2030 I TelecomFramework: : onSubscriptionsChanged - update accounts
12-05 08:51:59.552  2030  2030 I TelecomFramework: PstnIncomingCallNotifier: Unregistering: Handler (com.qualcomm.qti.internal.telephony.QtiGsmCdmaPhone) {b5c4518}
12-05 08:51:59.555  1211  1804 I chatty  : uid=1000(system) Binder:1211_3 expire 2 lines
12-05 08:51:59.559  2030  2030 I TelecomFramework: TelecomAccountRegistry: setupAccounts: Found 2 phones.  Attempting to register.
12-05 08:51:59.560  2030  2030 I TelecomFramework: TelecomAccountRegistry: setupAccounts: Phone with subscription id: 1 slotId: 0 provisionStatus: 1
12-05 08:51:59.585   432   505 D vold    : Link /storage/93B4-EBAF to /storage/sdcard
12-05 08:51:59.604  2030  2030 I TelecomFramework: AccountEntry: Registered phoneAccount: [[ ] PhoneAccount: ComponentInfo{com.android.phone/com.android.services.telephony.TelephonyConnectionService}, ***, UserHandle{0} Capabilities: CallProvider MultiUser PlaceEmerg SimSub  Audio Routes: BESW Schemes: tel voicemail  Extras: Bundle[{android.telecom.extra.SUPPORTS_VIDEO_CALLING_FALLBACK=true, android.telecom.extra.SORT_ORDER=0}] GroupId: ***] with handle: ComponentInfo{com.android.phone/com.android.services.telephony.TelephonyConnectionService}, ***, UserHandle{0}
12-05 08:51:59.604  2030  2030 I TelecomFramework: PstnIncomingCallNotifier: Registering: Handler (com.qualcomm.qti.internal.telephony.QtiGsmCdmaPhone) {b5c4518}
12-05 08:51:59.612  2030  2030 I TelecomFramework: TelecomAccountRegistry: setupAccounts: Phone with subscription id: -1 slotId: 1 provisionStatus: -2
12-05 08:51:59.618  1211  1975 I chatty  : uid=1000(system) Binder:1211_6 expire 1 line
12-05 08:51:59.629  1211  1317 I chatty  : uid=1000(system) AppAutoRotation expire 2 lines
12-05 08:51:59.674  2030  2030 I TelecomFramework: : onSubscriptionsChanged - update accounts
12-05 08:51:59.674  2030  2030 I TelecomFramework: PstnIncomingCallNotifier: Unregistering: Handler (com.qualcomm.qti.internal.telephony.QtiGsmCdmaPhone) {b5c4518}
12-05 08:51:59.675  1211  1263 I chatty  : uid=1000(system) android.fg expire 8 lines
12-05 08:51:59.676  2030  2030 I TelecomFramework: TelecomAccountRegistry: setupAccounts: Found 2 phones.  Attempting to register.
12-05 08:51:59.677  2030  2030 I TelecomFramework: TelecomAccountRegistry: setupAccounts: Phone with subscription id: 1 slotId: 0 provisionStatus: 1
12-05 08:51:59.710  1211  1245 I chatty  : uid=1000(system) Binder:1211_1 expire 2 lines
12-05 08:51:59.712  2030  2030 I TelecomFramework: AccountEntry: Registered phoneAccount: [[ ] PhoneAccount: ComponentInfo{com.android.phone/com.android.services.telephony.TelephonyConnectionService}, ***, UserHandle{0} Capabilities: CallProvider MultiUser PlaceEmerg SimSub  Audio Routes: BESW Schemes: tel voicemail  Extras: Bundle[{android.telecom.extra.SUPPORTS_VIDEO_CALLING_FALLBACK=true, android.telecom.extra.SORT_ORDER=0}] GroupId: ***] with handle: ComponentInfo{com.android.phone/com.android.services.telephony.TelephonyConnectionService}, ***, UserHandle{0}
12-05 08:51:59.712  2030  2030 I TelecomFramework: PstnIncomingCallNotifier: Registering: Handler (com.qualcomm.qti.internal.telephony.QtiGsmCdmaPhone) {b5c4518}
12-05 08:52:03.898  2030  2030 I TelecomFramework: TelecomAccountRegistry: setupAccounts: Phone with subscription id: -1 slotId: 1 provisionStatus: -2
12-05 08:52:03.909  1211  1919 I chatty  : uid=1000(system) NetworkTimeUpda expire 2 lines
12-05 08:52:03.934  1211  1320 I chatty  : uid=1000(system) CpuTracker expire 4 lines
12-05 08:52:03.941   432   505 D vold    : Linking /storage/emulated/0 to /mnt/user/0/primary
12-05 08:52:03.942  1211  1269 I chatty  : uid=1000(system) android.io expire 1 line
12-05 08:52:03.987  2030  2030 I TelecomFramework: : onSubscriptionsChanged - update accounts
12-05 08:52:03.987  2030  2030 I TelecomFramework: PstnIncomingCallNotifier: Unregistering: Handler (com.qualcomm.qti.internal.telephony.QtiGsmCdmaPhone) {b5c4518}
12-05 08:52:03.987  1211  1812 I chatty  : uid=1000(system) backup expire 5 lines
12-05 08:52:03.992  2030  2030 I TelecomFramework: TelecomAccountRegistry: setupAccounts: Found 2 phones.  Attempting to register.
12-05 08:52:03.992  2030  2030 I TelecomFramework: TelecomAccountRegistry: setupAccounts: Phone with subscription id: 1 slotId: 0 provisionStatus: 1
12-05 08:52:04.045  1211  2195 I chatty  : uid=1000(system) Binder:1211_B expire 7 lines
12-05 08:52:04.047  2030  2030 I TelecomFramework: AccountEntry: Registered phoneAccount: [[ ] PhoneAccount: ComponentInfo{com.android.phone/com.android.services.telephony.TelephonyConnectionService}, ***, UserHandle{0} Capabilities: CallProvider MultiUser PlaceEmerg SimSub  Audio Routes: BESW Schemes: tel voicemail  Extras: Bundle[{android.telecom.extra.SUPPORTS_VIDEO_CALLING_FALLBACK=true, android.telecom.extra.SORT_ORDER=0}] GroupId: ***] with handle: ComponentInfo{com.android.phone/com.android.services.telephony.TelephonyConnectionService}, ***, UserHandle{0}
12-05 08:52:04.047  2030  2030 I TelecomFramework: PstnIncomingCallNotifier: Registering: Handler (com.qualcomm.qti.internal.telephony.QtiGsmCdmaPhone) {b5c4518}
12-05 08:52:04.053  2030  2030 I TelecomFramework: TelecomAccountRegistry: setupAccounts: Phone with subscription id: -1 slotId: 1 provisionStatus: -2
12-05 08:52:04.071  1211  1281 I chatty  : uid=1000(system) android.bg expire 1 line
12-05 08:52:04.094  1211  1796 I chatty  : uid=1000(system) onProviders.ECP expire 1 line
12-05 08:52:04.101  1211  2173 I chatty  : uid=1000(system) Binder:1211_8 expire 2 lines
12-05 08:52:04.114  2030  2030 I TelecomFramework: PstnPhoneCapabilitiesNotifier: handleVideoCapabilitesChanged. Video capability - false
12-05 08:52:04.186  1211  1772 I chatty  : uid=1000(system) StorageCallback expire 2 lines
12-05 08:52:04.213  1211  1283 I chatty  : uid=1000(system) ActivityManager expire 122 lines
12-05 08:52:04.216  1211  1975 I chatty  : uid=1000(system) Binder:1211_6 expire 1 line
12-05 08:52:04.241  2030  2030 I TelecomFramework: PstnPhoneCapabilitiesNotifier: handleVideoCapabilitesChanged. Video capability - false
12-05 08:52:04.241  1211  1211 I chatty  : uid=1000 system_server expire 8 lines
12-05 08:52:04.248  1211  1269 I chatty  : uid=1000(system) android.io expire 4 lines
12-05 08:52:04.267  1211  1812 I chatty  : uid=1000(system) backup expire 2 lines
12-05 08:52:04.270  2030  2030 I TelecomFramework: PstnPhoneCapabilitiesNotifier: handleVideoCapabilitesChanged. Video capability - false
12-05 08:52:04.277  1211  2829 I chatty  : uid=1000(system) backup-0 expire 10 lines
12-05 08:52:04.282  1211  1790 I chatty  : uid=1000(system) ConnectivitySer expire 5 lines
12-05 08:52:04.310  2030  2030 I TelecomFramework: PstnPhoneCapabilitiesNotifier: handleVideoCapabilitesChanged. Video capability - false
12-05 08:52:04.329  2030  2030 I TelecomFramework: PstnPhoneCapabilitiesNotifier: handleVideoCapabilitesChanged. Video capability - false
12-05 08:52:04.393  2030  2030 I TelecomFramework: PstnPhoneCapabilitiesNotifier: handleVideoCapabilitesChanged. Video capability - false
12-05 08:52:04.418  2831  2831 W ContextImpl: Calling a method in the system process without a qualified user: android.app.ContextImpl.startService:1589 android.content.ContextWrapper.startService:669 com.android.voicereminder.ReminderApp.onCreate:35 android.app.Instrumentation.callApplicationOnCreate:1190 android.app.ActivityThread.handleBindApplication:6560 
12-05 08:52:04.423  1211  2173 I chatty  : uid=1000(system) Binder:1211_8 expire 4 lines
12-05 08:52:04.491  1211  1960 I chatty  : uid=1000(system) Binder:1211_5 expire 7 lines
12-05 08:52:04.501  1211  2813 I chatty  : uid=1000(system) LazyTaskWriterT expire 2 lines
12-05 08:52:04.504  2889  2889 W ContextImpl: Calling a method in the system process without a qualified user: android.app.ContextImpl.startService:1589 android.content.ContextWrapper.startService:669 com.byd.xcall.XCallApplication.onCreate:39 android.app.Instrumentation.callApplicationOnCreate:1190 android.app.ActivityThread.handleBindApplication:6560 
12-05 08:52:04.535  1211  2797 I chatty  : uid=1000(system) Binder:1211_D expire 3 lines
12-05 08:52:04.538  1211  1804 I chatty  : uid=1000(system) Binder:1211_3 expire 6 lines
12-05 08:52:04.549  1211  1853 I chatty  : uid=1000(system) Binder:1211_4 expire 7 lines
12-05 08:52:04.558  2921  2921 D CanDataCollectMainApp: onCreate
12-05 08:52:04.560  2921  2921 W ContextImpl: Calling a method in the system process without a qualified user: android.app.ContextImpl.startService:1589 android.content.ContextWrapper.startService:669 com.byd.CanDataCollect.service.MainApp.onCreate:41 android.app.Instrumentation.callApplicationOnCreate:1190 android.app.ActivityThread.handleBindApplication:6560 
12-05 08:52:04.563  1211  2195 I chatty  : uid=1000(system) Binder:1211_B expire 2 lines
12-05 08:52:04.579  2921  2921 W ActivityThread: ClassLoader.getResourceAsStream: The class loader returned by Thread.getContextClassLoader() may fail for processes that host multiple applications. You should explicitly specify a context class loader. For example: Thread.setContextClassLoader(getClass().getClassLoader());
12-05 08:52:04.580  2940  2940 W ContextImpl: Calling a method in the system process without a qualified user: android.app.ContextImpl.startService:1589 android.content.ContextWrapper.startService:669 com.byd.upgradeserver.UpgradeApp.startUpgradeService:27 com.byd.upgradeserver.UpgradeApp.onCreate:19 android.app.Instrumentation.callApplicationOnCreate:1190 
12-05 08:52:04.733  1211  1263 I chatty  : uid=1000(system) android.fg expire 9 lines
12-05 08:52:04.833  2889  3111 W ActivityThread: ClassLoader.getResourceAsStream: The class loader returned by Thread.getContextClassLoader() may fail for processes that host multiple applications. You should explicitly specify a context class loader. For example: Thread.setContextClassLoader(getClass().getClassLoader());
12-05 08:52:04.962  3191  3191 D ClientStatusCollectionMainApp: onCreate
12-05 08:52:04.963  3191  3191 W ContextImpl: Calling a method in the system process without a qualified user: android.app.ContextImpl.startService:1589 android.content.ContextWrapper.startService:669 com.byd.clientstatuscollectionservice.service.MainApp.onCreate:41 android.app.Instrumentation.callApplicationOnCreate:1190 android.app.ActivityThread.handleBindApplication:6560 
12-05 08:52:05.001  1211  1316 I chatty  : uid=1000(system) FileObserver expire 4 lines
12-05 08:52:05.048  1211  2418 I chatty  : uid=1000(system) Binder:1211_C expire 5 lines
12-05 08:52:05.054  3148  3148 W ContextImpl: Calling a method in the system process without a qualified user: android.app.ContextImpl.startService:1589 android.content.ContextWrapper.startService:669 com.byd.minikaraoke.main.MainApplication.onCreate:15 android.app.Instrumentation.callApplicationOnCreate:1190 android.app.ActivityThread.handleBindApplication:6560 
12-05 08:52:05.078  1211  1282 I chatty  : uid=1000(system) ActivityManager expire 101 lines
12-05 08:52:05.078  3234  3234 W ContextImpl: Calling a method in the system process without a qualified user: android.app.ContextImpl.startService:1589 android.content.ContextWrapper.startService:669 com.byd.rapidmode.RapidModeApplication.onCreate:17 android.app.Instrumentation.callApplicationOnCreate:1190 android.app.ActivityThread.handleBindApplication:6560 
12-05 08:52:05.111  1211  1283 I chatty  : uid=1000(system) ActivityManager expire 97 lines
12-05 08:52:05.135  1211  1853 I chatty  : uid=1000(system) Binder:1211_4 expire 1 line
12-05 08:52:05.149  1211  1272 I chatty  : uid=1000(system) android.anim expire 2 lines
12-05 08:52:05.159  1211  1245 I chatty  : uid=1000(system) Binder:1211_1 expire 3 lines
12-05 08:52:05.190  1211  1637 I chatty  : uid=1000(system) AccModeManagerS expire 7 lines
12-05 08:52:05.192  1211  1211 I chatty  : uid=1000 system_server expire 4 lines
12-05 08:52:05.232  1211  1269 I chatty  : uid=1000(system) android.io expire 2 lines
12-05 08:52:05.255  3269  3269 W ContextImpl: Calling a method in the system process without a qualified user: android.app.ContextImpl.bindService:1668 android.content.ContextWrapper.bindService:705 com.byd.trafficmonitor.BydApplication.onCreate:66 android.app.Instrumentation.callApplicationOnCreate:1190 android.app.ActivityThread.handleBindApplication:6560 
12-05 08:52:05.255  1211  1302 I chatty  : uid=1000(system) batterystats-wo expire 1 line
12-05 08:52:05.258  3208  3208 W ContextImpl: Calling a method in the system process without a qualified user: android.app.ContextImpl.startService:1589 android.content.ContextWrapper.startService:669 com.byd.otaupdate.App.onCreate:49 android.app.Instrumentation.callApplicationOnCreate:1190 android.app.ActivityThread.handleBindApplication:6560 
12-05 08:52:05.276  1211  2176 I chatty  : uid=1000(system) Binder:1211_A expire 6 lines
12-05 08:52:05.277  3148  3148 W ContextImpl: Calling a method in the system process without a qualified user: android.app.ContextImpl.startService:1589 android.content.ContextWrapper.startService:669 com.bajintech.assistant.client.BYDMicManager.initMessengerSerivice:6 com.bajintech.assistant.client.BYDMicManager.<init>:249 com.bajintech.assistant.client.BYDMicManager.getInstance:4 
12-05 08:52:05.281  2030  2030 I TelecomFramework: : Carrier-config changed, checking for phone account updates.
12-05 08:52:05.281  3208  3208 W ContextImpl: Calling a method in the system process without a qualified user: android.app.ContextImpl.sendBroadcast:1064 android.content.ContextWrapper.sendBroadcast:448 com.byd.otaupdate.ui.vehicleota.base.VehicleOTAUtil.sendBroadcastToAPN2:1959 com.byd.otaupdate.ui.vehicleota.base.VehicleOTAUtil.sendBroadcastToDisconnectAPN2:1930 com.byd.otaupdate.App.checkAbnormalReboot:115 
12-05 08:52:05.287  3324  3324 D ClientConfigurationMainApp: onCreate
12-05 08:52:05.287  3324  3324 W ContextImpl: Calling a method in the system process without a qualified user: android.app.ContextImpl.startService:1589 android.content.ContextWrapper.startService:669 com.byd.clientconfigurationservice.service.MainApp.onCreate:41 android.app.Instrumentation.callApplicationOnCreate:1190 android.app.ActivityThread.handleBindApplication:6560 
12-05 08:52:05.288  1211  1246 I chatty  : uid=1000(system) Binder:1211_2 expire 13 lines
12-05 08:52:05.296  3148  3148 W ContextImpl: Calling a method in the system process without a qualified user: android.app.ContextImpl.bindService:1668 android.content.ContextWrapper.bindService:705 com.bajintech.assistant.client.BYDMicManager.initMessengerSerivice:7 com.bajintech.assistant.client.BYDMicManager.<init>:249 com.bajintech.assistant.client.BYDMicManager.getInstance:4 
12-05 08:52:05.298  1211  2418 I chatty  : uid=1000(system) Binder:1211_C expire 3 lines
12-05 08:52:05.321  3191  3191 W ActivityThread: ClassLoader.getResourceAsStream: The class loader returned by Thread.getContextClassLoader() may fail for processes that host multiple applications. You should explicitly specify a context class loader. For example: Thread.setContextClassLoader(getClass().getClassLoader());
12-05 08:52:05.323  3148  3148 W ActivityThread: ClassLoader.getResources: The class loader returned by Thread.getContextClassLoader() may fail for processes that host multiple applications. You should explicitly specify a context class loader. For example: Thread.setContextClassLoader(getClass().getClassLoader());
12-05 08:52:05.351  2030  2030 I TelecomFramework: AccountEntry: reRegisterPstnPhoneAccount: subId: 1 - no change
12-05 08:52:05.422  3408  3408 W ContextImpl: Calling a method in the system process without a qualified user: android.app.ContextImpl.startService:1589 android.content.ContextWrapper.startService:669 com.byd.camera.remotectrl.BydCameraApplication.startBydCameraService:28 com.byd.camera.remotectrl.BydCameraApplication.onCreate:21 android.app.Instrumentation.callApplicationOnCreate:1190 
12-05 08:52:05.495  3475  3475 W ContextImpl: Calling a method in the system process without a qualified user: android.app.ContextImpl.startService:1589 android.content.ContextWrapper.startService:669 com.byd.bluetoothcall.BluetoothCallApp.onCreate:56 android.app.Instrumentation.callApplicationOnCreate:1190 android.app.ActivityThread.handleBindApplication:6560 
12-05 08:52:05.507  3408  3408 W ContextImpl: Calling a method in the system process without a qualified user: android.app.ContextImpl.sendBroadcast:1064 android.content.ContextWrapper.sendBroadcast:448 com.byd.camera.remotectrl.BydCameraService.onCreate:119 android.app.ActivityThread.handleCreateService:3954 android.app.ActivityThread.access$1500:220 
12-05 08:52:05.525  3408  3408 W ContextImpl: Calling a method in the system process without a qualified user: android.app.ContextImpl.bindService:1668 android.content.ContextWrapper.bindService:705 com.byd.camera.remotectrl.VehicleService.bindTrafficServcie:757 com.byd.camera.remotectrl.BydCameraService.onCreate:122 android.app.ActivityThread.handleCreateService:3954 
12-05 08:52:05.526  1211  2195 I chatty  : uid=1000(system) Binder:1211_B expire 6 lines
12-05 08:52:05.791  3347  3347 W ContextImpl: Calling a method in the system process without a qualified user: android.app.ContextImpl.startService:1589 android.content.ContextWrapper.startService:669 android.content.ContextWrapper.startService:669 com.byd.main.PowerOnReceiver.onReceive:63 android.app.ActivityThread.handleReceiver:3789 
12-05 08:52:05.817  3574  3574 W ContextImpl: Calling a method in the system process without a qualified user: android.app.ContextImpl.startService:1589 android.content.ContextWrapper.startService:669 com.byd.cdr.main.CDRApplication.startService:104 com.byd.cdr.main.CDRApplication.onCreate:37 android.app.Instrumentation.callApplicationOnCreate:1190 
12-05 08:52:05.840  3347  3347 W ContextImpl: Calling a method in the system process without a qualified user: android.app.ContextImpl.sendBroadcast:1064 android.content.ContextWrapper.sendBroadcast:448 com.byd.e.c.a:11 com.byd.service.widget.NotifyService.c:3 com.byd.service.widget.NotifyService.a:0 
12-05 08:52:05.848  2900  2900 W ContextImpl: Calling a method in the system process without a qualified user: android.app.ContextImpl.startService:1589 android.content.ContextWrapper.startService:669 android.content.ContextWrapper.startService:669 com.byd.gpsinfo.broadcast.GpsInfoBootCompletedReceiver.onReceive:29 android.app.ActivityThread.handleReceiver:3789 
12-05 08:52:05.858  1211  1975 I chatty  : uid=1000(system) Binder:1211_6 expire 18 lines
12-05 08:52:05.860  3528  3528 W ContextImpl: Calling a method in the system process without a qualified user: android.app.ContextImpl.startService:1589 android.content.ContextWrapper.startService:669 android.content.ContextWrapper.startService:669 com.byd.mediacenter.MediaReceiver.onReceive:45 android.app.ActivityThread.handleReceiver:3789 
12-05 08:52:05.876  1211  1246 I chatty  : uid=1000(system) Binder:1211_2 expire 14 lines
12-05 08:52:05.883  1211  1283 I chatty  : uid=1000(system) ActivityManager expire 55 lines
12-05 08:52:05.894  1211  1272 I chatty  : uid=1000(system) android.anim expire 2 lines
12-05 08:52:05.954  1211  1211 I chatty  : uid=1000 system_server expire 12 lines
12-05 08:52:05.987  1211  3761 I chatty  : uid=1000 system_server expire 8 lines
12-05 08:52:06.089  1211  1317 I chatty  : uid=1000(system) AppAutoRotation expire 4 lines
12-05 08:52:06.243  1211  1790 I chatty  : uid=1000(system) ConnectivitySer expire 1 line
12-05 08:52:06.344  1211  1245 I chatty  : uid=1000(system) Binder:1211_1 expire 5 lines
12-05 08:52:06.377  1211  1804 I chatty  : uid=1000(system) Binder:1211_3 expire 1 line
12-05 08:52:06.393  1211  1271 I chatty  : uid=1000(system) android.display expire 5 lines
12-05 08:52:06.541  1211  2176 I chatty  : uid=1000(system) Binder:1211_A expire 18 lines
12-05 08:52:06.569  1211  2797 I chatty  : uid=1000(system) Binder:1211_D expire 11 lines
