12-05 20:30:24.809  1211  7426 W ActivityTaskManager: 	at android.app.IActivityTaskManager$Stub.onTransact(IActivityTaskManager.java:2626)
12-05 20:30:24.809  1211  7426 W ActivityTaskManager: 	at android.os.Binder.execTransactInternal(Binder.java:1021)
12-05 20:30:24.809  1211  7426 W ActivityTaskManager: 	at android.os.Binder.execTransact(Binder.java:994)
12-05 20:30:24.892  1211 10754 D ActivityManager: bindServiceLocked  1000 process android  want to bind 10078
12-05 20:30:24.892  1211 10754 D ActivityManager: UID 10078 is  running now
12-05 20:30:24.893  1211 10754 D ActivityManager:  uid is running 10078
12-05 20:30:24.894  1211  5118 W ActivityTaskManager: Bad activity token: android.os.BinderProxy@d010f45
12-05 20:30:24.894  1211  5118 W ActivityTaskManager: java.lang.ClassCastException: android.os.BinderProxy cannot be cast to com.android.server.wm.ActivityRecord$Token
12-05 20:30:24.894  1211  5118 W ActivityTaskManager: 	at com.android.server.wm.ActivityRecord.forTokenLocked(ActivityRecord.java:933)
12-05 20:30:24.894  1211  5118 W ActivityTaskManager: 	at com.android.server.wm.ActivityRecord.isInStackLocked(ActivityRecord.java:2610)
12-05 20:30:24.894  1211  5118 W ActivityTaskManager: 	at com.android.server.wm.ActivityTaskManagerService.getActivityOptions(ActivityTaskManagerService.java:3070)
12-05 20:30:24.894  1211  5118 W ActivityTaskManager: 	at android.app.IActivityTaskManager$Stub.onTransact(IActivityTaskManager.java:2635)
12-05 20:30:24.894  1211  5118 W ActivityTaskManager: 	at android.os.Binder.execTransactInternal(Binder.java:1021)
12-05 20:30:24.894  1211  5118 W ActivityTaskManager: 	at android.os.Binder.execTransact(Binder.java:994)
12-05 20:30:24.895  1211  7426 W ActivityTaskManager: Bad activity token: android.os.BinderProxy@d010f45
12-05 20:30:24.895  1211  7426 W ActivityTaskManager: java.lang.ClassCastException: android.os.BinderProxy cannot be cast to com.android.server.wm.ActivityRecord$Token
12-05 20:30:24.895  1211  7426 W ActivityTaskManager: 	at com.android.server.wm.ActivityRecord.forTokenLocked(ActivityRecord.java:933)
12-05 20:30:24.895  1211  7426 W ActivityTaskManager: 	at com.android.server.wm.ActivityRecord.isInStackLocked(ActivityRecord.java:2610)
12-05 20:30:24.895  1211  7426 W ActivityTaskManager: 	at com.android.server.wm.ActivityTaskManagerService.getActivityOptions(ActivityTaskManagerService.java:3070)
12-05 20:30:24.895  1211  7426 W ActivityTaskManager: 	at android.app.IActivityTaskManager$Stub.onTransact(IActivityTaskManager.java:2635)
12-05 20:30:24.895  1211  7426 W ActivityTaskManager: 	at android.os.Binder.execTransactInternal(Binder.java:1021)
12-05 20:30:24.895  1211  7426 W ActivityTaskManager: 	at android.os.Binder.execTransact(Binder.java:994)
12-05 20:30:25.108  1211  3871 D ActivityManager: bindServiceLocked  1000 process android  want to bind 10078
12-05 20:30:25.108  1211  3871 D ActivityManager: UID 10078 is  running now
12-05 20:30:25.109  1211  3871 D ActivityManager:  uid is running 10078
12-05 20:30:25.337  1211  5112 D ActivityManager: bindServiceLocked  10078 process com.baidu.netdisk  want to bind 10078
12-05 20:30:25.338  1211  5112 D ActivityManager: bindServiceLocked  10078 process com.baidu.netdisk  want to bind 10078
12-05 20:30:25.387  1211  5118 D ActivityManager: bindServiceLocked  1000 process android  want to bind 10078
12-05 20:30:25.387  1211  5118 D ActivityManager: UID 10078 is  running now
12-05 20:30:25.387  1211  5118 D ActivityManager:  uid is running 10078
12-05 20:30:25.390  1211  5112 D ActivityManager: bindServiceLocked  1000 process android  want to bind 10078
12-05 20:30:25.390  1211  5112 D ActivityManager: UID 10078 is  running now
12-05 20:30:25.391  1211  5112 D ActivityManager:  uid is running 10078
12-05 20:30:25.393  1211  5112 D ActivityManager: bindServiceLocked  1000 process android  want to bind 10078
12-05 20:30:25.393  1211  5112 D ActivityManager: UID 10078 is  running now
12-05 20:30:25.394  1211  5112 D ActivityManager:  uid is running 10078
12-05 20:30:25.395  1211  5112 D ActivityManager: bindServiceLocked  1000 process android  want to bind 10078
12-05 20:30:25.395  1211  5112 D ActivityManager: UID 10078 is  running now
12-05 20:30:25.396  1211  5112 D ActivityManager:  uid is running 10078
12-05 20:30:26.080  1211  1790 D ConnectivityService: reportNetworkConnectivity(103, false) by 1000
12-05 20:30:26.617  1211  1790 D ConnectivityService: NetworkAgentInfo [WIFI () - 103] validation passed
12-05 20:30:27.100  1211 10754 D ActivityManager: bindServiceLocked  1000 process android  want to bind 10078
12-05 20:30:27.100  1211 10754 D ActivityManager: UID 10078 is  running now
12-05 20:30:27.101  1211 10754 D ActivityManager:  uid is running 10078
12-05 20:30:27.212  1211  6840 D ActivityManager: bindServiceLocked  10078 process com.baidu.netdisk  want to bind 10078
12-05 20:30:28.012  1211  5112 D ActivityManager: bindServiceLocked  1000 process android  want to bind 10078
12-05 20:30:28.012  1211  5112 D ActivityManager: UID 10078 is  running now
12-05 20:30:28.014  1211  5112 D ActivityManager:  uid is running 10078
12-05 20:30:28.038  1211  5118 E WifiService: Permission violation - getScanResults not allowed for uid=10078, packageName=com.baidu.netdisk, reason=java.lang.SecurityException: UID 10078 has no location permission
12-05 20:30:28.662  1211  1804 D ActivityTaskManager: START intent = Intent { flg=0x10000000 cmp=com.baidu.netdisk/.ui.preview.OpenFileDialog (has extras) }, processName = com.baidu.netdisk
12-05 20:30:28.662  1211  1804 I ActivityTaskManager: START u0 {flg=0x10000000 cmp=com.baidu.netdisk/.ui.preview.OpenFileDialog (has extras)} from uid 10078
12-05 20:30:28.681  1211  1804 I ActivityTaskManager: The Process com.baidu.netdisk Already Exists in BG. So sending its PID: 10762
12-05 20:30:28.682  1211  1804 V WindowManager:  mAutoRotation 1 mLastPhyRotation = 3 mWmService.getUserPreferencesVaule()-1getPhysicalWindowOrientation = 3mCurrentAppOrientation = 1
12-05 20:30:28.682  1211  1804 V WindowManager: mLastPhyRotation 3
12-05 20:30:28.683  1211  1804 D BydAutoRotation: com.baidu.netdisk.ui.preview.OpenFileDialog, isResumed:true, reason:minimalResumeActivityLocked, displayId:0, removePreMsg:false
12-05 20:30:28.692  1211  1271 I WindowManager:  gww setNewFocusStatusForDvider 
12-05 20:30:28.817  1211  5118 D ActivityTaskManager: activityResumedForAcBar className:com.baidu.netdisk.ui.preview.OpenFileDialog
12-05 20:30:28.841  1211  1266 D WindowManager: sysstate setSystemUiVisibility visibility is 40984
12-05 20:30:28.842  1211  1271 I WindowManager:  gww setNewFocusStatusForDvider 
12-05 20:30:28.868  1211  1272 V WindowManager: syslog performShowLocked: mDrawState=HAS_DRAWN in Window{f64f997 u0 com.baidu.netdisk/com.baidu.netdisk.ui.preview.OpenFileDialog}
12-05 20:30:28.869  1211  3834 D ActivityManager: bindServiceLocked  10078 process com.baidu.netdisk  want to bind 10078
12-05 20:30:28.883  1211  1317 D BydAutoRotation: info {name:com.baidu.netdisk.ui.preview.OpenFileDialog,isFinishing:false,multiWindow:false,fullscreen:true,noDisplay:false}
12-05 20:30:28.883  1211  1317 D BydAutoRotation: orientation {xmlConfig:SCREEN_ORIENTATION_PORTRAIT, nowRequest:SCREEN_ORIENTATION_PORTRAIT, nowRequestFixed:true, codeRequestOther:false}
12-05 20:30:28.890  1211  1317 D BydAutoRotation: userrotation_preferences -> 0
12-05 20:30:28.890  1211  1317 D BydAutoRotation: physicalOrientation(3) and req orientation is matching, no need to rotate
12-05 20:30:28.929  1211  3834 D ActivityManager: bindServiceLocked  1000 process android  want to bind 10078
12-05 20:30:28.929  1211  3834 D ActivityManager: UID 10078 is  running now
12-05 20:30:28.930  1211  3834 D ActivityManager:  uid is running 10078
12-05 20:30:28.934  1211  3834 D ActivityManager: bindServiceLocked  1000 process android  want to bind 10078
12-05 20:30:28.934  1211  3834 D ActivityManager: UID 10078 is  running now
12-05 20:30:28.934  1211  3834 D ActivityManager:  uid is running 10078
12-05 20:30:29.042  1211  3834 D ActivityManager: bindServiceLocked  1000 process android  want to bind 10078
12-05 20:30:29.042  1211  3834 D ActivityManager: UID 10078 is  running now
12-05 20:30:29.042  1211  3834 D ActivityManager:  uid is running 10078
12-05 20:30:29.102  1211  1790 D ConnectivityService: reportNetworkConnectivity(103, false) by 1000
12-05 20:30:29.605  1211  1790 D ConnectivityService: NetworkAgentInfo [WIFI () - 103] validation passed
12-05 20:30:32.128  1211  1790 D ConnectivityService: reportNetworkConnectivity(103, false) by 1000
12-05 20:30:32.247  1211  2813 E TaskPersister: File error accessing recents directory (directory doesn't exist?).
12-05 20:30:32.248  1211  2813 E TaskPersister: File error accessing recents directory (directory doesn't exist?).
12-05 20:30:32.967  1211  1790 D ConnectivityService: NetworkAgentInfo [WIFI () - 103] validation passed
12-05 20:30:33.941  1211  1282 D BroadcastQueue: ssc_skip reciever for uid 10012 name = com.android.providers.media, broadcast=android.intent.action.MEDIA_SCANNER_SCAN_FILE
12-05 20:30:33.948  1211  3871 D ActivityManager: ssc_skip startServiceLocked 10012 want to start 10012, package com.android.providers.media
12-05 20:30:33.958  1211  1282 D BroadcastQueue: ssc_skip reciever for uid 10012 name = com.android.providers.media, broadcast=android.intent.action.MEDIA_SCANNER_SCAN_FILE
12-05 20:30:33.963  1211  5112 D ActivityManager: ssc_skip startServiceLocked 10012 want to start 10012, package com.android.providers.media
12-05 20:30:33.982  1211  3871 D ActivityTaskManager: START intent = Intent { cmp=com.baidu.netdisk/.ui.preview.apprecommend.ui.AppRecommendDialog (has extras) }, processName = com.baidu.netdisk
12-05 20:30:33.982  1211  3871 I ActivityTaskManager: START u0 {cmp=com.baidu.netdisk/.ui.preview.apprecommend.ui.AppRecommendDialog (has extras)} from uid 10078
12-05 20:30:34.001  1211  3871 I ActivityTaskManager: The Process com.baidu.netdisk Already Exists in BG. So sending its PID: 10762
12-05 20:30:34.002  1211  3871 V WindowManager:  mAutoRotation 1 mLastPhyRotation = 3 mWmService.getUserPreferencesVaule()-1getPhysicalWindowOrientation = 3mCurrentAppOrientation = 1
12-05 20:30:34.002  1211  3871 V WindowManager: mLastPhyRotation 3
12-05 20:30:34.004  1211  3871 D BydAutoRotation: com.baidu.netdisk.ui.preview.apprecommend.ui.AppRecommendDialog, isResumed:true, reason:minimalResumeActivityLocked, displayId:0, removePreMsg:false
12-05 20:30:34.010  1211  1271 I WindowManager:  gww setNewFocusStatusForDvider 
12-05 20:30:34.044  1211  1266 D WindowManager: sysstate setSystemUiVisibility visibility is 32792
12-05 20:30:34.045  1211  1271 I WindowManager:  gww setNewFocusStatusForDvider 
12-05 20:30:34.049  1211  2173 D ActivityManager: bindServiceLocked  1000 process android  want to bind 10078
12-05 20:30:34.049  1211  2173 D ActivityManager: UID 10078 is  running now
12-05 20:30:34.052  1211  2173 D ActivityManager:  uid is running 10078
12-05 20:30:34.073  1211  5112 D ActivityTaskManager: activityResumedForAcBar className:com.baidu.netdisk.ui.preview.apprecommend.ui.AppRecommendDialog
12-05 20:30:34.136  1211  1272 V WindowManager: syslog performShowLocked: mDrawState=HAS_DRAWN in Window{7a3f6ff u0 com.baidu.netdisk/com.baidu.netdisk.ui.preview.apprecommend.ui.AppRecommendDialog}
12-05 20:30:34.138  1211  1272 V WindowManager: syslog performShowLocked: mDrawState=HAS_DRAWN in Window{842d021 u0 com.baidu.netdisk/com.baidu.netdisk.ui.preview.apprecommend.ui.AppRecommendDialog}
12-05 20:30:34.152  1211  1266 D WindowManager: sysstate setSystemUiVisibility visibility is 32776
12-05 20:30:34.174  1211  7426 D ActivityTaskManager: START intent = Intent { act=android.intent.action.VIEW dat=content://com.baidu.netdisk.nestdiskFileprovider/external_cache_path/preview/BaiduNetdisk//1032v1.2.3.apk typ=application/vnd.android.package-archive flg=0x10000001 cmp=com.android.packageinstaller/.InstallStart }, processName = com.baidu.netdisk
12-05 20:30:34.174  1211  7426 I ActivityTaskManager: START u0 {act=android.intent.action.VIEW dat=content://com.baidu.netdisk.nestdiskFileprovider/external_cache_path/preview/BaiduNetdisk//1032v1.2.3.apk typ=application/vnd.android.package-archive flg=0x10000001 cmp=com.android.packageinstaller/.InstallStart} from uid 10078
12-05 20:30:34.204  1211  1317 D BydAutoRotation: info {name:com.baidu.netdisk.ui.preview.apprecommend.ui.AppRecommendDialog,isFinishing:true,multiWindow:false,fullscreen:false,noDisplay:false}
12-05 20:30:34.205  1211  1317 D BydAutoRotation: orientation {xmlConfig:SCREEN_ORIENTATION_UNSPECIFIED, nowRequest:SCREEN_ORIENTATION_UNSPECIFIED, nowRequestFixed:false, codeRequestOther:false}
12-05 20:30:34.209  1211  1804 I ActivityTaskManager: The Process com.android.packageinstaller Already Exists in BG. So sending its PID: 10496
12-05 20:30:34.210  1211  1804 V WindowManager:  mAutoRotation 1 mLastPhyRotation = 3 mWmService.getUserPreferencesVaule()-1getPhysicalWindowOrientation = 3mCurrentAppOrientation = 1
12-05 20:30:34.210  1211  1804 V WindowManager: mLastPhyRotation 3
12-05 20:30:34.212  1211  1804 D BydAutoRotation: com.android.packageinstaller.InstallStart, isResumed:true, reason:minimalResumeActivityLocked, displayId:0, removePreMsg:false
12-05 20:30:34.212  1211  1266 D WindowManager: sysstate setSystemUiVisibility visibility is 40968
12-05 20:30:34.221  1211  1271 I WindowManager:  gww setNewFocusStatusForDvider 
12-05 20:30:34.272  1211  3871 D ActivityTaskManager: START intent = Intent { act=android.intent.action.VIEW dat=content://com.baidu.netdisk.nestdiskFileprovider/external_cache_path/preview/BaiduNetdisk//1032v1.2.3.apk typ=application/vnd.android.package-archive flg=0x2000000 cmp=com.android.packageinstaller/.InstallStaging (has extras) }, processName = com.android.packageinstaller
12-05 20:30:34.272  1211  3871 I ActivityTaskManager: START u0 {act=android.intent.action.VIEW dat=content://com.baidu.netdisk.nestdiskFileprovider/external_cache_path/preview/BaiduNetdisk//1032v1.2.3.apk typ=application/vnd.android.package-archive flg=0x2000000 cmp=com.android.packageinstaller/.InstallStaging (has extras)} from uid 10014
12-05 20:30:34.295  1211  7426 D ActivityTaskManager: activityResumedForAcBar className:com.android.packageinstaller.InstallStart
12-05 20:30:34.299  1211  3871 I ActivityTaskManager: The Process com.android.packageinstaller Already Exists in BG. So sending its PID: 10496
12-05 20:30:34.300  1211  3871 V WindowManager:  mAutoRotation 1 mLastPhyRotation = 3 mWmService.getUserPreferencesVaule()-1getPhysicalWindowOrientation = 3mCurrentAppOrientation = 1
12-05 20:30:34.300  1211  3871 V WindowManager: mLastPhyRotation 3
12-05 20:30:34.301  1211  3871 D BydAutoRotation: com.android.packageinstaller.InstallStaging, isResumed:true, reason:minimalResumeActivityLocked, displayId:0, removePreMsg:true
12-05 20:30:34.368  1211  3871 D ActivityTaskManager: activityResumedForAcBar className:com.android.packageinstaller.InstallStaging
12-05 20:30:34.387  1211  1266 D WindowManager: sysstate setSystemUiVisibility visibility is 32776
12-05 20:30:34.389  1211  1271 I WindowManager:  gww setNewFocusStatusForDvider 
12-05 20:30:34.460  1211  1272 V WindowManager: syslog performShowLocked: mDrawState=HAS_DRAWN in Window{7f489eb u0 com.android.packageinstaller/com.android.packageinstaller.InstallStaging}
12-05 20:30:34.465  1211  1266 D WindowManager: sysstate setSystemUiVisibility visibility is 32792
12-05 20:30:34.478  1211  1266 D WindowManager: sysstate setSystemUiVisibility visibility is 32776
12-05 20:30:34.488  1211  3834 D ActivityTaskManager: START intent = Intent { act=android.intent.action.VIEW dat=file:///data/user_de/0/com.android.packageinstaller/no_backup/package3659810797227629837.apk flg=0x2810000 cmp=com.android.packageinstaller/.DeleteStagedFileOnResult (has extras) }, processName = com.android.packageinstaller
12-05 20:30:34.488  1211  3834 I ActivityTaskManager: START u0 {act=android.intent.action.VIEW dat=file:///data/user_de/0/com.android.packageinstaller/no_backup/package3659810797227629837.apk flg=0x2810000 cmp=com.android.packageinstaller/.DeleteStagedFileOnResult (has extras)} from uid 10014
12-05 20:30:34.502  1211  1317 D BydAutoRotation: info {name:com.android.packageinstaller.InstallStaging,isFinishing:false,multiWindow:false,fullscreen:false,noDisplay:false}
12-05 20:30:34.502  1211  1317 D BydAutoRotation: orientation {xmlConfig:SCREEN_ORIENTATION_UNSPECIFIED, nowRequest:SCREEN_ORIENTATION_UNSPECIFIED, nowRequestFixed:false, codeRequestOther:false}
12-05 20:30:34.520  1211  1804 I ActivityTaskManager: The Process com.android.packageinstaller Already Exists in BG. So sending its PID: 10496
12-05 20:30:34.521  1211  1804 V WindowManager:  mAutoRotation 1 mLastPhyRotation = 3 mWmService.getUserPreferencesVaule()-1getPhysicalWindowOrientation = 3mCurrentAppOrientation = 1
12-05 20:30:34.521  1211  1804 V WindowManager: mLastPhyRotation 3
12-05 20:30:34.524  1211  1804 D BydAutoRotation: com.android.packageinstaller.DeleteStagedFileOnResult, isResumed:true, reason:minimalResumeActivityLocked, displayId:0, removePreMsg:false
12-05 20:30:34.526  1211  1266 D WindowManager: sysstate setSystemUiVisibility visibility is 40968
12-05 20:30:34.558  1211  2173 D ActivityTaskManager: START intent = Intent { act=android.intent.action.VIEW dat=file:///data/user_de/0/com.android.packageinstaller/no_backup/package3659810797227629837.apk flg=0x10000 cmp=com.android.packageinstaller/.PackageInstallerActivity (has extras) }, processName = com.android.packageinstaller
12-05 20:30:34.558  1211  2173 I ActivityTaskManager: START u0 {act=android.intent.action.VIEW dat=file:///data/user_de/0/com.android.packageinstaller/no_backup/package3659810797227629837.apk flg=0x10000 cmp=com.android.packageinstaller/.PackageInstallerActivity (has extras)} from uid 10014
12-05 20:30:34.572  1211  1271 I WindowManager:  gww setNewFocusStatusForDvider 
12-05 20:30:34.585  1211  2173 D ActivityTaskManager: activityResumedForAcBar className:com.android.packageinstaller.DeleteStagedFileOnResult
12-05 20:30:34.595  1211  1266 D WindowManager: sysstate setSystemUiVisibility visibility is 32776
12-05 20:30:34.597  1211  1271 I WindowManager:  gww setNewFocusStatusForDvider 
12-05 20:30:34.609  1211  2173 I ActivityTaskManager: The Process com.android.packageinstaller Already Exists in BG. So sending its PID: 10496
12-05 20:30:34.610  1211  2173 V WindowManager:  mAutoRotation 1 mLastPhyRotation = 3 mWmService.getUserPreferencesVaule()-1getPhysicalWindowOrientation = 3mCurrentAppOrientation = 1
12-05 20:30:34.610  1211  2173 V WindowManager: mLastPhyRotation 3
12-05 20:30:34.613  1211  2173 D BydAutoRotation: com.android.packageinstaller.PackageInstallerActivity, isResumed:true, reason:minimalResumeActivityLocked, displayId:0, removePreMsg:true
12-05 20:30:34.615  1211  1266 D WindowManager: sysstate setSystemUiVisibility visibility is 40968
12-05 20:30:34.628  1211  1271 I WindowManager:  gww setNewFocusStatusForDvider 
12-05 20:30:34.673  1211  7426 D ActivityTaskManager: activityResumedForAcBar className:com.android.packageinstaller.PackageInstallerActivity
12-05 20:30:34.681  1211  1266 D WindowManager: sysstate setSystemUiVisibility visibility is 32776
12-05 20:30:34.684  1211  1271 I WindowManager:  gww setNewFocusStatusForDvider 
12-05 20:30:34.710  1211  1272 V WindowManager: syslog performShowLocked: mDrawState=HAS_DRAWN in Window{c9f7490 u0 com.android.packageinstaller/com.android.packageinstaller.PackageInstallerActivity}
12-05 20:30:34.711  1211  1272 V WindowManager: syslog performShowLocked: mDrawState=HAS_DRAWN in Window{cd8098d u0 com.android.packageinstaller/com.android.packageinstaller.DeleteStagedFileOnResult}
12-05 20:30:34.714  1211  1266 D WindowManager: sysstate setSystemUiVisibility visibility is 32792
12-05 20:30:34.722  1211  1266 D WindowManager: sysstate setSystemUiVisibility visibility is 32776
12-05 20:30:34.814  1211  1317 D BydAutoRotation: info {name:com.android.packageinstaller.PackageInstallerActivity,isFinishing:false,multiWindow:false,fullscreen:false,noDisplay:false}
12-05 20:30:34.814  1211  1317 D BydAutoRotation: orientation {xmlConfig:SCREEN_ORIENTATION_UNSPECIFIED, nowRequest:SCREEN_ORIENTATION_UNSPECIFIED, nowRequestFixed:false, codeRequestOther:false}
12-05 20:30:35.150  1211  1790 D ConnectivityService: reportNetworkConnectivity(103, false) by 1000
12-05 20:30:35.676  1211  1790 D ConnectivityService: NetworkAgentInfo [WIFI () - 103] validation passed
12-05 20:30:35.991  1211  3834 D ActivityTaskManager: START intent = Intent { dat=file:///data/user_de/0/com.android.packageinstaller/no_backup/package3659810797227629837.apk flg=0x2000000 cmp=com.android.packageinstaller/.InstallInstalling (has extras) }, processName = com.android.packageinstaller
12-05 20:30:35.991  1211  3834 I ActivityTaskManager: START u0 {dat=file:///data/user_de/0/com.android.packageinstaller/no_backup/package3659810797227629837.apk flg=0x2000000 cmp=com.android.packageinstaller/.InstallInstalling (has extras)} from uid 10014
12-05 20:30:36.025  1211  7426 I ActivityTaskManager: The Process com.android.packageinstaller Already Exists in BG. So sending its PID: 10496
12-05 20:30:36.026  1211  7426 V WindowManager:  mAutoRotation 1 mLastPhyRotation = 3 mWmService.getUserPreferencesVaule()-1getPhysicalWindowOrientation = 3mCurrentAppOrientation = 1
12-05 20:30:36.027  1211  7426 V WindowManager: mLastPhyRotation 3
12-05 20:30:36.029  1211  7426 D BydAutoRotation: com.android.packageinstaller.InstallInstalling, isResumed:true, reason:minimalResumeActivityLocked, displayId:0, removePreMsg:false
12-05 20:30:36.033  1211  1266 D WindowManager: sysstate setSystemUiVisibility visibility is 40968
12-05 20:30:36.048  1211  1271 I WindowManager:  gww setNewFocusStatusForDvider 
12-05 20:30:36.230  1211  1317 D BydAutoRotation: info {name:com.android.packageinstaller.InstallInstalling,isFinishing:false,multiWindow:false,fullscreen:false,noDisplay:false}
12-05 20:30:36.230  1211  1317 D BydAutoRotation: orientation {xmlConfig:SCREEN_ORIENTATION_UNSPECIFIED, nowRequest:SCREEN_ORIENTATION_UNSPECIFIED, nowRequestFixed:false, codeRequestOther:false}
12-05 20:30:36.250  1211  5112 D ActivityTaskManager: activityResumedForAcBar className:com.android.packageinstaller.InstallInstalling
12-05 20:30:36.263  1211  1266 D WindowManager: sysstate setSystemUiVisibility visibility is 32776
12-05 20:30:36.266  1211  1271 I WindowManager:  gww setNewFocusStatusForDvider 
12-05 20:30:36.288  1211  1272 V WindowManager: syslog performShowLocked: mDrawState=HAS_DRAWN in Window{c01e897 u0 com.android.packageinstaller/com.android.packageinstaller.InstallInstalling}
12-05 20:30:36.488  1211  1282 I ActivityManager: Force stopping com.huawei.carstatushelper appid=10128 user=-1: installPackageLI
12-05 20:30:36.489  1211  1282 I ActivityManager: Killing 10959:com.huawei.carstatushelper/u0a128 (adj 200): stop com.huawei.carstatushelper
12-05 20:30:36.489  1211  1339 I PackageManager: Update package com.huawei.carstatushelper code path from /data/app/com.huawei.carstatushelper-ssW0eeb_k-rr_XZW0U3j3Q== to /data/app/com.huawei.carstatushelper-gjXX-gMV9w3NZv-JqvmhjA==; Retain data and using new
12-05 20:30:36.489  1211  1339 I PackageManager: Update package com.huawei.carstatushelper resource path from /data/app/com.huawei.carstatushelper-ssW0eeb_k-rr_XZW0U3j3Q== to /data/app/com.huawei.carstatushelper-gjXX-gMV9w3NZv-JqvmhjA==; Retain data and using new
12-05 20:30:36.491  1211  1282 W ActivityManager: Scheduling restart of crashed service com.huawei.carstatushelper/.receiver.BootCompleteService in 1000ms
12-05 20:30:36.492  1211  1282 I ActivityManager:   Force stopping service ServiceRecord{84c43dc u0 com.huawei.carstatushelper/.receiver.BootCompleteService}
12-05 20:30:36.601  1211  1339 I PackageManager: Un-granting permission android.permission.MOUNT_UNMOUNT_FILESYSTEMS from package com.quark.browser (protectionLevel=18 flags=0x38d83e44)
12-05 20:30:36.601  1211  1339 I PackageManager: Un-granting permission android.permission.SYSTEM_ALERT_WINDOW from package com.quark.browser (protectionLevel=1250 flags=0x38d83e44)
12-05 20:30:36.601  1211  1339 I PackageManager: Un-granting permission android.permission.WRITE_SETTINGS from package com.quark.browser (protectionLevel=1218 flags=0x38d83e44)
12-05 20:30:36.601  1211  1339 I PackageManager: Un-granting permission android.permission.REQUEST_INSTALL_PACKAGES from package com.quark.browser (protectionLevel=66 flags=0x38d83e44)
12-05 20:30:36.601  1211  1339 I PackageManager: Un-granting permission android.permission.READ_LOGS from package com.quark.browser (protectionLevel=50 flags=0x38d83e44)
12-05 20:30:36.601  1211  1339 I PackageManager: Un-granting permission android.permission.CLEAR_APP_CACHE from package com.quark.browser (protectionLevel=18 flags=0x38d83e44)
12-05 20:30:36.601  1211  1339 I PackageManager: Un-granting permission android.permission.PACKAGE_USAGE_STATS from package com.quark.browser (protectionLevel=114 flags=0x38d83e44)
12-05 20:30:36.601  1211  1339 I PackageManager: Un-granting permission android.permission.SYSTEM_ALERT_WINDOW from package com.huawei.radar_floating_demo (protectionLevel=1250 flags=0x20c8bf46)
12-05 20:30:36.602  1211  1339 I PackageManager: Un-granting permission android.permission.SYSTEM_ALERT_WINDOW from package com.huawei.floating_helper (protectionLevel=1250 flags=0x2048bf46)
12-05 20:30:36.602  1211  1339 I PackageManager: Un-granting permission android.permission.READ_LOGS from package cmgyunting.vehicleplayer.cnr (protectionLevel=50 flags=0x38d8be45)
12-05 20:30:36.602  1211  1339 I PackageManager: Un-granting permission android.permission.REQUEST_INSTALL_PACKAGES from package cmgyunting.vehicleplayer.cnr (protectionLevel=66 flags=0x38d8be45)
12-05 20:30:36.602  1211  1339 I PackageManager: Un-granting permission com.byd.mediacenter.STARTSERVER from package cmgyunting.vehicleplayer.cnr (protectionLevel=18 flags=0x38d8be45)
12-05 20:30:36.602  1211  1339 I PackageManager: Un-granting permission android.permission.PACKAGE_USAGE_STATS from package cmgyunting.vehicleplayer.cnr (protectionLevel=114 flags=0x38d8be45)
12-05 20:30:36.602  1211  1339 I PackageManager: Un-granting permission android.permission.INTERACT_ACROSS_USERS from package cmgyunting.vehicleplayer.cnr (protectionLevel=50 flags=0x38d8be45)
12-05 20:30:36.602  1211  1339 I PackageManager: Un-granting permission android.permission.READ_LOGS from package com.sohu.inputmethod.sogou (protectionLevel=50 flags=0x38d83e45)
12-05 20:30:36.602  1211  1339 I PackageManager: Un-granting permission android.permission.CLEAR_APP_CACHE from package com.sohu.inputmethod.sogou (protectionLevel=18 flags=0x38d83e45)
12-05 20:30:36.602  1211  1339 I PackageManager: Un-granting permission android.permission.REQUEST_INSTALL_PACKAGES from package com.sohu.inputmethod.sogou (protectionLevel=66 flags=0x38d83e45)
12-05 20:30:36.602  1211  1339 I PackageManager: Un-granting permission android.permission.PACKAGE_USAGE_STATS from package com.sohu.inputmethod.sogou (protectionLevel=114 flags=0x38d83e45)
12-05 20:30:36.603  1211  1339 I PackageManager: Un-granting permission android.permission.READ_LOGS from package com.dianshijia.newlive (protectionLevel=50 flags=0x38883e44)
12-05 20:30:36.603  1211  1339 I PackageManager: Un-granting permission android.permission.REQUEST_INSTALL_PACKAGES from package com.dianshijia.newlive (protectionLevel=66 flags=0x38883e44)
12-05 20:30:36.603  1211  1339 I PackageManager: Un-granting permission android.permission.SYSTEM_ALERT_WINDOW from package com.dianshijia.newlive (protectionLevel=1250 flags=0x38883e44)
12-05 20:30:36.603  1211  1339 I PackageManager: Un-granting permission android.permission.WRITE_SETTINGS from package com.dianshijia.newlive (protectionLevel=1218 flags=0x38883e44)
12-05 20:30:36.603  1211  1339 I PackageManager: Un-granting permission android.permission.CLEAR_APP_CACHE from package com.dianshijia.newlive (protectionLevel=18 flags=0x38883e44)
12-05 20:30:36.606  1211  1339 I PackageManager: Un-granting permission android.permission.PACKAGE_USAGE_STATS from package net.dinglisch.android.taskerm (protectionLevel=114 flags=0x1889be44)
12-05 20:30:36.606  1211  1339 I PackageManager: Un-granting permission android.permission.MODIFY_PHONE_STATE from package net.dinglisch.android.taskerm (protectionLevel=18 flags=0x1889be44)
12-05 20:30:36.606  1211  1339 I PackageManager: Un-granting permission android.permission.SET_TIME_ZONE from package net.dinglisch.android.taskerm (protectionLevel=18 flags=0x1889be44)
12-05 20:30:36.606  1211  1339 I PackageManager: Un-granting permission android.permission.WRITE_SETTINGS from package net.dinglisch.android.taskerm (protectionLevel=1218 flags=0x1889be44)
12-05 20:30:36.606  1211  1339 I PackageManager: Un-granting permission android.permission.DUMP from package net.dinglisch.android.taskerm (protectionLevel=50 flags=0x1889be44)
12-05 20:30:36.606  1211  1339 I PackageManager: Un-granting permission android.permission.CHANGE_CONFIGURATION from package net.dinglisch.android.taskerm (protectionLevel=50 flags=0x1889be44)
12-05 20:30:36.606  1211  1339 I PackageManager: Un-granting permission android.permission.TETHER_PRIVILEGED from package net.dinglisch.android.taskerm (protectionLevel=18 flags=0x1889be44)
12-05 20:30:36.606  1211  1339 I PackageManager: Un-granting permission android.permission.CAPTURE_AUDIO_OUTPUT from package net.dinglisch.android.taskerm (protectionLevel=18 flags=0x1889be44)
12-05 20:30:36.606  1211  1339 I PackageManager: Un-granting permission android.permission.REQUEST_INSTALL_PACKAGES from package net.dinglisch.android.taskerm (protectionLevel=66 flags=0x1889be44)
12-05 20:30:36.606  1211  1339 I PackageManager: Un-granting permission android.permission.SET_MEDIA_KEY_LISTENER from package net.dinglisch.android.taskerm (protectionLevel=50 flags=0x1889be44)
12-05 20:30:36.606  1211  1339 I PackageManager: Un-granting permission android.permission.SET_WALLPAPER_COMPONENT from package net.dinglisch.android.taskerm (protectionLevel=18 flags=0x1889be44)
12-05 20:30:36.606  1211  1339 I PackageManager: Un-granting permission android.permission.SYSTEM_ALERT_WINDOW from package net.dinglisch.android.taskerm (protectionLevel=1250 flags=0x1889be44)
12-05 20:30:36.606  1211  1339 I PackageManager: Un-granting permission android.permission.READ_CLIPBOARD_IN_BACKGROUND from package net.dinglisch.android.taskerm (protectionLevel=2 flags=0x1889be44)
12-05 20:30:36.606  1211  1339 I PackageManager: Un-granting permission android.permission.SET_VOLUME_KEY_LONG_PRESS_LISTENER from package net.dinglisch.android.taskerm (protectionLevel=50 flags=0x1889be44)
12-05 20:30:36.606  1211  1339 I PackageManager: Un-granting permission android.permission.SET_PROCESS_LIMIT from package net.dinglisch.android.taskerm (protectionLevel=50 flags=0x1889be44)
12-05 20:30:36.610  1211  1339 I PackageManager: Un-granting permission android.permission.SYSTEM_ALERT_WINDOW from package com.huawei.myapplication3 (protectionLevel=1250 flags=0x20c8bf46)
12-05 20:30:36.611  1211  1339 I PackageManager: Un-granting permission android.permission.READ_LOGS from package com.baidu.input (protectionLevel=50 flags=0x38c83e45)
12-05 20:30:36.611  1211  1339 I PackageManager: Un-granting permission android.permission.CLEAR_APP_CACHE from package com.baidu.input (protectionLevel=18 flags=0x38c83e45)
12-05 20:30:36.611  1211  1339 I PackageManager: Un-granting permission android.permission.MOUNT_UNMOUNT_FILESYSTEMS from package com.baidu.input (protectionLevel=18 flags=0x38c83e45)
12-05 20:30:36.612  1211  1339 I PackageManager: Un-granting permission android.permission.READ_LOGS from package com.icoolme.android.weather.bydauto (protectionLevel=50 flags=0x30983e45)
12-05 20:30:36.612  1211  1339 I PackageManager: Un-granting permission android.permission.CHANGE_CONFIGURATION from package com.icoolme.android.weather.bydauto (protectionLevel=50 flags=0x30983e45)
12-05 20:30:36.612  1211  1339 I PackageManager: Un-granting permission android.permission.MOUNT_UNMOUNT_FILESYSTEMS from package com.icoolme.android.weather.bydauto (protectionLevel=18 flags=0x30983e45)
12-05 20:30:36.612  1211  1339 I PackageManager: Un-granting permission android.permission.START_ANY_ACTIVITY from package com.icoolme.android.weather.bydauto (protectionLevel=2 flags=0x30983e45)
12-05 20:30:36.612  1211  1339 I PackageManager: Un-granting permission android.permission.REAL_GET_TASKS from package com.icoolme.android.weather.bydauto (protectionLevel=18 flags=0x30983e45)
12-05 20:30:36.612  1211  1339 I PackageManager: Un-granting permission android.permission.REMOVE_TASKS from package com.icoolme.android.weather.bydauto (protectionLevel=262146 flags=0x30983e45)
12-05 20:30:36.612  1211  1339 I PackageManager: Un-granting permission android.permission.INSTALL_PACKAGES from package com.icoolme.android.weather.bydauto (protectionLevel=18 flags=0x30983e45)
12-05 20:30:36.612  1211  1339 I PackageManager: Un-granting permission android.permission.STOP_APP_SWITCHES from package com.icoolme.android.weather.bydauto (protectionLevel=18 flags=0x30983e45)
12-05 20:30:36.614  1211  1339 I PackageManager: Un-granting permission android.permission.SYSTEM_ALERT_WINDOW from package com.ziwenl.floatingwindowdemo (protectionLevel=1250 flags=0x20483f46)
12-05 20:30:36.614  1211  1339 I PackageManager: Un-granting permission android.permission.WRITE_SETTINGS from package com.baidu.BaiduMap (protectionLevel=1218 flags=0x38983e44)
12-05 20:30:36.614  1211  1339 I PackageManager: Un-granting permission android.permission.REQUEST_INSTALL_PACKAGES from package com.baidu.BaiduMap (protectionLevel=66 flags=0x38983e44)
12-05 20:30:36.614  1211  1339 I PackageManager: Un-granting permission android.permission.SYSTEM_ALERT_WINDOW from package com.baidu.BaiduMap (protectionLevel=1250 flags=0x38983e44)
12-05 20:30:36.614  1211  1339 I PackageManager: Un-granting permission android.permission.MOUNT_UNMOUNT_FILESYSTEMS from package com.baidu.BaiduMap (protectionLevel=18 flags=0x38983e44)
12-05 20:30:36.614  1211  1339 I PackageManager: Un-granting permission android.permission.MOUNT_UNMOUNT_FILESYSTEMS from package com.byd.multipletheme (protectionLevel=18 flags=0x30c8be47)
12-05 20:30:36.617  1211  1339 I PackageManager: Un-granting permission android.permission.BYDAUTO_BODYWORK_GET from package com.huawei.byd_api_reflect_test_demo (protectionLevel=2 flags=0x20c8bf46)
12-05 20:30:36.617  1211  1339 I PackageManager: Un-granting permission android.permission.BYDAUTO_ENERGY_GET from package com.huawei.byd_api_reflect_test_demo (protectionLevel=2 flags=0x20c8bf46)
12-05 20:30:36.621  1211  1339 I PackageManager: Un-granting permission android.permission.WRITE_SETTINGS from package com.baidu.netdisk (protectionLevel=1218 flags=0x30d87e44)
12-05 20:30:36.621  1211  1339 I PackageManager: Un-granting permission android.permission.MOUNT_UNMOUNT_FILESYSTEMS from package com.baidu.netdisk (protectionLevel=18 flags=0x30d87e44)
12-05 20:30:36.621  1211  1339 I PackageManager: Un-granting permission android.permission.SYSTEM_ALERT_WINDOW from package com.baidu.netdisk (protectionLevel=1250 flags=0x30d87e44)
12-05 20:30:36.621  1211  1339 I PackageManager: Un-granting permission android.permission.READ_LOGS from package com.baidu.netdisk (protectionLevel=50 flags=0x30d87e44)
12-05 20:30:36.621  1211  1339 I PackageManager: Un-granting permission android.permission.CLEAR_APP_CACHE from package com.baidu.netdisk (protectionLevel=18 flags=0x30d87e44)
12-05 20:30:36.621  1211  1339 I PackageManager: Un-granting permission android.permission.REQUEST_INSTALL_PACKAGES from package com.baidu.netdisk (protectionLevel=66 flags=0x30d87e44)
12-05 20:30:36.621  1211  1339 I PackageManager: Un-granting permission android.permission.PACKAGE_USAGE_STATS from package com.baidu.netdisk (protectionLevel=114 flags=0x30d87e44)
12-05 20:30:36.622  1211  1339 I PackageManager: Un-granting permission android.permission.SYSTEM_ALERT_WINDOW from package com.huawei.carstatushelper.dev (protectionLevel=1250 flags=0x20c8bf46)
12-05 20:30:36.622  1211  1339 I PackageManager: Un-granting permission android.permission.BYDAUTO_POWER_GET from package com.huawei.carstatushelper.dev (protectionLevel=18 flags=0x20c8bf46)
12-05 20:30:36.622  1211  1339 I PackageManager: Un-granting permission android.permission.BYDAUTO_BIGDATA_GET from package com.huawei.carstatushelper.dev (protectionLevel=2 flags=0x20c8bf46)
12-05 20:30:36.622  1211  1339 I PackageManager: Un-granting permission android.permission.BYDAUTO_REAR_VIEW_MIRROR_GET from package com.huawei.carstatushelper.dev (protectionLevel=2 flags=0x20c8bf46)
12-05 20:30:36.622  1211  1339 I PackageManager: Un-granting permission android.permission.BYDAUTO_AC_SET from package com.huawei.carstatushelper.dev (protectionLevel=2 flags=0x20c8bf46)
12-05 20:30:36.622  1211  1339 I PackageManager: Un-granting permission android.permission.BYDAUTO_AC_GET from package com.huawei.carstatushelper.dev (protectionLevel=2 flags=0x20c8bf46)
12-05 20:30:36.622  1211  1339 I PackageManager: Un-granting permission android.permission.BYDAUTO_AUDIO_GET from package com.huawei.carstatushelper.dev (protectionLevel=2 flags=0x20c8bf46)
12-05 20:30:36.622  1211  1339 I PackageManager: Un-granting permission android.permission.BYDAUTO_BODYWORK_GET from package com.huawei.carstatushelper.dev (protectionLevel=2 flags=0x20c8bf46)
12-05 20:30:36.622  1211  1339 I PackageManager: Un-granting permission android.permission.BYDAUTO_CHARGING_GET from package com.huawei.carstatushelper.dev (protectionLevel=2 flags=0x20c8bf46)
12-05 20:30:36.622  1211  1339 I PackageManager: Un-granting permission android.permission.BYDAUTO_DOOR_LOCK_GET from package com.huawei.carstatushelper.dev (protectionLevel=2 flags=0x20c8bf46)
12-05 20:30:36.622  1211  1339 I PackageManager: Un-granting permission android.permission.BYDAUTO_ENERGY_GET from package com.huawei.carstatushelper.dev (protectionLevel=2 flags=0x20c8bf46)
12-05 20:30:36.622  1211  1339 I PackageManager: Un-granting permission android.permission.BYDAUTO_ENGINE_GET from package com.huawei.carstatushelper.dev (protectionLevel=2 flags=0x20c8bf46)
12-05 20:30:36.622  1211  1339 I PackageManager: Un-granting permission android.permission.BYDAUTO_GEARBOX_GET from package com.huawei.carstatushelper.dev (protectionLevel=2 flags=0x20c8bf46)
12-05 20:30:36.622  1211  1339 I PackageManager: Un-granting permission android.permission.BYDAUTO_INSTRUMENT_GET from package com.huawei.carstatushelper.dev (protectionLevel=2 flags=0x20c8bf46)
12-05 20:30:36.622  1211  1339 I PackageManager: Un-granting permission android.permission.BYDAUTO_LIGHT_GET from package com.huawei.carstatushelper.dev (protectionLevel=2 flags=0x20c8bf46)
12-05 20:30:36.622  1211  1339 I PackageManager: Un-granting permission android.permission.BYDAUTO_LOCATION_GET from package com.huawei.carstatushelper.dev (protectionLevel=2 flags=0x20c8bf46)
12-05 20:30:36.622  1211  1339 I PackageManager: Un-granting permission android.permission.BYDAUTO_MULTIMEDIA_GET from package com.huawei.carstatushelper.dev (protectionLevel=2 flags=0x20c8bf46)
12-05 20:30:36.622  1211  1339 I PackageManager: Un-granting permission android.permission.BYDAUTO_PANORAMA_GET from package com.huawei.carstatushelper.dev (protectionLevel=2 flags=0x20c8bf46)
12-05 20:30:36.622  1211  1339 I PackageManager: Un-granting permission android.permission.BYDAUTO_PM2P5_GET from package com.huawei.carstatushelper.dev (protectionLevel=2 flags=0x20c8bf46)
12-05 20:30:36.622  1211  1339 I PackageManager: Un-granting permission android.permission.BYDAUTO_RADAR_GET from package com.huawei.carstatushelper.dev (protectionLevel=2 flags=0x20c8bf46)
12-05 20:30:36.622  1211  1339 I PackageManager: Un-granting permission android.permission.BYDAUTO_SAFETY_BELT_GET from package com.huawei.carstatushelper.dev (protectionLevel=2 flags=0x20c8bf46)
12-05 20:30:36.622  1211  1339 I PackageManager: Un-granting permission android.permission.BYDAUTO_SENSOR_GET from package com.huawei.carstatushelper.dev (protectionLevel=2 flags=0x20c8bf46)
12-05 20:30:36.622  1211  1339 I PackageManager: Un-granting permission android.permission.BYDAUTO_SETTING_GET from package com.huawei.carstatushelper.dev (protectionLevel=2 flags=0x20c8bf46)
12-05 20:30:36.622  1211  1339 I PackageManager: Un-granting permission android.permission.BYDAUTO_SETTING_SET from package com.huawei.carstatushelper.dev (protectionLevel=2 flags=0x20c8bf46)
12-05 20:30:36.622  1211  1339 I PackageManager: Un-granting permission android.permission.BYDAUTO_SPEED_GET from package com.huawei.carstatushelper.dev (protectionLevel=2 flags=0x20c8bf46)
12-05 20:30:36.622  1211  1339 I PackageManager: Un-granting permission android.permission.BYDAUTO_STATISTIC_GET from package com.huawei.carstatushelper.dev (protectionLevel=2 flags=0x20c8bf46)
12-05 20:30:36.622  1211  1339 I PackageManager: Un-granting permission android.permission.BYDAUTO_TIME_GET from package com.huawei.carstatushelper.dev (protectionLevel=2 flags=0x20c8bf46)
12-05 20:30:36.622  1211  1339 I PackageManager: Un-granting permission android.permission.BYDAUTO_TYRE_GET from package com.huawei.carstatushelper.dev (protectionLevel=2 flags=0x20c8bf46)
12-05 20:30:36.622  1211  1339 I PackageManager: Un-granting permission android.permission.READ_LOGS from package com.netease.cloudmusic (protectionLevel=50 flags=0x38983e44)
12-05 20:30:36.622  1211  1339 I PackageManager: Un-granting permission android.permission.MOUNT_UNMOUNT_FILESYSTEMS from package com.netease.cloudmusic (protectionLevel=18 flags=0x38983e44)
12-05 20:30:36.622  1211  1339 I PackageManager: Un-granting permission android.permission.WRITE_SETTINGS from package com.netease.cloudmusic (protectionLevel=1218 flags=0x38983e44)
12-05 20:30:36.622  1211  1339 I PackageManager: Un-granting permission android.permission.SYSTEM_ALERT_WINDOW from package com.netease.cloudmusic (protectionLevel=1250 flags=0x38983e44)
12-05 20:30:36.623  1211  1339 I PackageManager: Un-granting permission android.permission.REQUEST_INSTALL_PACKAGES from package com.netease.cloudmusic (protectionLevel=66 flags=0x38983e44)
12-05 20:30:36.623  1211  1339 I PackageManager: Un-granting permission android.permission.INTERACT_ACROSS_USERS from package com.netease.cloudmusic (protectionLevel=50 flags=0x38983e44)
12-05 20:30:36.623  1211  1339 I PackageManager: Un-granting permission android.permission.SYSTEM_ALERT_WINDOW from package com.huawei.carstatushelper (protectionLevel=1250 flags=0x2048be44)
12-05 20:30:37.563  1211  2813 E TaskPersister: File error accessing recents directory (directory doesn't exist?).
12-05 20:30:37.563  1211  2813 E TaskPersister: File error accessing recents directory (directory doesn't exist?).
12-05 20:30:37.829  1211  1339 I ActivityManager: Force stopping com.huawei.carstatushelper appid=10128 user=0: pkg removed
12-05 20:30:37.859  1211  1282 D BroadcastQueue: ssc_skip reciever for uid 10048 name = com.icoolme.android.weather.bydauto, broadcast=android.intent.action.PACKAGE_REMOVED
12-05 20:30:37.859  1211  1282 W BroadcastQueue: Background execution not allowed: receiving Intent { act=android.intent.action.PACKAGE_REMOVED dat=package:com.huawei.carstatushelper flg=0x4000010 (has extras) } to com.icoolme.android.weather.bydauto/cn.jpush.android.service.PushReceiver
12-05 20:30:37.859  1211  1282 D BroadcastQueue: ssc_skip reciever for uid 10078 name = com.baidu.netdisk, broadcast=android.intent.action.PACKAGE_REMOVED
12-05 20:30:37.859  1211  1282 D ActivityManager: UID 10078 is  running now
12-05 20:30:37.860  1211  1282 D ActivityManager:  uid is running 10078
12-05 20:30:37.860  1211  1282 W BroadcastQueue: Background execution not allowed: receiving Intent { act=android.intent.action.PACKAGE_REMOVED dat=package:com.huawei.carstatushelper flg=0x4000010 (has extras) } to com.baidu.netdisk/.module.toolbox.AppInfoBroadcastReceiver
12-05 20:30:37.872  1211  1282 D BroadcastQueue: ssc_skip reciever for uid 10079 name = com.dianshijia.newlive, broadcast=android.intent.action.PACKAGE_REMOVED
12-05 20:30:37.872  1211  1282 D ActivityManager: UID 10079 is not running
12-05 20:30:37.873  1211  1282 D ActivityManager: packageName 10079  NOT RUNNING
12-05 20:30:37.873  1211  1282 D BroadcastQueue: ssc_skip reciever for uid 10079 name = com.dianshijia.newlive ignored !!!
12-05 20:30:37.873  1211  1282 D BroadcastQueue: ssc_skip reciever for uid 10014 name = com.android.packageinstaller, broadcast=com.android.packageinstaller.ACTION_INSTALL_COMMIT
12-05 20:30:37.885  1211  1282 D BroadcastQueue: ssc_skip reciever for uid 10079 name = com.dianshijia.newlive, broadcast=android.intent.action.PACKAGE_REMOVED
12-05 20:30:37.885  1211  1282 D ActivityManager: UID 10079 is not running
12-05 20:30:37.887  1211  1282 D ActivityManager: packageName 10079  NOT RUNNING
12-05 20:30:37.887  1211  1282 D BroadcastQueue: ssc_skip reciever for uid 10079 name = com.dianshijia.newlive ignored !!!
12-05 20:30:37.889  1211  2173 D ActivityManager: ssc_skip startServiceLocked 10088 want to start 10088, package net.dinglisch.android.taskerm
12-05 20:30:37.890  1211  6840 D ActivityTaskManager: START intent = Intent { dat=file:///data/user_de/0/com.android.packageinstaller/no_backup/package3659810797227629837.apk flg=0x2800000 cmp=com.android.packageinstaller/.InstallSuccess (has extras) }, processName = com.android.packageinstaller
12-05 20:30:37.890  1211  6840 I ActivityTaskManager: START u0 {dat=file:///data/user_de/0/com.android.packageinstaller/no_backup/package3659810797227629837.apk flg=0x2800000 cmp=com.android.packageinstaller/.InstallSuccess (has extras)} from uid 10014
12-05 20:30:37.907  1211  5112 I ActivityTaskManager: The Process com.android.packageinstaller Already Exists in BG. So sending its PID: 10496
12-05 20:30:37.911  1211  5112 V WindowManager:  mAutoRotation 1 mLastPhyRotation = 3 mWmService.getUserPreferencesVaule()-1getPhysicalWindowOrientation = 3mCurrentAppOrientation = 1
12-05 20:30:37.912  1211  5112 V WindowManager: mLastPhyRotation 3
12-05 20:30:37.916  1211  5112 D BydAutoRotation: com.android.packageinstaller.InstallSuccess, isResumed:true, reason:minimalResumeActivityLocked, displayId:0, removePreMsg:false
12-05 20:30:37.943  1211  1282 D BroadcastQueue: ssc_skip reciever for uid 10077 name = com.quark.browser, broadcast=android.intent.action.PACKAGE_REMOVED
12-05 20:30:37.943  1211  1282 D ActivityManager: UID 10077 is not running
12-05 20:30:37.946  1211  1282 D ActivityManager: packageName 10077  NOT RUNNING
12-05 20:30:37.946  1211  1282 D BroadcastQueue: ssc_skip reciever for uid 10077 name = com.quark.browser ignored !!!
12-05 20:30:37.947  1211  1211 D ActivityManager: ssc_skip startServiceLocked 1000 want to start 1000, package com.android.keychain
12-05 20:30:37.952  1211  1211 D AppOpsDataCachedService: updateAppOpsChangedLocked action = android.intent.action.PACKAGE_REMOVED uid = 10128
12-05 20:30:37.952  1211  1339 I ActivityManager: Force stopping com.huawei.carstatushelper appid=10128 user=0: pkg removed
12-05 20:30:37.988  1211  1263 D ActivityManager: bindServiceLocked  1000 process android  want to bind 10019
12-05 20:30:38.006  1211  1266 W Looper  : Slow dispatch took 117ms android.ui h=com.android.server.am.ActivityManagerService$UiHandler c=null m=53
12-05 20:30:38.007  1211  1266 D WindowManager: sysstate setSystemUiVisibility visibility is 40968
12-05 20:30:38.026  1211  1211 I RoleManagerService: Granting default permissions...
12-05 20:30:38.030  1211  2173 D ActivityTaskManager: activityResumedForAcBar className:com.android.packageinstaller.InstallSuccess
12-05 20:30:38.033  1211  1282 D BroadcastQueue: ssc_skip reciever for uid 10077 name = com.quark.browser, broadcast=android.intent.action.PACKAGE_REMOVED
12-05 20:30:38.033  1211  1282 D ActivityManager: UID 10077 is not running
12-05 20:30:38.057  1211  1266 D WindowManager: sysstate setSystemUiVisibility visibility is 32776
12-05 20:30:38.085  1211  1211 I Telecom : DefaultDialerCache: Refreshing default dialer for user 0: now null: DDC.oR@ANU
12-05 20:30:38.086  1211  1211 D AppOpsDataCachedService: updateAppOpsChangedLocked action = android.intent.action.PACKAGE_ADDED uid = 10128
12-05 20:30:38.090  1211  1272 V WindowManager: syslog performShowLocked: mDrawState=HAS_DRAWN in Window{642a9fb u0 com.android.packageinstaller/com.android.packageinstaller.InstallSuccess}
12-05 20:30:38.102  1211  1282 D ActivityManager: packageName 10077  NOT RUNNING
12-05 20:30:38.102  1211  1282 D BroadcastQueue: ssc_skip reciever for uid 10077 name = com.quark.browser ignored !!!
12-05 20:30:38.107  1211  1271 I WindowManager:  gww setNewFocusStatusForDvider 
12-05 20:30:38.117  1211  1317 D BydAutoRotation: info {name:com.android.packageinstaller.InstallSuccess,isFinishing:false,multiWindow:false,fullscreen:false,noDisplay:false}
12-05 20:30:38.117  1211  1317 D BydAutoRotation: orientation {xmlConfig:SCREEN_ORIENTATION_UNSPECIFIED, nowRequest:SCREEN_ORIENTATION_UNSPECIFIED, nowRequestFixed:false, codeRequestOther:false}
12-05 20:30:38.187  1211  2173 D ActivityManager: ssc_skip startServiceLocked 10088 want to start 10088, package net.dinglisch.android.taskerm
12-05 20:30:38.188  1211  1211 V BackupManagerConstants: getFullBackupIntervalMilliseconds(...) returns 86400000
12-05 20:30:38.189  1211  1283 I ActivityManager: Start proc 12635:com.android.keychain/1000 for service {com.android.keychain/com.android.keychain.KeyChainService}
12-05 20:30:38.189  1211  1211 V BackupManagerConstants: getFullBackupRequiredNetworkType(...) returns 2
12-05 20:30:38.189  1211  1211 V BackupManagerConstants: getFullBackupRequireCharging(...) returns true
