12-14 13:23:02.944  1040 30272 E mm_bcamera: mm_app_preview_notify_cb: dump_number0[0]
12-14 13:23:02.945  1040 30272 I NormalMMCamDevice: [frameworks/av/services/bmmcamera/device/src/NormalMMCamDevice.cpp]:[isZero]: the start is [1036800].
12-14 13:23:02.945  1040 30272 I NormalMMCamDevice: [frameworks/av/services/bmmcamera/device/src/NormalMMCamDevice.cpp]:[isZero]: the start is [2592000].
12-14 13:23:02.958 29738 29738 D BYDAutoInstrumentDevice: postEvent device_type: 1007, event_type =12d0003c, value = 0
12-14 13:23:02.959  3517  3517 D BYDAutoPowerDevice: postEvent device_type: 1005, event_type =12d0003d, value = 1
12-14 13:23:02.959  2019  2019 D BYDAutoPowerDevice: postEvent device_type: 1005, event_type =12d0003d, value = 1
12-14 13:23:02.959  2864  2864 D BYDAutoPowerDevice: postEvent device_type: 1005, event_type =12d0003d, value = 1
12-14 13:23:02.966  1234  1234 D BYDGBAcqService: onReceive action is: android.cloudmanager.action.gb_ep_realtime_data_action
12-14 13:23:02.966  1234  1234 D BYDGBAcqService: doKeepliveAlarm 
12-14 13:23:02.967   813   848 E         : onTransact: Enter, code = 8
12-14 13:23:02.967   813   848 E gbacqservice: EN send_alarm_data
12-14 13:23:02.967   813   848 E gbacqservice: EN sendData
12-14 13:23:02.967  1234  1234 I AlarmManager: setImpl wakeup alarm mPackageName=android type=2 triggerAtMillis=8985515 nowMillis=1670995382967 nowRealtime=8955515 windowMillis=0 intervalMillis=0 operation=PendingIntent{a848dd: PendingIntentRecord{5c88c52 android broadcastIntent}} listenerTag=null
12-14 13:23:02.967   813   841 D gbacqservice: [GBSocket]:HandleSendData m_nOutbufLen = 0
12-14 13:23:02.969  1016 30249 E mm-camera: <MCT   ><ERROR> 1313: mct_controller_handle_SOF_proc: Metadata stream not present
12-14 13:23:02.970   813  5746 E gbacqservice: [EN GBRecvDataHandle]:notify_send_complete sendResult = 1
12-14 13:23:02.970   813  5746 D gbacqservice: GBRecvDataHandle::notify_send_complete 0x02,1
12-14 13:23:02.970   813  5746 E gbacqservice: send_func: send completed
12-14 13:23:02.970   813  5746 I gbacqservice: send_func,7,1
12-14 13:23:02.970   813  5746 E gbacqservice: send_func: send buffer length is zero. wait..
12-14 13:23:02.971   813   841 D gbacqservice: [EN GBDataHandle]:handle_msg_loop wait size 0
12-14 13:23:02.982  1040 30272 E mm_bcamera: mm_app_preview_notify_cb: dump_number0[0]
12-14 13:23:02.982  1040 30272 I NormalMMCamDevice: [frameworks/av/services/bmmcamera/device/src/NormalMMCamDevice.cpp]:[isZero]: the start is [1036800].
12-14 13:23:02.982  1040 30272 I NormalMMCamDevice: [frameworks/av/services/bmmcamera/device/src/NormalMMCamDevice.cpp]:[isZero]: the start is [2592000].
12-14 13:23:03.006 29738 29738 D BYDAutoInstrumentDevice: postEvent device_type: 1007, event_type =12d0003c, value = 1
12-14 13:23:03.009  1016 30249 E mm-camera: <MCT   ><ERROR> 1313: mct_controller_handle_SOF_proc: Metadata stream not present
12-14 13:23:03.014  1040 30272 E mm_bcamera: mm_app_preview_notify_cb: dump_number0[0]
12-14 13:23:03.015  1040 30272 I NormalMMCamDevice: [frameworks/av/services/bmmcamera/device/src/NormalMMCamDevice.cpp]:[isZero]: the start is [1036800].
12-14 13:23:03.015  1040 30272 I NormalMMCamDevice: [frameworks/av/services/bmmcamera/device/src/NormalMMCamDevice.cpp]:[isZero]: the start is [2592000].
12-14 13:23:03.048  1016 30249 E mm-camera: <MCT   ><ERROR> 1313: mct_controller_handle_SOF_proc: Metadata stream not present
12-14 13:23:03.055  1040 30272 E mm_bcamera: mm_app_preview_notify_cb: dump_number0[0]
12-14 13:23:03.056  1040 30272 I NormalMMCamDevice: [frameworks/av/services/bmmcamera/device/src/NormalMMCamDevice.cpp]:[isZero]: the start is [1036800].
12-14 13:23:03.056  1040 30272 I NormalMMCamDevice: [frameworks/av/services/bmmcamera/device/src/NormalMMCamDevice.cpp]:[isZero]: the start is [2592000].
12-14 13:23:03.059  3517  3517 D BYDAutoPowerDevice: postEvent device_type: 1005, event_type =12d0003d, value = 0
12-14 13:23:03.059  2864  2864 D BYDAutoPowerDevice: postEvent device_type: 1005, event_type =12d0003d, value = 0
12-14 13:23:03.059  2019  2019 D BYDAutoPowerDevice: postEvent device_type: 1005, event_type =12d0003d, value = 0
12-14 13:23:03.060 29738 29738 D BYDAutoInstrumentDevice: postEvent device_type: 1007, event_type =12d0003c, value = 0
12-14 13:23:03.060 29738 29738 D BYDAutoSafetyBeltDevice: postEvent device_type: 1042, event_type =12d0003f, value = 1
12-14 13:23:03.060 29738 29738 W DataCollectionPresenter1: AbsBYDAutoSafetyBeltListener:  1
12-14 13:23:03.064   976 30562 I OMX-VENC: venc_dev: stats: avg. fps 24.91, bitrate 4801065
12-14 13:23:03.088  1016 30249 E mm-camera: <MCT   ><ERROR> 1313: mct_controller_handle_SOF_proc: Metadata stream not present
12-14 13:23:03.097  1040 30272 E mm_bcamera: mm_app_preview_notify_cb: dump_number0[0]
12-14 13:23:03.097  1040 30272 I NormalMMCamDevice: [frameworks/av/services/bmmcamera/device/src/NormalMMCamDevice.cpp]:[isZero]: the start is [1036800].
12-14 13:23:03.097  1040 30272 I NormalMMCamDevice: [frameworks/av/services/bmmcamera/device/src/NormalMMCamDevice.cpp]:[isZero]: the start is [2592000].
12-14 13:23:03.108 29738 29738 D BYDAutoInstrumentDevice: postEvent device_type: 1007, event_type =12d0003c, value = 1
12-14 13:23:03.128  1016 30249 E mm-camera: <MCT   ><ERROR> 1313: mct_controller_handle_SOF_proc: Metadata stream not present
12-14 13:23:03.136  1040 30272 E mm_bcamera: mm_app_preview_notify_cb: dump_number0[0]
12-14 13:23:03.137  1040 30272 I NormalMMCamDevice: [frameworks/av/services/bmmcamera/device/src/NormalMMCamDevice.cpp]:[isZero]: the start is [1036800].
12-14 13:23:03.137  1040 30272 I NormalMMCamDevice: [frameworks/av/services/bmmcamera/device/src/NormalMMCamDevice.cpp]:[isZero]: the start is [2592000].
12-14 13:23:03.154 29738 29738 D BYDAutoStatisticDevice: postEvent device_type: 1014, event_type =44600030, value = 3323
12-14 13:23:03.159  2019  2019 D BYDAutoPowerDevice: postEvent device_type: 1005, event_type =12d0003d, value = 1
12-14 13:23:03.159  3517  3517 D BYDAutoPowerDevice: postEvent device_type: 1005, event_type =12d0003d, value = 1
12-14 13:23:03.161  2864  2864 D BYDAutoPowerDevice: postEvent device_type: 1005, event_type =12d0003d, value = 1
12-14 13:23:03.162 29738 29738 D BYDAutoInstrumentDevice: postEvent device_type: 1007, event_type =12d0003c, value = 0
12-14 13:23:03.168  1016 30249 E mm-camera: <MCT   ><ERROR> 1313: mct_controller_handle_SOF_proc: Metadata stream not present
12-14 13:23:03.175  1040 30272 E mm_bcamera: mm_app_preview_notify_cb: dump_number0[0]
12-14 13:23:03.176  1040 30272 I NormalMMCamDevice: [frameworks/av/services/bmmcamera/device/src/NormalMMCamDevice.cpp]:[isZero]: the start is [1036800].
12-14 13:23:03.176  1040 30272 I NormalMMCamDevice: [frameworks/av/services/bmmcamera/device/src/NormalMMCamDevice.cpp]:[isZero]: the start is [2592000].
12-14 13:23:03.193   813 29986 I gbacqservice: BYDGBAcqService sampleSingleCellTotal = 120,totalVoltageValue = 398.432373,mElectricVehicle = 2
12-14 13:23:03.212 29738 29738 D BYDAutoInstrumentDevice: postEvent device_type: 1007, event_type =12d0003c, value = 1
12-14 13:23:03.213  1016 30249 E mm-camera: <MCT   ><ERROR> 1313: mct_controller_handle_SOF_proc: Metadata stream not present
12-14 13:23:03.223  1040 30272 E mm_bcamera: mm_app_preview_notify_cb: dump_number0[0]
12-14 13:23:03.224  1040 30272 I NormalMMCamDevice: [frameworks/av/services/bmmcamera/device/src/NormalMMCamDevice.cpp]:[isZero]: the start is [1036800].
12-14 13:23:03.224  1040 30272 I NormalMMCamDevice: [frameworks/av/services/bmmcamera/device/src/NormalMMCamDevice.cpp]:[isZero]: the start is [2592000].
12-14 13:23:03.248  1016 30249 E mm-camera: <MCT   ><ERROR> 1313: mct_controller_handle_SOF_proc: Metadata stream not present
12-14 13:23:03.258 29738 29738 D BYDAutoInstrumentDevice: postEvent device_type: 1007, event_type =12d0003c, value = 0
12-14 13:23:03.258  2019  2019 D BYDAutoPowerDevice: postEvent device_type: 1005, event_type =12d0003d, value = 0
12-14 13:23:03.259  3517  3517 D BYDAutoPowerDevice: postEvent device_type: 1005, event_type =12d0003d, value = 0
12-14 13:23:03.259  2864  2864 D BYDAutoPowerDevice: postEvent device_type: 1005, event_type =12d0003d, value = 0
12-14 13:23:03.259  1040 30272 E mm_bcamera: mm_app_preview_notify_cb: dump_number0[0]
12-14 13:23:03.259  1040 30272 I NormalMMCamDevice: [frameworks/av/services/bmmcamera/device/src/NormalMMCamDevice.cpp]:[isZero]: the start is [1036800].
12-14 13:23:03.259  1040 30272 I NormalMMCamDevice: [frameworks/av/services/bmmcamera/device/src/NormalMMCamDevice.cpp]:[isZero]: the start is [2592000].
12-14 13:23:03.277  1234  1377 D GnssLocationProvider: WakeLock acquired by sendMessage(REPORT_SV_STATUS, 0, com.android.server.location.GnssLocationProvider$SvStatusInfo@dad3be8)
12-14 13:23:03.278  1234  1808 V GnssLocationProvider: SV count: 14
12-14 13:23:03.278  1234  1808 D GnssLocationProvider: WakeLock released by handleMessage(REPORT_SV_STATUS, 0, com.android.server.location.GnssLocationProvider$SvStatusInfo@dad3be8)
12-14 13:23:03.281 29738 29738 D BYDAutoStatisticDevice: postEvent device_type: 1014, event_type =43a00028, value = 83
12-14 13:23:03.293  1016 30249 E mm-camera: <MCT   ><ERROR> 1313: mct_controller_handle_SOF_proc: Metadata stream not present
12-14 13:23:03.302  1040 30272 E mm_bcamera: mm_app_preview_notify_cb: dump_number0[0]
12-14 13:23:03.302  1040 30272 I NormalMMCamDevice: [frameworks/av/services/bmmcamera/device/src/NormalMMCamDevice.cpp]:[isZero]: the start is [1036800].
12-14 13:23:03.302  1040 30272 I NormalMMCamDevice: [frameworks/av/services/bmmcamera/device/src/NormalMMCamDevice.cpp]:[isZero]: the start is [2592000].
12-14 13:23:03.317 29738 29738 D BYDAutoInstrumentDevice: postEvent device_type: 1007, event_type =12d0003c, value = 1
12-14 13:23:03.328  1016 30249 E mm-camera: <MCT   ><ERROR> 1313: mct_controller_handle_SOF_proc: Metadata stream not present
12-14 13:23:03.334  1040 30272 E mm_bcamera: mm_app_preview_notify_cb: dump_number0[0]
12-14 13:23:03.334  1040 30272 I NormalMMCamDevice: [frameworks/av/services/bmmcamera/device/src/NormalMMCamDevice.cpp]:[isZero]: the start is [1036800].
12-14 13:23:03.334  1040 30272 I NormalMMCamDevice: [frameworks/av/services/bmmcamera/device/src/NormalMMCamDevice.cpp]:[isZero]: the start is [2592000].
12-14 13:23:03.358  2864  2864 D BYDAutoPowerDevice: postEvent device_type: 1005, event_type =12d0003d, value = 1
12-14 13:23:03.359  3517  3517 D BYDAutoPowerDevice: postEvent device_type: 1005, event_type =12d0003d, value = 1
12-14 13:23:03.359  2019  2019 D BYDAutoPowerDevice: postEvent device_type: 1005, event_type =12d0003d, value = 1
12-14 13:23:03.360 29738 29738 D BYDAutoInstrumentDevice: postEvent device_type: 1007, event_type =12d0003c, value = 0
12-14 13:23:03.368  1016 30249 E mm-camera: <MCT   ><ERROR> 1313: mct_controller_handle_SOF_proc: Metadata stream not present
12-14 13:23:03.375  1040 30272 E mm_bcamera: mm_app_preview_notify_cb: dump_number0[0]
12-14 13:23:03.375  1040 30272 I NormalMMCamDevice: [frameworks/av/services/bmmcamera/device/src/NormalMMCamDevice.cpp]:[isZero]: the start is [1036800].
12-14 13:23:03.375  1040 30272 I NormalMMCamDevice: [frameworks/av/services/bmmcamera/device/src/NormalMMCamDevice.cpp]:[isZero]: the start is [2592000].
12-14 13:23:03.402   671   671 I tecControl: temp is 44300 and level is 0 and time_record is 0
12-14 13:23:03.409  1016 30249 E mm-camera: <MCT   ><ERROR> 1313: mct_controller_handle_SOF_proc: Metadata stream not present
12-14 13:23:03.415  1040 30272 E mm_bcamera: mm_app_preview_notify_cb: dump_number0[0]
12-14 13:23:03.415  1040 30272 I NormalMMCamDevice: [frameworks/av/services/bmmcamera/device/src/NormalMMCamDevice.cpp]:[isZero]: the start is [1036800].
12-14 13:23:03.415  1040 30272 I NormalMMCamDevice: [frameworks/av/services/bmmcamera/device/src/NormalMMCamDevice.cpp]:[isZero]: the start is [2592000].
12-14 13:23:03.418 29738 29738 D BYDAutoInstrumentDevice: postEvent device_type: 1007, event_type =12d0003c, value = 1
12-14 13:23:03.449  1016 30249 E mm-camera: <MCT   ><ERROR> 1313: mct_controller_handle_SOF_proc: Metadata stream not present
12-14 13:23:03.458  1040 30272 E mm_bcamera: mm_app_preview_notify_cb: dump_number0[0]
12-14 13:23:03.458  1040 30272 I NormalMMCamDevice: [frameworks/av/services/bmmcamera/device/src/NormalMMCamDevice.cpp]:[isZero]: the start is [1036800].
12-14 13:23:03.458  1040 30272 I NormalMMCamDevice: [frameworks/av/services/bmmcamera/device/src/NormalMMCamDevice.cpp]:[isZero]: the start is [2592000].
12-14 13:23:03.463   668   739 I chatty  : uid=1000(system) /system/bin/autoservice expire 95 lines
12-14 13:23:03.475  3517  3517 D BYDAutoPowerDevice: postEvent device_type: 1005, event_type =12d0003d, value = 0
12-14 13:23:03.476  2864  2864 D BYDAutoPowerDevice: postEvent device_type: 1005, event_type =12d0003d, value = 0
12-14 13:23:03.476  2019  2019 D BYDAutoPowerDevice: postEvent device_type: 1005, event_type =12d0003d, value = 0
12-14 13:23:03.479 29738 29738 D BYDAutoInstrumentDevice: postEvent device_type: 1007, event_type =12d0003c, value = 0
12-14 13:23:03.479 29738 29738 D BYDAutoSafetyBeltDevice: postEvent device_type: 1042, event_type =12d0003f, value = 0
12-14 13:23:03.479 29738 29738 W DataCollectionPresenter1: AbsBYDAutoSafetyBeltListener:  0
12-14 13:23:03.494  1016 30249 E mm-camera: <MCT   ><ERROR> 1313: mct_controller_handle_SOF_proc: Metadata stream not present
12-14 13:23:03.495  1040 30272 E mm_bcamera: mm_app_preview_notify_cb: dump_number0[0]
12-14 13:23:03.496  1040 30272 I NormalMMCamDevice: [frameworks/av/services/bmmcamera/device/src/NormalMMCamDevice.cpp]:[isZero]: the start is [1036800].
12-14 13:23:03.496  1040 30272 I NormalMMCamDevice: [frameworks/av/services/bmmcamera/device/src/NormalMMCamDevice.cpp]:[isZero]: the start is [2592000].
12-14 13:23:03.516 29738 29738 D BYDAutoInstrumentDevice: postEvent device_type: 1007, event_type =12d0003c, value = 1
12-14 13:23:03.528  1016 30249 E mm-camera: <MCT   ><ERROR> 1313: mct_controller_handle_SOF_proc: Metadata stream not present
12-14 13:23:03.535  1040 30272 E mm_bcamera: mm_app_preview_notify_cb: dump_number0[0]
12-14 13:23:03.535  1040 30272 I NormalMMCamDevice: [frameworks/av/services/bmmcamera/device/src/NormalMMCamDevice.cpp]:[isZero]: the start is [1036800].
12-14 13:23:03.535  1040 30272 I NormalMMCamDevice: [frameworks/av/services/bmmcamera/device/src/NormalMMCamDevice.cpp]:[isZero]: the start is [2592000].
12-14 13:23:03.566 29738 29738 D BYDAutoInstrumentDevice: postEvent device_type: 1007, event_type =12d0003c, value = 0
12-14 13:23:03.566  2019  2019 D BYDAutoPowerDevice: postEvent device_type: 1005, event_type =12d0003d, value = 1
12-14 13:23:03.566  2864  2864 D BYDAutoPowerDevice: postEvent device_type: 1005, event_type =12d0003d, value = 1
12-14 13:23:03.566  3517  3517 D BYDAutoPowerDevice: postEvent device_type: 1005, event_type =12d0003d, value = 1
12-14 13:23:03.568  1016 30249 E mm-camera: <MCT   ><ERROR> 1313: mct_controller_handle_SOF_proc: Metadata stream not present
12-14 13:23:03.576  1040 30272 E mm_bcamera: mm_app_preview_notify_cb: dump_number0[0]
12-14 13:23:03.576  1040 30272 I NormalMMCamDevice: [frameworks/av/services/bmmcamera/device/src/NormalMMCamDevice.cpp]:[isZero]: the start is [1036800].
12-14 13:23:03.576  1040 30272 I NormalMMCamDevice: [frameworks/av/services/bmmcamera/device/src/NormalMMCamDevice.cpp]:[isZero]: the start is [2592000].
12-14 13:23:03.608  1016 30249 E mm-camera: <MCT   ><ERROR> 1313: mct_controller_handle_SOF_proc: Metadata stream not present
12-14 13:23:03.615  1040 30272 E mm_bcamera: mm_app_preview_notify_cb: dump_number0[0]
12-14 13:23:03.615  1040 30272 I NormalMMCamDevice: [frameworks/av/services/bmmcamera/device/src/NormalMMCamDevice.cpp]:[isZero]: the start is [1036800].
12-14 13:23:03.615  1040 30272 I NormalMMCamDevice: [frameworks/av/services/bmmcamera/device/src/NormalMMCamDevice.cpp]:[isZero]: the start is [2592000].
12-14 13:23:03.618 29738 29738 D BYDAutoInstrumentDevice: postEvent device_type: 1007, event_type =12d0003c, value = 1
12-14 13:23:03.648  1016 30249 E mm-camera: <MCT   ><ERROR> 1313: mct_controller_handle_SOF_proc: Metadata stream not present
12-14 13:23:03.643  8280  8280 W adb     : type=1400 audit(0.0:4579): avc: denied { read } for comm=64657669636520706F6C6C name="usb" dev="tmpfs" ino=13552 scontext=u:r:untrusted_app_27:s0:c89,c256,c512,c768 tcontext=u:object_r:usb_device:s0 tclass=dir permissive=0
12-14 13:23:03.666  1040 30272 E mm_bcamera: mm_app_preview_notify_cb: dump_number0[0]
12-14 13:23:03.667  1040 30272 I NormalMMCamDevice: [frameworks/av/services/bmmcamera/device/src/NormalMMCamDevice.cpp]:[isZero]: the start is [1036800].
12-14 13:23:03.667  1040 30272 I NormalMMCamDevice: [frameworks/av/services/bmmcamera/device/src/NormalMMCamDevice.cpp]:[isZero]: the start is [2592000].
12-14 13:23:03.667 29738 29738 D BYDAutoInstrumentDevice: postEvent device_type: 1007, event_type =12d0003c, value = 0
12-14 13:23:03.668  3517  3517 D BYDAutoPowerDevice: postEvent device_type: 1005, event_type =12d0003d, value = 0
12-14 13:23:03.668  2864  2864 D BYDAutoPowerDevice: postEvent device_type: 1005, event_type =12d0003d, value = 0
12-14 13:23:03.671  2019  2019 D BYDAutoPowerDevice: postEvent device_type: 1005, event_type =12d0003d, value = 0
12-14 13:23:03.688  1016 30249 E mm-camera: <MCT   ><ERROR> 1313: mct_controller_handle_SOF_proc: Metadata stream not present
12-14 13:23:03.695  1040 30272 E mm_bcamera: mm_app_preview_notify_cb: dump_number0[0]
12-14 13:23:03.695  1040 30272 I NormalMMCamDevice: [frameworks/av/services/bmmcamera/device/src/NormalMMCamDevice.cpp]:[isZero]: the start is [1036800].
12-14 13:23:03.695  1040 30272 I NormalMMCamDevice: [frameworks/av/services/bmmcamera/device/src/NormalMMCamDevice.cpp]:[isZero]: the start is [2592000].
12-14 13:23:03.716 29738 29738 D BYDAutoInstrumentDevice: postEvent device_type: 1007, event_type =12d0003c, value = 1
12-14 13:23:03.724  1234  1234 D [BYDCLOUD]BYDTCPConnectService: onReceive, action = android.cloudmanager.action.send_gps_action
12-14 13:23:03.726  1234  2633 D [BYDCLOUD]BYDTCPConnectService: handle msg.what: 10,str: 0,bundle data:Bundle[{}]
12-14 13:23:03.730  1016 30249 E mm-camera: <MCT   ><ERROR> 1313: mct_controller_handle_SOF_proc: Metadata stream not present
12-14 13:23:03.737   818  5417 I [BYDCLOUD]pack: property = 114.06070791_22.66259579_1_2_0_49.063232_.0_360.0_0
12-14 13:23:03.737   818  5417 D [BYDCLOUD]pack: datapack FuncID : 300 ,pack_len = 93
12-14 13:23:03.737   818  5417 D [BYDCLOUD]send: start funcNumber = 300,mMsgSending = 0 mbWaitingSendComplete = 0
12-14 13:23:03.737   818  5417 E [BYDCLOUD]send: func_send ready to send keyid :300,content_size :93
12-14 13:23:03.737   818  5417 D [BYDCLOUD]send: createMessage push_back message.size:0
12-14 13:23:03.737   818  4412 I [BYDCLOUD]socket: send_func: send completed
12-14 13:23:03.738  1234  2633 D [BYDCLOUD]BYDTCPConnectService: set_alarm_interval type is: 0 interval is: 10
12-14 13:23:03.738  1234  2633 D [BYDCLOUD]BYDTCPConnectService: alarm_start type = 0
12-14 13:23:03.738  1234  2633 I AlarmManager: setImpl wakeup alarm mPackageName=android type=2 triggerAtMillis=8966286 nowMillis=1670995383738 nowRealtime=8956286 windowMillis=0 intervalMillis=0 operation=PendingIntent{c700805: PendingIntentRecord{703205a android broadcastIntent}} listenerTag=null
12-14 13:23:03.740   818  1420 D [BYDCLOUD]send: send sendMsg successfull!!! erase.keyId is :300
12-14 13:23:03.741  1040 30272 E mm_bcamera: mm_app_preview_notify_cb: dump_number0[0]
12-14 13:23:03.741  1040 30272 I NormalMMCamDevice: [frameworks/av/services/bmmcamera/device/src/NormalMMCamDevice.cpp]:[isZero]: the start is [1036800].
12-14 13:23:03.741  1040 30272 I NormalMMCamDevice: [frameworks/av/services/bmmcamera/device/src/NormalMMCamDevice.cpp]:[isZero]: the start is [2592000].
12-14 13:23:03.768 29738 29738 D BYDAutoInstrumentDevice: postEvent device_type: 1007, event_type =12d0003c, value = 0
12-14 13:23:03.768  2019  2019 D BYDAutoPowerDevice: postEvent device_type: 1005, event_type =12d0003d, value = 1
12-14 13:23:03.768  2864  2864 D BYDAutoPowerDevice: postEvent device_type: 1005, event_type =12d0003d, value = 1
12-14 13:23:03.768  1016 30249 E mm-camera: <MCT   ><ERROR> 1313: mct_controller_handle_SOF_proc: Metadata stream not present
12-14 13:23:03.769  3517  3517 D BYDAutoPowerDevice: postEvent device_type: 1005, event_type =12d0003d, value = 1
12-14 13:23:03.776  1040 30272 E mm_bcamera: mm_app_preview_notify_cb: dump_number0[0]
12-14 13:23:03.776  1040 30272 I NormalMMCamDevice: [frameworks/av/services/bmmcamera/device/src/NormalMMCamDevice.cpp]:[isZero]: the start is [1036800].
12-14 13:23:03.776  1040 30272 I NormalMMCamDevice: [frameworks/av/services/bmmcamera/device/src/NormalMMCamDevice.cpp]:[isZero]: the start is [2592000].
12-14 13:23:03.809  1016 30249 E mm-camera: <MCT   ><ERROR> 1313: mct_controller_handle_SOF_proc: Metadata stream not present
12-14 13:23:03.815  1040 30272 E mm_bcamera: mm_app_preview_notify_cb: dump_number0[0]
12-14 13:23:03.815  1040 30272 I NormalMMCamDevice: [frameworks/av/services/bmmcamera/device/src/NormalMMCamDevice.cpp]:[isZero]: the start is [1036800].
12-14 13:23:03.815  1040 30272 I NormalMMCamDevice: [frameworks/av/services/bmmcamera/device/src/NormalMMCamDevice.cpp]:[isZero]: the start is [2592000].
12-14 13:23:03.830 29738 29738 D BYDAutoInstrumentDevice: postEvent device_type: 1007, event_type =12d0003c, value = 1
12-14 13:23:03.848  1016 30249 E mm-camera: <MCT   ><ERROR> 1313: mct_controller_handle_SOF_proc: Metadata stream not present
12-14 13:23:03.855  1040 30272 E mm_bcamera: mm_app_preview_notify_cb: dump_number0[0]
12-14 13:23:03.855  1040 30272 I NormalMMCamDevice: [frameworks/av/services/bmmcamera/device/src/NormalMMCamDevice.cpp]:[isZero]: the start is [1036800].
12-14 13:23:03.856  1040 30272 I NormalMMCamDevice: [frameworks/av/services/bmmcamera/device/src/NormalMMCamDevice.cpp]:[isZero]: the start is [2592000].
12-14 13:23:03.871  3487 30453 D CDR     : WriteFileMonitor: writeFileThread() run
12-14 13:23:03.872  3517  3517 D BYDAutoPowerDevice: postEvent device_type: 1005, event_type =12d0003d, value = 0
12-14 13:23:03.872  2864  2864 D BYDAutoPowerDevice: postEvent device_type: 1005, event_type =12d0003d, value = 0
12-14 13:23:03.873 29738 29738 D BYDAutoInstrumentDevice: postEvent device_type: 1007, event_type =12d0003c, value = 0
12-14 13:23:03.874 29738 29738 D BYDAutoSafetyBeltDevice: postEvent device_type: 1042, event_type =12d0003f, value = 1
12-14 13:23:03.874 29738 29738 W DataCollectionPresenter1: AbsBYDAutoSafetyBeltListener:  1
12-14 13:23:03.874  2019  2019 D BYDAutoPowerDevice: postEvent device_type: 1005, event_type =12d0003d, value = 0
12-14 13:23:03.894  1016 30249 E mm-camera: <MCT   ><ERROR> 1313: mct_controller_handle_SOF_proc: Metadata stream not present
12-14 13:23:03.895  1040 30272 E mm_bcamera: mm_app_preview_notify_cb: dump_number0[0]
12-14 13:23:03.895  1040 30272 I NormalMMCamDevice: [frameworks/av/services/bmmcamera/device/src/NormalMMCamDevice.cpp]:[isZero]: the start is [1036800].
12-14 13:23:03.895  1040 30272 I NormalMMCamDevice: [frameworks/av/services/bmmcamera/device/src/NormalMMCamDevice.cpp]:[isZero]: the start is [2592000].
12-14 13:23:03.921 29738 29738 D BYDAutoInstrumentDevice: postEvent device_type: 1007, event_type =12d0003c, value = 1
12-14 13:23:03.928  1016 30249 E mm-camera: <MCT   ><ERROR> 1313: mct_controller_handle_SOF_proc: Metadata stream not present
12-14 13:23:03.936  1040 30272 E mm_bcamera: mm_app_preview_notify_cb: dump_number0[0]
12-14 13:23:03.936  1040 30272 I NormalMMCamDevice: [frameworks/av/services/bmmcamera/device/src/NormalMMCamDevice.cpp]:[isZero]: the start is [1036800].
12-14 13:23:03.936  1040 30272 I NormalMMCamDevice: [frameworks/av/services/bmmcamera/device/src/NormalMMCamDevice.cpp]:[isZero]: the start is [2592000].
12-14 13:23:03.968  1016 30249 E mm-camera: <MCT   ><ERROR> 1313: mct_controller_handle_SOF_proc: Metadata stream not present
12-14 13:23:03.975 29738 29738 D BYDAutoInstrumentDevice: postEvent device_type: 1007, event_type =12d0003c, value = 0
12-14 13:23:03.975  3517  3517 D BYDAutoPowerDevice: postEvent device_type: 1005, event_type =12d0003d, value = 1
12-14 13:23:03.976  2019  2019 D BYDAutoPowerDevice: postEvent device_type: 1005, event_type =12d0003d, value = 1
12-14 13:23:03.976  2864  2864 D BYDAutoPowerDevice: postEvent device_type: 1005, event_type =12d0003d, value = 1
12-14 13:23:03.976  1040 30272 E mm_bcamera: mm_app_preview_notify_cb: dump_number0[0]
12-14 13:23:03.976  1040 30272 I NormalMMCamDevice: [frameworks/av/services/bmmcamera/device/src/NormalMMCamDevice.cpp]:[isZero]: the start is [1036800].
12-14 13:23:03.976  1040 30272 I NormalMMCamDevice: [frameworks/av/services/bmmcamera/device/src/NormalMMCamDevice.cpp]:[isZero]: the start is [2592000].
12-14 13:23:04.008  1016 30249 E mm-camera: <MCT   ><ERROR> 1313: mct_controller_handle_SOF_proc: Metadata stream not present
12-14 13:23:04.017  1040 30272 E mm_bcamera: mm_app_preview_notify_cb: dump_number0[0]
12-14 13:23:04.017  1040 30272 I NormalMMCamDevice: [frameworks/av/services/bmmcamera/device/src/NormalMMCamDevice.cpp]:[isZero]: the start is [1036800].
12-14 13:23:04.017  1040 30272 I NormalMMCamDevice: [frameworks/av/services/bmmcamera/device/src/NormalMMCamDevice.cpp]:[isZero]: the start is [2592000].
12-14 13:23:04.027 29738 29738 D BYDAutoInstrumentDevice: postEvent device_type: 1007, event_type =12d0003c, value = 1
12-14 13:23:04.048  1016 30249 E mm-camera: <MCT   ><ERROR> 1313: mct_controller_handle_SOF_proc: Metadata stream not present
12-14 13:23:04.058  1040 30272 E mm_bcamera: mm_app_preview_notify_cb: dump_number0[0]
12-14 13:23:04.058  1040 30272 I NormalMMCamDevice: [frameworks/av/services/bmmcamera/device/src/NormalMMCamDevice.cpp]:[isZero]: the start is [1036800].
12-14 13:23:04.058  1040 30272 I NormalMMCamDevice: [frameworks/av/services/bmmcamera/device/src/NormalMMCamDevice.cpp]:[isZero]: the start is [2592000].
12-14 13:23:04.077 29738 29738 D BYDAutoInstrumentDevice: postEvent device_type: 1007, event_type =12d0003c, value = 0
12-14 13:23:04.078  2864  2864 D BYDAutoPowerDevice: postEvent device_type: 1005, event_type =12d0003d, value = 0
12-14 13:23:04.078  3517  3517 D BYDAutoPowerDevice: postEvent device_type: 1005, event_type =12d0003d, value = 0
12-14 13:23:04.079  2019  2019 D BYDAutoPowerDevice: postEvent device_type: 1005, event_type =12d0003d, value = 0
12-14 13:23:04.088  1016 30249 E mm-camera: <MCT   ><ERROR> 1313: mct_controller_handle_SOF_proc: Metadata stream not present
12-14 13:23:04.094  1040 30272 E mm_bcamera: mm_app_preview_notify_cb: dump_number0[0]
12-14 13:23:04.094  1040 30272 I NormalMMCamDevice: [frameworks/av/services/bmmcamera/device/src/NormalMMCamDevice.cpp]:[isZero]: the start is [1036800].
12-14 13:23:04.094  1040 30272 I NormalMMCamDevice: [frameworks/av/services/bmmcamera/device/src/NormalMMCamDevice.cpp]:[isZero]: the start is [2592000].
12-14 13:23:04.101 29785 29785 I report_tag: 
12-14 13:23:04.102 29785 29785 I report_tag:  Thread: main
12-14 13:23:04.102 29785 29785 I report_tag: 
12-14 13:23:04.102 29785 29785 I report_tag:  d.b  (PlayReportManager.java:201)
12-14 13:23:04.102 29785 29785 I report_tag:     d.i  (PlayReportManager.java:205)
12-14 13:23:04.102 29785 29785 I report_tag:        Logging.i  (Logging.java:119)
12-14 13:23:04.102 29785 29785 I report_tag:           Logging.log  (Logging.java:50)
12-14 13:23:04.102 29785 29785 I report_tag:              Logging.log  (Logging.java:41)
12-14 13:23:04.102 29785 29785 I report_tag: 
12-14 13:23:04.102 29785 29785 I report_tag:  save play position db !
12-14 13:23:04.102 29785 29785 I report_tag: 
12-14 13:23:04.104 29785 29785 I report_tag: 
12-14 13:23:04.104 29785 29785 I report_tag:  Thread: main
12-14 13:23:04.104 29785 29785 I report_tag: 
12-14 13:23:04.104 29785 29785 I report_tag:  d.b  (PlayReportManager.java:201)
12-14 13:23:04.104 29785 29785 I report_tag:     d.i  (PlayReportManager.java:211)
12-14 13:23:04.104 29785 29785 I report_tag:        Logging.i  (Logging.java:119)
12-14 13:23:04.104 29785 29785 I report_tag:           Logging.log  (Logging.java:50)
12-14 13:23:04.104 29785 29785 I report_tag:              Logging.log  (Logging.java:41)
12-14 13:23:04.104 29785 29785 I report_tag: 
12-14 13:23:04.104 29785 29785 I report_tag:  save play position db save json = {"e":"1","f":"1","h":"3","j":"0","k":0,"l":0,"q":0,"z":1}
12-14 13:23:04.104 29785 29785 I report_tag: 
12-14 13:23:04.125  2885  2885 D BYDAutoBigDataDevice: postEvent device_type: 1061, event_type =99000020, value = [0, 0, 1, 45, 0, 0, -96, 40, 0, 34, 12, 49, -33, -7]
12-14 13:23:04.125 29738 29738 D BYDAutoInstrumentDevice: postEvent device_type: 1007, event_type =12d0003c, value = 1
12-14 13:23:04.128  1016 30249 E mm-camera: <MCT   ><ERROR> 1313: mct_controller_handle_SOF_proc: Metadata stream not present
12-14 13:23:04.136  1040 30272 E mm_bcamera: mm_app_preview_notify_cb: dump_number0[0]
12-14 13:23:04.136  1040 30272 I NormalMMCamDevice: [frameworks/av/services/bmmcamera/device/src/NormalMMCamDevice.cpp]:[isZero]: the start is [1036800].
12-14 13:23:04.136  1040 30272 I NormalMMCamDevice: [frameworks/av/services/bmmcamera/device/src/NormalMMCamDevice.cpp]:[isZero]: the start is [2592000].
12-14 13:23:04.138  2885  2885 D BYDAutoBigDataDevice: postEvent device_type: 1061, event_type =99000020, value = [0, 0, 4, -49, 7, 2, 7, -1, -1, 29, 29, -1, -1, -1]
12-14 13:23:04.148  2885  2885 D BYDAutoBigDataDevice: postEvent device_type: 1061, event_type =99000020, value = [0, 0, 2, 68, 0, 2, 0, 12, 0, 0, 0, 32, 17, -62]
12-14 13:23:04.157 29738 29738 D BYDAutoStatisticDevice: postEvent device_type: 1014, event_type =44600010, value = 3315
12-14 13:23:04.157  2885  2885 D BYDAutoBigDataDevice: postEvent device_type: 1061, event_type =99000020, value = [0, 0, 4, 70, 0, 2, 119, -13, 12, 64, 64, -5, 12, 2]
12-14 13:23:04.159  2885  2885 D BYDAutoBigDataDevice: postEvent device_type: 1061, event_type =99000020, value = [0, 0, 3, -121, 3, 0, 3, 9, -1, 127, -1, 63, 0, 50]
12-14 13:23:04.167  2885  2885 D BYDAutoBigDataDevice: postEvent device_type: 1061, event_type =99000020, value = [0, 0, 3, 47, 0, 1, -1, 127, 2, 15, -1, -1, -6, 120]
12-14 13:23:04.168  1016 30249 E mm-camera: <MCT   ><ERROR> 1313: mct_controller_handle_SOF_proc: Metadata stream not present
12-14 13:23:04.175  1040 30272 E mm_bcamera: mm_app_preview_notify_cb: dump_number0[0]
12-14 13:23:04.176  1040 30272 I NormalMMCamDevice: [frameworks/av/services/bmmcamera/device/src/NormalMMCamDevice.cpp]:[isZero]: the start is [1036800].
12-14 13:23:04.176  1040 30272 I NormalMMCamDevice: [frameworks/av/services/bmmcamera/device/src/NormalMMCamDevice.cpp]:[isZero]: the start is [2592000].
12-14 13:23:04.176  2885  2885 D BYDAutoPowerDevice: postEvent device_type: 1005, event_type =12d0003d, value = 1
12-14 13:23:04.176  2885  2885 D BYDAutoBigDataDevice: postEvent device_type: 1061, event_type =99000020, value = [0, 0, 1, 45, 0, 0, -96, 40, 0, 34, 12, 49, -17, -23]
12-14 13:23:04.176  2019  2019 D BYDAutoPowerDevice: postEvent device_type: 1005, event_type =12d0003d, value = 1
12-14 13:23:04.176  2864  2864 D BYDAutoPowerDevice: postEvent device_type: 1005, event_type =12d0003d, value = 1
12-14 13:23:04.176  3517  3517 D BYDAutoPowerDevice: postEvent device_type: 1005, event_type =12d0003d, value = 1
12-14 13:23:04.177 29738 29738 D BYDAutoInstrumentDevice: postEvent device_type: 1007, event_type =12d0003c, value = 0
12-14 13:23:04.192   668 29403 I chatty  : uid=1000(system) Binder:668_E expire 47 lines
12-14 13:23:04.194   813 29986 I gbacqservice: BYDGBAcqService sampleSingleCellTotal = 120,totalVoltageValue = 398.429352,mElectricVehicle = 2
12-14 13:23:04.202 29738 29738 D BYDAutoStatisticDevice: postEvent device_type: 1014, event_type =44a00020, value = 34950
12-14 13:23:04.208  1016 30249 E mm-camera: <MCT   ><ERROR> 1313: mct_controller_handle_SOF_proc: Metadata stream not present
12-14 13:23:04.210   668   739 I chatty  : uid=1000(system) /system/bin/autoservice expire 86 lines
12-14 13:23:04.217  1040 30272 E mm_bcamera: mm_app_preview_notify_cb: dump_number0[0]
12-14 13:23:04.217  1040 30272 I NormalMMCamDevice: [frameworks/av/services/bmmcamera/device/src/NormalMMCamDevice.cpp]:[isZero]: the start is [1036800].
12-14 13:23:04.217  1040 30272 I NormalMMCamDevice: [frameworks/av/services/bmmcamera/device/src/NormalMMCamDevice.cpp]:[isZero]: the start is [2592000].
12-14 13:23:04.226  2885  2885 I chatty  : uid=1000(system) com.byd.CanDataCollect expire 150 lines
12-14 13:23:04.226 29738 29738 D BYDAutoInstrumentDevice: postEvent device_type: 1007, event_type =12d0003c, value = 1
12-14 13:23:04.248  1016 30249 E mm-camera: <MCT   ><ERROR> 1313: mct_controller_handle_SOF_proc: Metadata stream not present
12-14 13:23:04.258  1040 30272 E mm_bcamera: mm_app_preview_notify_cb: dump_number0[0]
12-14 13:23:04.258  1040 30272 I NormalMMCamDevice: [frameworks/av/services/bmmcamera/device/src/NormalMMCamDevice.cpp]:[isZero]: the start is [1036800].
12-14 13:23:04.258  1040 30272 I NormalMMCamDevice: [frameworks/av/services/bmmcamera/device/src/NormalMMCamDevice.cpp]:[isZero]: the start is [2592000].
12-14 13:23:04.279  1234  1820 D GnssLocationProvider: WakeLock acquired by sendMessage(REPORT_SV_STATUS, 0, com.android.server.location.GnssLocationProvider$SvStatusInfo@ec338a6)
12-14 13:23:04.280  1234  1808 V GnssLocationProvider: SV count: 12
12-14 13:23:04.280  1234  1808 D GnssLocationProvider: WakeLock released by handleMessage(REPORT_SV_STATUS, 0, com.android.server.location.GnssLocationProvider$SvStatusInfo@ec338a6)
12-14 13:23:04.281  3517  3517 D BYDAutoPowerDevice: postEvent device_type: 1005, event_type =12d0003d, value = 0
12-14 13:23:04.281  2864  2864 D BYDAutoPowerDevice: postEvent device_type: 1005, event_type =12d0003d, value = 0
12-14 13:23:04.282 29738 29738 D BYDAutoInstrumentDevice: postEvent device_type: 1007, event_type =12d0003c, value = 0
12-14 13:23:04.282  2019  2019 D BYDAutoPowerDevice: postEvent device_type: 1005, event_type =12d0003d, value = 0
12-14 13:23:04.288  1016 30249 E mm-camera: <MCT   ><ERROR> 1313: mct_controller_handle_SOF_proc: Metadata stream not present
12-14 13:23:04.291 29738 29738 D BYDAutoSafetyBeltDevice: postEvent device_type: 1042, event_type =12d0003f, value = 0
12-14 13:23:04.291 29738 29738 W DataCollectionPresenter1: AbsBYDAutoSafetyBeltListener:  0
12-14 13:23:04.291 29738 29738 D BYDAutoStatisticDevice: postEvent device_type: 1014, event_type =43a00028, value = 84
12-14 13:23:04.297  1040 30272 E mm_bcamera: mm_app_preview_notify_cb: dump_number0[0]
12-14 13:23:04.297  1040 30272 I NormalMMCamDevice: [frameworks/av/services/bmmcamera/device/src/NormalMMCamDevice.cpp]:[isZero]: the start is [1036800].
12-14 13:23:04.297  1040 30272 I NormalMMCamDevice: [frameworks/av/services/bmmcamera/device/src/NormalMMCamDevice.cpp]:[isZero]: the start is [2592000].
12-14 13:23:04.301 29738 29738 D BYDAutoStatisticDevice: postEvent device_type: 1014, event_type =44a00020, value = 34951
12-14 13:23:04.326 29738 29738 D BYDAutoInstrumentDevice: postEvent device_type: 1007, event_type =12d0003c, value = 1
12-14 13:23:04.328  1016 30249 E mm-camera: <MCT   ><ERROR> 1313: mct_controller_handle_SOF_proc: Metadata stream not present
12-14 13:23:04.334  1040 30272 E mm_bcamera: mm_app_preview_notify_cb: dump_number0[0]
12-14 13:23:04.334  1040 30272 I NormalMMCamDevice: [frameworks/av/services/bmmcamera/device/src/NormalMMCamDevice.cpp]:[isZero]: the start is [1036800].
12-14 13:23:04.334  1040 30272 I NormalMMCamDevice: [frameworks/av/services/bmmcamera/device/src/NormalMMCamDevice.cpp]:[isZero]: the start is [2592000].
12-14 13:23:04.368  1016 30249 E mm-camera: <MCT   ><ERROR> 1313: mct_controller_handle_SOF_proc: Metadata stream not present
12-14 13:23:04.375  1040 30272 E mm_bcamera: mm_app_preview_notify_cb: dump_number0[0]
12-14 13:23:04.375  1040 30272 I NormalMMCamDevice: [frameworks/av/services/bmmcamera/device/src/NormalMMCamDevice.cpp]:[isZero]: the start is [1036800].
12-14 13:23:04.375  1040 30272 I NormalMMCamDevice: [frameworks/av/services/bmmcamera/device/src/NormalMMCamDevice.cpp]:[isZero]: the start is [2592000].
12-14 13:23:04.377 29738 29738 D BYDAutoInstrumentDevice: postEvent device_type: 1007, event_type =12d0003c, value = 0
12-14 13:23:04.378  3517  3517 D BYDAutoPowerDevice: postEvent device_type: 1005, event_type =12d0003d, value = 1
12-14 13:23:04.378  2864  2864 D BYDAutoPowerDevice: postEvent device_type: 1005, event_type =12d0003d, value = 1
12-14 13:23:04.378  2019  2019 D BYDAutoPowerDevice: postEvent device_type: 1005, event_type =12d0003d, value = 1
12-14 13:23:04.403   671   671 I tecControl: temp is 43700 and level is 0 and time_record is 0
12-14 13:23:04.409  1016 30249 E mm-camera: <MCT   ><ERROR> 1313: mct_controller_handle_SOF_proc: Metadata stream not present
12-14 13:23:04.417  1040 30272 E mm_bcamera: mm_app_preview_notify_cb: dump_number0[0]
12-14 13:23:04.417  1040 30272 I NormalMMCamDevice: [frameworks/av/services/bmmcamera/device/src/NormalMMCamDevice.cpp]:[isZero]: the start is [1036800].
12-14 13:23:04.417  1040 30272 I NormalMMCamDevice: [frameworks/av/services/bmmcamera/device/src/NormalMMCamDevice.cpp]:[isZero]: the start is [2592000].
12-14 13:23:04.430 29738 29738 D BYDAutoInstrumentDevice: postEvent device_type: 1007, event_type =12d0003c, value = 1
12-14 13:23:04.448  1016 30249 E mm-camera: <MCT   ><ERROR> 1313: mct_controller_handle_SOF_proc: Metadata stream not present
12-14 13:23:04.474  1040 30272 E mm_bcamera: mm_app_preview_notify_cb: dump_number0[0]
12-14 13:23:04.474  1040 30272 I NormalMMCamDevice: [frameworks/av/services/bmmcamera/device/src/NormalMMCamDevice.cpp]:[isZero]: the start is [1036800].
12-14 13:23:04.474  1040 30272 I NormalMMCamDevice: [frameworks/av/services/bmmcamera/device/src/NormalMMCamDevice.cpp]:[isZero]: the start is [2592000].
12-14 13:23:04.478  2019  2019 D BYDAutoPowerDevice: postEvent device_type: 1005, event_type =12d0003d, value = 0
12-14 13:23:04.478  3517  3517 D BYDAutoPowerDevice: postEvent device_type: 1005, event_type =12d0003d, value = 0
12-14 13:23:04.478  2864  2864 D BYDAutoPowerDevice: postEvent device_type: 1005, event_type =12d0003d, value = 0
12-14 13:23:04.478 29738 29738 D BYDAutoInstrumentDevice: postEvent device_type: 1007, event_type =12d0003c, value = 0
12-14 13:23:04.488  1016 30249 E mm-camera: <MCT   ><ERROR> 1313: mct_controller_handle_SOF_proc: Metadata stream not present
12-14 13:23:04.498  1040 30272 E mm_bcamera: mm_app_preview_notify_cb: dump_number0[0]
12-14 13:23:04.498  1040 30272 I NormalMMCamDevice: [frameworks/av/services/bmmcamera/device/src/NormalMMCamDevice.cpp]:[isZero]: the start is [1036800].
12-14 13:23:04.498  1040 30272 I NormalMMCamDevice: [frameworks/av/services/bmmcamera/device/src/NormalMMCamDevice.cpp]:[isZero]: the start is [2592000].
12-14 13:23:04.528  1016 30249 E mm-camera: <MCT   ><ERROR> 1313: mct_controller_handle_SOF_proc: Metadata stream not present
12-14 13:23:04.535 29738 29738 D BYDAutoInstrumentDevice: postEvent device_type: 1007, event_type =12d0003c, value = 1
12-14 13:23:04.536  1040 30272 E mm_bcamera: mm_app_preview_notify_cb: dump_number0[0]
12-14 13:23:04.536  1040 30272 I NormalMMCamDevice: [frameworks/av/services/bmmcamera/device/src/NormalMMCamDevice.cpp]:[isZero]: the start is [1036800].
12-14 13:23:04.536  1040 30272 I NormalMMCamDevice: [frameworks/av/services/bmmcamera/device/src/NormalMMCamDevice.cpp]:[isZero]: the start is [2592000].
12-14 13:23:04.571  1016 30249 E mm-camera: <MCT   ><ERROR> 1313: mct_controller_handle_SOF_proc: Metadata stream not present
12-14 13:23:04.577  1040 30272 E mm_bcamera: mm_app_preview_notify_cb: dump_number0[0]
12-14 13:23:04.577  1040 30272 I NormalMMCamDevice: [frameworks/av/services/bmmcamera/device/src/NormalMMCamDevice.cpp]:[isZero]: the start is [1036800].
12-14 13:23:04.577  1040 30272 I NormalMMCamDevice: [frameworks/av/services/bmmcamera/device/src/NormalMMCamDevice.cpp]:[isZero]: the start is [2592000].
12-14 13:23:04.581  3517  3517 D BYDAutoPowerDevice: postEvent device_type: 1005, event_type =12d0003d, value = 1
12-14 13:23:04.582  2864  2864 D BYDAutoPowerDevice: postEvent device_type: 1005, event_type =12d0003d, value = 1
12-14 13:23:04.587 29738 29738 D BYDAutoInstrumentDevice: postEvent device_type: 1007, event_type =12d0003c, value = 0
12-14 13:23:04.587  2019  2019 D BYDAutoPowerDevice: postEvent device_type: 1005, event_type =12d0003d, value = 1
12-14 13:23:04.598 29738 29738 D BYDAutoStatisticDevice: postEvent device_type: 1014, event_type =44a00020, value = 34950
12-14 13:23:04.608  1016 30249 E mm-camera: <MCT   ><ERROR> 1313: mct_controller_handle_SOF_proc: Metadata stream not present
12-14 13:23:04.617  1040 30272 E mm_bcamera: mm_app_preview_notify_cb: dump_number0[0]
12-14 13:23:04.617  1040 30272 I NormalMMCamDevice: [frameworks/av/services/bmmcamera/device/src/NormalMMCamDevice.cpp]:[isZero]: the start is [1036800].
12-14 13:23:04.617  1040 30272 I NormalMMCamDevice: [frameworks/av/services/bmmcamera/device/src/NormalMMCamDevice.cpp]:[isZero]: the start is [2592000].
12-14 13:23:04.628 29738 29738 D BYDAutoInstrumentDevice: postEvent device_type: 1007, event_type =12d0003c, value = 1
12-14 13:23:04.648  1016 30249 E mm-camera: <MCT   ><ERROR> 1313: mct_controller_handle_SOF_proc: Metadata stream not present
12-14 13:23:04.643  8280  8280 W adb     : type=1400 audit(0.0:4580): avc: denied { read } for comm=64657669636520706F6C6C name="usb" dev="tmpfs" ino=13552 scontext=u:r:untrusted_app_27:s0:c89,c256,c512,c768 tcontext=u:object_r:usb_device:s0 tclass=dir permissive=0
12-14 13:23:04.658  1040 30272 E mm_bcamera: mm_app_preview_notify_cb: dump_number0[0]
12-14 13:23:04.658  1040 30272 I NormalMMCamDevice: [frameworks/av/services/bmmcamera/device/src/NormalMMCamDevice.cpp]:[isZero]: the start is [1036800].
12-14 13:23:04.658  1040 30272 I NormalMMCamDevice: [frameworks/av/services/bmmcamera/device/src/NormalMMCamDevice.cpp]:[isZero]: the start is [2592000].
12-14 13:23:04.678  3517  3517 D BYDAutoPowerDevice: postEvent device_type: 1005, event_type =12d0003d, value = 0
12-14 13:23:04.678  2864  2864 D BYDAutoPowerDevice: postEvent device_type: 1005, event_type =12d0003d, value = 0
12-14 13:23:04.678  2019  2019 D BYDAutoPowerDevice: postEvent device_type: 1005, event_type =12d0003d, value = 0
12-14 13:23:04.679 29738 29738 D BYDAutoInstrumentDevice: postEvent device_type: 1007, event_type =12d0003c, value = 0
12-14 13:23:04.680 29738 29738 D BYDAutoSafetyBeltDevice: postEvent device_type: 1042, event_type =12d0003f, value = 1
12-14 13:23:04.680 29738 29738 W DataCollectionPresenter1: AbsBYDAutoSafetyBeltListener:  1
12-14 13:23:04.689  1016 30249 E mm-camera: <MCT   ><ERROR> 1313: mct_controller_handle_SOF_proc: Metadata stream not present
12-14 13:23:04.695  1040 30272 E mm_bcamera: mm_app_preview_notify_cb: dump_number0[0]
12-14 13:23:04.695  1040 30272 I NormalMMCamDevice: [frameworks/av/services/bmmcamera/device/src/NormalMMCamDevice.cpp]:[isZero]: the start is [1036800].
12-14 13:23:04.695  1040 30272 I NormalMMCamDevice: [frameworks/av/services/bmmcamera/device/src/NormalMMCamDevice.cpp]:[isZero]: the start is [2592000].
12-14 13:23:04.700 29738 29738 D BYDAutoStatisticDevice: postEvent device_type: 1014, event_type =44a00020, value = 34951
12-14 13:23:04.728  1016 30249 E mm-camera: <MCT   ><ERROR> 1313: mct_controller_handle_SOF_proc: Metadata stream not present
12-14 13:23:04.730 29738 29738 D BYDAutoInstrumentDevice: postEvent device_type: 1007, event_type =12d0003c, value = 1
12-14 13:23:04.735  1040 30272 E mm_bcamera: mm_app_preview_notify_cb: dump_number0[0]
12-14 13:23:04.735  1040 30272 I NormalMMCamDevice: [frameworks/av/services/bmmcamera/device/src/NormalMMCamDevice.cpp]:[isZero]: the start is [1036800].
12-14 13:23:04.736  1040 30272 I NormalMMCamDevice: [frameworks/av/services/bmmcamera/device/src/NormalMMCamDevice.cpp]:[isZero]: the start is [2592000].
12-14 13:23:04.768  1016 30249 E mm-camera: <MCT   ><ERROR> 1313: mct_controller_handle_SOF_proc: Metadata stream not present
12-14 13:23:04.775  1040 30272 E mm_bcamera: mm_app_preview_notify_cb: dump_number0[0]
12-14 13:23:04.775  1040 30272 I NormalMMCamDevice: [frameworks/av/services/bmmcamera/device/src/NormalMMCamDevice.cpp]:[isZero]: the start is [1036800].
12-14 13:23:04.775  1040 30272 I NormalMMCamDevice: [frameworks/av/services/bmmcamera/device/src/NormalMMCamDevice.cpp]:[isZero]: the start is [2592000].
12-14 13:23:04.792  2019  2019 D BYDAutoPowerDevice: postEvent device_type: 1005, event_type =12d0003d, value = 1
12-14 13:23:04.793  3517  3517 D BYDAutoPowerDevice: postEvent device_type: 1005, event_type =12d0003d, value = 1
12-14 13:23:04.793 29738 29738 D BYDAutoInstrumentDevice: postEvent device_type: 1007, event_type =12d0003c, value = 0
12-14 13:23:04.793  2864  2864 D BYDAutoPowerDevice: postEvent device_type: 1005, event_type =12d0003d, value = 1
12-14 13:23:04.808  1016 30249 E mm-camera: <MCT   ><ERROR> 1313: mct_controller_handle_SOF_proc: Metadata stream not present
12-14 13:23:04.816  1040 30272 E mm_bcamera: mm_app_preview_notify_cb: dump_number0[0]
12-14 13:23:04.816  1040 30272 I NormalMMCamDevice: [frameworks/av/services/bmmcamera/device/src/NormalMMCamDevice.cpp]:[isZero]: the start is [1036800].
12-14 13:23:04.816  1040 30272 I NormalMMCamDevice: [frameworks/av/services/bmmcamera/device/src/NormalMMCamDevice.cpp]:[isZero]: the start is [2592000].
12-14 13:23:04.834 29738 29738 D BYDAutoInstrumentDevice: postEvent device_type: 1007, event_type =12d0003c, value = 1
12-14 13:23:04.848  1016 30249 E mm-camera: <MCT   ><ERROR> 1313: mct_controller_handle_SOF_proc: Metadata stream not present
12-14 13:23:04.860  1040 30272 E mm_bcamera: mm_app_preview_notify_cb: dump_number0[0]
12-14 13:23:04.860  1040 30272 I NormalMMCamDevice: [frameworks/av/services/bmmcamera/device/src/NormalMMCamDevice.cpp]:[isZero]: the start is [1036800].
12-14 13:23:04.860  1040 30272 I NormalMMCamDevice: [frameworks/av/services/bmmcamera/device/src/NormalMMCamDevice.cpp]:[isZero]: the start is [2592000].
12-14 13:23:04.878 29738 29738 D BYDAutoInstrumentDevice: postEvent device_type: 1007, event_type =12d0003c, value = 0
12-14 13:23:04.879  2864  2864 D BYDAutoPowerDevice: postEvent device_type: 1005, event_type =12d0003d, value = 0
12-14 13:23:04.879  2019  2019 D BYDAutoPowerDevice: postEvent device_type: 1005, event_type =12d0003d, value = 0
12-14 13:23:04.879  3517  3517 D BYDAutoPowerDevice: postEvent device_type: 1005, event_type =12d0003d, value = 0
12-14 13:23:04.881   668 29403 I chatty  : uid=1000(system) Binder:668_E expire 49 lines
12-14 13:23:04.888  1016 30249 E mm-camera: <MCT   ><ERROR> 1313: mct_controller_handle_SOF_proc: Metadata stream not present
12-14 13:23:04.896  1040 30272 E mm_bcamera: mm_app_preview_notify_cb: dump_number0[0]
12-14 13:23:04.896  1040 30272 I NormalMMCamDevice: [frameworks/av/services/bmmcamera/device/src/NormalMMCamDevice.cpp]:[isZero]: the start is [1036800].
12-14 13:23:04.896  1040 30272 I NormalMMCamDevice: [frameworks/av/services/bmmcamera/device/src/NormalMMCamDevice.cpp]:[isZero]: the start is [2592000].
12-14 13:23:04.928  1016 30249 E mm-camera: <MCT   ><ERROR> 1313: mct_controller_handle_SOF_proc: Metadata stream not present
12-14 13:23:04.932   668   739 I chatty  : uid=1000(system) /system/bin/autoservice expire 122 lines
12-14 13:23:04.933 29738 29738 D BYDAutoInstrumentDevice: postEvent device_type: 1007, event_type =12d0003c, value = 1
12-14 13:23:04.937  1040 30272 E mm_bcamera: mm_app_preview_notify_cb: dump_number0[0]
12-14 13:23:04.937  1040 30272 I NormalMMCamDevice: [frameworks/av/services/bmmcamera/device/src/NormalMMCamDevice.cpp]:[isZero]: the start is [1036800].
12-14 13:23:04.937  1040 30272 I NormalMMCamDevice: [frameworks/av/services/bmmcamera/device/src/NormalMMCamDevice.cpp]:[isZero]: the start is [2592000].
12-14 13:23:04.968  1016 30249 E mm-camera: <MCT   ><ERROR> 1313: mct_controller_handle_SOF_proc: Metadata stream not present
12-14 13:23:04.977  1040 30272 E mm_bcamera: mm_app_preview_notify_cb: dump_number0[0]
12-14 13:23:04.977  1040 30272 I NormalMMCamDevice: [frameworks/av/services/bmmcamera/device/src/NormalMMCamDevice.cpp]:[isZero]: the start is [1036800].
12-14 13:23:04.977  1040 30272 I NormalMMCamDevice: [frameworks/av/services/bmmcamera/device/src/NormalMMCamDevice.cpp]:[isZero]: the start is [2592000].
12-14 13:23:04.987  2864  2864 D BYDAutoPowerDevice: postEvent device_type: 1005, event_type =12d0003d, value = 1
12-14 13:23:04.987  2019  2019 D BYDAutoPowerDevice: postEvent device_type: 1005, event_type =12d0003d, value = 1
12-14 13:23:04.987  3517  3517 D BYDAutoPowerDevice: postEvent device_type: 1005, event_type =12d0003d, value = 1
12-14 13:23:04.988 29738 29738 D BYDAutoInstrumentDevice: postEvent device_type: 1007, event_type =12d0003c, value = 0
12-14 13:23:05.011  1016 30249 E mm-camera: <MCT   ><ERROR> 1313: mct_controller_handle_SOF_proc: Metadata stream not present
12-14 13:23:05.017  1040 30272 E mm_bcamera: mm_app_preview_notify_cb: dump_number0[0]
12-14 13:23:05.017  1040 30272 I NormalMMCamDevice: [frameworks/av/services/bmmcamera/device/src/NormalMMCamDevice.cpp]:[isZero]: the start is [1036800].
12-14 13:23:05.017  1040 30272 I NormalMMCamDevice: [frameworks/av/services/bmmcamera/device/src/NormalMMCamDevice.cpp]:[isZero]: the start is [2592000].
12-14 13:23:05.034 29738 29738 D BYDAutoInstrumentDevice: postEvent device_type: 1007, event_type =12d0003c, value = 1
12-14 13:23:05.050  1016 30249 E mm-camera: <MCT   ><ERROR> 1313: mct_controller_handle_SOF_proc: Metadata stream not present
