12-14 13:00:00.345 27165 27165 W ContextImpl: Calling a method in the system process without a qualified user: android.app.ContextImpl.sendBroadcast:1079 android.content.ContextWrapper.sendBroadcast:453 com.android.launcher3.Stats.recordLaunch:146 com.android.launcher3.Launcher.startAppShortcutOrInfoActivity:3508 com.android.launcher3.Launcher.onClickAppShortcut:3343 
12-14 13:00:00.513  1234  6188 I chatty  : uid=1000(system) Binder:1234_13 expire 7 lines
12-14 13:00:02.473  1234  1859 I chatty  : uid=1000(system) Binder:1234_4 expire 4 lines
12-14 13:00:02.503  1234  8801 I chatty  : uid=1000(system) Binder:1234_1B expire 8 lines
12-14 13:00:03.922  1234  2758 I chatty  : uid=1000(system) LazyTaskWriterT expire 4 lines
12-14 13:00:04.602   527  1147 E NetlinkEvent: NetlinkEvent::FindParam(): Parameter 'INTERFACE' not found
12-14 13:00:04.602   527  1147 E NetlinkEvent: NetlinkEvent::FindParam(): Parameter 'STATE' not found
12-14 13:00:04.602   527  1147 E NetlinkEvent: NetlinkEvent::FindParam(): Parameter 'TIME_NS' not found
12-14 13:00:04.602   527  1147 E NetlinkEvent: NetlinkEvent::FindParam(): Parameter 'UID' not found
12-14 13:00:08.633  1234  8673 I chatty  : uid=1000(system) Binder:1234_18 expire 3 lines
12-14 13:00:10.440   527  1147 E NetlinkEvent: NetlinkEvent::FindParam(): Parameter 'INTERFACE' not found
12-14 13:00:10.440   527  1147 E NetlinkEvent: NetlinkEvent::FindParam(): Parameter 'STATE' not found
12-14 13:00:10.440   527  1147 E NetlinkEvent: NetlinkEvent::FindParam(): Parameter 'TIME_NS' not found
12-14 13:00:10.440   527  1147 E NetlinkEvent: NetlinkEvent::FindParam(): Parameter 'UID' not found
12-14 13:00:14.983  3474  3474 W ContextImpl: Calling a method in the system process without a qualified user: android.app.ContextImpl.startActivity:928 android.content.ContextWrapper.startActivity:383 com.byd.avc.context.ContextManager.startAndroidActivity:378 com.byd.avc.util.DeviceStates$ActivityControler.startAVCActivity:2902 com.byd.avc.rule.ruleImpl.PVCRuleManager$ProcessGearboxMsg.processGearboxAutoTypeMsg_R:255 
12-14 13:00:14.989  3474  3474 W ContextImpl: Calling a method in the system process without a qualified user: android.app.ContextImpl.startActivity:940 android.app.ContextImpl.startActivity:929 android.content.ContextWrapper.startActivity:383 com.byd.avc.context.ContextManager.startAndroidActivity:378 com.byd.avc.util.DeviceStates$ActivityControler.startAVCActivity:2902 
12-14 13:00:15.031  1234  1368 I chatty  : uid=1000(system) android.display expire 4 lines
12-14 13:00:15.102  1234  1976 I chatty  : uid=1000(system) Binder:1234_6 expire 4 lines
12-14 13:00:15.127  1234  1366 I chatty  : uid=1000(system) android.ui expire 3 lines
12-14 13:00:15.139  1234  1379 I chatty  : uid=1000(system) ActivityManager expire 10 lines
12-14 13:00:15.140  3303  3303 W ContextImpl: Calling a method in the system process without a qualified user: android.app.ContextImpl.sendBroadcast:1064 android.content.ContextWrapper.sendBroadcast:448 com.byd.service.presenter.RecorderPresenterImpl.e:17 com.byd.service.presenter.RecorderPresenterImpl$l.onReceive:134 android.app.LoadedApk$ReceiverDispatcher$Args.lambda$getRunnable$0$LoadedApk$ReceiverDispatcher$Args:1550 
12-14 13:00:15.162  1234  8797 I chatty  : uid=1000(system) Binder:1234_1A expire 2 lines
12-14 13:00:15.170  3303  3303 W ContextImpl: Calling a method in the system process without a qualified user: android.app.ContextImpl.sendBroadcast:1064 android.content.ContextWrapper.sendBroadcast:448 com.byd.service.presenter.RecorderPresenterImpl.e:37 com.byd.service.presenter.RecorderPresenterImpl$l.onReceive:134 android.app.LoadedApk$ReceiverDispatcher$Args.lambda$getRunnable$0$LoadedApk$ReceiverDispatcher$Args:1550 
12-14 13:00:15.183  3303  3303 W ContextImpl: Calling a method in the system process without a qualified user: android.app.ContextImpl.sendBroadcast:1064 android.content.ContextWrapper.sendBroadcast:448 com.byd.service.presenter.RecorderPresenterImpl.e:52 com.byd.service.presenter.RecorderPresenterImpl$l.onReceive:134 android.app.LoadedApk$ReceiverDispatcher$Args.lambda$getRunnable$0$LoadedApk$ReceiverDispatcher$Args:1550 
12-14 13:00:15.186  3303  3303 W ContextImpl: Calling a method in the system process without a qualified user: android.app.ContextImpl.sendBroadcast:1064 android.content.ContextWrapper.sendBroadcast:448 com.byd.service.presenter.RecorderPresenterImpl.e:67 com.byd.service.presenter.RecorderPresenterImpl$l.onReceive:134 android.app.LoadedApk$ReceiverDispatcher$Args.lambda$getRunnable$0$LoadedApk$ReceiverDispatcher$Args:1550 
12-14 13:00:15.188  3303  3303 W ContextImpl: Calling a method in the system process without a qualified user: android.app.ContextImpl.sendBroadcast:1064 android.content.ContextWrapper.sendBroadcast:448 com.byd.service.presenter.RecorderPresenterImpl.e:82 com.byd.service.presenter.RecorderPresenterImpl$l.onReceive:134 android.app.LoadedApk$ReceiverDispatcher$Args.lambda$getRunnable$0$LoadedApk$ReceiverDispatcher$Args:1550 
12-14 13:00:15.191  3303  3303 W ContextImpl: Calling a method in the system process without a qualified user: android.app.ContextImpl.sendBroadcast:1064 android.content.ContextWrapper.sendBroadcast:448 com.byd.service.presenter.RecorderPresenterImpl.e:17 com.byd.service.presenter.RecorderPresenterImpl$l.onReceive:66 android.app.LoadedApk$ReceiverDispatcher$Args.lambda$getRunnable$0$LoadedApk$ReceiverDispatcher$Args:1550 
12-14 13:00:15.194  3303  3303 W ContextImpl: Calling a method in the system process without a qualified user: android.app.ContextImpl.sendBroadcast:1064 android.content.ContextWrapper.sendBroadcast:448 com.byd.service.presenter.RecorderPresenterImpl.e:37 com.byd.service.presenter.RecorderPresenterImpl$l.onReceive:66 android.app.LoadedApk$ReceiverDispatcher$Args.lambda$getRunnable$0$LoadedApk$ReceiverDispatcher$Args:1550 
12-14 13:00:15.194  1234  1834 I chatty  : uid=1000(system) PhotonicModulat expire 79 lines
12-14 13:00:15.197  3303  3303 W ContextImpl: Calling a method in the system process without a qualified user: android.app.ContextImpl.sendBroadcast:1064 android.content.ContextWrapper.sendBroadcast:448 com.byd.service.presenter.RecorderPresenterImpl.e:52 com.byd.service.presenter.RecorderPresenterImpl$l.onReceive:66 android.app.LoadedApk$ReceiverDispatcher$Args.lambda$getRunnable$0$LoadedApk$ReceiverDispatcher$Args:1550 
12-14 13:00:15.203  3303  3303 W ContextImpl: Calling a method in the system process without a qualified user: android.app.ContextImpl.sendBroadcast:1064 android.content.ContextWrapper.sendBroadcast:448 com.byd.service.presenter.RecorderPresenterImpl.e:67 com.byd.service.presenter.RecorderPresenterImpl$l.onReceive:66 android.app.LoadedApk$ReceiverDispatcher$Args.lambda$getRunnable$0$LoadedApk$ReceiverDispatcher$Args:1550 
12-14 13:00:15.216  3303  3303 W ContextImpl: Calling a method in the system process without a qualified user: android.app.ContextImpl.sendBroadcast:1064 android.content.ContextWrapper.sendBroadcast:448 com.byd.service.presenter.RecorderPresenterImpl.e:82 com.byd.service.presenter.RecorderPresenterImpl$l.onReceive:66 android.app.LoadedApk$ReceiverDispatcher$Args.lambda$getRunnable$0$LoadedApk$ReceiverDispatcher$Args:1550 
12-14 13:00:15.486  1234  1369 I chatty  : uid=1000(system) android.anim expire 7 lines
12-14 13:00:15.498  1234  1401 I chatty  : uid=1000(system) PowerManagerSer expire 2 lines
12-14 13:00:16.736  1234  1800 I chatty  : uid=1000(system) ConnectivitySer expire 8 lines
12-14 13:00:18.663  1234  1834 I chatty  : uid=1000(system) PhotonicModulat expire 141 lines
12-14 13:00:20.568  3474  3474 W ContextImpl: Calling a method in the system process without a qualified user: android.app.ContextImpl.startActivity:928 android.content.ContextWrapper.startActivity:383 com.byd.avc.context.ContextManager.startAndroidActivity:378 com.byd.avc.util.DeviceStates$ActivityControler.startAVCActivity:2902 com.byd.avc.rule.ruleImpl.PVCRuleManager$ProcessRadarMsg.onRadarChanged:978 
12-14 13:00:20.568  3474  3474 W ContextImpl: Calling a method in the system process without a qualified user: android.app.ContextImpl.startActivity:940 android.app.ContextImpl.startActivity:929 android.content.ContextWrapper.startActivity:383 com.byd.avc.context.ContextManager.startAndroidActivity:378 com.byd.avc.util.DeviceStates$ActivityControler.startAVCActivity:2902 
12-14 13:00:20.571  1234  2661 I chatty  : uid=1000(system) Binder:1234_F expire 2 lines
12-14 13:00:20.601  1234  8801 I chatty  : uid=1000(system) Binder:1234_1B expire 4 lines
12-14 13:00:20.614  1234  1368 I chatty  : uid=1000(system) android.display expire 7 lines
12-14 13:00:20.663  1234  1379 I chatty  : uid=1000(system) ActivityManager expire 10 lines
12-14 13:00:20.664  3303  3303 W ContextImpl: Calling a method in the system process without a qualified user: android.app.ContextImpl.sendBroadcast:1064 android.content.ContextWrapper.sendBroadcast:448 com.byd.service.presenter.RecorderPresenterImpl.e:17 com.byd.service.presenter.RecorderPresenterImpl$l.onReceive:134 android.app.LoadedApk$ReceiverDispatcher$Args.lambda$getRunnable$0$LoadedApk$ReceiverDispatcher$Args:1550 
12-14 13:00:20.676  3303  3303 W ContextImpl: Calling a method in the system process without a qualified user: android.app.ContextImpl.sendBroadcast:1064 android.content.ContextWrapper.sendBroadcast:448 com.byd.service.presenter.RecorderPresenterImpl.e:37 com.byd.service.presenter.RecorderPresenterImpl$l.onReceive:134 android.app.LoadedApk$ReceiverDispatcher$Args.lambda$getRunnable$0$LoadedApk$ReceiverDispatcher$Args:1550 
12-14 13:00:20.689  3303  3303 W ContextImpl: Calling a method in the system process without a qualified user: android.app.ContextImpl.sendBroadcast:1064 android.content.ContextWrapper.sendBroadcast:448 com.byd.service.presenter.RecorderPresenterImpl.e:52 com.byd.service.presenter.RecorderPresenterImpl$l.onReceive:134 android.app.LoadedApk$ReceiverDispatcher$Args.lambda$getRunnable$0$LoadedApk$ReceiverDispatcher$Args:1550 
12-14 13:00:20.692  3303  3303 W ContextImpl: Calling a method in the system process without a qualified user: android.app.ContextImpl.sendBroadcast:1064 android.content.ContextWrapper.sendBroadcast:448 com.byd.service.presenter.RecorderPresenterImpl.e:67 com.byd.service.presenter.RecorderPresenterImpl$l.onReceive:134 android.app.LoadedApk$ReceiverDispatcher$Args.lambda$getRunnable$0$LoadedApk$ReceiverDispatcher$Args:1550 
12-14 13:00:20.695  1234  6188 I chatty  : uid=1000(system) Binder:1234_13 expire 1 line
12-14 13:00:20.701  3303  3303 W ContextImpl: Calling a method in the system process without a qualified user: android.app.ContextImpl.sendBroadcast:1064 android.content.ContextWrapper.sendBroadcast:448 com.byd.service.presenter.RecorderPresenterImpl.e:82 com.byd.service.presenter.RecorderPresenterImpl$l.onReceive:134 android.app.LoadedApk$ReceiverDispatcher$Args.lambda$getRunnable$0$LoadedApk$ReceiverDispatcher$Args:1550 
12-14 13:00:20.705  3303  3303 W ContextImpl: Calling a method in the system process without a qualified user: android.app.ContextImpl.sendBroadcast:1064 android.content.ContextWrapper.sendBroadcast:448 com.byd.service.presenter.RecorderPresenterImpl.e:17 com.byd.service.presenter.RecorderPresenterImpl$l.onReceive:66 android.app.LoadedApk$ReceiverDispatcher$Args.lambda$getRunnable$0$LoadedApk$ReceiverDispatcher$Args:1550 
12-14 13:00:20.708  3303  3303 W ContextImpl: Calling a method in the system process without a qualified user: android.app.ContextImpl.sendBroadcast:1064 android.content.ContextWrapper.sendBroadcast:448 com.byd.service.presenter.RecorderPresenterImpl.e:37 com.byd.service.presenter.RecorderPresenterImpl$l.onReceive:66 android.app.LoadedApk$ReceiverDispatcher$Args.lambda$getRunnable$0$LoadedApk$ReceiverDispatcher$Args:1550 
12-14 13:00:20.711  3303  3303 W ContextImpl: Calling a method in the system process without a qualified user: android.app.ContextImpl.sendBroadcast:1064 android.content.ContextWrapper.sendBroadcast:448 com.byd.service.presenter.RecorderPresenterImpl.e:52 com.byd.service.presenter.RecorderPresenterImpl$l.onReceive:66 android.app.LoadedApk$ReceiverDispatcher$Args.lambda$getRunnable$0$LoadedApk$ReceiverDispatcher$Args:1550 
12-14 13:00:20.714  3303  3303 W ContextImpl: Calling a method in the system process without a qualified user: android.app.ContextImpl.sendBroadcast:1064 android.content.ContextWrapper.sendBroadcast:448 com.byd.service.presenter.RecorderPresenterImpl.e:67 com.byd.service.presenter.RecorderPresenterImpl$l.onReceive:66 android.app.LoadedApk$ReceiverDispatcher$Args.lambda$getRunnable$0$LoadedApk$ReceiverDispatcher$Args:1550 
12-14 13:00:20.721  3303  3303 W ContextImpl: Calling a method in the system process without a qualified user: android.app.ContextImpl.sendBroadcast:1064 android.content.ContextWrapper.sendBroadcast:448 com.byd.service.presenter.RecorderPresenterImpl.e:82 com.byd.service.presenter.RecorderPresenterImpl$l.onReceive:66 android.app.LoadedApk$ReceiverDispatcher$Args.lambda$getRunnable$0$LoadedApk$ReceiverDispatcher$Args:1550 
12-14 13:00:20.724  1234  1366 I chatty  : uid=1000(system) android.ui expire 3 lines
12-14 13:00:20.731  1234  1369 I chatty  : uid=1000(system) android.anim expire 9 lines
12-14 13:00:20.805  1234  1396 I chatty  : uid=1000(system) AppAutoRotation expire 4 lines
12-14 13:00:21.096  1234  1401 I chatty  : uid=1000(system) PowerManagerSer expire 2 lines
12-14 13:00:21.145  1234  2758 I chatty  : uid=1000(system) LazyTaskWriterT expire 4 lines
12-14 13:00:23.587  1234  1976 I chatty  : uid=1000(system) Binder:1234_6 expire 3 lines
12-14 13:00:23.658  1234  1274 I chatty  : uid=1000(system) Binder:1234_2 expire 3 lines
12-14 13:00:23.689  1234  5493 I chatty  : uid=1000(system) Binder:1234_10 expire 1 line
12-14 13:00:27.589  1234  8797 I chatty  : uid=1000(system) Binder:1234_1A expire 3 lines
12-14 13:00:27.608  1234  1859 I chatty  : uid=1000(system) Binder:1234_4 expire 15 lines
12-14 13:00:27.751  1234  1369 I chatty  : uid=1000(system) android.anim expire 11 lines
12-14 13:00:27.815  1234  1396 I chatty  : uid=1000(system) AppAutoRotation expire 14 lines
12-14 13:00:28.376  1234  1388 I chatty  : uid=1000(system) batterystats-wo expire 1 line
12-14 13:00:28.866  1234  1800 I chatty  : uid=1000(system) ConnectivitySer expire 10 lines
12-14 13:00:28.877  1234  1368 I chatty  : uid=1000(system) android.display expire 17 lines
12-14 13:00:28.930  1234  8797 I chatty  : uid=1000(system) Binder:1234_1A expire 2 lines
12-14 13:00:30.992  1234  5493 I chatty  : uid=1000(system) Binder:1234_10 expire 8 lines
12-14 13:00:31.040  1234  1366 I chatty  : uid=1000(system) android.ui expire 13 lines
12-14 13:00:31.171  1234  2758 I chatty  : uid=1000(system) LazyTaskWriterT expire 6 lines
12-14 13:00:33.303  1234  1976 I chatty  : uid=1000(system) Binder:1234_6 expire 1 line
12-14 13:00:39.009  1234  2204 I chatty  : uid=1000(system) Binder:1234_A expire 9 lines
12-14 13:00:40.625  1234  1274 I chatty  : uid=1000(system) Binder:1234_2 expire 4 lines
12-14 13:00:41.087  1234  8673 I chatty  : uid=1000(system) Binder:1234_18 expire 1 line
12-14 13:00:41.090  1234  8801 I chatty  : uid=1000(system) Binder:1234_1B expire 1 line
12-14 13:00:41.107  1234  2628 I chatty  : uid=1000(system) AdbDebuggingMan expire 1 line
12-14 13:00:41.108  1234  1365 I chatty  : uid=1000(system) android.fg expire 1 line
12-14 13:00:41.960  1068  1068 E TLOC    : [TLOCChannel]"Can't receive message due to timeout"
12-14 13:00:41.962  1068  1068 I TLOC    : [ModemComm  ]"Request succeeded for gps engine lock"
12-14 13:00:41.962  1068  1068 D TLOC    : [TLOCChannel] "Going to receive message for TLOCD"
12-14 13:00:41.962  1068  1068 D TLOC    : [TLOCChannel] "wait for message for user TLOCD"
12-14 13:00:42.156  1234  1234 I chatty  : uid=1000 system_server expire 1 line
12-14 13:00:42.182  1234  1378 I chatty  : uid=1000(system) android.bg expire 1 line
12-14 13:00:42.961  1068  1068 E TLOC    : [TLOCChannel]"Can't receive message due to timeout"
12-14 13:00:42.961  1068  1068 E TLOC    : [TLOCDaemon ]"Couldn't receive command response"
12-14 13:00:42.961  1068  1068 I TLOC    : [TLOCDaemon ]"timeout passed - start periodic warm-up"
12-14 13:00:42.962  1068  1068 I TLOC    : [ModemComm  ]"Start a session successfully"
12-14 13:00:42.962  1068  1068 D TLOC    : [TLOCDaemon ]"The command finished successfully"
12-14 13:00:42.962  1068  1068 D TLOC    : [TLOCDaemon ]"waiting for command"
12-14 13:00:42.962  1068  1068 D TLOC    : [TLOCChannel] "Going to receive message for TLOCD"
12-14 13:00:42.962  1068  1068 D TLOC    : [TLOCChannel] "wait for message for user TLOCD"
12-14 13:00:43.666  1234  1368 I chatty  : uid=1000(system) android.display expire 1 line
12-14 13:00:43.993  1234  1800 I chatty  : uid=1000(system) ConnectivitySer expire 17 lines
12-14 13:00:47.382  1234  1367 I chatty  : uid=1000(system) android.io expire 2 lines
12-14 13:00:48.529  1234  1234 I chatty  : uid=1000 system_server expire 15 lines
12-14 13:00:48.537  1234  4171 I chatty  : uid=1000(system) LocationService expire 4 lines
12-14 13:00:48.540  1839  1860 D AirConditioningManager:  buttonId = 100----buttonValue = -1
12-14 13:00:48.542 27165 27671 D AirConditioningManager:  buttonId = 100----buttonValue = -1
12-14 13:00:48.543  1839  1860 D AirConditioningManager:  buttonId = 2----buttonValue = -1
12-14 13:00:48.547 27165 27671 D AirConditioningManager:  buttonId = 2----buttonValue = -1
12-14 13:00:48.548  1839  1860 D AirConditioningManager:  buttonId = 101----buttonValue = -1
12-14 13:00:48.549  3303  3303 W ContextImpl: Calling a method in the system process without a qualified user: android.app.ContextImpl.sendBroadcast:1064 android.content.ContextWrapper.sendBroadcast:448 com.byd.service.presenter.RecorderPresenterImpl.Q:51 com.byd.service.presenter.RecorderPresenterImpl.b:41 com.byd.service.presenter.RecorderPresenterImpl.a:22 
12-14 13:00:48.560 27165 27671 D AirConditioningManager:  buttonId = 101----buttonValue = -1
12-14 13:00:48.565  1234  2204 I chatty  : uid=1000(system) Binder:1234_A expire 6 lines
12-14 13:00:48.570  1234  1690 I chatty  : uid=1000(system) AccModeManagerS expire 10 lines
12-14 13:00:48.602  3303  3303 W ContextImpl: Calling a method in the system process without a qualified user: android.app.ContextImpl.sendBroadcast:1064 android.content.ContextWrapper.sendBroadcast:448 com.byd.e.c.d:11 com.byd.service.presenter.RecorderPresenterImpl.Q:57 com.byd.service.presenter.RecorderPresenterImpl.b:41 
12-14 13:00:48.611  1234  2198 I chatty  : uid=1000(system) Binder:1234_8 expire 3 lines
12-14 13:00:48.646  1234  1379 I chatty  : uid=1000(system) ActivityManager expire 120 lines
12-14 13:00:48.657  3303  3303 W ContextImpl: Calling a method in the system process without a qualified user: android.app.ContextImpl.stopService:1601 android.content.ContextWrapper.stopService:679 com.byd.service.presenter.RecorderPresenterImpl.O:29 com.byd.service.presenter.RecorderPresenterImpl.Q:91 com.byd.service.presenter.RecorderPresenterImpl.b:41 
12-14 13:00:48.686  1234  6850 I chatty  : uid=1000(system) Binder:1234_16 expire 1 line
12-14 13:00:48.691  3178  3178 W ContextImpl: Calling a method in the system process without a qualified user: android.app.ContextImpl.startService:1589 android.content.ContextWrapper.startService:669 android.content.ContextWrapper.startService:669 com.byd.otaupdate.base.util.ServiceUtil.startService:77 com.byd.otaupdate.ui.common.UpdateOTABroadcastReceiverHelper.startUpdateOTAService:217 
12-14 13:00:48.701  1234  2200 I chatty  : uid=1000(system) Binder:1234_9 expire 1 line
12-14 13:00:48.710   960   960 W wificond: No pno scan started
12-14 13:00:48.710   960   960 W wificond: Scheduled scan is not running!
12-14 13:00:48.718   960   960 W wificond: No pno scan started
12-14 13:00:48.718   960   960 W wificond: Scheduled scan is not running!
12-14 13:00:48.727   640   640 W android.hardware.wifi@1.0-service: No active wlan interfaces in use! Using default
12-14 13:00:48.766  1234  1365 I chatty  : uid=1000(system) android.fg expire 11 lines
12-14 13:00:48.769   960   960 I wificond: Unsubscribe scan result for interface with index: 30
12-14 13:00:48.803  1234  2758 I chatty  : uid=1000(system) LazyTaskWriterT expire 2 lines
12-14 13:00:48.856  1234  5762 I chatty  : uid=1000(system) Binder:1234_12 expire 1 line
12-14 13:00:48.871   640   640 E android.hardware.wifi@1.0-service: Failed to open directory: Permission denied
12-14 13:00:48.871   640   640 E android.hardware.wifi@1.0-service: Error occurred while deleting old tombstone files
12-14 13:00:48.871   640   640 E android.hardware.wifi@1.0-service: Error writing files to flash
12-14 13:00:48.875   640 27480 I android.hardware.wifi@1.0-service: Legacy HAL stop complete callback received
12-14 13:00:48.877   640   640 I android.hardware.wifi@1.0-service: Wifi HAL stopped
12-14 13:00:49.000   527  1147 E NetlinkEvent: NetlinkEvent::FindParam(): Parameter 'INTERFACE' not found
12-14 13:00:49.000   527  1147 E NetlinkEvent: NetlinkEvent::FindParam(): Parameter 'STATE' not found
12-14 13:00:49.000   527  1147 E NetlinkEvent: NetlinkEvent::FindParam(): Parameter 'TIME_NS' not found
12-14 13:00:49.000   527  1147 E NetlinkEvent: NetlinkEvent::FindParam(): Parameter 'UID' not found
12-14 13:00:49.060  1234  1401 I chatty  : uid=1000(system) PowerManagerSer expire 6 lines
12-14 13:00:49.060  1234  1834 I chatty  : uid=1000(system) PhotonicModulat expire 2 lines
12-14 13:00:49.082  1234  1368 I chatty  : uid=1000(system) android.display expire 5 lines
12-14 13:00:49.158  1234  6849 I chatty  : uid=1000(system) Binder:1234_15 expire 2 lines
12-14 13:00:49.249  1234  1366 I chatty  : uid=1000(system) android.ui expire 1 line
12-14 13:00:49.286  1234  1815 I chatty  : uid=1000(system) Binder:1234_3 expire 2 lines
12-14 13:00:49.500  1234  1369 I chatty  : uid=1000(system) android.anim expire 4 lines
12-14 13:00:49.559  1234  1379 I chatty  : uid=1000(system) ActivityManager expire 123 lines
12-14 13:00:49.563  1234  1368 I chatty  : uid=1000(system) android.display expire 4 lines
12-14 13:00:49.638  3303  9630 W ContextImpl: Calling a method in the system process without a qualified user: android.app.ContextImpl.bindService:1668 android.content.ContextWrapper.bindService:705 com.autonavi.amapauto.jsonsdk.JsonProtocolManager.bindService:44 com.autonavi.amapauto.jsonsdk.JsonProtocolManager.access$300:0 com.autonavi.amapauto.jsonsdk.JsonProtocolManager$1.binderDied:24 
12-14 13:00:49.640  1234  8803 I chatty  : uid=1000(system) Binder:1234_1D expire 2 lines
12-14 13:00:49.643  1234  2146 I chatty  : uid=1000(system) Binder:1234_7 expire 1 line
12-14 13:00:49.712  1234  1381 I chatty  : uid=1000(system) ActivityManager expire 5 lines
12-14 13:00:49.724  1234  1400 I chatty  : uid=1000(system) CpuTracker expire 4 lines
12-14 13:00:49.847  1234  6850 I chatty  : uid=1000(system) Binder:1234_16 expire 3 lines
12-14 13:00:49.857  1234  1273 I chatty  : uid=1000(system) Binder:1234_1 expire 2 lines
12-14 13:00:49.857  1234  1800 I chatty  : uid=1000(system) ConnectivitySer expire 2 lines
12-14 13:00:49.858  3303  7828 W ContextImpl: Calling a method in the system process without a qualified user: android.app.ContextImpl.bindService:1668 android.content.ContextWrapper.bindService:705 com.byd.j.h.a.d:40 com.byd.j.h.a.f:0 com.byd.j.h.a$a.binderDied:60 
12-14 13:00:49.864  1234  5493 I chatty  : uid=1000(system) Binder:1234_10 expire 3 lines
12-14 13:00:49.924  1234  1234 I chatty  : uid=1000 system_server expire 3 lines
12-14 13:00:49.939  1234  1365 I chatty  : uid=1000(system) android.fg expire 1 line
12-14 13:00:50.009  1234  2645 I chatty  : uid=1000(system) Binder:1234_E expire 3 lines
12-14 13:00:50.065  1234  1976 I chatty  : uid=1000(system) Binder:1234_6 expire 4 lines
12-14 13:00:50.074  1234  8802 I chatty  : uid=1000(system) Binder:1234_1C expire 11 lines
12-14 13:00:50.104  1234  2204 I chatty  : uid=1000(system) Binder:1234_A expire 7 lines
12-14 13:00:50.106  1234  1975 I chatty  : uid=1000(system) Binder:1234_5 expire 1 line
12-14 13:00:50.107  3124  3124 W ContextImpl: Calling a method in the system process without a qualified user: android.app.ContextImpl.startService:1589 android.content.ContextWrapper.startService:669 android.content.ContextWrapper.startService:669 com.byd.minikaraoke.main.KaraokeReceiver.onReceive:45 android.app.ActivityThread.handleReceiver:3789 
12-14 13:00:50.129  1234  1378 I chatty  : uid=1000(system) android.bg expire 1 line
12-14 13:00:50.143  1839  1839 E ActivityThread: Activity com.android.systemui.recents.RecentsActivity has leaked IntentReceiver com.android.systemui.recents.views.RecentsView$11@eb4005 that was originally registered here. Are you missing a call to unregisterReceiver()?
12-14 13:00:50.143  1839  1839 E ActivityThread: android.app.IntentReceiverLeaked: Activity com.android.systemui.recents.RecentsActivity has leaked IntentReceiver com.android.systemui.recents.views.RecentsView$11@eb4005 that was originally registered here. Are you missing a call to unregisterReceiver()?
12-14 13:00:50.143  1839  1839 E ActivityThread: 	at android.app.LoadedApk$ReceiverDispatcher.<init>(LoadedApk.java:1588)
12-14 13:00:50.143  1839  1839 E ActivityThread: 	at android.app.LoadedApk.getReceiverDispatcher(LoadedApk.java:1368)
12-14 13:00:50.143  1839  1839 E ActivityThread: 	at android.app.ContextImpl.registerReceiverInternal(ContextImpl.java:1534)
12-14 13:00:50.143  1839  1839 E ActivityThread: 	at android.app.ContextImpl.registerReceiver(ContextImpl.java:1507)
12-14 13:00:50.143  1839  1839 E ActivityThread: 	at android.app.ContextImpl.registerReceiver(ContextImpl.java:1495)
12-14 13:00:50.143  1839  1839 E ActivityThread: 	at android.content.ContextWrapper.registerReceiver(ContextWrapper.java:627)
12-14 13:00:50.143  1839  1839 E ActivityThread: 	at com.android.systemui.recents.views.RecentsView.<init>(RecentsView.java:237)
12-14 13:00:50.143  1839  1839 E ActivityThread: 	at com.android.systemui.recents.views.RecentsView.<init>(RecentsView.java:205)
12-14 13:00:50.143  1839  1839 E ActivityThread: 	at com.android.systemui.recents.views.RecentsView.<init>(RecentsView.java:201)
12-14 13:00:50.143  1839  1839 E ActivityThread: 	at java.lang.reflect.Constructor.newInstance0(Native Method)
12-14 13:00:50.143  1839  1839 E ActivityThread: 	at java.lang.reflect.Constructor.newInstance(Constructor.java:343)
12-14 13:00:50.143  1839  1839 E ActivityThread: 	at android.view.LayoutInflater.createView(LayoutInflater.java:854)
12-14 13:00:50.143  1839  1839 E ActivityThread: 	at android.view.LayoutInflater.createViewFromTag(LayoutInflater.java:1006)
12-14 13:00:50.143  1839  1839 E ActivityThread: 	at android.view.LayoutInflater.createViewFromTag(LayoutInflater.java:961)
12-14 13:00:50.143  1839  1839 E ActivityThread: 	at android.view.LayoutInflater.rInflate(LayoutInflater.java:1123)
12-14 13:00:50.143  1839  1839 E ActivityThread: 	at android.view.LayoutInflater.rInflateChildren(LayoutInflater.java:1084)
12-14 13:00:50.143  1839  1839 E ActivityThread: 	at android.view.LayoutInflater.inflate(LayoutInflater.java:682)
12-14 13:00:50.143  1839  1839 E ActivityThread: 	at android.view.LayoutInflater.inflate(LayoutInflater.java:534)
12-14 13:00:50.143  1839  1839 E ActivityThread: 	at android.view.LayoutInflater.inflate(LayoutInflater.java:481)
12-14 13:00:50.143  1839  1839 E ActivityThread: 	at com.android.internal.policy.PhoneWindow.setContentView(PhoneWindow.java:439)
12-14 13:00:50.143  1839  1839 E ActivityThread: 	at android.app.Activity.setContentView(Activity.java:3334)
12-14 13:00:50.143  1839  1839 E ActivityThread: 	at com.android.systemui.recents.RecentsActivity.onCreate(RecentsActivity.java:362)
12-14 13:00:50.143  1839  1839 E ActivityThread: 	at android.app.Activity.performCreate(Activity.java:7993)
12-14 13:00:50.143  1839  1839 E ActivityThread: 	at android.app.Activity.performCreate(Activity.java:7982)
12-14 13:00:50.143  1839  1839 E ActivityThread: 	at android.app.Instrumentation.callActivityOnCreate(Instrumentation.java:1307)
12-14 13:00:50.143  1839  1839 E ActivityThread: 	at android.app.ActivityThread.performLaunchActivity(ActivityThread.java:3246)
12-14 13:00:50.143  1839  1839 E ActivityThread: 	at android.app.ActivityThread.handleLaunchActivity(ActivityThread.java:3410)
12-14 13:00:50.143  1839  1839 E ActivityThread: 	at android.app.servertransaction.LaunchActivityItem.execute(LaunchActivityItem.java:83)
12-14 13:00:50.143  1839  1839 E ActivityThread: 	at android.app.servertransaction.TransactionExecutor.executeCallbacks(TransactionExecutor.java:135)
12-14 13:00:50.143  1839  1839 E ActivityThread: 	at android.app.servertransaction.TransactionExecutor.execute(TransactionExecutor.java:95)
12-14 13:00:50.143  1839  1839 E ActivityThread: 	at android.app.ActivityThread$H.handleMessage(ActivityThread.java:2017)
12-14 13:00:50.143  1839  1839 E ActivityThread: 	at android.os.Handler.dispatchMessage(Handler.java:107)
12-14 13:00:50.143  1839  1839 E ActivityThread: 	at android.os.Looper.loop(Looper.java:214)
12-14 13:00:50.143  1839  1839 E ActivityThread: 	at android.app.ActivityThread.main(ActivityThread.java:7478)
12-14 13:00:50.143  1839  1839 E ActivityThread: 	at java.lang.reflect.Method.invoke(Native Method)
12-14 13:00:50.143  1839  1839 E ActivityThread: 	at com.android.internal.os.RuntimeInit$MethodAndArgsCaller.run(RuntimeInit.java:492)
12-14 13:00:50.143  1839  1839 E ActivityThread: 	at com.android.internal.os.ZygoteInit.main(ZygoteInit.java:935)
12-14 13:00:50.157  1234  6846 I chatty  : uid=1000(system) Binder:1234_14 expire 6 lines
12-14 13:00:50.226  3303  7828 W ContextImpl: Calling a method in the system process without a qualified user: android.app.ContextImpl.bindService:1668 android.content.ContextWrapper.bindService:705 com.byd.j.h.a.d:40 com.byd.j.h.a.f:0 com.byd.j.h.a$a.binderDied:60 
12-14 13:00:50.269 29785 29785 W ContextImpl: Calling a method in the system process without a qualified user: android.app.ContextImpl.startService:1589 android.content.ContextWrapper.startService:669 android.content.ContextWrapper.startService:669 com.byd.mediacenter.MediaReceiver.onReceive:84 android.app.ActivityThread.handleReceiver:3789 
12-14 13:00:50.306  1234  1379 I chatty  : uid=1000(system) ActivityManager expire 67 lines
12-14 13:00:50.313  1234  1234 I chatty  : uid=1000 system_server expire 11 lines
12-14 13:00:50.365  1234  1367 I chatty  : uid=1000(system) android.io expire 1 line
12-14 13:00:50.449  1234  1396 I chatty  : uid=1000(system) AppAutoRotation expire 6 lines
12-14 13:00:50.519  1234  1378 I chatty  : uid=1000(system) android.bg expire 1 line
12-14 13:00:50.735  1234  8802 I chatty  : uid=1000(system) Binder:1234_1C expire 4 lines
12-14 13:00:50.751  1234  1368 I chatty  : uid=1000(system) android.display expire 7 lines
12-14 13:00:50.780  1234  1381 I chatty  : uid=1000(system) ActivityManager expire 2 lines
12-14 13:00:50.821  1234  1690 I chatty  : uid=1000(system) AccModeManagerS expire 17 lines
12-14 13:00:50.915  1234  6850 I chatty  : uid=1000(system) Binder:1234_16 expire 2 lines
12-14 13:00:50.918 29825 29825 W ContextImpl: Calling a method in the system process without a qualified user: android.app.ContextImpl.bindService:1668 android.content.ContextWrapper.bindService:705 com.byd.launcherclient.LauncherClient.connectSafely:106 com.byd.launcherclient.LauncherClient.reconnect:175 com.byd.launcherclient.LauncherClient.<init>:74 
12-14 13:00:50.919  1234  1274 I chatty  : uid=1000(system) Binder:1234_2 expire 5 lines
12-14 13:00:50.924 29825 29825 W ContextImpl: Calling a method in the system process without a qualified user: android.app.ContextImpl.bindService:1668 android.content.ContextWrapper.bindService:705 com.byd.launcherclient.LauncherClient.connectSafely:106 com.byd.launcherclient.LauncherClient.reconnect:185 com.byd.launcherclient.LauncherClient.<init>:74 
12-14 13:00:50.983  1234  1366 I chatty  : uid=1000(system) android.ui expire 11 lines
12-14 13:00:51.061  1234  1369 I chatty  : uid=1000(system) android.anim expire 6 lines
12-14 13:00:53.541  1234  1786 I chatty  : uid=1000(system) BydStorage expire 2 lines
12-14 13:00:53.542   434   456 D vold    : unlink /storage/usbotg for doUnmount()
12-14 13:00:53.548  1234  1785 I chatty  : uid=1000(system) StorageCallback expire 6 lines
12-14 13:00:53.564  1234  1273 I chatty  : uid=1000(system) Binder:1234_1 expire 2 lines
12-14 13:00:53.567  3375  3375 W ContextImpl: Calling a method in the system process without a qualified user: android.app.ContextImpl.startService:1589 android.content.ContextWrapper.startService:669 android.content.ContextWrapper.startService:669 com.byd.otgupdate.OTGUpdateReceiver.startService:51 com.byd.otgupdate.OTGUpdateReceiver.dealCastEvent:43 
12-14 13:00:53.807  1234  2758 I chatty  : uid=1000(system) LazyTaskWriterT expire 2 lines
12-14 13:00:54.150   434   456 D vold    : Finish to unmount /storage/usbotg
12-14 13:00:54.151   434   454 D vold    : unlink /storage/sdcard for doUnmount()
12-14 13:00:54.745   434   454 D vold    : Finish to unmount /storage/sdcard
12-14 13:00:58.123  1234  1720 I chatty  : uid=1000(system) AlarmManager expire 5 lines
12-14 13:00:58.695  1234  1401 I chatty  : uid=1000(system) PowerManagerSer expire 10 lines
12-14 13:00:59.834   434   455 D vold    : handleBlockEvent with action 2, eventPath = /devices/platform/soc/4e00000.ssusb/4e00000.dwc3/xhci-hcd.0.auto/usb1/1-1/1-1.1/1-1.1:1.0/host1/target1:0:0/1:0:0:0/block/sdg, devType = disk
12-14 13:00:59.975  1234  1838 I chatty  : uid=1000(system) UsbService host expire 5 lines
12-14 13:00:59.982   434   455 D vold    : handleBlockEvent with action 2, eventPath = /devices/platform/soc/4e00000.ssusb/4e00000.dwc3/xhci-hcd.0.auto/usb1/1-1/1-1.3/1-1.3:1.0/host2/target2:0:0/2:0:0:0/block/sdh/sdh1, devType = partition
12-14 13:00:59.987   434   455 D vold    : handleBlockEvent with action 2, eventPath = /devices/platform/soc/4e00000.ssusb/4e00000.dwc3/xhci-hcd.0.auto/usb1/1-1/1-1.3/1-1.3:1.0/host2/target2:0:0/2:0:0:0/block/sdh, devType = disk
12-14 13:01:02.962  1068  1068 E TLOC    : [TLOCChannel]"Can't receive message due to timeout"
12-14 13:01:02.963  1068  1068 I TLOC    : [TLOCDaemon ]"timeout passed with no location fix - close the session"
12-14 13:01:02.964  1068  1068 I TLOC    : [ModemComm  ]"Stopped the session successfully"
12-14 13:01:02.965  1068  1068 D TLOC    : [TLOCDaemon ]"The command finished successfully"
12-14 13:01:02.965  1068  1068 D TLOC    : [TLOCDaemon ]"waiting for command"
12-14 13:01:02.965  1068  1068 D TLOC    : [TLOCChannel] "Going to receive message for TLOCD"
12-14 13:01:02.965  1068  1068 D TLOC    : [TLOCChannel] "wait for message for user TLOCD"
12-14 13:01:17.691  1839  1860 D AirConditioningManager:  buttonId = 100----buttonValue = -1
12-14 13:01:17.693 29825 29845 D AirConditioningManager:  buttonId = 100----buttonValue = -1
12-14 13:01:17.698  1839  1860 D AirConditioningManager:  buttonId = 101----buttonValue = -1
12-14 13:01:17.699 29825 29845 D AirConditioningManager:  buttonId = 101----buttonValue = -1
12-14 13:01:17.701  1839  1855 D AirConditioningManager:  buttonId = 2----buttonValue = 0
12-14 13:01:17.702 29825 29845 D AirConditioningManager:  buttonId = 2----buttonValue = 0
12-14 13:01:17.710  3303  3303 W ContextImpl: Calling a method in the system process without a qualified user: android.app.ContextImpl.sendBroadcast:1064 android.content.ContextWrapper.sendBroadcast:448 com.byd.e.c.f:4 com.byd.service.presenter.RecorderPresenterImpl.b:211 com.byd.service.presenter.RecorderPresenterImpl.a:22 
12-14 13:01:17.723  1234  1690 I chatty  : uid=1000(system) AccModeManagerS expire 6 lines
12-14 13:01:17.724  1234  1834 I chatty  : uid=1000(system) PhotonicModulat expire 1 line
12-14 13:01:17.734   695   695 D MyAccAnimation: accanim playAnimation time: 7650282ms
12-14 13:01:17.734  1234  1379 I chatty  : uid=1000(system) ActivityManager expire 17 lines
12-14 13:01:17.734  1234  1234 I chatty  : uid=1000 system_server expire 8 lines
12-14 13:01:17.774  1839  2260 D AirConditioningManager:  buttonId = 100----buttonValue = 1
12-14 13:01:17.775 29825 29845 D AirConditioningManager:  buttonId = 100----buttonValue = 1
12-14 13:01:17.778  1839  2260 D AirConditioningManager:  buttonId = 101----buttonValue = 1
12-14 13:01:17.778 29825 29845 D AirConditioningManager:  buttonId = 101----buttonValue = 1
12-14 13:01:17.802  3303  3303 W ContextImpl: Calling a method in the system process without a qualified user: android.app.ContextImpl.startService:1589 android.content.ContextWrapper.startService:669 com.byd.service.presenter.RecorderPresenterImpl.N:29 com.byd.service.presenter.RecorderPresenterImpl.R:69 com.byd.service.presenter.RecorderPresenterImpl.b:234 
12-14 13:01:17.815  1234  4171 I chatty  : uid=1000(system) LocationService expire 4 lines
12-14 13:01:17.828  1234  1975 I chatty  : uid=1000(system) Binder:1234_5 expire 1 line
12-14 13:01:17.840  1234  1976 I chatty  : uid=1000(system) Binder:1234_6 expire 1 line
12-14 13:01:17.865   640   640 I android.hardware.wifi@1.0-service: Wifi HAL started
12-14 13:01:17.871  1234  1401 I chatty  : uid=1000(system) PowerManagerSer expire 5 lines
12-14 13:01:17.946  1234  1369 I chatty  : uid=1000(system) android.anim expire 6 lines
12-14 13:01:18.039  1234  2204 I chatty  : uid=1000(system) Binder:1234_A expire 2 lines
12-14 13:01:18.054  1234  8802 I chatty  : uid=1000(system) Binder:1234_1C expire 2 lines
12-14 13:01:18.090  1234  1975 I chatty  : uid=1000(system) Binder:1234_5 expire 2 lines
12-14 13:01:18.136  3303  3303 W ContextImpl: Calling a method in the system process without a qualified user: android.app.ContextImpl.bindService:1668 android.content.ContextWrapper.bindService:705 com.kaolafm.sdk.client.KLClientAPI.bindService:17 com.kaolafm.sdk.client.KLClientAPI.init:73 com.kaolafm.sdk.client.KLClientAPI.init:1 
12-14 13:01:18.137  1234  2661 I chatty  : uid=1000(system) Binder:1234_F expire 2 lines
12-14 13:01:18.174  3303  3303 W ContextImpl: Calling a method in the system process without a qualified user: android.app.ContextImpl.bindService:1668 android.content.ContextWrapper.bindService:705 cn.kuwo.autosdk.x.d:20 cn.kuwo.autosdk.a.e.e:2 com.byd.api.third.h.a.c:26 
12-14 13:01:18.313  3303  3303 W ContextImpl: Calling a method in the system process without a qualified user: android.app.ContextImpl.sendBroadcast:1064 android.content.ContextWrapper.sendBroadcast:448 cn.kuwo.autosdk.x.a:5 cn.kuwo.autosdk.x.b:22 cn.kuwo.autosdk.a.e.d:5 
12-14 13:01:18.316  3303 29635 W ContextImpl: Calling a method in the system process without a qualified user: android.app.ContextImpl.bindService:1668 android.content.ContextWrapper.bindService:705 com.byd.j.h.a.d:40 com.byd.j.h.a.<init>:45 com.byd.j.h.a.<init>:0 
12-14 13:01:18.321  3303 30041 W ContextImpl: Calling a method in the system process without a qualified user: android.app.ContextImpl.bindService:1668 android.content.ContextWrapper.bindService:705 com.amap.api.col.2sl.bu.i:22 com.amap.api.col.2sl.bu.a:0 com.amap.api.col.2sl.bu$b.onLooperPrepared:9 
12-14 13:01:18.350  1234  1365 I chatty  : uid=1000(system) android.fg expire 14 lines
12-14 13:01:18.363  1234  1976 I chatty  : uid=1000(system) Binder:1234_6 expire 3 lines
12-14 13:01:18.369   640   640 I android.hardware.wifi@1.0-service: Adding interface handle for p2p0
12-14 13:01:18.369   640   640 I android.hardware.wifi@1.0-service: Adding interface handle for wlan0
12-14 13:01:18.369   640   640 W android.hardware.wifi@1.0-service: No active wlan interfaces in use! Using default
12-14 13:01:18.369   640   640 W android.hardware.wifi@1.0-service: No active wlan interfaces in use! Using default
12-14 13:01:18.374  1234  1368 I chatty  : uid=1000(system) android.display expire 1 line
12-14 13:01:18.375  1234  1381 I chatty  : uid=1000(system) ActivityManager expire 2 lines
12-14 13:01:18.378  1234  1366 I chatty  : uid=1000(system) android.ui expire 10 lines
12-14 13:01:18.378   640   640 I android.hardware.wifi@1.0-service: Configured chip in mode 0
12-14 13:01:18.378   640   640 W android.hardware.wifi@1.0-service: No active wlan interfaces in use! Using default
12-14 13:01:18.383   640   640 W android.hardware.wifi@1.0-service: No active wlan interfaces in use! Using default
12-14 13:01:18.388  1234  1834 I chatty  : uid=1000(system) PhotonicModulat expire 1 line
12-14 13:01:18.401   960   960 I wificond: setting base_wiphy_index_ to 0
12-14 13:01:18.401   960   960 I wificond: create scanner for interface with index: 30
12-14 13:01:18.401   960   960 I wificond: subscribe scan result for interface with index: 30
12-14 13:01:18.410   960   960 E wificond: No Offload Service available
12-14 13:01:18.411   960   960 I wificond: Offload HAL not supported 
12-14 13:01:18.476  1234  1234 I chatty  : uid=1000 system_server expire 2 lines
12-14 13:01:18.542   960   960 I wificond: Pno scan started for frequencies: 2412, 2417, 2422, 2427, 2432, 2437, 2447, 2452, 2457, 2462, 5180, 5200, 5220, 5240, 5745, 5765, 5785, 5805, 
12-14 13:01:18.593   960   960 I wificond: Pno scan stopped
12-14 13:01:18.618  1234  1388 I chatty  : uid=1000(system) batterystats-wo expire 1 line
12-14 13:01:18.689  1234  1274 I chatty  : uid=1000(system) Binder:1234_2 expire 1 line
12-14 13:01:18.706  1234  1800 I chatty  : uid=1000(system) ConnectivitySer expire 49 lines
12-14 13:01:18.796   527  1147 E NetlinkEvent: NetlinkEvent::FindParam(): Parameter 'INTERFACE' not found
12-14 13:01:18.796   527  1147 E NetlinkEvent: NetlinkEvent::FindParam(): Parameter 'STATE' not found
12-14 13:01:18.796   527  1147 E NetlinkEvent: NetlinkEvent::FindParam(): Parameter 'TIME_NS' not found
12-14 13:01:18.796   527  1147 E NetlinkEvent: NetlinkEvent::FindParam(): Parameter 'UID' not found
12-14 13:01:18.811  3303 29635 W ContextImpl: Calling a method in the system process without a qualified user: android.app.ContextImpl.sendBroadcast:1064 android.content.ContextWrapper.sendBroadcast:448 com.byd.service.a.a.e:9 com.byd.service.a.a.b:3 com.byd.service.a.a.a:0 
12-14 13:01:18.843  1234  1379 I chatty  : uid=1000(system) ActivityManager expire 40 lines
12-14 13:01:18.905  1234  1273 I chatty  : uid=1000(system) Binder:1234_1 expire 1 line
12-14 13:01:19.041  1234  1838 I chatty  : uid=1000(system) UsbService host expire 4 lines
12-14 13:01:19.164  1234  2216 I chatty  : uid=1000(system) Binder:1234_D expire 2 lines
12-14 13:01:20.046   527  1147 E NetlinkEvent: NetlinkEvent::FindParam(): Parameter 'INTERFACE' not found
12-14 13:01:20.046   527  1147 E NetlinkEvent: NetlinkEvent::FindParam(): Parameter 'STATE' not found
12-14 13:01:20.046   527  1147 E NetlinkEvent: NetlinkEvent::FindParam(): Parameter 'TIME_NS' not found
12-14 13:01:20.046   527  1147 E NetlinkEvent: NetlinkEvent::FindParam(): Parameter 'UID' not found
12-14 13:01:20.084   434   455 D vold    : handleBlockEvent with action 1, eventPath = /devices/platform/soc/4e00000.ssusb/4e00000.dwc3/xhci-hcd.0.auto/usb1/1-1/1-1.1/1-1.1:1.0/host1/target1:0:0/1:0:0:0/block/sdg, devType = disk
12-14 13:01:20.084   434   455 D vold    : insert U Disk
12-14 13:01:20.086   434   455 D vold    : /system/bin/sgdisk
12-14 13:01:20.086   434   455 D vold    :     --android-dump
12-14 13:01:20.086   434   455 D vold    :     /dev/block/vold/disk:8,96
12-14 13:01:20.119   434   455 D vold    : DISK mbr
12-14 13:01:20.119   434   455 D vold    : 
12-14 13:01:20.119   434   455 D vold    : PART 1 6e
12-14 13:01:20.119   434   455 D vold    : 
12-14 13:01:20.119   434   455 D vold    : PART 4 0
12-14 13:01:20.119   434   455 D vold    : 
12-14 13:01:20.121   434   455 D vold    : readPartitions partitionCounts: 1
12-14 13:01:20.121   434   455 D vold    : Partition unknown 110
12-14 13:01:20.121   434   455 D vold    : readPartitions partitionCounts: 2
12-14 13:01:20.121   434   455 W vold    :  Only the first partition is mounted 
12-14 13:01:20.121   434   455 W vold    : disk:8,96 has unknown partition table; trying entire device
12-14 13:01:20.121   434   455 D vold    : /system/bin/blkid
12-14 13:01:20.121   434   455 D vold    :     -c
12-14 13:01:20.121   434   455 D vold    :     /dev/null
12-14 13:01:20.121   434   455 D vold    :     -s
12-14 13:01:20.121   434   455 D vold    :     TYPE
12-14 13:01:20.121   434   455 D vold    :     -s
12-14 13:01:20.121   434   455 D vold    :     UUID
12-14 13:01:20.121   434   455 D vold    :     -s
12-14 13:01:20.121   434   455 D vold    :     LABEL
12-14 13:01:20.121   434   455 D vold    :     /dev/block/vold/disk:8,96
12-14 13:01:20.159   434   455 D vold    : /dev/block/vold/disk:8,96: LABEL="CAR_MUSIC" UUID="8680-23E6" TYPE="vfat" 
12-14 13:01:20.159   434   455 D vold    : 
12-14 13:01:20.163   434 21349 D vold    : /system/bin/blkid
12-14 13:01:20.163   434 21349 D vold    :     -c
12-14 13:01:20.163   434 21349 D vold    :     /dev/null
12-14 13:01:20.163   434 21349 D vold    :     -s
12-14 13:01:20.163   434 21349 D vold    :     TYPE
12-14 13:01:20.163   434 21349 D vold    :     -s
12-14 13:01:20.163   434 21349 D vold    :     UUID
12-14 13:01:20.163   434 21349 D vold    :     -s
12-14 13:01:20.163   434 21349 D vold    :     LABEL
12-14 13:01:20.163   434 21349 D vold    :     /dev/block/vold/public:8,96
12-14 13:01:20.167  1234  1785 I chatty  : uid=1000(system) StorageCallback expire 1 line
12-14 13:01:20.200   434 21349 D vold    : /dev/block/vold/public:8,96: LABEL="CAR_MUSIC" UUID="8680-23E6" TYPE="vfat" 
12-14 13:01:20.200   434 21349 D vold    : 
12-14 13:01:20.201   434 21349 D vold    : /system/bin/fsck_msdos
12-14 13:01:20.201   434 21349 D vold    :     -p
12-14 13:01:20.201   434 21349 D vold    :     -f
12-14 13:01:20.201   434 21349 D vold    :     -y
12-14 13:01:20.201   434 21349 D vold    :     /dev/block/vold/public:8,96
12-14 13:01:20.533   960   960 W wificond: Scan is not started. Ignore abort request
12-14 13:01:20.536   434   455 D vold    : handleBlockEvent with action 1, eventPath = /devices/platform/soc/4e00000.ssusb/4e00000.dwc3/xhci-hcd.0.auto/usb1/1-1/1-1.3/1-1.3:1.0/host2/target2:0:0/2:0:0:0/block/sdh, devType = disk
12-14 13:01:20.536   434   455 D vold    : insert SD
12-14 13:01:20.539   434   455 D vold    : /system/bin/sgdisk
12-14 13:01:20.539   434   455 D vold    :     --android-dump
12-14 13:01:20.539   434   455 D vold    :     /dev/block/vold/disk:8,112
12-14 13:01:20.572   434   455 D vold    : DISK mbr
12-14 13:01:20.573   434   455 D vold    : 
12-14 13:01:20.573   434   455 D vold    : PART 1 b
12-14 13:01:20.573   434   455 D vold    : 
12-14 13:01:20.574   434   455 D vold    : readPartitions partitionCounts: 1
12-14 13:01:20.576   434   455 D vold    : handleBlockEvent with action 1, eventPath = /devices/platform/soc/4e00000.ssusb/4e00000.dwc3/xhci-hcd.0.auto/usb1/1-1/1-1.3/1-1.3:1.0/host2/target2:0:0/2:0:0:0/block/sdh/sdh1, devType = partition
12-14 13:01:20.627  1234  1794 I chatty  : uid=1000(system) ClientModeImpl expire 1 line
12-14 13:01:20.825  1234  1365 I chatty  : uid=1000(system) android.fg expire 1 line
12-14 13:01:20.891  1234  1800 I chatty  : uid=1000(system) ConnectivitySer expire 54 lines
12-14 13:01:20.993  1234  1859 I chatty  : uid=1000(system) Binder:1234_4 expire 2 lines
12-14 13:01:21.013  1234  1366 I chatty  : uid=1000(system) android.ui expire 5 lines
12-14 13:01:21.104   434 21349 D vold    : /dev/block/vold/public:8,96: 189 files, 1572920 free (3342343 clusters)
12-14 13:01:21.104   434 21349 D vold    : 
12-14 13:01:21.104   434 21349 I vold    : Filesystem check completed OK
12-14 13:01:21.115   434 21349 D vold    : Waiting for FUSE to spin up...
12-14 13:01:21.134 30323 30323 W sdcard  : Device explicitly enabled sdcardfs
12-14 13:01:21.165   434 21349 D vold    : Link /storage/8680-23E6 to /storage/usbotg
12-14 13:01:21.167   434   515 D vold    : /system/bin/blkid
12-14 13:01:21.167   434   515 D vold    :     -c
12-14 13:01:21.167   434   515 D vold    :     /dev/null
12-14 13:01:21.167   434   515 D vold    :     -s
12-14 13:01:21.167   434   515 D vold    :     TYPE
12-14 13:01:21.167   434   515 D vold    :     -s
12-14 13:01:21.167   434   515 D vold    :     UUID
12-14 13:01:21.167   434   515 D vold    :     -s
12-14 13:01:21.167   434   515 D vold    :     LABEL
12-14 13:01:21.167   434   515 D vold    :     /dev/block/vold/public:8,113
12-14 13:01:21.188  1234  1785 I chatty  : uid=1000(system) StorageCallback expire 3 lines
12-14 13:01:21.188  1234  1379 I chatty  : uid=1000(system) ActivityManager expire 88 lines
12-14 13:01:21.233   434   515 D vold    : /dev/block/vold/public:8,113: UUID="93B4-EBAF" TYPE="vfat" 
12-14 13:01:21.233   434   515 D vold    : 
12-14 13:01:21.237   434   515 D vold    : /system/bin/fsck_msdos
12-14 13:01:21.237   434   515 D vold    :     -p
12-14 13:01:21.237   434   515 D vold    :     -f
12-14 13:01:21.237   434   515 D vold    :     -y
12-14 13:01:21.237   434   515 D vold    :     /dev/block/vold/public:8,113
12-14 13:01:21.239  1234  1381 I chatty  : uid=1000(system) ActivityManager expire 4 lines
12-14 13:01:21.392  1234  6850 I chatty  : uid=1000(system) Binder:1234_16 expire 27 lines
12-14 13:01:21.437  1234  8801 I chatty  : uid=1000(system) Binder:1234_1B expire 2 lines
12-14 13:01:21.511   434   515 D vold    : /dev/block/vold/public:8,113: 131 files, 1004768 free (31399 clusters)
12-14 13:01:21.511   434   515 D vold    : 
12-14 13:01:21.512   434   515 I vold    : Filesystem check completed OK
12-14 13:01:21.526   434   515 D vold    : Waiting for FUSE to spin up...
12-14 13:01:21.547   527  1147 E NetlinkEvent: NetlinkEvent::FindParam(): Parameter 'INTERFACE' not found
12-14 13:01:21.547   527  1147 E NetlinkEvent: NetlinkEvent::FindParam(): Parameter 'STATE' not found
