11-17 19:13:13.217 21147 21147 E AndroidRuntime: Process: com.huawei.carstatushelper, PID: 21147
11-17 19:13:13.217 21147 21147 E AndroidRuntime: java.lang.RuntimeException: Error receiving broadcast Intent { act=android.intent.action.HIDE_RADAR_FLOATING flg=0x10 } in com.huawei.carstatushelper.service.RadarFloatingService$1@53d9540
11-17 19:13:13.217 21147 21147 E AndroidRuntime: 	at android.app.LoadedApk$ReceiverDispatcher$Args.lambda$getRunnable$0$LoadedApk$ReceiverDispatcher$Args(LoadedApk.java:1560)
11-17 19:13:13.217 21147 21147 E AndroidRuntime: 	at android.app.-$$Lambda$LoadedApk$ReceiverDispatcher$Args$_BumDX2UKsnxLVrE6UJsJZkotuA.run(Unknown Source:2)
11-17 19:13:13.217 21147 21147 E AndroidRuntime: 	at android.os.Handler.handleCallback(Handler.java:883)
11-17 19:13:13.217 21147 21147 E AndroidRuntime: 	at android.os.Handler.dispatchMessage(Handler.java:100)
11-17 19:13:13.217 21147 21147 E AndroidRuntime: 	at android.os.Looper.loop(Looper.java:214)
11-17 19:13:13.217 21147 21147 E AndroidRuntime: 	at android.app.ActivityThread.main(ActivityThread.java:7478)
11-17 19:13:13.217 21147 21147 E AndroidRuntime: 	at java.lang.reflect.Method.invoke(Native Method)
11-17 19:13:13.217 21147 21147 E AndroidRuntime: 	at com.android.internal.os.RuntimeInit$MethodAndArgsCaller.run(RuntimeInit.java:492)
11-17 19:13:13.217 21147 21147 E AndroidRuntime: 	at com.android.internal.os.ZygoteInit.main(ZygoteInit.java:935)
11-17 19:13:13.217 21147 21147 E AndroidRuntime: Caused by: java.lang.IllegalArgumentException: View=android.widget.LinearLayout{4e4860d V.E...... ......ID 0,0-405,675 #7f090083 app:id/layout0} not attached to window manager
11-17 19:13:13.217 21147 21147 E AndroidRuntime: 	at android.view.WindowManagerGlobal.findViewLocked(WindowManagerGlobal.java:519)
11-17 19:13:13.217 21147 21147 E AndroidRuntime: 	at android.view.WindowManagerGlobal.removeView(WindowManagerGlobal.java:428)
11-17 19:13:13.217 21147 21147 E AndroidRuntime: 	at android.view.WindowManagerImpl.removeView(WindowManagerImpl.java:123)
11-17 19:13:13.217 21147 21147 E AndroidRuntime: 	at com.ziwenl.floatingwindowdemo.utils.FloatingWindowHelper.removeView(FloatingWindowHelper.java:188)
11-17 19:13:13.217 21147 21147 E AndroidRuntime: 	at com.huawei.carstatushelper.service.RadarFloatingService.hideRadarFloating(RadarFloatingService.java:221)
11-17 19:13:13.217 21147 21147 E AndroidRuntime: 	at com.huawei.carstatushelper.service.RadarFloatingService.access$100(RadarFloatingService.java:42)
11-17 19:13:13.217 21147 21147 E AndroidRuntime: 	at com.huawei.carstatushelper.service.RadarFloatingService$1.onReceive(RadarFloatingService.java:81)
11-17 19:13:13.217 21147 21147 E AndroidRuntime: 	at android.app.LoadedApk$ReceiverDispatcher$Args.lambda$getRunnable$0$LoadedApk$ReceiverDispatcher$Args(LoadedApk.java:1550)
11-17 19:13:13.217 21147 21147 E AndroidRuntime: 	... 8 more
11-17 19:13:13.276  1230  9863 I chatty  : uid=1000(system) Binder:1230_13 expire 1 line
11-17 19:13:13.380  1230 24197 I chatty  : uid=1000(system) Binder:1230_19 expire 1 line
11-17 19:13:13.474  1230 24224 I chatty  : uid=1000(system) Binder:1230_1C expire 3 lines
11-17 19:13:13.536  1230  1830 I chatty  : uid=1000(system) PhotonicModulat expire 59 lines
11-17 19:13:14.533  1230  1323 I chatty  : uid=1000(system) ActivityManager expire 1 line
11-17 19:13:14.637 21613 21613 I ActivityThread: handleStopService: token=android.os.BinderProxy@35d82d8 not found.
11-17 19:13:14.659  1230  9069 I chatty  : uid=1000(system) Binder:1230_E expire 1 line
11-17 19:13:16.616  3535  3535 W ContextImpl: Calling a method in the system process without a qualified user: android.app.ContextImpl.startActivity:928 android.content.ContextWrapper.startActivity:383 com.byd.avc.context.ContextManager.startAndroidActivity:378 com.byd.avc.util.DeviceStates$ActivityControler.startAVCActivity:2902 com.byd.avc.rule.ruleImpl.PVCRuleManager$ProcessGearboxMsg.processGearboxAutoTypeMsg_R:255 
11-17 19:13:16.616  3535  3535 W ContextImpl: Calling a method in the system process without a qualified user: android.app.ContextImpl.startActivity:940 android.app.ContextImpl.startActivity:929 android.content.ContextWrapper.startActivity:383 com.byd.avc.context.ContextManager.startAndroidActivity:378 com.byd.avc.util.DeviceStates$ActivityControler.startAVCActivity:2902 
11-17 19:13:16.618  1230  2171 I chatty  : uid=1000(system) Binder:1230_7 expire 3 lines
11-17 19:13:16.714  1230  1322 I chatty  : uid=1000(system) ActivityManager expire 5 lines
11-17 19:13:16.716  3349  3349 I chatty  : uid=1000(system) com.byd.autovoice expire 10 lines
11-17 19:13:16.748  1230  1314 I chatty  : uid=1000(system) android.anim expire 8 lines
11-17 19:13:28.804  1230 24428 I chatty  : uid=1000(system) Binder:1230_1F expire 5 lines
11-17 19:13:28.851  1230 24225 I chatty  : uid=1000(system) Binder:1230_1D expire 5 lines
11-17 19:13:28.884  1230  1313 I chatty  : uid=1000(system) android.display expire 2 lines
11-17 19:13:28.911  1230 24224 I chatty  : uid=1000(system) Binder:1230_1C expire 2 lines
11-17 19:13:28.964  1230  1322 I chatty  : uid=1000(system) ActivityManager expire 2 lines
11-17 19:13:29.102  1230  1311 I chatty  : uid=1000(system) android.ui expire 1 line
11-17 19:13:29.188  1230  1346 I chatty  : uid=1000(system) AppAutoRotation expire 2 lines
11-17 19:13:29.219  1230  1358 I chatty  : uid=1000(system) PowerManagerSer expire 1 line
11-17 19:13:29.239  1230  1830 I chatty  : uid=1000(system) PhotonicModulat expire 10 lines
11-17 19:13:29.406  1230  1830 D DisplayPowerState: Updating screen state: state=ON, backlight=206, backlightMode=1
11-17 19:13:29.421  1230 24428 I DropBoxManagerService: add tag=system_server_wtf isTagEnabled=true flags=0x2
11-17 19:13:29.423  1230  1830 D DisplayPowerState: Updating screen state: state=ON, backlight=209, backlightMode=1
11-17 19:13:29.435  1230  1322 D BroadcastQueue: ssc_skip reciever for uid 1000 name = com.byd.cloudservicesalertdialog, broadcast=byd.intent.action.AUTO_VIDEO_ON
11-17 19:13:29.435  1230  1322 W BroadcastQueue: Background execution not allowed: receiving Intent { act=byd.intent.action.AUTO_VIDEO_ON flg=0x10 (has extras) } to com.byd.cloudservicesalertdialog/.receiver.MyReceiver
11-17 19:13:29.437  1230  1322 D AMSExternal: onReceive byd.intent.action.AUTO_VIDEO_ON waitshow:false
11-17 19:13:29.439  1230  1830 D DisplayPowerState: Updating screen state: state=ON, backlight=212, backlightMode=1
11-17 19:13:29.448  1230  1830 D DisplayPowerState: Updating screen state: state=ON, backlight=212, backlightMode=0
11-17 19:13:29.448  1230  1830 D LocalDisplayAdapter: set display backlight mode night
11-17 19:13:29.457  1230  1830 D DisplayPowerState: Updating screen state: state=ON, backlight=215, backlightMode=0
11-17 19:13:29.473  1230  1830 D DisplayPowerState: Updating screen state: state=ON, backlight=218, backlightMode=0
11-17 19:13:29.501  1230  1830 D DisplayPowerState: Updating screen state: state=ON, backlight=221, backlightMode=0
11-17 19:13:29.507  1230  1830 D DisplayPowerState: Updating screen state: state=ON, backlight=224, backlightMode=0
11-17 19:13:29.523  1230  1830 D DisplayPowerState: Updating screen state: state=ON, backlight=227, backlightMode=0
11-17 19:13:29.540  1230  1830 D DisplayPowerState: Updating screen state: state=ON, backlight=230, backlightMode=0
11-17 19:13:29.557  1230  1830 D DisplayPowerState: Updating screen state: state=ON, backlight=233, backlightMode=0
11-17 19:13:29.574  1230  1830 D DisplayPowerState: Updating screen state: state=ON, backlight=236, backlightMode=0
11-17 19:13:29.591  1230  1830 D DisplayPowerState: Updating screen state: state=ON, backlight=239, backlightMode=0
11-17 19:13:29.617  1230  1830 D DisplayPowerState: Updating screen state: state=ON, backlight=242, backlightMode=0
11-17 19:13:29.625  1230  1830 D DisplayPowerState: Updating screen state: state=ON, backlight=245, backlightMode=0
11-17 19:13:29.641  1230  1830 D DisplayPowerState: Updating screen state: state=ON, backlight=248, backlightMode=0
11-17 19:13:29.656  1230  1830 D DisplayPowerState: Updating screen state: state=ON, backlight=251, backlightMode=0
11-17 19:13:29.673  1230  1830 D DisplayPowerState: Updating screen state: state=ON, backlight=254, backlightMode=0
11-17 19:13:29.689  1230  1830 D DisplayPowerState: Updating screen state: state=ON, backlight=255, backlightMode=0
11-17 19:13:39.203  3535  3535 W ContextImpl: Calling a method in the system process without a qualified user: android.app.ContextImpl.startActivity:928 android.content.ContextWrapper.startActivity:383 com.byd.avc.context.ContextManager.startAndroidActivity:378 com.byd.avc.util.DeviceStates$ActivityControler.startAVCActivity:2902 com.byd.avc.rule.ruleImpl.PVCRuleManager$ProcessGearboxMsg.processGearboxAutoTypeMsg_R:255 
11-17 19:13:39.203  3535  3535 W ContextImpl: Calling a method in the system process without a qualified user: android.app.ContextImpl.startActivity:940 android.app.ContextImpl.startActivity:929 android.content.ContextWrapper.startActivity:383 com.byd.avc.context.ContextManager.startAndroidActivity:378 com.byd.avc.util.DeviceStates$ActivityControler.startAVCActivity:2902 
11-17 19:13:39.206  1230  9266 D ActivityTaskManager: START intent = Intent { flg=0x10000000 cmp=com.byd.avc/.AutoVideoActivity (has extras) }, processName = com.byd.avc
11-17 19:13:39.206  1230  9266 I ActivityTaskManager: START u0 {flg=0x10000000 cmp=com.byd.avc/.AutoVideoActivity (has extras)} from uid 1000
11-17 19:13:39.238  1230 24224 I ActivityTaskManager: The Process com.byd.avc Already Exists in BG. So sending its PID: 3535
11-17 19:13:39.240  1230 24224 V WindowManager:  mAutoRotation 1 mLastPhyRotation = 3 mWmService.getUserPreferencesVaule()-1getPhysicalWindowOrientation = 3mCurrentAppOrientation = -1
11-17 19:13:39.240  1230 24224 V WindowManager: mLastPhyRotation 3
11-17 19:13:39.243  1230 24224 D BydAutoRotation: com.byd.avc.AutoVideoActivity, isResumed:true, reason:minimalResumeActivityLocked, displayId:0, removePreMsg:false
11-17 19:13:39.285  1230  1313 I WindowManager:  gww setNewFocusStatusForDvider 
11-17 19:13:39.306  1230  1314 V WindowManager: syslog performShowLocked: mDrawState=HAS_DRAWN in Window{1fd2571 u0 Splash Screen com.byd.avc}
11-17 19:13:39.309  1230  1311 D WindowManager: sysstate setSystemUiVisibility visibility is 32776
11-17 19:13:39.357  1230 24224 I DropBoxManagerService: add tag=system_server_wtf isTagEnabled=true flags=0x2
11-17 19:13:39.366  1230 24224 I DropBoxManagerService: add tag=system_server_wtf isTagEnabled=true flags=0x2
11-17 19:13:39.371  1230  9266 I DropBoxManagerService: add tag=system_server_wtf isTagEnabled=true flags=0x2
11-17 19:13:39.376  1230  9266 I DropBoxManagerService: add tag=system_server_wtf isTagEnabled=true flags=0x2
11-17 19:13:39.386  3349  3349 I chatty  : uid=1000(system) com.byd.autovoice expire 4 lines
11-17 19:13:39.387  1230  1322 D BroadcastQueue: ssc_skip reciever for uid 1000 name = com.byd.btsetting, broadcast=byd.intent.action.pano
11-17 19:13:39.387  1230  1322 W BroadcastQueue: Background execution not allowed: receiving Intent { act=byd.intent.action.pano flg=0x10 (has extras) } to com.byd.btsetting/.bluetooth.BluetoothPairingRequest
11-17 19:13:39.387  1230  1322 D AMSExternal: onReceive byd.intent.action.AUTO_VIDEO_ON waitshow:false
11-17 19:13:39.389  1230  9266 I DropBoxManagerService: add tag=system_server_wtf isTagEnabled=true flags=0x2
11-17 19:13:39.396  1230  1322 D BroadcastQueue: ssc_skip reciever for uid 1000 name = com.byd.cloudservicesalertdialog, broadcast=byd.intent.action.AUTO_VIDEO_ON
11-17 19:13:39.396  1230  1322 W BroadcastQueue: Background execution not allowed: receiving Intent { act=byd.intent.action.AUTO_VIDEO_ON flg=0x10 (has extras) } to com.byd.cloudservicesalertdialog/.receiver.MyReceiver
11-17 19:13:39.399  1230  1830 D DisplayPowerState: Updating screen state: state=ON, backlight=255, backlightMode=1
11-17 19:13:39.402  1230 24224 D ActivityTaskManager: activityResumedForAcBar className:com.byd.avc.AutoVideoActivity
11-17 19:13:39.410  3349  3349 W ContextImpl: Calling a method in the system process without a qualified user: android.app.ContextImpl.sendBroadcast:1064 android.content.ContextWrapper.sendBroadcast:448 com.byd.service.presenter.RecorderPresenterImpl.e:82 com.byd.service.presenter.RecorderPresenterImpl$l.onReceive:134 android.app.LoadedApk$ReceiverDispatcher$Args.lambda$getRunnable$0$LoadedApk$ReceiverDispatcher$Args:1550 
11-17 19:13:39.414  3349  3349 W ContextImpl: Calling a method in the system process without a qualified user: android.app.ContextImpl.sendBroadcast:1064 android.content.ContextWrapper.sendBroadcast:448 com.byd.service.presenter.RecorderPresenterImpl.e:17 com.byd.service.presenter.RecorderPresenterImpl$l.onReceive:66 android.app.LoadedApk$ReceiverDispatcher$Args.lambda$getRunnable$0$LoadedApk$ReceiverDispatcher$Args:1550 
11-17 19:13:39.419  3349  3349 W ContextImpl: Calling a method in the system process without a qualified user: android.app.ContextImpl.sendBroadcast:1064 android.content.ContextWrapper.sendBroadcast:448 com.byd.service.presenter.RecorderPresenterImpl.e:37 com.byd.service.presenter.RecorderPresenterImpl$l.onReceive:66 android.app.LoadedApk$ReceiverDispatcher$Args.lambda$getRunnable$0$LoadedApk$ReceiverDispatcher$Args:1550 
11-17 19:13:39.421  1230  1311 D WindowManager: sysstate setSystemUiVisibility visibility is 34568
11-17 19:13:39.422  1230  1313 I WindowManager:  gww setNewFocusStatusForDvider 
11-17 19:13:39.422  3349  3349 W ContextImpl: Calling a method in the system process without a qualified user: android.app.ContextImpl.sendBroadcast:1064 android.content.ContextWrapper.sendBroadcast:448 com.byd.service.presenter.RecorderPresenterImpl.e:52 com.byd.service.presenter.RecorderPresenterImpl$l.onReceive:66 android.app.LoadedApk$ReceiverDispatcher$Args.lambda$getRunnable$0$LoadedApk$ReceiverDispatcher$Args:1550 
11-17 19:13:39.425  3349  3349 W ContextImpl: Calling a method in the system process without a qualified user: android.app.ContextImpl.sendBroadcast:1064 android.content.ContextWrapper.sendBroadcast:448 com.byd.service.presenter.RecorderPresenterImpl.e:67 com.byd.service.presenter.RecorderPresenterImpl$l.onReceive:66 android.app.LoadedApk$ReceiverDispatcher$Args.lambda$getRunnable$0$LoadedApk$ReceiverDispatcher$Args:1550 
11-17 19:13:39.428  3349  3349 W ContextImpl: Calling a method in the system process without a qualified user: android.app.ContextImpl.sendBroadcast:1064 android.content.ContextWrapper.sendBroadcast:448 com.byd.service.presenter.RecorderPresenterImpl.e:82 com.byd.service.presenter.RecorderPresenterImpl$l.onReceive:66 android.app.LoadedApk$ReceiverDispatcher$Args.lambda$getRunnable$0$LoadedApk$ReceiverDispatcher$Args:1550 
11-17 19:13:39.443  1230  1346 D BydAutoRotation: info {name:com.byd.avc.AutoVideoActivity,isFinishing:false,multiWindow:false,fullscreen:true,noDisplay:false}
11-17 19:13:39.443  1230  1346 D BydAutoRotation: orientation {xmlConfig:SCREEN_ORIENTATION_UNSPECIFIED, nowRequest:SCREEN_ORIENTATION_UNSPECIFIED, nowRequestFixed:false, codeRequestOther:false}
11-17 19:13:39.781  1230  1314 V WindowManager: syslog performShowLocked: mDrawState=HAS_DRAWN in Window{47c1178 u0 com.byd.avc/com.byd.avc.AutoVideoActivity}
11-17 19:13:39.806  1230  1358 V DisplayPowerController: Brightness [172] reason changing to: 'override', previous reason: 'manual'.
11-17 19:13:39.816  1230  1830 D DisplayPowerState: Updating screen state: state=ON, backlight=254, backlightMode=1
11-17 19:13:39.836  1230  1830 D DisplayPowerState: Updating screen state: state=ON, backlight=251, backlightMode=1
11-17 19:13:39.854  1230  1830 D DisplayPowerState: Updating screen state: state=ON, backlight=248, backlightMode=1
11-17 19:13:39.866  1230  1830 D DisplayPowerState: Updating screen state: state=ON, backlight=245, backlightMode=1
11-17 19:13:39.886  1230  1830 D DisplayPowerState: Updating screen state: state=ON, backlight=242, backlightMode=1
11-17 19:13:39.914  1230  1830 D DisplayPowerState: Updating screen state: state=ON, backlight=239, backlightMode=1
11-17 19:13:39.916  1230  1830 D DisplayPowerState: Updating screen state: state=ON, backlight=236, backlightMode=1
11-17 19:13:39.938  1230  1830 D DisplayPowerState: Updating screen state: state=ON, backlight=232, backlightMode=1
11-17 19:13:39.951  1230  1830 D DisplayPowerState: Updating screen state: state=ON, backlight=229, backlightMode=1
11-17 19:13:39.966  1230  1830 D DisplayPowerState: Updating screen state: state=ON, backlight=226, backlightMode=1
11-17 19:13:39.969  1230  1314 D BarController.StatusBar: sysstate mState: WINDOW_STATE_HIDING
11-17 19:13:39.969  1230  1314 D BarController.StatusBar: sysstate setBarShowingLw show=false
11-17 19:13:39.986  1230  1830 D DisplayPowerState: Updating screen state: state=ON, backlight=223, backlightMode=1
11-17 19:13:40.026  1230  1830 D DisplayPowerState: Updating screen state: state=ON, backlight=217, backlightMode=1
11-17 19:13:40.048  1230  1830 D DisplayPowerState: Updating screen state: state=ON, backlight=214, backlightMode=1
11-17 19:13:40.059  1230  1830 D DisplayPowerState: Updating screen state: state=ON, backlight=211, backlightMode=1
11-17 19:13:40.071  1230  1830 D DisplayPowerState: Updating screen state: state=ON, backlight=208, backlightMode=1
11-17 19:13:40.087  1230  1830 D DisplayPowerState: Updating screen state: state=ON, backlight=205, backlightMode=1
11-17 19:13:40.101  1230  1830 D DisplayPowerState: Updating screen state: state=ON, backlight=202, backlightMode=1
11-17 19:13:40.120  1230  1830 D DisplayPowerState: Updating screen state: state=ON, backlight=199, backlightMode=1
11-17 19:13:40.133  1230  1830 D DisplayPowerState: Updating screen state: state=ON, backlight=196, backlightMode=1
11-17 19:13:40.152  1230  1830 D DisplayPowerState: Updating screen state: state=ON, backlight=193, backlightMode=1
11-17 19:13:40.166  1230  1830 D DisplayPowerState: Updating screen state: state=ON, backlight=190, backlightMode=1
11-17 19:13:40.184  1230  1830 D DisplayPowerState: Updating screen state: state=ON, backlight=187, backlightMode=1
11-17 19:13:40.202  1230  1830 D DisplayPowerState: Updating screen state: state=ON, backlight=184, backlightMode=1
11-17 19:13:40.234  1230  1830 D DisplayPowerState: Updating screen state: state=ON, backlight=178, backlightMode=1
11-17 19:13:40.254  1230  1830 D DisplayPowerState: Updating screen state: state=ON, backlight=175, backlightMode=1
11-17 19:13:40.269  1230  1830 D DisplayPowerState: Updating screen state: state=ON, backlight=172, backlightMode=1
11-17 19:13:40.356  1230  1314 D BarController.StatusBar: sysstate mState: WINDOW_STATE_HIDDEN
11-17 19:13:41.422  1230 24225 D BydAutoRotation: com.android.launcher3.Launcher, isResumed:true, reason:finishActivity adjustFocus, displayId:0, removePreMsg:false
11-17 19:13:41.423  1230 24225 W ActivityTaskManager: topComponentName ComponentInfo{com.android.launcher3/com.android.launcher3.Launcher}
11-17 19:13:41.423  1230 24225 D BydAutoRotation: com.android.launcher3.Launcher, isResumed:true, reason:finishActivity, displayId:0, removePreMsg:true
11-17 19:13:41.445  1230  1313 I WindowManager:  gww setNewFocusStatusForDvider 
11-17 19:13:41.470  1230  9069 I ActivityTaskManager: moveTaskToBack: TaskRecord{214c8ab #32 A=com.byd.avc U=0 StackId=27 sz=1}
11-17 19:13:41.474  1230  1322 D BroadcastQueue: ssc_skip reciever for uid 1000 name = com.byd.btsetting, broadcast=byd.intent.action.pano
11-17 19:13:41.474  1230  1322 W BroadcastQueue: Background execution not allowed: receiving Intent { act=byd.intent.action.pano flg=0x10 (has extras) } to com.byd.btsetting/.bluetooth.BluetoothPairingRequest
11-17 19:13:41.486  1230 12142 D BydAutoRotation: com.android.launcher3.Launcher, isResumed:true, reason:resumeTopActivityInnerLocked, displayId:0, removePreMsg:true
11-17 19:13:41.486  1230 12142 V WindowManager:  mAutoRotation 1 mLastPhyRotation = 3 mWmService.getUserPreferencesVaule()-1getPhysicalWindowOrientation = 3mCurrentAppOrientation = -1
11-17 19:13:41.486  1230 12142 V WindowManager: mLastPhyRotation 3
11-17 19:13:41.605  1230  9069 D ActivityTaskManager: activityResumedForAcBar className:com.android.launcher3.Launcher
11-17 19:13:41.625  1230  1311 D WindowManager: sysstate setSystemUiVisibility visibility is 34568
11-17 19:13:41.631  1230  1313 I WindowManager:  gww setNewFocusStatusForDvider 
11-17 19:13:41.682  1230  1314 V WindowManager: syslog performShowLocked: mDrawState=HAS_DRAWN in Window{cf814cb u0 com.android.launcher3/com.android.launcher3.Launcher}
11-17 19:13:41.687  1230  1346 D BydAutoRotation: info {name:com.android.launcher3.Launcher,isFinishing:false,multiWindow:false,fullscreen:true,noDisplay:false}
11-17 19:13:41.687  1230  1346 D BydAutoRotation: orientation {xmlConfig:SCREEN_ORIENTATION_UNSPECIFIED, nowRequest:SCREEN_ORIENTATION_UNSPECIFIED, nowRequestFixed:false, codeRequestOther:false}
11-17 19:13:41.694  1230  1314 D BarController.StatusBar: sysstate mState: WINDOW_STATE_SHOWING
11-17 19:13:41.694  1230  1314 D BarController.StatusBar: sysstate setBarShowingLw show=true
11-17 19:13:41.725  1230  1358 V DisplayPowerController: Brightness [255] reason changing to: 'manual', previous reason: 'override'.
11-17 19:13:41.737  1230  1830 D DisplayPowerState: Updating screen state: state=ON, backlight=174, backlightMode=1
11-17 19:13:41.756  1230  1830 D DisplayPowerState: Updating screen state: state=ON, backlight=177, backlightMode=1
11-17 19:13:41.776  1230  1830 D DisplayPowerState: Updating screen state: state=ON, backlight=180, backlightMode=1
11-17 19:13:41.789  1230  1830 D DisplayPowerState: Updating screen state: state=ON, backlight=183, backlightMode=1
11-17 19:13:41.803  1230  1830 D DisplayPowerState: Updating screen state: state=ON, backlight=186, backlightMode=1
11-17 19:13:41.823  1230  1830 D DisplayPowerState: Updating screen state: state=ON, backlight=189, backlightMode=1
11-17 19:13:41.837  1230  1830 D DisplayPowerState: Updating screen state: state=ON, backlight=192, backlightMode=1
11-17 19:13:41.856  1230  1830 D DisplayPowerState: Updating screen state: state=ON, backlight=195, backlightMode=1
11-17 19:13:41.865  1230  1322 D BroadcastQueue: ssc_skip reciever for uid 1000 name = com.byd.cloudservicesalertdialog, broadcast=byd.intent.action.AUTO_VIDEO_ON
11-17 19:13:41.865  1230  1322 W BroadcastQueue: Background execution not allowed: receiving Intent { act=byd.intent.action.AUTO_VIDEO_ON flg=0x10 (has extras) } to com.byd.cloudservicesalertdialog/.receiver.MyReceiver
11-17 19:13:41.866  1230  1322 D AMSExternal: onReceive byd.intent.action.AUTO_VIDEO_ON waitshow:false
11-17 19:13:41.872  1230  1830 D DisplayPowerState: Updating screen state: state=ON, backlight=198, backlightMode=1
11-17 19:13:41.886  1230  1830 D DisplayPowerState: Updating screen state: state=ON, backlight=198, backlightMode=0
11-17 19:13:41.886  1230  1830 D LocalDisplayAdapter: set display backlight mode night
11-17 19:13:41.903  1230  1830 D DisplayPowerState: Updating screen state: state=ON, backlight=201, backlightMode=0
11-17 19:13:41.907  1230  1830 D DisplayPowerState: Updating screen state: state=ON, backlight=204, backlightMode=0
11-17 19:13:41.921  1230  1830 D DisplayPowerState: Updating screen state: state=ON, backlight=207, backlightMode=0
11-17 19:13:41.940  1230  1830 D DisplayPowerState: Updating screen state: state=ON, backlight=210, backlightMode=0
11-17 19:13:41.956  1230  1830 D DisplayPowerState: Updating screen state: state=ON, backlight=213, backlightMode=0
11-17 19:13:41.970  1230  1830 D DisplayPowerState: Updating screen state: state=ON, backlight=216, backlightMode=0
11-17 19:13:41.987  1230  1830 D DisplayPowerState: Updating screen state: state=ON, backlight=219, backlightMode=0
11-17 19:13:42.005  1230  1830 D DisplayPowerState: Updating screen state: state=ON, backlight=222, backlightMode=0
11-17 19:13:42.021  1230  1830 D DisplayPowerState: Updating screen state: state=ON, backlight=225, backlightMode=0
11-17 19:13:42.037  1230  1830 D DisplayPowerState: Updating screen state: state=ON, backlight=228, backlightMode=0
11-17 19:13:42.054  1230  1830 D DisplayPowerState: Updating screen state: state=ON, backlight=231, backlightMode=0
11-17 19:13:42.071  1230  1830 D DisplayPowerState: Updating screen state: state=ON, backlight=234, backlightMode=0
11-17 19:13:42.088  1230  1830 D DisplayPowerState: Updating screen state: state=ON, backlight=237, backlightMode=0
11-17 19:13:42.105  1230  1830 D DisplayPowerState: Updating screen state: state=ON, backlight=240, backlightMode=0
11-17 19:13:42.121  1230  1830 D DisplayPowerState: Updating screen state: state=ON, backlight=243, backlightMode=0
11-17 19:13:42.138  1230  1830 D DisplayPowerState: Updating screen state: state=ON, backlight=246, backlightMode=0
11-17 19:13:42.154  1230  1830 D DisplayPowerState: Updating screen state: state=ON, backlight=249, backlightMode=0
11-17 19:13:42.172  1230  1830 D DisplayPowerState: Updating screen state: state=ON, backlight=252, backlightMode=0
11-17 19:13:42.188  1230  1830 D DisplayPowerState: Updating screen state: state=ON, backlight=255, backlightMode=0
11-17 19:13:48.634  1230  1230 V SettingsProvider: Notifying for 0: content://settings/system/expand_view_visible
11-17 19:13:48.802  1230  1311 E WindowManager: sysstate onSwipeFromTop
11-17 19:13:48.803  1230  1311 D WindowManager: sysstate requestTransientBars start
11-17 19:13:48.803  1230  1311 D WindowManager: sysstate sb = false nb = false
11-17 19:13:48.803  1230  1311 D WindowManager: sysstate requestTransientBars end
11-17 19:13:49.244  1230  1311 D WindowManager: sysstate setSystemUiVisibility visibility is 32776
11-17 19:13:49.246  1230  1313 I WindowManager:  gww setNewFocusStatusForDvider 
11-17 19:13:49.859  1230  9862 D WifiService: startSoftAp() mIsStartingSoftAp : false
11-17 19:13:49.861  1230  1230 V SettingsProvider: Notifying for 0: content://settings/global/wifi_saved_state
11-17 19:13:50.078   638   638 W android.hardware.wifi@1.0-service: No active wlan interfaces in use! Using default
11-17 19:13:50.089  1230  1310 E ConnectivityService: interfaceLinkStateChanged() iface : wlan0, up : false
11-17 19:13:50.089  1230  1310 E ConnectivityService: processSpecApnDisconnect iface:wlan0,apn1_ifname:rmnet_data0,apn2_ifname:rmnet_data3
11-17 19:13:50.089  1230  1310 E ConnectivityService: processFunctionApnDisconnect iface:wlan0,apn3_ifname:rmnet_data1
11-17 19:13:50.094   975   975 I wificond: Unsubscribe scan result for interface with index: 30
11-17 19:13:50.118  1230  1310 E ConnectivityService: interfaceLinkStateChanged() iface : wlan0, up : false
11-17 19:13:50.118  1230  1310 E ConnectivityService: processSpecApnDisconnect iface:wlan0,apn1_ifname:rmnet_data0,apn2_ifname:rmnet_data3
11-17 19:13:50.118  1230  1310 E ConnectivityService: processFunctionApnDisconnect iface:wlan0,apn3_ifname:rmnet_data1
11-17 19:13:50.148   638   638 I android.hardware.wifi@1.0-service: Reconfiguring chip from mode 0 to mode 1
11-17 19:13:50.149   638 19322 I android.hardware.wifi@1.0-service: Legacy HAL stop complete callback received
11-17 19:13:50.162  1230  1310 E ConnectivityService: interfaceLinkStateChanged() iface : wlan0, up : false
11-17 19:13:50.162  1230  1310 E ConnectivityService: processSpecApnDisconnect iface:wlan0,apn1_ifname:rmnet_data0,apn2_ifname:rmnet_data3
11-17 19:13:50.162  1230  1310 E ConnectivityService: processFunctionApnDisconnect iface:wlan0,apn3_ifname:rmnet_data1
11-17 19:13:50.178   638   638 I android.hardware.wifi@1.0-service: Adding interface handle for p2p0
11-17 19:13:50.178   638   638 I android.hardware.wifi@1.0-service: Adding interface handle for wlan0
11-17 19:13:50.178   638   638 W android.hardware.wifi@1.0-service: No active wlan interfaces in use! Using default
11-17 19:13:50.179   638   638 W android.hardware.wifi@1.0-service: No active wlan interfaces in use! Using default
11-17 19:13:50.183   638   638 I android.hardware.wifi@1.0-service: Configured chip in mode 1
11-17 19:13:50.183   638   638 W android.hardware.wifi@1.0-service: No active wlan interfaces in use! Using default
11-17 19:13:50.186   638   638 E android.hardware.wifi@1.0-service: createRttControllerInternal: Chip cannot support STAs (and RTT by extension)
11-17 19:13:50.187   638   638 I android.hardware.wifi@1.0-service: AP MAC randomization enabled
11-17 19:13:50.205  1230  1310 E ConnectivityService: interfaceLinkStateChanged() iface : wlan0, up : false
11-17 19:13:50.205  1230  1310 E ConnectivityService: processSpecApnDisconnect iface:wlan0,apn1_ifname:rmnet_data0,apn2_ifname:rmnet_data3
11-17 19:13:50.205  1230  1310 E ConnectivityService: processFunctionApnDisconnect iface:wlan0,apn3_ifname:rmnet_data1
11-17 19:13:50.206  1230  1310 E ConnectivityService: interfaceLinkStateChanged() iface : wlan0, up : false
11-17 19:13:50.206  1230  1310 E ConnectivityService: processSpecApnDisconnect iface:wlan0,apn1_ifname:rmnet_data0,apn2_ifname:rmnet_data3
11-17 19:13:50.206  1230  1310 E ConnectivityService: processFunctionApnDisconnect iface:wlan0,apn3_ifname:rmnet_data1
11-17 19:13:50.209  1230  1310 E ConnectivityService: interfaceLinkStateChanged() iface : wlan0, up : false
11-17 19:13:50.209  1230  1310 E ConnectivityService: processSpecApnDisconnect iface:wlan0,apn1_ifname:rmnet_data0,apn2_ifname:rmnet_data3
11-17 19:13:50.209  1230  1310 E ConnectivityService: processFunctionApnDisconnect iface:wlan0,apn3_ifname:rmnet_data1
11-17 19:13:50.219   975   975 I wificond: setting base_wiphy_index_ to 0
11-17 19:13:50.232   975   975 I wificond: Regulatory domain changed to country: CN
11-17 19:13:50.233   975   975 I wificond: 2.4Ghz frequencies: 2412 2417 2422 2427 2432 2437 2442 2447 2452 2457 2462 2467 2472
11-17 19:13:50.233   975   975 I wificond: 5Ghz non-DFS frequencies: 5180 5200 5220 5240 5745 5765 5785 5805 5825
11-17 19:13:50.233   975   975 I wificond: 5Ghz DFS frequencies: 5260 5280 5300 5320
11-17 19:13:50.234  1230  1230 D WifiService: handleWifiApStateChange: currentState = 12 previousState = 11 errorCode = -1 ifaceName = wlan0 mode = 1
11-17 19:13:50.455   522 21787 W SocketClient: write error (Broken pipe)
11-17 19:13:50.637   975   975 I wificond: wifi generation capability mask: 15
11-17 19:13:50.640  1230  1230 D WifiService: handleWifiApStateChange: currentState = 13 previousState = 12 errorCode = -1 ifaceName = wlan0 mode = 1
11-17 19:13:50.640  1230  1230 D WifiService: handleWifiApStateChange() hotspotSwitchValue : 1
11-17 19:13:50.647  1230  1230 D WifiService: WIFI_STATE_CHANGED_ACTION state : 0
11-17 19:13:50.648  1230  1322 D BroadcastQueue: ssc_skip reciever for uid 10079 name = com.dianshijia.newlive, broadcast=android.net.wifi.WIFI_STATE_CHANGED
11-17 19:13:50.648  1230  1322 D ActivityManager: UID 10079 is not running
11-17 19:13:50.650  1230  1322 D ActivityManager: packageName 10079  NOT RUNNING
11-17 19:13:50.651  1230  1322 D BroadcastQueue: ssc_skip reciever for uid 10079 name = com.dianshijia.newlive ignored !!!
11-17 19:13:50.680  1230  1230 D WifiService: WIFI_STATE_CHANGED_ACTION state : 1
11-17 19:13:50.683  1230  1322 D BroadcastQueue: ssc_skip reciever for uid 10079 name = com.dianshijia.newlive, broadcast=android.net.wifi.WIFI_STATE_CHANGED
11-17 19:13:50.683  1230  1322 D ActivityManager: UID 10079 is not running
11-17 19:13:50.684  1230  1322 D ActivityManager: packageName 10079  NOT RUNNING
11-17 19:13:50.684  1230  1322 D BroadcastQueue: ssc_skip reciever for uid 10079 name = com.dianshijia.newlive ignored !!!
11-17 19:13:50.728  1230  1788 D WifiService: updateInterfaceIpState: ifaceName=wlan0 mode=-1 previous mode= null
11-17 19:13:50.734  1230  1788 D WifiService: updateInterfaceIpState: ifaceName=wlan0 mode=1 previous mode= -1
11-17 19:13:50.740  1230  1310 E ConnectivityService: interfaceLinkStateChanged() iface : bond0, up : false
11-17 19:13:50.740  1230  1310 E ConnectivityService: processSpecApnDisconnect iface:bond0,apn1_ifname:rmnet_data0,apn2_ifname:rmnet_data3
11-17 19:13:50.740  1230  1310 E ConnectivityService: processFunctionApnDisconnect iface:bond0,apn3_ifname:rmnet_data1
11-17 19:13:50.780  1230  1312 D ConnectivityService: requestNetwork for uid/pid:1000/1230 NetworkRequest [ REQUEST id=63, legacyType=5, [ Transports: CELLULAR Capabilities: INTERNET&NOT_RESTRICTED&TRUSTED&NOT_VPN] ]
11-17 19:13:50.783  1230  1793 D ConnectivityService: Sending CONNECTED broadcast for type 5 NetworkAgentInfo [MOBILE (LTE) - 103] isDefaultNetwork=true
11-17 19:13:50.783  1230  1793 D ConnectivityService: sendLegacyNetworkBroadcast() ifaceName = rmnet_data3
11-17 19:13:50.803  1230  1322 D BroadcastQueue: ssc_skip reciever for uid 10084 name = com.baidu.BaiduMap, broadcast=android.net.conn.CONNECTIVITY_CHANGE
11-17 19:13:50.803  1230  1322 D ActivityManager: UID 10084 is not running
11-17 19:13:50.818  1230  1322 D ActivityManager: packageName 10084  NOT RUNNING
11-17 19:13:50.818  1230  1322 D BroadcastQueue: ssc_skip reciever for uid 10084 name = com.baidu.BaiduMap ignored !!!
11-17 19:13:50.819  1230  1322 D BroadcastQueue: ssc_skip reciever for uid 10048 name = com.icoolme.android.weather.bydauto, broadcast=android.net.conn.CONNECTIVITY_CHANGE
11-17 19:13:50.831  1230  1272 D ConnectivityService: isPidInFuncApnList pid: 18882
11-17 19:13:50.841  1230  1322 D BroadcastQueue: ssc_skip reciever for uid 10079 name = com.dianshijia.newlive, broadcast=android.net.conn.CONNECTIVITY_CHANGE
11-17 19:13:50.841  1230  1322 D ActivityManager: UID 10079 is not running
11-17 19:13:50.847  1230  1322 D ActivityManager: packageName 10079  NOT RUNNING
11-17 19:13:50.847  1230  1322 D BroadcastQueue: ssc_skip reciever for uid 10079 name = com.dianshijia.newlive ignored !!!
11-17 19:13:50.864  1230  1322 D BroadcastQueue: ssc_skip reciever for uid 10078 name = com.baidu.netdisk, broadcast=android.net.conn.CONNECTIVITY_CHANGE
11-17 19:13:50.864  1230  1322 D ActivityManager: UID 10078 is not running
11-17 19:13:50.865  1230  1322 D ActivityManager: packageName 10078  NOT RUNNING
11-17 19:13:50.865  1230  1322 D BroadcastQueue: ssc_skip reciever for uid 10078 name = com.baidu.netdisk ignored !!!
11-17 19:13:50.865  1230  1322 D BroadcastQueue: ssc_skip reciever for uid 10077 name = com.quark.browser, broadcast=android.net.conn.CONNECTIVITY_CHANGE
11-17 19:13:50.865  1230  1322 D ActivityManager: UID 10077 is not running
11-17 19:13:50.866  1230  1322 D ActivityManager: packageName 10077  NOT RUNNING
11-17 19:13:50.866  1230  1322 D BroadcastQueue: ssc_skip reciever for uid 10077 name = com.quark.browser ignored !!!
11-17 19:13:50.866  1230  1322 D BroadcastQueue: ssc_skip reciever for uid 10056 name = cmgyunting.vehicleplayer.cnr, broadcast=android.net.conn.CONNECTIVITY_CHANGE
11-17 19:13:50.866  1230  1322 D BroadcastQueue: ssc_skip reciever for uid 10035 name = cn.kuwo.kwmusiccar, broadcast=android.net.conn.CONNECTIVITY_CHANGE
11-17 19:13:50.866  1230  1322 D BroadcastQueue: ssc_skip reciever for uid 10048 name = com.icoolme.android.weather.bydauto, broadcast=android.net.conn.CONNECTIVITY_CHANGE
11-17 19:13:50.866  1230  1322 D BroadcastQueue: ssc_skip reciever for uid 10048 name = com.icoolme.android.weather.bydauto, broadcast=android.net.conn.CONNECTIVITY_CHANGE
11-17 19:13:50.866  1230  1322 D BroadcastQueue: ssc_skip reciever for uid 10079 name = com.dianshijia.newlive, broadcast=android.net.conn.CONNECTIVITY_CHANGE
11-17 19:13:50.866  1230  1322 D ActivityManager: UID 10079 is not running
11-17 19:13:50.867  1230  1322 D ActivityManager: packageName 10079  NOT RUNNING
11-17 19:13:50.867  1230  1322 D BroadcastQueue: ssc_skip reciever for uid 10079 name = com.dianshijia.newlive ignored !!!
11-17 19:13:50.874  1230  1322 D BroadcastQueue: ssc_skip reciever for uid 10077 name = com.quark.browser, broadcast=android.net.conn.CONNECTIVITY_CHANGE
11-17 19:13:50.874  1230  1322 D ActivityManager: UID 10077 is not running
11-17 19:13:50.877  1230  1322 D ActivityManager: packageName 10077  NOT RUNNING
11-17 19:13:50.877  1230  1322 D BroadcastQueue: ssc_skip reciever for uid 10077 name = com.quark.browser ignored !!!
11-17 19:13:50.877  1230  1322 D BroadcastQueue: ssc_skip reciever for uid 10077 name = com.quark.browser, broadcast=android.net.conn.CONNECTIVITY_CHANGE
11-17 19:13:50.878  1230  1322 D ActivityManager: UID 10077 is not running
11-17 19:13:50.883  1230  1322 D ActivityManager: packageName 10077  NOT RUNNING
11-17 19:13:50.883  1230  1322 D BroadcastQueue: ssc_skip reciever for uid 10077 name = com.quark.browser ignored !!!
11-17 19:13:50.883  1230  1322 D BroadcastQueue: ssc_skip reciever for uid 10048 name = com.icoolme.android.weather.bydauto, broadcast=com.icoolme.net.conn.CONNECTIVITY_CHANGE
11-17 19:13:50.894  1230  1230 V SettingsProvider: Notifying for 0: content://settings/system/expand_view_visible
11-17 19:13:50.928  1230  9077 D ActivityManager: ssc_skip startServiceLocked 10048 want to start 10048, package com.icoolme.android.weather.bydauto
11-17 19:13:50.932  1230  1311 D WindowManager: sysstate setSystemUiVisibility visibility is 34568
11-17 19:13:50.951  1230  1313 I WindowManager:  gww setNewFocusStatusForDvider 
11-17 19:13:50.975  1838  1838 W ViewRootImpl[StatusBar]: Cancelling event due to no window focus: KeyEvent { action=ACTION_UP, keyCode=KEYCODE_BACK, scanCode=0, metaState=0, flags=0x68, repeatCount=0, eventTime=21135817, downTime=21135683, deviceId=-1, source=0x101, displayId=0 }
11-17 19:13:50.976  1838  1838 I chatty  : uid=10070(com.android.systemui) identical 4 lines
11-17 19:13:50.976  1838  1838 W ViewRootImpl[StatusBar]: Cancelling event due to no window focus: KeyEvent { action=ACTION_UP, keyCode=KEYCODE_BACK, scanCode=0, metaState=0, flags=0x68, repeatCount=0, eventTime=21135817, downTime=21135683, deviceId=-1, source=0x101, displayId=0 }
11-17 19:13:51.283   975   975 I wificond: New channel on frequency: 5200 with bandwidth: 80MHz
11-17 19:13:51.309  1230  1310 E ConnectivityService: interfaceLinkStateChanged() iface : wlan0, up : true
11-17 19:13:51.318  1230  1310 E ConnectivityService: interfaceLinkStateChanged() iface : wlan0, up : true
11-17 19:13:55.521   975   975 I wificond: New station 52:ba:b1:70:95:0a associated with hotspot
11-17 19:13:55.525  1230  1310 E ConnectivityService: interfaceLinkStateChanged() iface : wlan0, up : true
11-17 19:13:56.055   522 21836 W SocketClient: write error (Broken pipe)
11-17 19:14:05.966   522 21870 W SocketClient: write error (Broken pipe)
11-17 19:14:15.954   522 21886 W SocketClient: write error (Broken pipe)
11-17 19:14:24.951  3349 21916 W ContextImpl: Calling a method in the system process without a qualified user: android.app.ContextImpl.sendBroadcast:1064 android.content.ContextWrapper.sendBroadcast:448 com.byd.service.a.a.e:9 com.byd.service.a.a.b:3 com.byd.service.a.a.a:0 
11-17 19:14:24.954  1230  2762 I DropBoxManagerService: add tag=system_server_wtf isTagEnabled=true flags=0x2
11-17 19:14:24.965  1230  2762 I DropBoxManagerService: add tag=system_server_wtf isTagEnabled=true flags=0x2
11-17 19:14:53.312  1230  2656 D AdbDebuggingManager: Received connected key message: QAAAAN1Nb1KLjYYGt8hOPLMHTcwdtD9bimobTDc/xDs0HToxKuy7adO/8ESQtFyKOQvqG8fH+N6Mbic0acTrBDoPXJjX4CVpo0Ejj3Fam6T39jo6W4+znDGcahwePB+sxSAH2MACmyg23nZlKJrrjYMgl2WH4dkJYxbe0ivmuj6NzgUgjqudyOmxNIGn4MAa0+99IdTWcRsV/pjJa1OBrOLRO/PH83ba3QFDB2tc+SXGCHLUREKKiQ2IH8U4L5qkJoHo6hOiaVUN6fmvBJotZeJoLDRQwtLSpkHjqBVR9w73lAvaVBb4eCXS5cHe3+FkE9ZJwjfEX//eUjidxj9bSgJaJnWkU2TCncDOq+h8PJfmFP81gd7l7ZSySjM92xwzJKIx9ZMHnYxRWCyWnP/ZZu/zCnsnIqJL2iShuByRcIB4f3n/ctoXKxAWzvI1HScZ/WDq/CAifM2exAEeILqWJAF0asIeUsjeU/BB7d29CS80mRUE1PuI5AxLQU6CDdO8U6+8Mqx+vbPhmU0QpptifIRofrHMThWOCqZb7yWarsQXkfjQHCrcekT0yqFjIshz4wYLBrhCnY4bDRjrq0KmBS2O6qWqqwWCBWtan+ePVQpiKdufFWtxx5A65lVCa083S46Ix0v++3AWGEIyvh9RsQCllh5nyT1jtFrql1e+ZWeaA91/9VrmwQEAAQA= u0_a228@localhost
11-17 19:14:53.313  1230  1310 D AdbDebuggingManager: Logging key QAAAAN1Nb1KLjYYGt8hOPLMHTcwdtD9bimobTDc/xDs0HToxKuy7adO/8ESQtFyKOQvqG8fH+N6Mbic0acTrBDoPXJjX4CVpo0Ejj3Fam6T39jo6W4+znDGcahwePB+sxSAH2MACmyg23nZlKJrrjYMgl2WH4dkJYxbe0ivmuj6NzgUgjqudyOmxNIGn4MAa0+99IdTWcRsV/pjJa1OBrOLRO/PH83ba3QFDB2tc+SXGCHLUREKKiQ2IH8U4L5qkJoHo6hOiaVUN6fmvBJotZeJoLDRQwtLSpkHjqBVR9w73lAvaVBb4eCXS5cHe3+FkE9ZJwjfEX//eUjidxj9bSgJaJnWkU2TCncDOq+h8PJfmFP81gd7l7ZSySjM92xwzJKIx9ZMHnYxRWCyWnP/ZZu/zCnsnIqJL2iShuByRcIB4f3n/ctoXKxAWzvI1HScZ/WDq/CAifM2exAEeILqWJAF0asIeUsjeU/BB7d29CS80mRUE1PuI5AxLQU6CDdO8U6+8Mqx+vbPhmU0QpptifIRofrHMThWOCqZb7yWarsQXkfjQHCrcekT0yqFjIshz4wYLBrhCnY4bDRjrq0KmBS2O6qWqqwWCBWtan+ePVQpiKdufFWtxx5A65lVCa083S46Ix0v++3AWGEIyvh9RsQCllh5nyT1jtFrql1e+ZWeaA91/9VrmwQEAAQA= u0_a228@localhost, state = 4, alwaysAllow = true, lastConnectionTime = 1668683693312, authWindow = 604800000
11-17 19:15:05.938   522 21998 W SocketClient: write error (Broken pipe)
11-17 19:15:25.966   522 22031 W SocketClient: write error (Broken pipe)
11-17 19:15:35.977   522 22050 W SocketClient: write error (Broken pipe)
11-17 19:15:42.316  3535  3535 W ContextImpl: Calling a method in the system process without a qualified user: android.app.ContextImpl.startActivity:928 android.content.ContextWrapper.startActivity:383 com.byd.avc.context.ContextManager.startAndroidActivity:378 com.byd.avc.util.DeviceStates$ActivityControler.startAVCActivity:2902 com.byd.avc.rule.ruleImpl.PVCRuleManager$ProcessGearboxMsg.processGearboxAutoTypeMsg_R:255 
11-17 19:15:42.316  3535  3535 W ContextImpl: Calling a method in the system process without a qualified user: android.app.ContextImpl.startActivity:940 android.app.ContextImpl.startActivity:929 android.content.ContextWrapper.startActivity:383 com.byd.avc.context.ContextManager.startAndroidActivity:378 com.byd.avc.util.DeviceStates$ActivityControler.startAVCActivity:2902 
11-17 19:15:42.321  1230  2397 D ActivityTaskManager: START intent = Intent { flg=0x10000000 cmp=com.byd.avc/.AutoVideoActivity (has extras) }, processName = com.byd.avc
11-17 19:15:42.321  1230  2397 I ActivityTaskManager: START u0 {flg=0x10000000 cmp=com.byd.avc/.AutoVideoActivity (has extras)} from uid 1000
11-17 19:15:42.348  1230 24428 I ActivityTaskManager: The Process com.byd.avc Already Exists in BG. So sending its PID: 3535
11-17 19:15:42.350  1230 24428 V WindowManager:  mAutoRotation 1 mLastPhyRotation = 3 mWmService.getUserPreferencesVaule()-1getPhysicalWindowOrientation = 3mCurrentAppOrientation = -1
11-17 19:15:42.350  1230 24428 V WindowManager: mLastPhyRotation 3
11-17 19:15:42.353  1230 24428 D BydAutoRotation: com.byd.avc.AutoVideoActivity, isResumed:true, reason:minimalResumeActivityLocked, displayId:0, removePreMsg:false
11-17 19:15:42.362  1230  1313 I WindowManager:  gww setNewFocusStatusForDvider 
11-17 19:15:42.459  1230  1314 V WindowManager: syslog performShowLocked: mDrawState=HAS_DRAWN in Window{ab9c521 u0 Splash Screen com.byd.avc}
11-17 19:15:42.463  1230  1311 D WindowManager: sysstate setSystemUiVisibility visibility is 32776
11-17 19:15:42.489  1230  2397 I DropBoxManagerService: add tag=system_server_wtf isTagEnabled=true flags=0x2
11-17 19:15:42.518  1230  2397 I DropBoxManagerService: add tag=system_server_wtf isTagEnabled=true flags=0x2
11-17 19:15:42.524  1230  1322 D BroadcastQueue: ssc_skip reciever for uid 1000 name = com.byd.btsetting, broadcast=byd.intent.action.pano
11-17 19:15:42.524  1230  1322 W BroadcastQueue: Background execution not allowed: receiving Intent { act=byd.intent.action.pano flg=0x10 (has extras) } to com.byd.btsetting/.bluetooth.BluetoothPairingRequest
11-17 19:15:42.525  3349  3349 W ContextImpl: Calling a method in the system process without a qualified user: android.app.ContextImpl.sendBroadcast:1064 android.content.ContextWrapper.sendBroadcast:448 com.byd.service.presenter.RecorderPresenterImpl.e:17 com.byd.service.presenter.RecorderPresenterImpl$l.onReceive:134 android.app.LoadedApk$ReceiverDispatcher$Args.lambda$getRunnable$0$LoadedApk$ReceiverDispatcher$Args:1550 
11-17 19:15:42.528  1230 24225 I DropBoxManagerService: add tag=system_server_wtf isTagEnabled=true flags=0x2
11-17 19:15:42.536  1230 24225 I DropBoxManagerService: add tag=system_server_wtf isTagEnabled=true flags=0x2
11-17 19:15:42.542  1230  9077 I DropBoxManagerService: add tag=system_server_wtf isTagEnabled=true flags=0x2
11-17 19:15:42.547  3349  3349 W ContextImpl: Calling a method in the system process without a qualified user: android.app.ContextImpl.sendBroadcast:1064 android.content.ContextWrapper.sendBroadcast:448 com.byd.service.presenter.RecorderPresenterImpl.e:37 com.byd.service.presenter.RecorderPresenterImpl$l.onReceive:134 android.app.LoadedApk$ReceiverDispatcher$Args.lambda$getRunnable$0$LoadedApk$ReceiverDispatcher$Args:1550 
11-17 19:15:42.551  1230  1322 D BroadcastQueue: ssc_skip reciever for uid 1000 name = com.byd.cloudservicesalertdialog, broadcast=byd.intent.action.AUTO_VIDEO_ON
11-17 19:15:42.551  1230  1322 W BroadcastQueue: Background execution not allowed: receiving Intent { act=byd.intent.action.AUTO_VIDEO_ON flg=0x10 (has extras) } to com.byd.cloudservicesalertdialog/.receiver.MyReceiver
11-17 19:15:42.551  1230  1322 D AMSExternal: onReceive byd.intent.action.AUTO_VIDEO_ON waitshow:false
11-17 19:15:42.554  1230  1346 D BydAutoRotation: info {name:com.byd.avc.AutoVideoActivity,isFinishing:false,multiWindow:false,fullscreen:true,noDisplay:false}
11-17 19:15:42.554  1230  1346 D BydAutoRotation: orientation {xmlConfig:SCREEN_ORIENTATION_UNSPECIFIED, nowRequest:SCREEN_ORIENTATION_UNSPECIFIED, nowRequestFixed:false, codeRequestOther:false}
11-17 19:15:42.557  3349  3349 W ContextImpl: Calling a method in the system process without a qualified user: android.app.ContextImpl.sendBroadcast:1064 android.content.ContextWrapper.sendBroadcast:448 com.byd.service.presenter.RecorderPresenterImpl.e:52 com.byd.service.presenter.RecorderPresenterImpl$l.onReceive:134 android.app.LoadedApk$ReceiverDispatcher$Args.lambda$getRunnable$0$LoadedApk$ReceiverDispatcher$Args:1550 
11-17 19:15:42.564  3349  3349 W ContextImpl: Calling a method in the system process without a qualified user: android.app.ContextImpl.sendBroadcast:1064 android.content.ContextWrapper.sendBroadcast:448 com.byd.service.presenter.RecorderPresenterImpl.e:67 com.byd.service.presenter.RecorderPresenterImpl$l.onReceive:134 android.app.LoadedApk$ReceiverDispatcher$Args.lambda$getRunnable$0$LoadedApk$ReceiverDispatcher$Args:1550 
11-17 19:15:42.565  1230  1830 D DisplayPowerState: Updating screen state: state=ON, backlight=255, backlightMode=1
11-17 19:15:42.567  1230  2397 D ActivityTaskManager: activityResumedForAcBar className:com.byd.avc.AutoVideoActivity
11-17 19:15:42.580  3349  3349 W ContextImpl: Calling a method in the system process without a qualified user: android.app.ContextImpl.sendBroadcast:1064 android.content.ContextWrapper.sendBroadcast:448 com.byd.service.presenter.RecorderPresenterImpl.e:82 com.byd.service.presenter.RecorderPresenterImpl$l.onReceive:134 android.app.LoadedApk$ReceiverDispatcher$Args.lambda$getRunnable$0$LoadedApk$ReceiverDispatcher$Args:1550 
11-17 19:15:42.584  3349  3349 W ContextImpl: Calling a method in the system process without a qualified user: android.app.ContextImpl.sendBroadcast:1064 android.content.ContextWrapper.sendBroadcast:448 com.byd.service.presenter.RecorderPresenterImpl.e:17 com.byd.service.presenter.RecorderPresenterImpl$l.onReceive:66 android.app.LoadedApk$ReceiverDispatcher$Args.lambda$getRunnable$0$LoadedApk$ReceiverDispatcher$Args:1550 
11-17 19:15:42.590  3349  3349 W ContextImpl: Calling a method in the system process without a qualified user: android.app.ContextImpl.sendBroadcast:1064 android.content.ContextWrapper.sendBroadcast:448 com.byd.service.presenter.RecorderPresenterImpl.e:37 com.byd.service.presenter.RecorderPresenterImpl$l.onReceive:66 android.app.LoadedApk$ReceiverDispatcher$Args.lambda$getRunnable$0$LoadedApk$ReceiverDispatcher$Args:1550 
11-17 19:15:42.593  3349  3349 W ContextImpl: Calling a method in the system process without a qualified user: android.app.ContextImpl.sendBroadcast:1064 android.content.ContextWrapper.sendBroadcast:448 com.byd.service.presenter.RecorderPresenterImpl.e:52 com.byd.service.presenter.RecorderPresenterImpl$l.onReceive:66 android.app.LoadedApk$ReceiverDispatcher$Args.lambda$getRunnable$0$LoadedApk$ReceiverDispatcher$Args:1550 
11-17 19:15:42.596  1230  1311 D WindowManager: sysstate setSystemUiVisibility visibility is 34568
11-17 19:15:42.596  3349  3349 W ContextImpl: Calling a method in the system process without a qualified user: android.app.ContextImpl.sendBroadcast:1064 android.content.ContextWrapper.sendBroadcast:448 com.byd.service.presenter.RecorderPresenterImpl.e:67 com.byd.service.presenter.RecorderPresenterImpl$l.onReceive:66 android.app.LoadedApk$ReceiverDispatcher$Args.lambda$getRunnable$0$LoadedApk$ReceiverDispatcher$Args:1550 
11-17 19:15:42.597  1230  1313 I WindowManager:  gww setNewFocusStatusForDvider 
11-17 19:15:42.599  3349  3349 W ContextImpl: Calling a method in the system process without a qualified user: android.app.ContextImpl.sendBroadcast:1064 android.content.ContextWrapper.sendBroadcast:448 com.byd.service.presenter.RecorderPresenterImpl.e:82 com.byd.service.presenter.RecorderPresenterImpl$l.onReceive:66 android.app.LoadedApk$ReceiverDispatcher$Args.lambda$getRunnable$0$LoadedApk$ReceiverDispatcher$Args:1550 
11-17 19:15:42.837  1230  1314 V WindowManager: syslog performShowLocked: mDrawState=HAS_DRAWN in Window{df76c94 u0 com.byd.avc/com.byd.avc.AutoVideoActivity}
11-17 19:15:42.862  1230  1358 V DisplayPowerController: Brightness [172] reason changing to: 'override', previous reason: 'manual'.
11-17 19:15:42.873  1230  1830 D DisplayPowerState: Updating screen state: state=ON, backlight=253, backlightMode=1
11-17 19:15:42.890  1230  1830 D DisplayPowerState: Updating screen state: state=ON, backlight=250, backlightMode=1
