11-17 18:14:22.196  1230  8880 I chatty  : uid=1000 system_server expire 1 line
11-17 18:14:22.213  1230  8884 I chatty  : uid=1000 system_server expire 1 line
11-17 18:14:23.978  3349  8890 I chatty  : uid=1000(system) com.byd.autovoice expire 1 line
11-17 18:14:24.967  2909  3883 W ContextImpl: Calling a method in the system process without a qualified user: android.app.ContextImpl.sendBroadcast:1079 android.content.ContextWrapper.sendBroadcast:453 com.byd.gpsinfo.broadcast.GpsInfoBroadcastManager.sendAltitudeBroadcast:96 com.byd.gpsinfo.manager.AltitudeManager.handleAltitudeBroadcast:41 com.byd.gpsinfo.listeners.GpsInfoLocationListener.updateLocation:81 
11-17 18:15:20.968  2909  3883 W ContextImpl: Calling a method in the system process without a qualified user: android.app.ContextImpl.sendBroadcast:1079 android.content.ContextWrapper.sendBroadcast:453 com.byd.gpsinfo.broadcast.GpsInfoBroadcastManager.sendAltitudeBroadcast:96 com.byd.gpsinfo.manager.AltitudeManager.handleAltitudeBroadcast:41 com.byd.gpsinfo.listeners.GpsInfoLocationListener.updateLocation:81 
11-17 18:15:22.193  1230  9119 I chatty  : uid=1000 system_server expire 1 line
11-17 18:15:22.201  1230  9121 I chatty  : uid=1000 system_server expire 1 line
11-17 18:15:22.202  1230  9120 I chatty  : uid=1000 system_server expire 1 line
11-17 18:15:22.210  1230  9123 I chatty  : uid=1000 system_server expire 1 line
11-17 18:15:22.210  1230  9122 I chatty  : uid=1000 system_server expire 1 line
11-17 18:15:33.956  2909  3883 W ContextImpl: Calling a method in the system process without a qualified user: android.app.ContextImpl.sendBroadcast:1079 android.content.ContextWrapper.sendBroadcast:453 com.byd.gpsinfo.broadcast.GpsInfoBroadcastManager.sendAltitudeBroadcast:96 com.byd.gpsinfo.manager.AltitudeManager.handleAltitudeBroadcast:41 com.byd.gpsinfo.listeners.GpsInfoLocationListener.updateLocation:81 
11-17 18:15:59.970  2909  3883 W ContextImpl: Calling a method in the system process without a qualified user: android.app.ContextImpl.sendBroadcast:1079 android.content.ContextWrapper.sendBroadcast:453 com.byd.gpsinfo.broadcast.GpsInfoBroadcastManager.sendAltitudeBroadcast:96 com.byd.gpsinfo.manager.AltitudeManager.handleAltitudeBroadcast:41 com.byd.gpsinfo.listeners.GpsInfoLocationListener.updateLocation:81 
11-17 18:16:22.198  1230  9332 I chatty  : uid=1000 system_server expire 1 line
11-17 18:16:22.200  1230  9333 I chatty  : uid=1000 system_server expire 1 line
11-17 18:16:22.217  1230  9336 I chatty  : uid=1000 system_server expire 1 line
11-17 18:16:22.219  1230  9335 I chatty  : uid=1000 system_server expire 1 line
11-17 18:16:22.219  1230  9334 I chatty  : uid=1000 system_server expire 1 line
11-17 18:16:54.961  2909  3883 W ContextImpl: Calling a method in the system process without a qualified user: android.app.ContextImpl.sendBroadcast:1079 android.content.ContextWrapper.sendBroadcast:453 com.byd.gpsinfo.broadcast.GpsInfoBroadcastManager.sendAltitudeBroadcast:96 com.byd.gpsinfo.manager.AltitudeManager.handleAltitudeBroadcast:41 com.byd.gpsinfo.listeners.GpsInfoLocationListener.updateLocation:81 
11-17 18:17:22.163  1230  1321 I chatty  : uid=1000(system) android.bg expire 4 lines
11-17 18:17:22.210  1230  9526 I chatty  : uid=1000 system_server expire 1 line
11-17 18:17:22.224  1230  9527 I chatty  : uid=1000 system_server expire 1 line
11-17 18:17:22.225  1230  9524 I chatty  : uid=1000 system_server expire 1 line
11-17 18:17:22.232  1230  9528 I chatty  : uid=1000 system_server expire 1 line
11-17 18:17:22.234  1230  9529 I chatty  : uid=1000 system_server expire 1 line
11-17 18:17:23.982  2909  3883 W ContextImpl: Calling a method in the system process without a qualified user: android.app.ContextImpl.sendBroadcast:1079 android.content.ContextWrapper.sendBroadcast:453 com.byd.gpsinfo.broadcast.GpsInfoBroadcastManager.sendAltitudeBroadcast:96 com.byd.gpsinfo.manager.AltitudeManager.handleAltitudeBroadcast:41 com.byd.gpsinfo.listeners.GpsInfoLocationListener.updateLocation:81 
11-17 18:17:24.015  3349  9535 I chatty  : uid=1000(system) com.byd.autovoice expire 1 line
11-17 18:17:38.950  2909  3883 W ContextImpl: Calling a method in the system process without a qualified user: android.app.ContextImpl.sendBroadcast:1079 android.content.ContextWrapper.sendBroadcast:453 com.byd.gpsinfo.broadcast.GpsInfoBroadcastManager.sendAltitudeBroadcast:96 com.byd.gpsinfo.manager.AltitudeManager.handleAltitudeBroadcast:41 com.byd.gpsinfo.listeners.GpsInfoLocationListener.updateLocation:81 
11-17 18:18:09.942  2909  3883 W ContextImpl: Calling a method in the system process without a qualified user: android.app.ContextImpl.sendBroadcast:1079 android.content.ContextWrapper.sendBroadcast:453 com.byd.gpsinfo.broadcast.GpsInfoBroadcastManager.sendAltitudeBroadcast:96 com.byd.gpsinfo.manager.AltitudeManager.handleAltitudeBroadcast:41 com.byd.gpsinfo.listeners.GpsInfoLocationListener.updateLocation:81 
11-17 18:18:19.313  1230  9695 I chatty  : uid=1000 system_server expire 1 line
11-17 18:18:19.319  1230  9696 I chatty  : uid=1000 system_server expire 1 line
11-17 18:18:19.319  1230  9697 I chatty  : uid=1000 system_server expire 1 line
11-17 18:18:19.330  1230  9699 I chatty  : uid=1000 system_server expire 1 line
11-17 18:18:19.331  1230  9698 I chatty  : uid=1000 system_server expire 1 line
11-17 18:18:49.260  1230  9786 I chatty  : uid=1000 system_server expire 1 line
11-17 18:18:49.263  1230  9787 I chatty  : uid=1000 system_server expire 1 line
11-17 18:18:49.274  1230  9789 I chatty  : uid=1000 system_server expire 1 line
11-17 18:18:49.276  1230  9788 I chatty  : uid=1000 system_server expire 1 line
11-17 18:18:49.279  1230  9790 I chatty  : uid=1000 system_server expire 1 line
11-17 18:19:22.163  1230  9907 I chatty  : uid=1000 system_server expire 1 line
11-17 18:19:22.166  1230  9908 I chatty  : uid=1000 system_server expire 1 line
11-17 18:19:22.170  1230  9909 I chatty  : uid=1000 system_server expire 1 line
11-17 18:19:22.172  1230  9906 I chatty  : uid=1000 system_server expire 1 line
11-17 18:19:22.173  1230  9911 I chatty  : uid=1000 system_server expire 1 line
11-17 18:20:19.960  2909  3883 W ContextImpl: Calling a method in the system process without a qualified user: android.app.ContextImpl.sendBroadcast:1079 android.content.ContextWrapper.sendBroadcast:453 com.byd.gpsinfo.broadcast.GpsInfoBroadcastManager.sendAltitudeBroadcast:96 com.byd.gpsinfo.manager.AltitudeManager.handleAltitudeBroadcast:41 com.byd.gpsinfo.listeners.GpsInfoLocationListener.updateLocation:81 
11-17 18:20:22.166  1230 10149 I chatty  : uid=1000 system_server expire 1 line
11-17 18:20:22.169  1230 10150 I chatty  : uid=1000 system_server expire 1 line
11-17 18:20:22.172  1230 10151 I chatty  : uid=1000 system_server expire 1 line
11-17 18:20:22.173  1230 10152 I chatty  : uid=1000 system_server expire 1 line
11-17 18:20:22.183  1230 10153 I chatty  : uid=1000 system_server expire 1 line
11-17 18:20:23.966  3349 10163 I chatty  : uid=1000(system) com.byd.autovoice expire 1 line
11-17 18:21:22.175  1230 10349 I chatty  : uid=1000 system_server expire 1 line
11-17 18:21:22.176  1230 10350 I chatty  : uid=1000 system_server expire 1 line
11-17 18:21:22.177  1230 10348 I chatty  : uid=1000 system_server expire 1 line
11-17 18:21:22.179  1230 10351 I chatty  : uid=1000 system_server expire 1 line
11-17 18:21:22.195  1230 10352 I chatty  : uid=1000 system_server expire 1 line
11-17 18:22:22.164  1230 10522 I chatty  : uid=1000 system_server expire 1 line
11-17 18:22:22.167  1230 10523 I chatty  : uid=1000 system_server expire 1 line
11-17 18:22:22.180  1230 10525 I chatty  : uid=1000 system_server expire 1 line
11-17 18:22:22.181  1230 10524 I chatty  : uid=1000 system_server expire 1 line
11-17 18:22:22.190  1230 10526 I chatty  : uid=1000 system_server expire 1 line
11-17 18:23:00.926  1073  1073 E TLOC    : [TLOCChannel]"Can't receive message due to timeout"
11-17 18:23:00.928  1073  1073 I TLOC    : [ModemComm  ]"Request succeeded for gps engine lock"
11-17 18:23:00.928  1073  1073 D TLOC    : [TLOCChannel] "Going to receive message for TLOCD"
11-17 18:23:00.928  1073  1073 D TLOC    : [TLOCChannel] "wait for message for user TLOCD"
11-17 18:23:01.926  1073  1073 E TLOC    : [TLOCChannel]"Can't receive message due to timeout"
11-17 18:23:01.926  1073  1073 E TLOC    : [TLOCDaemon ]"Couldn't receive command response"
11-17 18:23:01.926  1073  1073 I TLOC    : [TLOCDaemon ]"timeout passed - start periodic warm-up"
11-17 18:23:01.928  1073  1073 I TLOC    : [ModemComm  ]"Start a session successfully"
11-17 18:23:01.928  1073  1073 D TLOC    : [TLOCDaemon ]"The command finished successfully"
11-17 18:23:01.928  1073  1073 D TLOC    : [TLOCDaemon ]"waiting for command"
11-17 18:23:01.928  1073  1073 D TLOC    : [TLOCChannel] "Going to receive message for TLOCD"
11-17 18:23:01.928  1073  1073 D TLOC    : [TLOCChannel] "wait for message for user TLOCD"
11-17 18:23:02.910  1073  1374 I TLOC    : [Modem      ]"Received event indication of position report with status SUCCESS"
11-17 18:23:02.910  1073  1374 D TLOC    : [Modem      ] "*********** Position Report: ***********"
11-17 18:23:02.910  1073  1374 D TLOC    : [Modem      ] "	Latitude:	22.570542"
11-17 18:23:02.910  1073  1374 D TLOC    : [Modem      ] "	Longitude:	114.067131"
11-17 18:23:02.910  1073  1374 D TLOC    : [Modem      ] "	Accuracy:	3.535534"
11-17 18:23:02.910  1073  1374 D TLOC    : [Modem      ] "	Technology:	1"
11-17 18:23:02.910  1073  1374 D TLOC    : [Modem      ] "	Time:		1668680583000"
11-17 18:23:02.910  1073  1374 D TLOC    : [Modem      ] "	Altitude:	17.582294"
11-17 18:23:02.910  1073  1374 D TLOC    : [Modem      ] "	Bearing:	232.800003"
11-17 18:23:02.910  1073  1374 D TLOC    : [Modem      ] "	Speed:		1.520000"
11-17 18:23:02.910  1073  1374 D TLOC    : [Modem      ] "****************************************"
11-17 18:23:02.910  1073  1374 I TLOC    : [Modem      ]"Received location fix. Should close the session"
11-17 18:23:02.910  1073  1374 D TLOC    : [TLOCChannel] "TLOCChannel is already initialized"
11-17 18:23:02.910  1073  1374 D TLOC    : [TLOCChannel] "Going to send message to TLOCD"
11-17 18:23:02.910  1073  1374 D TLOC    : [TLOCChannel]" --- message(id:10, size:0) ---> TLOCD"
11-17 18:23:02.910  1073  1073 D TLOC    : [TLOCChannel]" TLOCD <--- message(id:10, size:0) ---"
11-17 18:23:02.910  1073  1073 I TLOC    : [TLOCDaemon ]"WarmUp ended"
11-17 18:23:02.912  1073  1073 I TLOC    : [ModemComm  ]"Stopped the session successfully"
11-17 18:23:02.912  1073  1073 D TLOC    : [TLOCDaemon ]"The command finished successfully"
11-17 18:23:02.912  1073  1073 D TLOC    : [TLOCDaemon ]"waiting for command"
11-17 18:23:02.912  1073  1073 D TLOC    : [TLOCChannel] "Going to receive message for TLOCD"
11-17 18:23:02.912  1073  1073 D TLOC    : [TLOCChannel] "wait for message for user TLOCD"
11-17 18:23:03.914  1073  1374 I TLOC    : [Modem      ]"Received event indication of position report with status SUCCESS"
11-17 18:23:03.914  1073  1374 D TLOC    : [Modem      ] "*********** Position Report: ***********"
11-17 18:23:03.914  1073  1374 D TLOC    : [Modem      ] "	Latitude:	22.570534"
11-17 18:23:03.914  1073  1374 D TLOC    : [Modem      ] "	Longitude:	114.067119"
11-17 18:23:03.915  1073  1374 D TLOC    : [Modem      ] "	Accuracy:	3.535534"
11-17 18:23:03.915  1073  1374 D TLOC    : [Modem      ] "	Technology:	1"
11-17 18:23:03.915  1073  1374 D TLOC    : [Modem      ] "	Time:		1668680584000"
11-17 18:23:03.915  1073  1374 D TLOC    : [Modem      ] "	Altitude:	17.636459"
11-17 18:23:03.915  1073  1374 D TLOC    : [Modem      ] "	Bearing:	234.000000"
11-17 18:23:03.915  1073  1374 D TLOC    : [Modem      ] "	Speed:		1.440000"
11-17 18:23:03.915  1073  1374 D TLOC    : [Modem      ] "****************************************"
11-17 18:23:03.915  1073  1374 I TLOC    : [Modem      ]"Received location fix. Should close the session"
11-17 18:23:03.915  1073  1374 D TLOC    : [TLOCChannel] "TLOCChannel is already initialized"
11-17 18:23:03.915  1073  1374 D TLOC    : [TLOCChannel] "Going to send message to TLOCD"
11-17 18:23:03.915  1073  1374 D TLOC    : [TLOCChannel]" --- message(id:10, size:0) ---> TLOCD"
11-17 18:23:03.915  1073  1073 D TLOC    : [TLOCChannel]" TLOCD <--- message(id:10, size:0) ---"
11-17 18:23:03.915  1073  1073 I TLOC    : [TLOCDaemon ]"WarmUp ended"
11-17 18:23:03.915  1073  1073 D TLOC    : [ModemComm  ]"Can't stop the session since there is no open session"
11-17 18:23:03.915  1073  1073 D TLOC    : [TLOCDaemon ]"The command finished successfully"
11-17 18:23:03.915  1073  1073 D TLOC    : [TLOCDaemon ]"waiting for command"
11-17 18:23:03.915  1073  1073 D TLOC    : [TLOCChannel] "Going to receive message for TLOCD"
11-17 18:23:03.915  1073  1073 D TLOC    : [TLOCChannel] "wait for message for user TLOCD"
11-17 18:23:19.980  1230 10769 I chatty  : uid=1000 system_server expire 1 line
11-17 18:23:19.984  1230 10770 I chatty  : uid=1000 system_server expire 1 line
11-17 18:23:19.988  1230 10771 I chatty  : uid=1000 system_server expire 1 line
11-17 18:23:19.991  1230 10772 I chatty  : uid=1000 system_server expire 1 line
11-17 18:23:19.996  1230 10773 I chatty  : uid=1000 system_server expire 1 line
11-17 18:23:23.961  3349 10782 I chatty  : uid=1000(system) com.byd.autovoice expire 1 line
11-17 18:24:22.161  1230 10984 I chatty  : uid=1000 system_server expire 1 line
11-17 18:24:22.165  1230 10985 I chatty  : uid=1000 system_server expire 1 line
11-17 18:24:22.170  1230 10986 I chatty  : uid=1000 system_server expire 1 line
11-17 18:24:22.177  1230 10987 I chatty  : uid=1000 system_server expire 1 line
11-17 18:24:22.179  1230 10988 I chatty  : uid=1000 system_server expire 1 line
11-17 18:25:22.182  1230 11204 I chatty  : uid=1000 system_server expire 1 line
11-17 18:25:22.212  1230 11206 I chatty  : uid=1000 system_server expire 1 line
11-17 18:25:22.212  1230 11205 I chatty  : uid=1000 system_server expire 1 line
11-17 18:25:22.214  1230 11207 I chatty  : uid=1000 system_server expire 1 line
11-17 18:25:22.220  1230 11208 I chatty  : uid=1000 system_server expire 1 line
11-17 18:26:22.164  1230 11401 I chatty  : uid=1000 system_server expire 1 line
11-17 18:26:22.174  1230 11403 I chatty  : uid=1000 system_server expire 1 line
11-17 18:26:22.175  1230 11402 I chatty  : uid=1000 system_server expire 1 line
11-17 18:26:22.178  1230 11405 I chatty  : uid=1000 system_server expire 1 line
11-17 18:26:22.193  1230 11404 I chatty  : uid=1000 system_server expire 1 line
11-17 18:26:23.983  3349 11413 I chatty  : uid=1000(system) com.byd.autovoice expire 1 line
11-17 18:27:22.154  1230 11607 I chatty  : uid=1000 system_server expire 1 line
11-17 18:27:22.157  1230 11608 I chatty  : uid=1000 system_server expire 1 line
11-17 18:27:22.161  1230 11609 I chatty  : uid=1000 system_server expire 1 line
11-17 18:27:22.164  1230 11610 I chatty  : uid=1000 system_server expire 1 line
11-17 18:27:22.168  1230 11611 I chatty  : uid=1000 system_server expire 1 line
11-17 18:28:19.821  1230 11829 I chatty  : uid=1000 system_server expire 1 line
11-17 18:28:19.830  1230 11831 I chatty  : uid=1000 system_server expire 1 line
11-17 18:28:19.831  1230 11830 I chatty  : uid=1000 system_server expire 1 line
11-17 18:28:19.833  1230 11832 I chatty  : uid=1000 system_server expire 1 line
11-17 18:28:19.844  1230 11833 I chatty  : uid=1000 system_server expire 1 line
11-17 18:28:22.017  2037  2037 I TelecomFramework: : onSubscriptionsChanged - update accounts
11-17 18:28:22.017  2037  2037 I TelecomFramework: PstnIncomingCallNotifier: Unregistering: Handler (com.qualcomm.qti.internal.telephony.QtiGsmCdmaPhone) {1aae8b2}
11-17 18:28:22.026  2037  2037 I TelecomFramework: TelecomAccountRegistry: setupAccounts: Found 2 phones.  Attempting to register.
11-17 18:28:22.027  2037  2037 I TelecomFramework: TelecomAccountRegistry: setupAccounts: Phone with subscription id: 1 slotId: 0 provisionStatus: 1
11-17 18:28:22.103  2037  2037 I TelecomFramework: AccountEntry: Registered phoneAccount: [[ ] PhoneAccount: ComponentInfo{com.android.phone/com.android.services.telephony.TelephonyConnectionService}, ***, UserHandle{0} Capabilities: CallProvider MultiUser PlaceEmerg SimSub  Audio Routes: BESW Schemes: tel voicemail  Extras: Bundle[{android.telecom.extra.SUPPORTS_VIDEO_CALLING_FALLBACK=true, android.telecom.extra.SORT_ORDER=0}] GroupId: ***] with handle: ComponentInfo{com.android.phone/com.android.services.telephony.TelephonyConnectionService}, ***, UserHandle{0}
11-17 18:28:22.103  2037  2037 I TelecomFramework: PstnIncomingCallNotifier: Registering: Handler (com.qualcomm.qti.internal.telephony.QtiGsmCdmaPhone) {1aae8b2}
11-17 18:28:22.112  2037  2037 I TelecomFramework: TelecomAccountRegistry: setupAccounts: Phone with subscription id: -1 slotId: 1 provisionStatus: -2
11-17 18:28:22.149  2037  2037 I TelecomFramework: PstnPhoneCapabilitiesNotifier: handleVideoCapabilitesChanged. Video capability - false
11-17 18:28:23.935  1230  2397 I chatty  : uid=1000(system) Binder:1230_B expire 5 lines
11-17 18:28:24.014  1230  1271 I chatty  : uid=1000(system) Binder:1230_1 expire 3 lines
11-17 18:28:59.063  1230 24196 I chatty  : uid=1000(system) Binder:1230_18 expire 8 lines
11-17 18:28:59.281  2037  2037 I TelecomFramework: : onSubscriptionsChanged - update accounts
11-17 18:28:59.281  2037  2037 I TelecomFramework: PstnIncomingCallNotifier: Unregistering: Handler (com.qualcomm.qti.internal.telephony.QtiGsmCdmaPhone) {1aae8b2}
11-17 18:28:59.293  2037  2037 I TelecomFramework: TelecomAccountRegistry: setupAccounts: Found 2 phones.  Attempting to register.
11-17 18:28:59.294  2037  2037 I TelecomFramework: TelecomAccountRegistry: setupAccounts: Phone with subscription id: 1 slotId: 0 provisionStatus: 1
11-17 18:28:59.323  2037  2037 I TelecomFramework: AccountEntry: Registered phoneAccount: [[ ] PhoneAccount: ComponentInfo{com.android.phone/com.android.services.telephony.TelephonyConnectionService}, ***, UserHandle{0} Capabilities: CallProvider MultiUser PlaceEmerg SimSub  Audio Routes: BESW Schemes: tel voicemail  Extras: Bundle[{android.telecom.extra.SUPPORTS_VIDEO_CALLING_FALLBACK=true, android.telecom.extra.SORT_ORDER=0}] GroupId: ***] with handle: ComponentInfo{com.android.phone/com.android.services.telephony.TelephonyConnectionService}, ***, UserHandle{0}
11-17 18:28:59.323  2037  2037 I TelecomFramework: PstnIncomingCallNotifier: Registering: Handler (com.qualcomm.qti.internal.telephony.QtiGsmCdmaPhone) {1aae8b2}
11-17 18:28:59.337  2037  2037 I TelecomFramework: TelecomAccountRegistry: setupAccounts: Phone with subscription id: -1 slotId: 1 provisionStatus: -2
11-17 18:28:59.362  2037  2037 I TelecomFramework: PstnPhoneCapabilitiesNotifier: handleVideoCapabilitesChanged. Video capability - false
11-17 18:28:59.383  1230  2149 I chatty  : uid=1000(system) Binder:1230_6 expire 8 lines
11-17 18:29:23.206  1230 12113 I chatty  : uid=1000 system_server expire 1 line
11-17 18:29:23.222  1230 12115 I chatty  : uid=1000 system_server expire 1 line
11-17 18:29:23.227  1230 12114 I chatty  : uid=1000 system_server expire 1 line
11-17 18:29:23.227  1230 12116 I chatty  : uid=1000 system_server expire 1 line
11-17 18:29:23.240  1230 12117 I chatty  : uid=1000 system_server expire 1 line
11-17 18:29:23.980  3349 12120 I chatty  : uid=1000(system) com.byd.autovoice expire 1 line
11-17 18:30:23.156  1230 12325 I chatty  : uid=1000 system_server expire 1 line
11-17 18:30:23.160  1230 12326 I chatty  : uid=1000 system_server expire 1 line
11-17 18:30:23.164  1230 12327 I chatty  : uid=1000 system_server expire 1 line
11-17 18:30:23.167  1230 12328 I chatty  : uid=1000 system_server expire 1 line
11-17 18:30:23.176  1230 12329 I chatty  : uid=1000 system_server expire 1 line
11-17 18:31:08.011  1230  1314 I chatty  : uid=1000(system) android.anim expire 16 lines
11-17 18:31:12.217  1230 12142 I chatty  : uid=1000(system) Binder:1230_16 expire 10 lines
11-17 18:31:12.421  1230  1346 I chatty  : uid=1000(system) AppAutoRotation expire 11 lines
11-17 18:31:23.161  1230 12557 I chatty  : uid=1000 system_server expire 1 line
11-17 18:31:23.168  1230 12559 I chatty  : uid=1000 system_server expire 1 line
11-17 18:31:23.171  1230 12560 I chatty  : uid=1000 system_server expire 1 line
11-17 18:31:23.172  1230 12558 I chatty  : uid=1000 system_server expire 1 line
11-17 18:31:23.188  1230 12561 I chatty  : uid=1000 system_server expire 1 line
11-17 18:31:38.118  1230  1313 I chatty  : uid=1000(system) android.display expire 10 lines
11-17 18:31:48.959  2909  3883 W ContextImpl: Calling a method in the system process without a qualified user: android.app.ContextImpl.sendBroadcast:1079 android.content.ContextWrapper.sendBroadcast:453 com.byd.gpsinfo.broadcast.GpsInfoBroadcastManager.sendAltitudeBroadcast:96 com.byd.gpsinfo.manager.AltitudeManager.handleAltitudeBroadcast:41 com.byd.gpsinfo.listeners.GpsInfoLocationListener.updateLocation:81 
11-17 18:32:23.165  1230 12773 I chatty  : uid=1000 system_server expire 1 line
11-17 18:32:23.168  1230 12774 I chatty  : uid=1000 system_server expire 1 line
11-17 18:32:23.173  1230 12775 I chatty  : uid=1000 system_server expire 1 line
11-17 18:32:23.173  1230 12772 I chatty  : uid=1000 system_server expire 1 line
11-17 18:32:23.176  1230 12776 I chatty  : uid=1000 system_server expire 1 line
11-17 18:32:23.966  3349 12778 I chatty  : uid=1000(system) com.byd.autovoice expire 1 line
11-17 18:32:26.941  2909  3883 W ContextImpl: Calling a method in the system process without a qualified user: android.app.ContextImpl.sendBroadcast:1079 android.content.ContextWrapper.sendBroadcast:453 com.byd.gpsinfo.broadcast.GpsInfoBroadcastManager.sendAltitudeBroadcast:96 com.byd.gpsinfo.manager.AltitudeManager.handleAltitudeBroadcast:41 com.byd.gpsinfo.listeners.GpsInfoLocationListener.updateLocation:81 
11-17 18:32:27.479  1230  1310 I chatty  : uid=1000(system) android.fg expire 10 lines
11-17 18:32:39.941  2909  3883 W ContextImpl: Calling a method in the system process without a qualified user: android.app.ContextImpl.sendBroadcast:1079 android.content.ContextWrapper.sendBroadcast:453 com.byd.gpsinfo.broadcast.GpsInfoBroadcastManager.sendAltitudeBroadcast:96 com.byd.gpsinfo.manager.AltitudeManager.handleAltitudeBroadcast:41 com.byd.gpsinfo.listeners.GpsInfoLocationListener.updateLocation:81 
11-17 18:32:48.950  2909  3883 W ContextImpl: Calling a method in the system process without a qualified user: android.app.ContextImpl.sendBroadcast:1079 android.content.ContextWrapper.sendBroadcast:453 com.byd.gpsinfo.broadcast.GpsInfoBroadcastManager.sendAltitudeBroadcast:96 com.byd.gpsinfo.manager.AltitudeManager.handleAltitudeBroadcast:41 com.byd.gpsinfo.listeners.GpsInfoLocationListener.updateLocation:81 
11-17 18:33:09.940  2909  3883 W ContextImpl: Calling a method in the system process without a qualified user: android.app.ContextImpl.sendBroadcast:1079 android.content.ContextWrapper.sendBroadcast:453 com.byd.gpsinfo.broadcast.GpsInfoBroadcastManager.sendAltitudeBroadcast:96 com.byd.gpsinfo.manager.AltitudeManager.handleAltitudeBroadcast:41 com.byd.gpsinfo.listeners.GpsInfoLocationListener.updateLocation:81 
11-17 18:33:23.166  1230 12994 I chatty  : uid=1000 system_server expire 1 line
11-17 18:33:23.172  1230 12995 I chatty  : uid=1000 system_server expire 1 line
11-17 18:33:23.175  1230 12996 I chatty  : uid=1000 system_server expire 1 line
11-17 18:33:23.180  1230 12998 I chatty  : uid=1000 system_server expire 1 line
11-17 18:33:23.183  1230 12997 I chatty  : uid=1000 system_server expire 1 line
11-17 18:33:25.945  2909  3883 W ContextImpl: Calling a method in the system process without a qualified user: android.app.ContextImpl.sendBroadcast:1079 android.content.ContextWrapper.sendBroadcast:453 com.byd.gpsinfo.broadcast.GpsInfoBroadcastManager.sendAltitudeBroadcast:96 com.byd.gpsinfo.manager.AltitudeManager.handleAltitudeBroadcast:41 com.byd.gpsinfo.listeners.GpsInfoLocationListener.updateLocation:81 
11-17 18:34:23.166  1230 13258 I chatty  : uid=1000 system_server expire 1 line
11-17 18:34:23.169  1230 13259 I chatty  : uid=1000 system_server expire 1 line
11-17 18:34:23.173  1230 13260 I chatty  : uid=1000 system_server expire 1 line
11-17 18:34:23.177  1230 13261 I chatty  : uid=1000 system_server expire 1 line
11-17 18:34:23.180  1230 13262 I chatty  : uid=1000 system_server expire 1 line
11-17 18:34:40.963  2909  3883 W ContextImpl: Calling a method in the system process without a qualified user: android.app.ContextImpl.sendBroadcast:1079 android.content.ContextWrapper.sendBroadcast:453 com.byd.gpsinfo.broadcast.GpsInfoBroadcastManager.sendAltitudeBroadcast:96 com.byd.gpsinfo.manager.AltitudeManager.handleAltitudeBroadcast:41 com.byd.gpsinfo.listeners.GpsInfoLocationListener.updateLocation:81 
11-17 18:34:50.964  2909  3883 W ContextImpl: Calling a method in the system process without a qualified user: android.app.ContextImpl.sendBroadcast:1079 android.content.ContextWrapper.sendBroadcast:453 com.byd.gpsinfo.broadcast.GpsInfoBroadcastManager.sendAltitudeBroadcast:96 com.byd.gpsinfo.manager.AltitudeManager.handleAltitudeBroadcast:41 com.byd.gpsinfo.listeners.GpsInfoLocationListener.updateLocation:81 
11-17 18:35:00.549  1230 13415 I chatty  : uid=1000 system_server expire 1 line
11-17 18:35:00.552  1230 13416 I chatty  : uid=1000 system_server expire 1 line
11-17 18:35:00.556  1230 13417 I chatty  : uid=1000 system_server expire 1 line
11-17 18:35:00.558  1230 13418 I chatty  : uid=1000 system_server expire 1 line
11-17 18:35:00.561  1230 13419 I chatty  : uid=1000 system_server expire 1 line
11-17 18:35:23.151  1230 13507 I chatty  : uid=1000 system_server expire 1 line
11-17 18:35:23.154  1230 13508 I chatty  : uid=1000 system_server expire 1 line
11-17 18:35:23.157  1230 13509 I chatty  : uid=1000 system_server expire 1 line
11-17 18:35:23.160  1230 13510 I chatty  : uid=1000 system_server expire 1 line
11-17 18:35:23.162  1230 13511 I chatty  : uid=1000 system_server expire 1 line
11-17 18:35:23.968  3349 13513 I chatty  : uid=1000(system) com.byd.autovoice expire 1 line
11-17 18:35:47.648  1230 13602 I chatty  : uid=1000 system_server expire 1 line
11-17 18:35:47.650  1230 13601 I chatty  : uid=1000 system_server expire 1 line
11-17 18:35:47.651  1230 13603 I chatty  : uid=1000 system_server expire 1 line
11-17 18:35:47.654  1230 13604 I chatty  : uid=1000 system_server expire 1 line
11-17 18:35:47.659  1230 13605 I chatty  : uid=1000 system_server expire 1 line
11-17 18:35:51.953  2909  3883 W ContextImpl: Calling a method in the system process without a qualified user: android.app.ContextImpl.sendBroadcast:1079 android.content.ContextWrapper.sendBroadcast:453 com.byd.gpsinfo.broadcast.GpsInfoBroadcastManager.sendAltitudeBroadcast:96 com.byd.gpsinfo.manager.AltitudeManager.handleAltitudeBroadcast:41 com.byd.gpsinfo.listeners.GpsInfoLocationListener.updateLocation:81 
11-17 18:36:11.946  2909  3883 W ContextImpl: Calling a method in the system process without a qualified user: android.app.ContextImpl.sendBroadcast:1079 android.content.ContextWrapper.sendBroadcast:453 com.byd.gpsinfo.broadcast.GpsInfoBroadcastManager.sendAltitudeBroadcast:96 com.byd.gpsinfo.manager.AltitudeManager.handleAltitudeBroadcast:41 com.byd.gpsinfo.listeners.GpsInfoLocationListener.updateLocation:81 
11-17 18:36:23.178  1230 13753 I chatty  : uid=1000 system_server expire 1 line
11-17 18:36:23.191  1230 13754 I chatty  : uid=1000 system_server expire 1 line
11-17 18:36:23.206  1230 13755 I chatty  : uid=1000 system_server expire 1 line
11-17 18:36:23.209  1230 13756 I chatty  : uid=1000 system_server expire 1 line
11-17 18:36:23.215  1230 13758 I chatty  : uid=1000 system_server expire 1 line
11-17 18:36:58.948  2909  3883 W ContextImpl: Calling a method in the system process without a qualified user: android.app.ContextImpl.sendBroadcast:1079 android.content.ContextWrapper.sendBroadcast:453 com.byd.gpsinfo.broadcast.GpsInfoBroadcastManager.sendAltitudeBroadcast:96 com.byd.gpsinfo.manager.AltitudeManager.handleAltitudeBroadcast:41 com.byd.gpsinfo.listeners.GpsInfoLocationListener.updateLocation:81 
11-17 18:37:23.150  1230 13962 I chatty  : uid=1000 system_server expire 1 line
11-17 18:37:23.154  1230 13963 I chatty  : uid=1000 system_server expire 1 line
11-17 18:37:23.161  1230 13964 I chatty  : uid=1000 system_server expire 1 line
11-17 18:37:23.174  1230 13965 I chatty  : uid=1000 system_server expire 1 line
11-17 18:37:23.181  1230 13966 I chatty  : uid=1000 system_server expire 1 line
11-17 18:37:25.955  2909  3883 W ContextImpl: Calling a method in the system process without a qualified user: android.app.ContextImpl.sendBroadcast:1079 android.content.ContextWrapper.sendBroadcast:453 com.byd.gpsinfo.broadcast.GpsInfoBroadcastManager.sendAltitudeBroadcast:96 com.byd.gpsinfo.manager.AltitudeManager.handleAltitudeBroadcast:41 com.byd.gpsinfo.listeners.GpsInfoLocationListener.updateLocation:81 
11-17 18:38:23.174  1230 14171 I chatty  : uid=1000 system_server expire 1 line
11-17 18:38:23.182  1230 14172 I chatty  : uid=1000 system_server expire 1 line
11-17 18:38:23.193  1230 14173 I chatty  : uid=1000 system_server expire 1 line
11-17 18:38:23.196  1230 14174 I chatty  : uid=1000 system_server expire 1 line
11-17 18:38:23.199  1230 14175 I chatty  : uid=1000 system_server expire 1 line
11-17 18:38:23.970  3349 14177 I chatty  : uid=1000(system) com.byd.autovoice expire 1 line
11-17 18:38:34.083  1230 14215 I chatty  : uid=1000 system_server expire 1 line
11-17 18:38:34.089  1230 14216 I chatty  : uid=1000 system_server expire 1 line
11-17 18:38:34.095  1230 14217 I chatty  : uid=1000 system_server expire 1 line
11-17 18:38:34.102  1230 14218 I chatty  : uid=1000 system_server expire 1 line
11-17 18:38:34.102  1230 14220 I chatty  : uid=1000 system_server expire 1 line
11-17 18:39:23.181  1230 14387 I chatty  : uid=1000 system_server expire 1 line
11-17 18:39:23.184  1230 14388 I chatty  : uid=1000 system_server expire 1 line
11-17 18:39:23.187  1230 14389 I chatty  : uid=1000 system_server expire 1 line
11-17 18:39:23.190  1230 14390 I chatty  : uid=1000 system_server expire 1 line
11-17 18:39:23.197  1230 14391 I chatty  : uid=1000 system_server expire 1 line
11-17 18:40:23.168  1230 14616 I chatty  : uid=1000 system_server expire 1 line
11-17 18:40:23.174  1230 14617 I chatty  : uid=1000 system_server expire 1 line
11-17 18:40:23.192  1230 14620 I chatty  : uid=1000 system_server expire 1 line
11-17 18:40:23.192  1230 14619 I chatty  : uid=1000 system_server expire 1 line
11-17 18:40:23.193  1230 14618 I chatty  : uid=1000 system_server expire 1 line
11-17 18:41:23.159  1230 14820 I chatty  : uid=1000 system_server expire 1 line
11-17 18:41:23.173  1230 14821 I chatty  : uid=1000 system_server expire 1 line
11-17 18:41:23.181  1230 14824 I chatty  : uid=1000 system_server expire 1 line
11-17 18:41:23.181  1230 14822 I chatty  : uid=1000 system_server expire 1 line
11-17 18:41:23.185  1230 14823 I chatty  : uid=1000 system_server expire 1 line
11-17 18:41:23.973  3349 14826 I chatty  : uid=1000(system) com.byd.autovoice expire 1 line
11-17 18:42:09.947  2909  3883 W ContextImpl: Calling a method in the system process without a qualified user: android.app.ContextImpl.sendBroadcast:1079 android.content.ContextWrapper.sendBroadcast:453 com.byd.gpsinfo.broadcast.GpsInfoBroadcastManager.sendAltitudeBroadcast:96 com.byd.gpsinfo.manager.AltitudeManager.handleAltitudeBroadcast:41 com.byd.gpsinfo.listeners.GpsInfoLocationListener.updateLocation:81 
11-17 18:42:23.184  1230 14993 I chatty  : uid=1000 system_server expire 1 line
11-17 18:42:23.188  1230 14994 I chatty  : uid=1000 system_server expire 1 line
11-17 18:42:23.192  1230 14995 I chatty  : uid=1000 system_server expire 1 line
11-17 18:42:23.196  1230 14996 I chatty  : uid=1000 system_server expire 1 line
11-17 18:42:23.201  1230 14997 I chatty  : uid=1000 system_server expire 1 line
11-17 18:43:19.826  1230 15154 I chatty  : uid=1000 system_server expire 1 line
11-17 18:43:19.829  1230 15155 I chatty  : uid=1000 system_server expire 1 line
11-17 18:43:19.833  1230 15156 I chatty  : uid=1000 system_server expire 1 line
11-17 18:43:19.839  1230 15158 I chatty  : uid=1000 system_server expire 1 line
11-17 18:43:19.854  1230 15159 I chatty  : uid=1000 system_server expire 1 line
11-17 18:43:34.966  1230 15216 I chatty  : uid=1000 system_server expire 1 line
11-17 18:43:34.992  1230 15218 I chatty  : uid=1000 system_server expire 1 line
11-17 18:43:34.993  1230 15220 I chatty  : uid=1000 system_server expire 1 line
11-17 18:43:34.994  1230 15217 I chatty  : uid=1000 system_server expire 1 line
11-17 18:43:34.996  1230 15219 I chatty  : uid=1000 system_server expire 1 line
11-17 18:44:19.545  1230  1793 I chatty  : uid=1000(system) ConnectivitySer expire 12 lines
11-17 18:44:21.189  1230 15373 I chatty  : uid=1000 system_server expire 1 line
11-17 18:44:21.202  1230 15374 I chatty  : uid=1000 system_server expire 1 line
11-17 18:44:21.208  1230 15376 I chatty  : uid=1000 system_server expire 1 line
11-17 18:44:21.208  1230 15375 I chatty  : uid=1000 system_server expire 1 line
11-17 18:44:21.233  1230 15377 I chatty  : uid=1000 system_server expire 1 line
11-17 18:44:23.962  3349 15385 I chatty  : uid=1000(system) com.byd.autovoice expire 1 line
11-17 18:45:21.169  1230 15561 I chatty  : uid=1000 system_server expire 1 line
11-17 18:45:21.175  1230 15562 I chatty  : uid=1000 system_server expire 1 line
11-17 18:45:21.175  1230 15563 I chatty  : uid=1000 system_server expire 1 line
11-17 18:45:21.179  1230 15560 I chatty  : uid=1000 system_server expire 1 line
11-17 18:45:21.180  1230 15564 I chatty  : uid=1000 system_server expire 1 line
11-17 18:45:22.946  2909  3883 W ContextImpl: Calling a method in the system process without a qualified user: android.app.ContextImpl.sendBroadcast:1079 android.content.ContextWrapper.sendBroadcast:453 com.byd.gpsinfo.broadcast.GpsInfoBroadcastManager.sendAltitudeBroadcast:96 com.byd.gpsinfo.manager.AltitudeManager.handleAltitudeBroadcast:41 com.byd.gpsinfo.listeners.GpsInfoLocationListener.updateLocation:81 
11-17 18:45:24.593  1230  1310 I chatty  : uid=1000(system) android.fg expire 11 lines
11-17 18:45:45.937  2909  3883 W ContextImpl: Calling a method in the system process without a qualified user: android.app.ContextImpl.sendBroadcast:1079 android.content.ContextWrapper.sendBroadcast:453 com.byd.gpsinfo.broadcast.GpsInfoBroadcastManager.sendAltitudeBroadcast:96 com.byd.gpsinfo.manager.AltitudeManager.handleAltitudeBroadcast:41 com.byd.gpsinfo.listeners.GpsInfoLocationListener.updateLocation:81 
11-17 18:46:21.165  1230 15750 I chatty  : uid=1000 system_server expire 1 line
11-17 18:46:21.168  1230 15751 I chatty  : uid=1000 system_server expire 1 line
11-17 18:46:21.172  1230 15752 I chatty  : uid=1000 system_server expire 1 line
11-17 18:46:21.184  1230 15753 I chatty  : uid=1000 system_server expire 1 line
11-17 18:46:21.188  1230 15754 I chatty  : uid=1000 system_server expire 1 line
11-17 18:47:21.146  1230 15961 I chatty  : uid=1000 system_server expire 1 line
11-17 18:47:21.151  1230 15963 I chatty  : uid=1000 system_server expire 1 line
11-17 18:47:21.151  1230 15962 I chatty  : uid=1000 system_server expire 1 line
11-17 18:47:21.160  1230 15965 I chatty  : uid=1000 system_server expire 1 line
11-17 18:47:21.171  1230 15964 I chatty  : uid=1000 system_server expire 1 line
11-17 18:47:23.981  3349 15973 I chatty  : uid=1000(system) com.byd.autovoice expire 1 line
11-17 18:48:21.195  1230 16124 I chatty  : uid=1000 system_server expire 1 line
11-17 18:48:21.198  1230 16125 I chatty  : uid=1000 system_server expire 1 line
11-17 18:48:21.201  1230 16126 I chatty  : uid=1000 system_server expire 1 line
11-17 18:48:21.205  1230 16127 I chatty  : uid=1000 system_server expire 1 line
11-17 18:48:21.209  1230 16128 I chatty  : uid=1000 system_server expire 1 line
11-17 18:48:36.496  1230 16160 I chatty  : uid=1000 system_server expire 1 line
11-17 18:48:36.504  1230 16161 I chatty  : uid=1000 system_server expire 1 line
11-17 18:48:36.506  1230 16162 I chatty  : uid=1000 system_server expire 1 line
11-17 18:48:36.519  1230 16163 I chatty  : uid=1000 system_server expire 1 line
11-17 18:48:36.531  1230 16164 I chatty  : uid=1000 system_server expire 1 line
11-17 18:49:21.156  1230 16361 I chatty  : uid=1000 system_server expire 1 line
11-17 18:49:21.159  1230 16362 I chatty  : uid=1000 system_server expire 1 line
11-17 18:49:21.162  1230 16363 I chatty  : uid=1000 system_server expire 1 line
11-17 18:49:21.163  1230 16360 I chatty  : uid=1000 system_server expire 1 line
11-17 18:49:21.174  1230 16364 I chatty  : uid=1000 system_server expire 1 line
11-17 18:49:25.889  2037  2037 I TelecomFramework: : onSubscriptionsChanged - update accounts
11-17 18:49:25.889  2037  2037 I TelecomFramework: PstnIncomingCallNotifier: Unregistering: Handler (com.qualcomm.qti.internal.telephony.QtiGsmCdmaPhone) {1aae8b2}
11-17 18:49:25.894  2037  2037 I TelecomFramework: TelecomAccountRegistry: setupAccounts: Found 2 phones.  Attempting to register.
11-17 18:49:25.895  2037  2037 I TelecomFramework: TelecomAccountRegistry: setupAccounts: Phone with subscription id: 1 slotId: 0 provisionStatus: 1
11-17 18:49:25.961  2037  2037 I TelecomFramework: AccountEntry: Registered phoneAccount: [[ ] PhoneAccount: ComponentInfo{com.android.phone/com.android.services.telephony.TelephonyConnectionService}, ***, UserHandle{0} Capabilities: CallProvider MultiUser PlaceEmerg SimSub  Audio Routes: BESW Schemes: tel voicemail  Extras: Bundle[{android.telecom.extra.SUPPORTS_VIDEO_CALLING_FALLBACK=true, android.telecom.extra.SORT_ORDER=0}] GroupId: ***] with handle: ComponentInfo{com.android.phone/com.android.services.telephony.TelephonyConnectionService}, ***, UserHandle{0}
11-17 18:49:25.961  2037  2037 I TelecomFramework: PstnIncomingCallNotifier: Registering: Handler (com.qualcomm.qti.internal.telephony.QtiGsmCdmaPhone) {1aae8b2}
11-17 18:49:25.986  2037  2037 I TelecomFramework: TelecomAccountRegistry: setupAccounts: Phone with subscription id: -1 slotId: 1 provisionStatus: -2
11-17 18:49:26.023  2037  2037 I TelecomFramework: PstnPhoneCapabilitiesNotifier: handleVideoCapabilitesChanged. Video capability - false
11-17 18:49:44.964  2909  3883 W ContextImpl: Calling a method in the system process without a qualified user: android.app.ContextImpl.sendBroadcast:1079 android.content.ContextWrapper.sendBroadcast:453 com.byd.gpsinfo.broadcast.GpsInfoBroadcastManager.sendAltitudeBroadcast:96 com.byd.gpsinfo.manager.AltitudeManager.handleAltitudeBroadcast:41 com.byd.gpsinfo.listeners.GpsInfoLocationListener.updateLocation:81 
11-17 18:50:10.939  2909  3883 W ContextImpl: Calling a method in the system process without a qualified user: android.app.ContextImpl.sendBroadcast:1079 android.content.ContextWrapper.sendBroadcast:453 com.byd.gpsinfo.broadcast.GpsInfoBroadcastManager.sendAltitudeBroadcast:96 com.byd.gpsinfo.manager.AltitudeManager.handleAltitudeBroadcast:41 com.byd.gpsinfo.listeners.GpsInfoLocationListener.updateLocation:81 
11-17 18:50:19.157  1230 16532 I chatty  : uid=1000 system_server expire 1 line
11-17 18:50:19.160  1230 16533 I chatty  : uid=1000 system_server expire 1 line
11-17 18:50:19.168  1230 16534 I chatty  : uid=1000 system_server expire 1 line
11-17 18:50:19.173  1230 16535 I chatty  : uid=1000 system_server expire 1 line
11-17 18:50:19.176  1230 16536 I chatty  : uid=1000 system_server expire 1 line
11-17 18:50:23.963  3349 16548 I chatty  : uid=1000(system) com.byd.autovoice expire 1 line
11-17 18:50:31.179  1230 16576 I chatty  : uid=1000 system_server expire 1 line
11-17 18:50:31.185  1230 16577 I chatty  : uid=1000 system_server expire 1 line
11-17 18:50:31.186  1230 16578 I chatty  : uid=1000 system_server expire 1 line
11-17 18:50:31.189  1230 16579 I chatty  : uid=1000 system_server expire 1 line
11-17 18:50:31.193  1230 16580 I chatty  : uid=1000 system_server expire 1 line
11-17 18:51:01.170  1230 16657 I chatty  : uid=1000 system_server expire 1 line
11-17 18:51:01.173  1230 16658 I chatty  : uid=1000 system_server expire 1 line
11-17 18:51:01.178  1230 16659 I chatty  : uid=1000 system_server expire 1 line
11-17 18:51:01.187  1230 16660 I chatty  : uid=1000 system_server expire 1 line
11-17 18:51:01.188  1230 16661 I chatty  : uid=1000 system_server expire 1 line
11-17 18:51:20.174  1230 16706 I chatty  : uid=1000 system_server expire 1 line
11-17 18:51:20.177  1230 16707 I chatty  : uid=1000 system_server expire 1 line
11-17 18:51:20.182  1230 16708 I chatty  : uid=1000 system_server expire 1 line
11-17 18:51:20.195  1230 16710 I chatty  : uid=1000 system_server expire 1 line
11-17 18:51:20.195  1230 16709 I chatty  : uid=1000 system_server expire 1 line
11-17 18:51:29.936  2909  3883 W ContextImpl: Calling a method in the system process without a qualified user: android.app.ContextImpl.sendBroadcast:1079 android.content.ContextWrapper.sendBroadcast:453 com.byd.gpsinfo.broadcast.GpsInfoBroadcastManager.sendAltitudeBroadcast:96 com.byd.gpsinfo.manager.AltitudeManager.handleAltitudeBroadcast:41 com.byd.gpsinfo.listeners.GpsInfoLocationListener.updateLocation:81 
11-17 18:51:39.950  2909  3883 W ContextImpl: Calling a method in the system process without a qualified user: android.app.ContextImpl.sendBroadcast:1079 android.content.ContextWrapper.sendBroadcast:453 com.byd.gpsinfo.broadcast.GpsInfoBroadcastManager.sendAltitudeBroadcast:96 com.byd.gpsinfo.manager.AltitudeManager.handleAltitudeBroadcast:41 com.byd.gpsinfo.listeners.GpsInfoLocationListener.updateLocation:81 
11-17 18:51:55.675  2909 28468 W ContextImpl: Calling a method in the system process without a qualified user: android.app.ContextImpl.sendBroadcast:1064 android.content.ContextWrapper.sendBroadcast:448 com.byd.gpsinfo.broadcast.GpsInfoBroadcastManager.sendGpsFixStateBroadcast:83 com.byd.gpsinfo.task.UpdateRunnable.showOrHideGpsIcon:163 com.byd.gpsinfo.task.UpdateRunnable.updateTask:55 
11-17 18:51:56.406  3349 16841 I chatty  : uid=1000(system) com.byd.autovoice expire 1 line
11-17 18:51:57.709  2909 28468 W ContextImpl: Calling a method in the system process without a qualified user: android.app.ContextImpl.sendBroadcast:1064 android.content.ContextWrapper.sendBroadcast:448 com.byd.gpsinfo.broadcast.GpsInfoBroadcastManager.sendGpsFixStateBroadcast:83 com.byd.gpsinfo.task.UpdateRunnable.showOrHideGpsIcon:163 com.byd.gpsinfo.task.UpdateRunnable.updateTask:55 
11-17 18:52:21.162  1230 16941 I chatty  : uid=1000 system_server expire 1 line
11-17 18:52:21.164  1230 16942 I chatty  : uid=1000 system_server expire 1 line
11-17 18:52:21.168  1230 16943 I chatty  : uid=1000 system_server expire 1 line
11-17 18:52:21.171  1230 16944 I chatty  : uid=1000 system_server expire 1 line
11-17 18:52:21.178  1230 16945 I chatty  : uid=1000 system_server expire 1 line
11-17 18:52:30.946  2909  3883 W ContextImpl: Calling a method in the system process without a qualified user: android.app.ContextImpl.sendBroadcast:1079 android.content.ContextWrapper.sendBroadcast:453 com.byd.gpsinfo.broadcast.GpsInfoBroadcastManager.sendAltitudeBroadcast:96 com.byd.gpsinfo.manager.AltitudeManager.handleAltitudeBroadcast:41 com.byd.gpsinfo.listeners.GpsInfoLocationListener.updateLocation:81 
11-17 18:53:03.915  1073  1073 E TLOC    : [TLOCChannel]"Can't receive message due to timeout"
11-17 18:53:03.916  1073  1073 I TLOC    : [ModemComm  ]"Request succeeded for gps engine lock"
11-17 18:53:03.917  1073  1073 D TLOC    : [TLOCChannel] "Going to receive message for TLOCD"
11-17 18:53:03.917  1073  1073 D TLOC    : [TLOCChannel] "wait for message for user TLOCD"
11-17 18:53:04.915  1073  1073 E TLOC    : [TLOCChannel]"Can't receive message due to timeout"
11-17 18:53:04.915  1073  1073 E TLOC    : [TLOCDaemon ]"Couldn't receive command response"
11-17 18:53:04.915  1073  1073 I TLOC    : [TLOCDaemon ]"timeout passed - start periodic warm-up"
11-17 18:53:04.916  1073  1073 I TLOC    : [ModemComm  ]"Start a session successfully"
11-17 18:53:04.916  1073  1073 D TLOC    : [TLOCDaemon ]"The command finished successfully"
11-17 18:53:04.916  1073  1073 D TLOC    : [TLOCDaemon ]"waiting for command"
11-17 18:53:04.916  1073  1073 D TLOC    : [TLOCChannel] "Going to receive message for TLOCD"
11-17 18:53:04.916  1073  1073 D TLOC    : [TLOCChannel] "wait for message for user TLOCD"
11-17 18:53:05.901  1073  1374 I TLOC    : [Modem      ]"Received event indication of position report with status SUCCESS"
11-17 18:53:05.901  1073  1374 D TLOC    : [Modem      ] "*********** Position Report: ***********"
11-17 18:53:05.901  1073  1374 D TLOC    : [Modem      ] "	Latitude:	22.539717"
11-17 18:53:05.901  1073  1374 D TLOC    : [Modem      ] "	Longitude:	113.922336"
11-17 18:53:05.901  1073  1374 D TLOC    : [Modem      ] "	Accuracy:	3.535534"
11-17 18:53:05.901  1073  1374 D TLOC    : [Modem      ] "	Technology:	1"
11-17 18:53:05.901  1073  1374 D TLOC    : [Modem      ] "	Time:		1668682386000"
11-17 18:53:05.901  1073  1374 D TLOC    : [Modem      ] "	Altitude:	2.063355"
11-17 18:53:05.901  1073  1374 D TLOC    : [Modem      ] "	Bearing:	175.500000"
11-17 18:53:05.901  1073  1374 D TLOC    : [Modem      ] "	Speed:		7.310000"
11-17 18:53:05.901  1073  1374 D TLOC    : [Modem      ] "****************************************"
11-17 18:53:05.901  1073  1374 I TLOC    : [Modem      ]"Received location fix. Should close the session"
11-17 18:53:05.901  1073  1374 D TLOC    : [TLOCChannel] "TLOCChannel is already initialized"
11-17 18:53:05.901  1073  1374 D TLOC    : [TLOCChannel] "Going to send message to TLOCD"
11-17 18:53:05.901  1073  1374 D TLOC    : [TLOCChannel]" --- message(id:10, size:0) ---> TLOCD"
11-17 18:53:05.901  1073  1073 D TLOC    : [TLOCChannel]" TLOCD <--- message(id:10, size:0) ---"
11-17 18:53:05.901  1073  1073 I TLOC    : [TLOCDaemon ]"WarmUp ended"
11-17 18:53:05.905  1073  1073 I TLOC    : [ModemComm  ]"Stopped the session successfully"
11-17 18:53:05.905  1073  1073 D TLOC    : [TLOCDaemon ]"The command finished successfully"
11-17 18:53:05.905  1073  1073 D TLOC    : [TLOCDaemon ]"waiting for command"
11-17 18:53:05.905  1073  1073 D TLOC    : [TLOCChannel] "Going to receive message for TLOCD"
11-17 18:53:05.905  1073  1073 D TLOC    : [TLOCChannel] "wait for message for user TLOCD"
11-17 18:53:06.906  1073  1374 I TLOC    : [Modem      ]"Received event indication of position report with status SUCCESS"
11-17 18:53:06.906  1073  1374 D TLOC    : [Modem      ] "*********** Position Report: ***********"
11-17 18:53:06.906  1073  1374 D TLOC    : [Modem      ] "	Latitude:	22.539653"
11-17 18:53:06.906  1073  1374 D TLOC    : [Modem      ] "	Longitude:	113.922344"
11-17 18:53:06.906  1073  1374 D TLOC    : [Modem      ] "	Accuracy:	3.535534"
11-17 18:53:06.906  1073  1374 D TLOC    : [Modem      ] "	Technology:	1"
11-17 18:53:06.906  1073  1374 D TLOC    : [Modem      ] "	Time:		1668682387000"
11-17 18:53:06.906  1073  1374 D TLOC    : [Modem      ] "	Altitude:	2.520962"
11-17 18:53:06.906  1073  1374 D TLOC    : [Modem      ] "	Bearing:	173.600006"
11-17 18:53:06.906  1073  1374 D TLOC    : [Modem      ] "	Speed:		7.170000"
11-17 18:53:06.906  1073  1374 D TLOC    : [Modem      ] "****************************************"
11-17 18:53:06.906  1073  1374 I TLOC    : [Modem      ]"Received location fix. Should close the session"
11-17 18:53:06.906  1073  1374 D TLOC    : [TLOCChannel] "TLOCChannel is already initialized"
11-17 18:53:06.906  1073  1374 D TLOC    : [TLOCChannel] "Going to send message to TLOCD"
11-17 18:53:06.906  1073  1374 D TLOC    : [TLOCChannel]" --- message(id:10, size:0) ---> TLOCD"
11-17 18:53:06.906  1073  1073 D TLOC    : [TLOCChannel]" TLOCD <--- message(id:10, size:0) ---"
11-17 18:53:06.906  1073  1073 I TLOC    : [TLOCDaemon ]"WarmUp ended"
11-17 18:53:06.906  1073  1073 D TLOC    : [ModemComm  ]"Can't stop the session since there is no open session"
11-17 18:53:06.906  1073  1073 D TLOC    : [TLOCDaemon ]"The command finished successfully"
11-17 18:53:06.906  1073  1073 D TLOC    : [TLOCDaemon ]"waiting for command"
11-17 18:53:06.906  1073  1073 D TLOC    : [TLOCChannel] "Going to receive message for TLOCD"
11-17 18:53:06.906  1073  1073 D TLOC    : [TLOCChannel] "wait for message for user TLOCD"
11-17 18:53:21.149  1230 17124 I chatty  : uid=1000 system_server expire 1 line
11-17 18:53:21.153  1230 17125 I chatty  : uid=1000 system_server expire 1 line
11-17 18:53:21.157  1230 17126 I chatty  : uid=1000 system_server expire 1 line
11-17 18:53:21.167  1230 17127 I chatty  : uid=1000 system_server expire 1 line
11-17 18:53:21.170  1230 17128 I chatty  : uid=1000 system_server expire 1 line
11-17 18:53:21.943  2909  3883 W ContextImpl: Calling a method in the system process without a qualified user: android.app.ContextImpl.sendBroadcast:1079 android.content.ContextWrapper.sendBroadcast:453 com.byd.gpsinfo.broadcast.GpsInfoBroadcastManager.sendAltitudeBroadcast:96 com.byd.gpsinfo.manager.AltitudeManager.handleAltitudeBroadcast:41 com.byd.gpsinfo.listeners.GpsInfoLocationListener.updateLocation:81 
11-17 18:53:23.952  3349 17136 I chatty  : uid=1000(system) com.byd.autovoice expire 1 line
11-17 18:53:37.020  1230 17165 I chatty  : uid=1000 system_server expire 1 line
11-17 18:53:37.021  1230 17166 I chatty  : uid=1000 system_server expire 1 line
11-17 18:53:37.033  1230 17168 I chatty  : uid=1000 system_server expire 1 line
11-17 18:53:37.034  1230 17167 I chatty  : uid=1000 system_server expire 1 line
11-17 18:53:37.035  1230 17169 I chatty  : uid=1000 system_server expire 1 line
11-17 18:54:21.105  1230 17265 I chatty  : uid=1000 system_server expire 1 line
11-17 18:54:21.109  1230 17266 I chatty  : uid=1000 system_server expire 1 line
