12-14 13:22:10.333 29825 29825 W ContextImpl: Calling a method in the system process without a qualified user: android.app.ContextImpl.sendBroadcast:1079 android.content.ContextWrapper.sendBroadcast:453 com.android.launcher3.Stats.recordLaunch:146 com.android.launcher3.Launcher.startAppShortcutOrInfoActivity:3508 com.android.launcher3.Launcher.onClickAppShortcut:3343 
12-14 13:22:10.334  1234  1368 I WindowManager:  gww setNewFocusStatusForDvider 
12-14 13:22:10.341  1234  8673 I DropBoxManagerService: add tag=system_server_wtf isTagEnabled=true flags=0x2
12-14 13:22:10.364  1234  8673 D BydAutoRotation: com.huawei.carstatushelper.MainActivity, isResumed:true, reason:resumeTopActivityInnerLocked, displayId:0, removePreMsg:true
12-14 13:22:10.366  1234  8673 V WindowManager:  mAutoRotation 1 mLastPhyRotation = 3 mWmService.getUserPreferencesVaule()-1getPhysicalWindowOrientation = 3mCurrentAppOrientation = -1
12-14 13:22:10.366  1234  8673 V WindowManager: mLastPhyRotation 3
12-14 13:22:10.376  1234  8673 V WindowManager: syslog performShowLocked: mDrawState=HAS_DRAWN in Window{e735472 u0 SnapshotStartingWindow for taskId=79}
12-14 13:22:10.378  1234  1366 D WindowManager: sysstate setSystemUiVisibility visibility is 32776
12-14 13:22:10.400  1234  8803 D ActivityTaskManager: activityResumedForAcBar className:com.huawei.carstatushelper.MainActivity
12-14 13:22:10.411  1234  1368 I WindowManager:  gww setNewFocusStatusForDvider 
12-14 13:22:10.454  1234  1369 V WindowManager: syslog performShowLocked: mDrawState=HAS_DRAWN in Window{7d79466 u0 com.huawei.carstatushelper/com.huawei.carstatushelper.MainActivity}
12-14 13:22:10.564  1234  1396 D BydAutoRotation: info {name:com.huawei.carstatushelper.MainActivity,isFinishing:false,multiWindow:false,fullscreen:true,noDisplay:false}
12-14 13:22:10.565  1234  1396 D BydAutoRotation: orientation {xmlConfig:SCREEN_ORIENTATION_UNSPECIFIED, nowRequest:SCREEN_ORIENTATION_UNSPECIFIED, nowRequestFixed:false, codeRequestOther:false}
12-14 13:22:11.590  1234  8696 D BydAutoRotation: com.android.launcher3.Launcher, isResumed:true, reason:finishActivity adjustFocus, displayId:0, removePreMsg:false
12-14 13:22:11.591  1234  8696 W ActivityTaskManager: topComponentName ComponentInfo{com.android.launcher3/com.android.launcher3.Launcher}
12-14 13:22:11.591  1234  8696 D BydAutoRotation: com.android.launcher3.Launcher, isResumed:true, reason:finishActivity, displayId:0, removePreMsg:true
12-14 13:22:11.614  1234  1368 I WindowManager:  gww setNewFocusStatusForDvider 
12-14 13:22:11.619  1234  8673 D BydAutoRotation: com.android.launcher3.Launcher, isResumed:true, reason:resumeTopActivityInnerLocked, displayId:0, removePreMsg:true
12-14 13:22:11.620  1234  8673 V WindowManager:  mAutoRotation 1 mLastPhyRotation = 3 mWmService.getUserPreferencesVaule()-1getPhysicalWindowOrientation = 3mCurrentAppOrientation = -1
12-14 13:22:11.620  1234  8673 V WindowManager: mLastPhyRotation 3
12-14 13:22:11.669  1234  2216 D ActivityTaskManager: activityResumedForAcBar className:com.android.launcher3.Launcher
12-14 13:22:11.676  1234  1366 D WindowManager: sysstate setSystemUiVisibility visibility is 34568
12-14 13:22:11.678  1234  1368 I WindowManager:  gww setNewFocusStatusForDvider 
12-14 13:22:11.715  1234  1369 V WindowManager: syslog performShowLocked: mDrawState=HAS_DRAWN in Window{dd1f94f u0 com.android.launcher3/com.android.launcher3.Launcher}
12-14 13:22:11.823  1234  1396 D BydAutoRotation: info {name:com.android.launcher3.Launcher,isFinishing:false,multiWindow:false,fullscreen:true,noDisplay:false}
12-14 13:22:11.823  1234  1396 D BydAutoRotation: orientation {xmlConfig:SCREEN_ORIENTATION_UNSPECIFIED, nowRequest:SCREEN_ORIENTATION_UNSPECIFIED, nowRequestFixed:false, codeRequestOther:false}
12-14 13:22:12.931  1234  2215 D ActivityTaskManager: START intent = Intent { act=android.intent.action.MAIN cat=[android.intent.category.LAUNCHER] flg=0x10200000 cmp=com.huawei.log_collector/.MainActivity bnds=[540,1287][768,1688] (has extras) }, processName = com.android.launcher3
12-14 13:22:12.931  1234  2215 I ActivityTaskManager: START u0 {act=android.intent.action.MAIN cat=[android.intent.category.LAUNCHER] flg=0x10200000 cmp=com.huawei.log_collector/.MainActivity bnds=[540,1287][768,1688] (has extras)} from uid 1000
12-14 13:22:12.964 29825 29825 W ContextImpl: Calling a method in the system process without a qualified user: android.app.ContextImpl.sendBroadcast:1079 android.content.ContextWrapper.sendBroadcast:453 com.android.launcher3.Stats.recordLaunch:146 com.android.launcher3.Launcher.startAppShortcutOrInfoActivity:3508 com.android.launcher3.Launcher.onClickAppShortcut:3343 
12-14 13:22:12.966  1234  2215 I DropBoxManagerService: add tag=system_server_wtf isTagEnabled=true flags=0x2
12-14 13:22:13.031  1234  1368 I WindowManager:  gww setNewFocusStatusForDvider 
12-14 13:22:13.040  1234  1381 I ActivityManager: Start proc 8095:com.huawei.log_collector/u0a91 for activity {com.huawei.log_collector/com.huawei.log_collector.MainActivity}
12-14 13:22:13.078  1234  2198 V WindowManager:  mAutoRotation 1 mLastPhyRotation = 3 mWmService.getUserPreferencesVaule()-1getPhysicalWindowOrientation = 3mCurrentAppOrientation = -1
12-14 13:22:13.078  1234  2198 V WindowManager: mLastPhyRotation 3
12-14 13:22:13.084  1234  2198 D BydAutoRotation: com.huawei.log_collector.MainActivity, isResumed:true, reason:minimalResumeActivityLocked, displayId:0, removePreMsg:false
12-14 13:22:13.084  1234  2198 W ActivityTaskManager: Request to remove task ignored for non-existent task 94
12-14 13:22:13.091  1234  1369 V WindowManager: syslog performShowLocked: mDrawState=HAS_DRAWN in Window{8ff3a00 u0 Splash Screen com.huawei.log_collector}
12-14 13:22:13.093  1234  1366 D WindowManager: sysstate setSystemUiVisibility visibility is 32776
12-14 13:22:13.285  1234  1396 D BydAutoRotation: info {name:com.huawei.log_collector.MainActivity,isFinishing:false,multiWindow:false,fullscreen:true,noDisplay:false}
12-14 13:22:13.285  1234  1396 D BydAutoRotation: orientation {xmlConfig:SCREEN_ORIENTATION_UNSPECIFIED, nowRequest:SCREEN_ORIENTATION_UNSPECIFIED, nowRequestFixed:false, codeRequestOther:false}
12-14 13:22:13.287  1234  8696 D ActivityTaskManager: activityResumedForAcBar className:com.huawei.log_collector.MainActivity
12-14 13:22:13.323  1234  1368 I WindowManager:  gww setNewFocusStatusForDvider 
12-14 13:22:13.433  1234  1369 V WindowManager: syslog performShowLocked: mDrawState=HAS_DRAWN in Window{a9d46e1 u0 com.huawei.log_collector/com.huawei.log_collector.MainActivity}
12-14 13:22:14.501  1234  2758 E TaskPersister: File error accessing recents directory (directory doesn't exist?).
12-14 13:22:14.501  1234  2758 E TaskPersister: File error accessing recents directory (directory doesn't exist?).
12-14 13:22:15.217  1234  2215 D ActivityManager: ssc_skip startServiceLocked 10091 want to start 10091, package com.huawei.log_collector
12-14 13:22:15.222  1234  2215 D BydAutoRotation: com.android.launcher3.Launcher, isResumed:true, reason:finishActivity adjustFocus, displayId:0, removePreMsg:false
12-14 13:22:15.223  1234  2215 W ActivityTaskManager: topComponentName ComponentInfo{com.android.launcher3/com.android.launcher3.Launcher}
12-14 13:22:15.223  1234  2215 D BydAutoRotation: com.android.launcher3.Launcher, isResumed:true, reason:finishActivity, displayId:0, removePreMsg:true
12-14 13:22:15.246  1234  1368 I WindowManager:  gww setNewFocusStatusForDvider 
12-14 13:22:15.301  1234  8803 D BydAutoRotation: com.android.launcher3.Launcher, isResumed:true, reason:resumeTopActivityInnerLocked, displayId:0, removePreMsg:true
12-14 13:22:15.302  1234  8803 V WindowManager:  mAutoRotation 1 mLastPhyRotation = 3 mWmService.getUserPreferencesVaule()-1getPhysicalWindowOrientation = 3mCurrentAppOrientation = -1
12-14 13:22:15.302  1234  8803 V WindowManager: mLastPhyRotation 3
12-14 13:22:15.358  1234  2198 D ActivityTaskManager: activityResumedForAcBar className:com.android.launcher3.Launcher
12-14 13:22:15.362  1234  1379 I ActivityManager: Force stopping com.huawei.log_collector appid=10091 user=-1: rapidmode
12-14 13:22:15.369  1234  1366 D WindowManager: sysstate setSystemUiVisibility visibility is 34568
12-14 13:22:15.384  1234  1368 I WindowManager:  gww setNewFocusStatusForDvider 
12-14 13:22:15.397  1234  1369 V WindowManager: syslog performShowLocked: mDrawState=HAS_DRAWN in Window{dd1f94f u0 com.android.launcher3/com.android.launcher3.Launcher}
12-14 13:22:15.401  1234  1379 I ActivityManager: Killing 8095:com.huawei.log_collector/u0a91 (adj 199): stop com.huawei.log_collector
12-14 13:22:15.411  1234  1379 W ActivityTaskManager: Force removing ActivityRecord{e8afcd0 u0 com.huawei.log_collector/.MainActivity t95 f}: app died, no saved state
12-14 13:22:15.496  1234  8696 I WindowManager: WIN DEATH: Window{971f990 u0 com.huawei.log_collector}
12-14 13:22:15.503  1234  1396 D BydAutoRotation: info {name:com.android.launcher3.Launcher,isFinishing:false,multiWindow:false,fullscreen:true,noDisplay:false}
12-14 13:22:15.503  1234  1396 D BydAutoRotation: orientation {xmlConfig:SCREEN_ORIENTATION_UNSPECIFIED, nowRequest:SCREEN_ORIENTATION_UNSPECIFIED, nowRequestFixed:false, codeRequestOther:false}
12-14 13:22:15.506  1234  1859 I WindowManager: WIN DEATH: Window{a9d46e1 u0 com.huawei.log_collector/com.huawei.log_collector.MainActivity}
12-14 13:22:15.640  1234  1368 W ActivityManager: setHasOverlayUi called on unknown pid: 8095
12-14 13:22:18.457  1234  2758 E TaskPersister: File error accessing recents directory (directory doesn't exist?).
12-14 13:22:18.457  1234  2758 E TaskPersister: File error accessing recents directory (directory doesn't exist?).
12-14 13:22:18.934  1234  1975 V WindowManager:  mAutoRotation 1 mLastPhyRotation = 3 mWmService.getUserPreferencesVaule()-1getPhysicalWindowOrientation = 3mCurrentAppOrientation = 14
12-14 13:22:18.934  1234  1975 V WindowManager: mLastPhyRotation 3
12-14 13:22:18.935  1234  1975 D BydAutoRotation: com.android.launcher3.Launcher, isResumed:true, reason:setRequestedOrientation, displayId:0, removePreMsg:false
12-14 13:22:19.002  3303  8141 W ContextImpl: Calling a method in the system process without a qualified user: android.app.ContextImpl.sendBroadcast:1064 android.content.ContextWrapper.sendBroadcast:448 com.byd.service.a.a.e:9 com.byd.service.a.a.b:3 com.byd.service.a.a.a:0 
12-14 13:22:19.004  1234  1975 I DropBoxManagerService: add tag=system_server_wtf isTagEnabled=true flags=0x2
12-14 13:22:19.022  1234  1975 I DropBoxManagerService: add tag=system_server_wtf isTagEnabled=true flags=0x2
12-14 13:22:19.136  1234  1396 D BydAutoRotation: info {name:com.android.launcher3.Launcher,isFinishing:false,multiWindow:false,fullscreen:true,noDisplay:false}
12-14 13:22:19.136  1234  1396 D BydAutoRotation: orientation {xmlConfig:SCREEN_ORIENTATION_UNSPECIFIED, nowRequest:SCREEN_ORIENTATION_LOCKED, nowRequestFixed:false, codeRequestOther:true}
12-14 13:22:20.251  1234  1975 V WindowManager:  mAutoRotation 1 mLastPhyRotation = 3 mWmService.getUserPreferencesVaule()-1getPhysicalWindowOrientation = 3mCurrentAppOrientation = -1
12-14 13:22:20.251  1234  1975 V WindowManager: mLastPhyRotation 3
12-14 13:22:20.251  1234  1975 D BydAutoRotation: com.android.launcher3.Launcher, isResumed:true, reason:setRequestedOrientation, displayId:0, removePreMsg:false
12-14 13:22:20.453  1234  1396 D BydAutoRotation: info {name:com.android.launcher3.Launcher,isFinishing:false,multiWindow:false,fullscreen:true,noDisplay:false}
12-14 13:22:20.453  1234  1396 D BydAutoRotation: orientation {xmlConfig:SCREEN_ORIENTATION_UNSPECIFIED, nowRequest:SCREEN_ORIENTATION_UNSPECIFIED, nowRequestFixed:false, codeRequestOther:false}
12-14 13:22:20.532  1234  1975 D ActivityTaskManager: START intent = Intent { act=android.intent.action.APPLICATION_SETTINGS cat=[android.intent.category.DEFAULT] flg=0x10200000 cmp=com.byd.systemsettings/.applications.ApplicationActivity (has extras) }, processName = system
12-14 13:22:20.532  1234  1975 I ActivityTaskManager: START u0 {act=android.intent.action.APPLICATION_SETTINGS cat=[android.intent.category.DEFAULT] flg=0x10200000 cmp=com.byd.systemsettings/.applications.ApplicationActivity (has extras)} from uid 1000
12-14 13:22:20.569  1234  1975 I ActivityTaskManager: The Process com.byd.systemsettings Already Exists in BG. So sending its PID: 1587
12-14 13:22:20.570  1234  1975 V WindowManager:  mAutoRotation 1 mLastPhyRotation = 3 mWmService.getUserPreferencesVaule()-1getPhysicalWindowOrientation = 3mCurrentAppOrientation = -1
12-14 13:22:20.570  1234  1975 V WindowManager: mLastPhyRotation 3
12-14 13:22:20.571  1234  1975 D BydAutoRotation: com.byd.systemsettings.applications.ApplicationActivity, isResumed:true, reason:minimalResumeActivityLocked, displayId:0, removePreMsg:false
12-14 13:22:20.590  1234  1368 I WindowManager:  gww setNewFocusStatusForDvider 
12-14 13:22:20.703  1234  1975 D ActivityTaskManager: activityResumedForAcBar className:com.byd.systemsettings.applications.ApplicationActivity
12-14 13:22:20.711  1234  1368 I WindowManager:  gww setNewFocusStatusForDvider 
12-14 13:22:20.711  1234  1388 E BatteryExternalStatsWorker: no controller energy info supplied for bluetooth
12-14 13:22:20.711  1234  1366 D WindowManager: sysstate setSystemUiVisibility visibility is 32776
12-14 13:22:20.761  1234  1975 D ActivityManager: bindServiceLocked  1000 process com.byd.systemsettings  want to bind 10019
12-14 13:22:20.765  1234  1369 V WindowManager: syslog performShowLocked: mDrawState=HAS_DRAWN in Window{b321838 u0 com.byd.systemsettings/com.byd.systemsettings.applications.ApplicationActivity}
12-14 13:22:20.771  1234  1396 D BydAutoRotation: info {name:com.byd.systemsettings.applications.ApplicationActivity,isFinishing:false,multiWindow:false,fullscreen:false,noDisplay:false}
12-14 13:22:20.771  1234  1396 D BydAutoRotation: orientation {xmlConfig:SCREEN_ORIENTATION_UNSPECIFIED, nowRequest:SCREEN_ORIENTATION_UNSPECIFIED, nowRequestFixed:false, codeRequestOther:false}
12-14 13:22:22.371  1234  8696 D ActivityTaskManager: START intent = Intent { act=android.intent.action.MANAGE_APP_PERMISSIONS cmp=com.android.permissioncontroller/com.android.packageinstaller.permission.ui.PermissionsActivity (has extras) }, processName = com.byd.systemsettings
12-14 13:22:22.371  1234  8696 I ActivityTaskManager: START u0 {act=android.intent.action.MANAGE_APP_PERMISSIONS cmp=com.android.permissioncontroller/com.android.packageinstaller.permission.ui.PermissionsActivity (has extras)} from uid 1000
12-14 13:22:22.423  1234  1975 I ActivityTaskManager: The Process com.android.permissioncontroller Already Exists in BG. So sending its PID: 29760
12-14 13:22:22.424  1234  1975 V WindowManager:  mAutoRotation 1 mLastPhyRotation = 3 mWmService.getUserPreferencesVaule()-1getPhysicalWindowOrientation = 3mCurrentAppOrientation = -1
12-14 13:22:22.424  1234  1975 V WindowManager: mLastPhyRotation 3
12-14 13:22:22.426  1234  1975 D BydAutoRotation: com.android.packageinstaller.permission.ui.PermissionsActivity, isResumed:true, reason:minimalResumeActivityLocked, displayId:0, removePreMsg:false
12-14 13:22:22.426  1234  1366 D WindowManager: sysstate setSystemUiVisibility visibility is 34568
12-14 13:22:22.452  1234  1368 I WindowManager:  gww setNewFocusStatusForDvider 
12-14 13:22:22.599  1234  8803 D ActivityTaskManager: activityResumedForAcBar className:com.android.packageinstaller.permission.ui.PermissionsActivity
12-14 13:22:22.627  1234  1396 D BydAutoRotation: info {name:com.android.packageinstaller.permission.ui.PermissionsActivity,isFinishing:false,multiWindow:false,fullscreen:false,noDisplay:false}
12-14 13:22:22.627  1234  1396 D BydAutoRotation: orientation {xmlConfig:SCREEN_ORIENTATION_UNSPECIFIED, nowRequest:SCREEN_ORIENTATION_UNSPECIFIED, nowRequestFixed:false, codeRequestOther:false}
12-14 13:22:22.649  1234  1366 D WindowManager: sysstate setSystemUiVisibility visibility is 32776
12-14 13:22:22.652  1234  1368 I WindowManager:  gww setNewFocusStatusForDvider 
12-14 13:22:22.750  1234  1369 V WindowManager: syslog performShowLocked: mDrawState=HAS_DRAWN in Window{f8f261 u0 com.android.permissioncontroller/com.android.packageinstaller.permission.ui.PermissionsActivity}
12-14 13:22:24.668  1234  2758 E TaskPersister: File error accessing recents directory (directory doesn't exist?).
12-14 13:22:24.668  1234  2758 E TaskPersister: File error accessing recents directory (directory doesn't exist?).
12-14 13:22:24.864  1234  1366 D WindowManager: sysstate setSystemUiVisibility visibility is 32776
12-14 13:22:24.864  1234  1815 W ActivityTaskManager: topComponentName ComponentInfo{com.byd.systemsettings/com.byd.systemsettings.applications.ApplicationActivity}
12-14 13:22:24.864  1234  1815 D BydAutoRotation: com.byd.systemsettings.applications.ApplicationActivity, isResumed:true, reason:finishActivity, displayId:0, removePreMsg:false
12-14 13:22:24.895  1234  1368 I WindowManager:  gww setNewFocusStatusForDvider 
12-14 13:22:24.899  1234  8696 V WindowManager:  mAutoRotation 1 mLastPhyRotation = 3 mWmService.getUserPreferencesVaule()-1getPhysicalWindowOrientation = 3mCurrentAppOrientation = -1
12-14 13:22:24.899  1234  8696 V WindowManager: mLastPhyRotation 3
12-14 13:22:24.904  1234  8696 D BydAutoRotation: com.byd.systemsettings.applications.ApplicationActivity, isResumed:true, reason:resumeTopActivityInnerLocked, displayId:0, removePreMsg:true
12-14 13:22:24.904  1234  8696 V WindowManager:  mAutoRotation 1 mLastPhyRotation = 3 mWmService.getUserPreferencesVaule()-1getPhysicalWindowOrientation = 3mCurrentAppOrientation = -1
12-14 13:22:24.905  1234  8696 V WindowManager: mLastPhyRotation 3
12-14 13:22:25.018  1234  1815 D ActivityTaskManager: activityResumedForAcBar className:com.byd.systemsettings.applications.ApplicationActivity
12-14 13:22:25.104  1234  1396 D BydAutoRotation: info {name:com.byd.systemsettings.applications.ApplicationActivity,isFinishing:false,multiWindow:false,fullscreen:false,noDisplay:false}
12-14 13:22:25.104  1234  1396 D BydAutoRotation: orientation {xmlConfig:SCREEN_ORIENTATION_UNSPECIFIED, nowRequest:SCREEN_ORIENTATION_UNSPECIFIED, nowRequestFixed:false, codeRequestOther:false}
12-14 13:22:26.770  1234  1366 D WindowManager: sysstate setSystemUiVisibility visibility is 34568
12-14 13:22:26.770  1234  1975 W ActivityTaskManager: topComponentName ComponentInfo{com.android.launcher3/com.android.launcher3.Launcher}
12-14 13:22:26.770  1234  1975 D BydAutoRotation: com.android.launcher3.Launcher, isResumed:true, reason:finishActivity, displayId:0, removePreMsg:false
12-14 13:22:26.790  1234  1368 I WindowManager:  gww setNewFocusStatusForDvider 
12-14 13:22:26.798  1234  8803 V WindowManager:  mAutoRotation 1 mLastPhyRotation = 3 mWmService.getUserPreferencesVaule()-1getPhysicalWindowOrientation = 3mCurrentAppOrientation = -1
12-14 13:22:26.798  1234  8803 V WindowManager: mLastPhyRotation 3
12-14 13:22:26.800  1234  8803 D BydAutoRotation: com.android.launcher3.Launcher, isResumed:true, reason:resumeTopActivityInnerLocked, displayId:0, removePreMsg:true
12-14 13:22:26.802  1234  8803 V WindowManager:  mAutoRotation 1 mLastPhyRotation = 3 mWmService.getUserPreferencesVaule()-1getPhysicalWindowOrientation = 3mCurrentAppOrientation = -1
12-14 13:22:26.802  1234  8803 V WindowManager: mLastPhyRotation 3
12-14 13:22:26.826  1234  1975 D ActivityTaskManager: activityResumedForAcBar className:com.android.launcher3.Launcher
12-14 13:22:26.910  1587  1587 E ActivityThread: Activity com.byd.systemsettings.applications.ApplicationActivity has leaked IntentReceiver com.byd.systemsettings.applications.ApplicationActivity$HomeWatcherReceiver@a375030 that was originally registered here. Are you missing a call to unregisterReceiver()?
12-14 13:22:26.910  1587  1587 E ActivityThread: android.app.IntentReceiverLeaked: Activity com.byd.systemsettings.applications.ApplicationActivity has leaked IntentReceiver com.byd.systemsettings.applications.ApplicationActivity$HomeWatcherReceiver@a375030 that was originally registered here. Are you missing a call to unregisterReceiver()?
12-14 13:22:26.910  1587  1587 E ActivityThread: 	at android.app.LoadedApk$ReceiverDispatcher.<init>(LoadedApk.java:1588)
12-14 13:22:26.910  1587  1587 E ActivityThread: 	at android.app.LoadedApk.getReceiverDispatcher(LoadedApk.java:1368)
12-14 13:22:26.910  1587  1587 E ActivityThread: 	at android.app.ContextImpl.registerReceiverInternal(ContextImpl.java:1534)
12-14 13:22:26.910  1587  1587 E ActivityThread: 	at android.app.ContextImpl.registerReceiver(ContextImpl.java:1507)
12-14 13:22:26.910  1587  1587 E ActivityThread: 	at android.app.ContextImpl.registerReceiver(ContextImpl.java:1495)
12-14 13:22:26.910  1587  1587 E ActivityThread: 	at android.content.ContextWrapper.registerReceiver(ContextWrapper.java:627)
12-14 13:22:26.910  1587  1587 E ActivityThread: 	at com.byd.systemsettings.applications.ApplicationActivity.onResume(ApplicationActivity.java:114)
12-14 13:22:26.910  1587  1587 E ActivityThread: 	at android.app.Instrumentation.callActivityOnResume(Instrumentation.java:1454)
12-14 13:22:26.910  1587  1587 E ActivityThread: 	at android.app.Activity.performResume(Activity.java:8130)
12-14 13:22:26.910  1587  1587 E ActivityThread: 	at android.app.ActivityThread.performResumeActivity(ActivityThread.java:4196)
12-14 13:22:26.910  1587  1587 E ActivityThread: 	at android.app.ActivityThread.handleResumeActivity(ActivityThread.java:4238)
12-14 13:22:26.910  1587  1587 E ActivityThread: 	at android.app.servertransaction.ResumeActivityItem.execute(ResumeActivityItem.java:52)
12-14 13:22:26.910  1587  1587 E ActivityThread: 	at android.app.servertransaction.TransactionExecutor.executeLifecycleState(TransactionExecutor.java:176)
12-14 13:22:26.910  1587  1587 E ActivityThread: 	at android.app.servertransaction.TransactionExecutor.execute(TransactionExecutor.java:97)
12-14 13:22:26.910  1587  1587 E ActivityThread: 	at android.app.ActivityThread$H.handleMessage(ActivityThread.java:2017)
12-14 13:22:26.910  1587  1587 E ActivityThread: 	at android.os.Handler.dispatchMessage(Handler.java:107)
12-14 13:22:26.910  1587  1587 E ActivityThread: 	at android.os.Looper.loop(Looper.java:214)
12-14 13:22:26.910  1587  1587 E ActivityThread: 	at android.app.ActivityThread.main(ActivityThread.java:7478)
12-14 13:22:26.910  1587  1587 E ActivityThread: 	at java.lang.reflect.Method.invoke(Native Method)
12-14 13:22:26.910  1587  1587 E ActivityThread: 	at com.android.internal.os.RuntimeInit$MethodAndArgsCaller.run(RuntimeInit.java:492)
12-14 13:22:26.910  1587  1587 E ActivityThread: 	at com.android.internal.os.ZygoteInit.main(ZygoteInit.java:935)
12-14 13:22:27.001  1234  1396 D BydAutoRotation: info {name:com.android.launcher3.Launcher,isFinishing:false,multiWindow:false,fullscreen:true,noDisplay:false}
12-14 13:22:27.001  1234  1396 D BydAutoRotation: orientation {xmlConfig:SCREEN_ORIENTATION_UNSPECIFIED, nowRequest:SCREEN_ORIENTATION_UNSPECIFIED, nowRequestFixed:false, codeRequestOther:false}
12-14 13:22:28.003  1234  8673 D ActivityTaskManager: START intent = Intent { act=android.intent.action.MAIN cat=[android.intent.category.LAUNCHER] flg=0x10200000 cmp=com.huawei.log_collector/.MainActivity bnds=[540,1287][768,1688] (has extras) }, processName = com.android.launcher3
12-14 13:22:28.003  1234  8673 I ActivityTaskManager: START u0 {act=android.intent.action.MAIN cat=[android.intent.category.LAUNCHER] flg=0x10200000 cmp=com.huawei.log_collector/.MainActivity bnds=[540,1287][768,1688] (has extras)} from uid 1000
12-14 13:22:28.040 29825 29825 W ContextImpl: Calling a method in the system process without a qualified user: android.app.ContextImpl.sendBroadcast:1079 android.content.ContextWrapper.sendBroadcast:453 com.android.launcher3.Stats.recordLaunch:146 com.android.launcher3.Launcher.startAppShortcutOrInfoActivity:3508 com.android.launcher3.Launcher.onClickAppShortcut:3343 
12-14 13:22:28.042  1234  1815 I DropBoxManagerService: add tag=system_server_wtf isTagEnabled=true flags=0x2
12-14 13:22:28.141  1234  1381 I ActivityManager: Start proc 8186:com.huawei.log_collector/u0a91 for activity {com.huawei.log_collector/com.huawei.log_collector.MainActivity}
12-14 13:22:28.194  1234  8673 V WindowManager:  mAutoRotation 1 mLastPhyRotation = 3 mWmService.getUserPreferencesVaule()-1getPhysicalWindowOrientation = 3mCurrentAppOrientation = -1
12-14 13:22:28.194  1234  8673 V WindowManager: mLastPhyRotation 3
12-14 13:22:28.197  1234  8673 D BydAutoRotation: com.huawei.log_collector.MainActivity, isResumed:true, reason:minimalResumeActivityLocked, displayId:0, removePreMsg:false
12-14 13:22:28.198  1234  8673 W ActivityTaskManager: Request to remove task ignored for non-existent task 97
12-14 13:22:28.218  1234  1369 V WindowManager: syslog performShowLocked: mDrawState=HAS_DRAWN in Window{2bc2bc9 u0 Splash Screen com.huawei.log_collector}
12-14 13:22:28.223  1234  1366 D WindowManager: sysstate setSystemUiVisibility visibility is 32776
12-14 13:22:28.234  1234  1368 I WindowManager:  gww setNewFocusStatusForDvider 
12-14 13:22:28.397  1234  1396 D BydAutoRotation: info {name:com.huawei.log_collector.MainActivity,isFinishing:false,multiWindow:false,fullscreen:true,noDisplay:false}
12-14 13:22:28.397  1234  1396 D BydAutoRotation: orientation {xmlConfig:SCREEN_ORIENTATION_UNSPECIFIED, nowRequest:SCREEN_ORIENTATION_UNSPECIFIED, nowRequestFixed:false, codeRequestOther:false}
12-14 13:22:28.401  1234  1815 D ActivityTaskManager: activityResumedForAcBar className:com.huawei.log_collector.MainActivity
12-14 13:22:28.430  1234  1368 I WindowManager:  gww setNewFocusStatusForDvider 
12-14 13:22:28.516  1234  1369 V WindowManager: syslog performShowLocked: mDrawState=HAS_DRAWN in Window{9c2218a u0 com.huawei.log_collector/com.huawei.log_collector.MainActivity}
12-14 13:22:29.580  1234  2758 E TaskPersister: File error accessing recents directory (directory doesn't exist?).
12-14 13:22:29.580  1234  2758 E TaskPersister: File error accessing recents directory (directory doesn't exist?).
12-14 13:22:34.742  1234  1975 D BydAutoRotation: com.android.launcher3.Launcher, isResumed:true, reason:finishActivity adjustFocus, displayId:0, removePreMsg:false
12-14 13:22:34.744  1234  1975 W ActivityTaskManager: topComponentName ComponentInfo{com.android.launcher3/com.android.launcher3.Launcher}
12-14 13:22:34.744  1234  1975 D BydAutoRotation: com.android.launcher3.Launcher, isResumed:true, reason:finishActivity, displayId:0, removePreMsg:true
12-14 13:22:34.781  1234  1975 D BydAutoRotation: com.android.launcher3.Launcher, isResumed:true, reason:resumeTopActivityInnerLocked, displayId:0, removePreMsg:true
12-14 13:22:34.782  1234  1975 V WindowManager:  mAutoRotation 1 mLastPhyRotation = 3 mWmService.getUserPreferencesVaule()-1getPhysicalWindowOrientation = 3mCurrentAppOrientation = -1
12-14 13:22:34.782  1234  1975 V WindowManager: mLastPhyRotation 3
12-14 13:22:34.793  1234  1368 I WindowManager:  gww setNewFocusStatusForDvider 
12-14 13:22:34.849  1234  1859 D ActivityTaskManager: activityResumedForAcBar className:com.android.launcher3.Launcher
12-14 13:22:34.860  1234  1366 D WindowManager: sysstate setSystemUiVisibility visibility is 34568
12-14 13:22:34.864  1234  1379 I ActivityManager: Force stopping com.huawei.log_collector appid=10091 user=-1: rapidmode
12-14 13:22:34.871  1234  1368 I WindowManager:  gww setNewFocusStatusForDvider 
12-14 13:22:34.879  1234  1379 I ActivityManager: Killing 8186:com.huawei.log_collector/u0a91 (adj 199): stop com.huawei.log_collector
12-14 13:22:34.886  1234  1379 W ActivityTaskManager: Force removing ActivityRecord{e424eff u0 com.huawei.log_collector/.MainActivity t98 f}: app died, no saved state
12-14 13:22:34.920  1234  1369 V WindowManager: syslog performShowLocked: mDrawState=HAS_DRAWN in Window{dd1f94f u0 com.android.launcher3/com.android.launcher3.Launcher}
12-14 13:22:34.982  1234  1396 D BydAutoRotation: info {name:com.android.launcher3.Launcher,isFinishing:false,multiWindow:false,fullscreen:true,noDisplay:false}
12-14 13:22:34.983  1234  1396 D BydAutoRotation: orientation {xmlConfig:SCREEN_ORIENTATION_UNSPECIFIED, nowRequest:SCREEN_ORIENTATION_UNSPECIFIED, nowRequestFixed:false, codeRequestOther:false}
12-14 13:22:35.012  1234  6849 I WindowManager: WIN DEATH: Window{9c2218a u0 com.huawei.log_collector/com.huawei.log_collector.MainActivity}
12-14 13:22:35.169  1234  1368 W ActivityManager: setHasOverlayUi called on unknown pid: 8186
12-14 13:22:37.865  1234  6849 D ActivityTaskManager: START intent = Intent { act=android.intent.action.MAIN cat=[android.intent.category.LAUNCHER] flg=0x10200000 cmp=com.didjdk.adbhelper/.ConnectActivity bnds=[84,886][312,1287] (has extras) }, processName = com.android.launcher3
12-14 13:22:37.865  1234  6849 I ActivityTaskManager: START u0 {act=android.intent.action.MAIN cat=[android.intent.category.LAUNCHER] flg=0x10200000 cmp=com.didjdk.adbhelper/.ConnectActivity bnds=[84,886][312,1287] (has extras)} from uid 1000
12-14 13:22:37.898 29825 29825 W ContextImpl: Calling a method in the system process without a qualified user: android.app.ContextImpl.sendBroadcast:1079 android.content.ContextWrapper.sendBroadcast:453 com.android.launcher3.Stats.recordLaunch:146 com.android.launcher3.Launcher.startAppShortcutOrInfoActivity:3508 com.android.launcher3.Launcher.onClickAppShortcut:3343 
12-14 13:22:37.901  1234  6849 I DropBoxManagerService: add tag=system_server_wtf isTagEnabled=true flags=0x2
12-14 13:22:37.946  1234  1368 I WindowManager:  gww setNewFocusStatusForDvider 
12-14 13:22:37.984  1234  1381 I ActivityManager: Start proc 8236:com.didjdk.adbhelper/u0a89 for activity {com.didjdk.adbhelper/com.didjdk.adbhelper.ConnectActivity}
12-14 13:22:38.034  1234  6849 V WindowManager:  mAutoRotation 1 mLastPhyRotation = 3 mWmService.getUserPreferencesVaule()-1getPhysicalWindowOrientation = 3mCurrentAppOrientation = -1
12-14 13:22:38.034  1234  6849 V WindowManager: mLastPhyRotation 3
12-14 13:22:38.040  1234  6849 D BydAutoRotation: com.didjdk.adbhelper.ConnectActivity, isResumed:true, reason:minimalResumeActivityLocked, displayId:0, removePreMsg:false
12-14 13:22:38.053  1234  1369 V WindowManager: syslog performShowLocked: mDrawState=HAS_DRAWN in Window{a6e6a6d u0 Splash Screen com.didjdk.adbhelper}
12-14 13:22:38.055  1234  1366 D WindowManager: sysstate setSystemUiVisibility visibility is 40984
12-14 13:22:38.241  1234  1396 D BydAutoRotation: info {name:com.didjdk.adbhelper.ConnectActivity,isFinishing:false,multiWindow:false,fullscreen:true,noDisplay:false}
12-14 13:22:38.241  1234  1396 D BydAutoRotation: orientation {xmlConfig:SCREEN_ORIENTATION_UNSPECIFIED, nowRequest:SCREEN_ORIENTATION_UNSPECIFIED, nowRequestFixed:false, codeRequestOther:false}
12-14 13:22:38.586  1234  8673 D ActivityTaskManager: activityResumedForAcBar className:com.didjdk.adbhelper.ConnectActivity
12-14 13:22:38.611  1234  1368 I WindowManager:  gww setNewFocusStatusForDvider 
12-14 13:22:38.686  1234  1369 V WindowManager: syslog performShowLocked: mDrawState=HAS_DRAWN in Window{f1a8076 u0 com.didjdk.adbhelper/com.didjdk.adbhelper.ConnectActivity}
12-14 13:22:39.041  1234  2758 E TaskPersister: File error accessing recents directory (directory doesn't exist?).
12-14 13:22:39.041  1234  2758 E TaskPersister: File error accessing recents directory (directory doesn't exist?).
12-14 13:22:47.891  1234  1366 D WindowManager: sysstate setSystemUiVisibility visibility is 32792
12-14 13:22:47.892  1234  1368 I WindowManager:  gww setNewFocusStatusForDvider 
12-14 13:22:47.925  1234  1369 V WindowManager: syslog performShowLocked: mDrawState=HAS_DRAWN in Window{66adc57 u0 PopupWindow:e01844d}
12-14 13:22:48.583  1234  1366 D WindowManager: sysstate setSystemUiVisibility visibility is 40984
12-14 13:22:48.584  1234  1368 I WindowManager:  gww setNewFocusStatusForDvider 
12-14 13:22:48.690  1234  2628 D AdbDebuggingManager: Received connected key message: QAAAAM1WH/j7eTuISaUkUdlJoRVvG2nEwvj+ti1kerHeVl0r74EJZ1gOTWF3gOV3wqhQ/KsGRw9p6oAmO6M8ZIdKf68WCz9QuFy2blAAvkmdKIYEk108D+ceGC9Qjc/MrqVO0QTLvd7+liX4ysxxB9eSxK/+xzMpILXq3MVKu1VC/dmAuJdpA4G1py/P2SsMUluvN6QrGFkWUh0CHURegDoU6z4o+7xAuE1jITYru6rygPBmWtpk2hksCl+kwOMgcUQ+X5orwFiOZVDjsy1A/+ihg7irYoBD0n7Ri0dHeQx5Ww2HWFetIqbbfmVl0Lcs/TGN5PHeAa9IctGuYIfW5Z19LexAmQ6sVJu6K5kYogdHs+tnPk+MEmSwGf4OT43CSoDB4jWSMzuvm+hul8ys/NxXjTOg01eQ0PNODf2dIvzUnlkmWq3Q5/ZV/VlwE/p68YK6iQT8hAlsa0+hK6p/yJLrU9+gWlhsgvc3nsBPy0fWZkcVykSR0twyT3TYo7SK8oko5xGZIjqoUDkgi/SOoj9/urKQTP0kjSydmOQJKqTBahV3onOjlLHEhFVJYLtq/N+RZDfEMDhtXlGXNOd/M15aqQaQLcyXox+KGOa2itck2HEcqNN4p2QXCnv/AdQWT6M4UsuAOF8y94KtFuPJVvIC9bVfR4m9Ii1c7DZA0VU7STywrMYmgAEAAQA= u0_a89@localhost
12-14 13:22:48.690  1234  1365 D AdbDebuggingManager: Logging key QAAAAM1WH/j7eTuISaUkUdlJoRVvG2nEwvj+ti1kerHeVl0r74EJZ1gOTWF3gOV3wqhQ/KsGRw9p6oAmO6M8ZIdKf68WCz9QuFy2blAAvkmdKIYEk108D+ceGC9Qjc/MrqVO0QTLvd7+liX4ysxxB9eSxK/+xzMpILXq3MVKu1VC/dmAuJdpA4G1py/P2SsMUluvN6QrGFkWUh0CHURegDoU6z4o+7xAuE1jITYru6rygPBmWtpk2hksCl+kwOMgcUQ+X5orwFiOZVDjsy1A/+ihg7irYoBD0n7Ri0dHeQx5Ww2HWFetIqbbfmVl0Lcs/TGN5PHeAa9IctGuYIfW5Z19LexAmQ6sVJu6K5kYogdHs+tnPk+MEmSwGf4OT43CSoDB4jWSMzuvm+hul8ys/NxXjTOg01eQ0PNODf2dIvzUnlkmWq3Q5/ZV/VlwE/p68YK6iQT8hAlsa0+hK6p/yJLrU9+gWlhsgvc3nsBPy0fWZkcVykSR0twyT3TYo7SK8oko5xGZIjqoUDkgi/SOoj9/urKQTP0kjSydmOQJKqTBahV3onOjlLHEhFVJYLtq/N+RZDfEMDhtXlGXNOd/M15aqQaQLcyXox+KGOa2itck2HEcqNN4p2QXCnv/AdQWT6M4UsuAOF8y94KtFuPJVvIC9bVfR4m9Ii1c7DZA0VU7STywrMYmgAEAAQA= u0_a89@localhost, state = 4, alwaysAllow = true, lastConnectionTime = 1670995368690, authWindow = 604800000
12-14 13:22:48.715  1234  2628 D AdbDebuggingManager: Received connected key message: QAAAAM1WH/j7eTuISaUkUdlJoRVvG2nEwvj+ti1kerHeVl0r74EJZ1gOTWF3gOV3wqhQ/KsGRw9p6oAmO6M8ZIdKf68WCz9QuFy2blAAvkmdKIYEk108D+ceGC9Qjc/MrqVO0QTLvd7+liX4ysxxB9eSxK/+xzMpILXq3MVKu1VC/dmAuJdpA4G1py/P2SsMUluvN6QrGFkWUh0CHURegDoU6z4o+7xAuE1jITYru6rygPBmWtpk2hksCl+kwOMgcUQ+X5orwFiOZVDjsy1A/+ihg7irYoBD0n7Ri0dHeQx5Ww2HWFetIqbbfmVl0Lcs/TGN5PHeAa9IctGuYIfW5Z19LexAmQ6sVJu6K5kYogdHs+tnPk+MEmSwGf4OT43CSoDB4jWSMzuvm+hul8ys/NxXjTOg01eQ0PNODf2dIvzUnlkmWq3Q5/ZV/VlwE/p68YK6iQT8hAlsa0+hK6p/yJLrU9+gWlhsgvc3nsBPy0fWZkcVykSR0twyT3TYo7SK8oko5xGZIjqoUDkgi/SOoj9/urKQTP0kjSydmOQJKqTBahV3onOjlLHEhFVJYLtq/N+RZDfEMDhtXlGXNOd/M15aqQaQLcyXox+KGOa2itck2HEcqNN4p2QXCnv/AdQWT6M4UsuAOF8y94KtFuPJVvIC9bVfR4m9Ii1c7DZA0VU7STywrMYmgAEAAQA= u0_a89@localhost
12-14 13:22:48.717  1234  1365 D AdbDebuggingManager: Logging key QAAAAM1WH/j7eTuISaUkUdlJoRVvG2nEwvj+ti1kerHeVl0r74EJZ1gOTWF3gOV3wqhQ/KsGRw9p6oAmO6M8ZIdKf68WCz9QuFy2blAAvkmdKIYEk108D+ceGC9Qjc/MrqVO0QTLvd7+liX4ysxxB9eSxK/+xzMpILXq3MVKu1VC/dmAuJdpA4G1py/P2SsMUluvN6QrGFkWUh0CHURegDoU6z4o+7xAuE1jITYru6rygPBmWtpk2hksCl+kwOMgcUQ+X5orwFiOZVDjsy1A/+ihg7irYoBD0n7Ri0dHeQx5Ww2HWFetIqbbfmVl0Lcs/TGN5PHeAa9IctGuYIfW5Z19LexAmQ6sVJu6K5kYogdHs+tnPk+MEmSwGf4OT43CSoDB4jWSMzuvm+hul8ys/NxXjTOg01eQ0PNODf2dIvzUnlkmWq3Q5/ZV/VlwE/p68YK6iQT8hAlsa0+hK6p/yJLrU9+gWlhsgvc3nsBPy0fWZkcVykSR0twyT3TYo7SK8oko5xGZIjqoUDkgi/SOoj9/urKQTP0kjSydmOQJKqTBahV3onOjlLHEhFVJYLtq/N+RZDfEMDhtXlGXNOd/M15aqQaQLcyXox+KGOa2itck2HEcqNN4p2QXCnv/AdQWT6M4UsuAOF8y94KtFuPJVvIC9bVfR4m9Ii1c7DZA0VU7STywrMYmgAEAAQA= u0_a89@localhost, state = 4, alwaysAllow = true, lastConnectionTime = 1670995368717, authWindow = 604800000
12-14 13:22:50.443  1234  1273 D ActivityTaskManager: START intent = Intent { cmp=com.didjdk.adbhelper/.MainActivity (has extras) }, processName = com.didjdk.adbhelper
12-14 13:22:50.443  1234  1273 I ActivityTaskManager: START u0 {cmp=com.didjdk.adbhelper/.MainActivity (has extras)} from uid 10089
12-14 13:22:50.464  1234  8797 I ActivityTaskManager: The Process com.didjdk.adbhelper Already Exists in BG. So sending its PID: 8236
12-14 13:22:50.467  1234  8797 V WindowManager:  mAutoRotation 1 mLastPhyRotation = 3 mWmService.getUserPreferencesVaule()-1getPhysicalWindowOrientation = 3mCurrentAppOrientation = -1
12-14 13:22:50.468  1234  8797 V WindowManager: mLastPhyRotation 3
12-14 13:22:50.471  1234  8797 D BydAutoRotation: com.didjdk.adbhelper.MainActivity, isResumed:true, reason:minimalResumeActivityLocked, displayId:0, removePreMsg:false
12-14 13:22:50.481  1234  1368 I WindowManager:  gww setNewFocusStatusForDvider 
12-14 13:22:50.552  1234  2216 V WindowManager:  mAutoRotation 1 mLastPhyRotation = 3 mWmService.getUserPreferencesVaule()-1getPhysicalWindowOrientation = 3mCurrentAppOrientation = 1
12-14 13:22:50.553  1234  2216 V WindowManager: mLastPhyRotation 3
12-14 13:22:50.553  1234  2216 D BydAutoRotation: com.didjdk.adbhelper.MainActivity, isResumed:true, reason:setRequestedOrientation, displayId:0, removePreMsg:true
12-14 13:22:50.608  1234  5493 D ActivityTaskManager: activityResumedForAcBar className:com.didjdk.adbhelper.MainActivity
12-14 13:22:50.745  1234  1366 D WindowManager: sysstate setSystemUiVisibility visibility is 42264
12-14 13:22:50.746  1234  1368 I WindowManager:  gww setNewFocusStatusForDvider 
12-14 13:22:50.753  1234  1396 D BydAutoRotation: info {name:com.didjdk.adbhelper.MainActivity,isFinishing:false,multiWindow:false,fullscreen:true,noDisplay:false}
12-14 13:22:50.754  1234  1396 D BydAutoRotation: orientation {xmlConfig:SCREEN_ORIENTATION_UNSPECIFIED, nowRequest:SCREEN_ORIENTATION_PORTRAIT, nowRequestFixed:true, codeRequestOther:true}
12-14 13:22:50.758  1234  1396 D BydAutoRotation: userrotation_preferences -> 0
12-14 13:22:50.758  1234  1396 D BydAutoRotation: physicalOrientation(3) and req orientation is matching, no need to rotate
12-14 13:22:50.922  1234  1369 V WindowManager: syslog performShowLocked: mDrawState=HAS_DRAWN in Window{e994574 u0 com.didjdk.adbhelper/com.didjdk.adbhelper.MainActivity}
12-14 13:22:54.027  1234  2758 E TaskPersister: File error accessing recents directory (directory doesn't exist?).
12-14 13:22:54.027  1234  2758 E TaskPersister: File error accessing recents directory (directory doesn't exist?).
12-14 13:22:54.356  1234  8803 D ActivityManager: bindServiceLocked  1000 process android  want to bind 10034
12-14 13:22:54.420  1234  1366 D WindowManager: sysstate setSystemUiVisibility visibility is 42248
12-14 13:22:54.451  1234  1369 V WindowManager: syslog performShowLocked: mDrawState=HAS_DRAWN in Window{71974a4 u0 InputMethod}
12-14 13:22:55.390  1234  1369 V WindowManager: syslog performShowLocked: mDrawState=HAS_DRAWN in Window{3eeded u0 PopupWindow:72b0ce2}
12-14 13:22:56.735  1234  1369 V WindowManager: syslog performShowLocked: mDrawState=HAS_DRAWN in Window{6f56c70 u0 PopupWindow:72b0ce2}
12-14 13:22:58.731  1234  1369 V WindowManager: syslog performShowLocked: mDrawState=HAS_DRAWN in Window{eefa57a u0 PopupWindow:2f4fe16}
12-14 13:22:59.200  1234  1369 V WindowManager: syslog performShowLocked: mDrawState=HAS_DRAWN in Window{91c3159 u0 PopupWindow:2f4fe16}
--------- beginning of main
12-14 13:23:02.453  3517  3517 D BYDAutoPowerDevice: postEvent device_type: 1005, event_type =12d0003d, value = 0
12-14 13:23:02.453  2019  2019 D BYDAutoPowerDevice: postEvent device_type: 1005, event_type =12d0003d, value = 0
12-14 13:23:02.454 29738 29738 D BYDAutoInstrumentDevice: postEvent device_type: 1007, event_type =12d0003c, value = 0
12-14 13:23:02.462  1040 30272 E mm_bcamera: mm_app_preview_notify_cb: dump_number0[0]
12-14 13:23:02.462  1040 30272 I NormalMMCamDevice: [frameworks/av/services/bmmcamera/device/src/NormalMMCamDevice.cpp]:[isZero]: the start is [1036800].
12-14 13:23:02.462  1040 30272 I NormalMMCamDevice: [frameworks/av/services/bmmcamera/device/src/NormalMMCamDevice.cpp]:[isZero]: the start is [2592000].
12-14 13:23:02.473  3716  3815 D NLPLOC  : start network locating ...false  false
12-14 13:23:02.473  3716  3815 D NLP_STA : network locating ...false  false
12-14 13:23:02.473  3716  3716 I NLP     : Location result:[location successful by Baidu], reason:[network location] locType=161, NetworkLocationType = cl
12-14 13:23:02.475  1234  1808 D LocationManagerService: incoming location: Location[network 22.662390,114.061333 hAcc=160 et=+2h29m15s22ms vAcc=??? sAcc=??? bAcc=??? {Bundle[mParcelledData.dataSize=64]}]
12-14 13:23:02.476  1234  1808 D LocationManagerService: incoming location: Location[network 22.662390,114.061333 hAcc=160 et=+2h29m15s22ms vAcc=??? sAcc=??? bAcc=??? {Bundle[{address=null, netType=cl}]}]
12-14 13:23:02.481  1234  1808 D GnssLocationProvider: injectLocation: Location[network 22.662390,114.061333 hAcc=160 et=+2h29m15s22ms vAcc=??? sAcc=??? bAcc=??? {Bundle[{address=null, netType=cl}]}]
12-14 13:23:02.482   630   676 E LocSvc_api_v02: locClientSendReq:2356] QMI_LOC_INJECT_POSITION_REQ_V02 
12-14 13:23:02.483   630  1334 E LocSvc_ApiV02: globalRespCb:209] QMI_LOC_INJECT_POSITION_REQ_V02 
12-14 13:23:02.483   630  1334 W LocSvc_api_v02: loc_sync_process_ind:221]: ind 57 arrived before wait was called 
12-14 13:23:02.491 29738 29738 D BYDAutoInstrumentDevice: postEvent device_type: 1007, event_type =12d0003c, value = 1
12-14 13:23:02.491  1016 30249 E mm-camera: <MCT   ><ERROR> 1313: mct_controller_handle_SOF_proc: Metadata stream not present
12-14 13:23:02.496  1040 30272 E mm_bcamera: mm_app_preview_notify_cb: dump_number0[0]
12-14 13:23:02.496  1040 30272 I NormalMMCamDevice: [frameworks/av/services/bmmcamera/device/src/NormalMMCamDevice.cpp]:[isZero]: the start is [1036800].
12-14 13:23:02.496  1040 30272 I NormalMMCamDevice: [frameworks/av/services/bmmcamera/device/src/NormalMMCamDevice.cpp]:[isZero]: the start is [2592000].
12-14 13:23:02.528  1016 30249 E mm-camera: <MCT   ><ERROR> 1313: mct_controller_handle_SOF_proc: Metadata stream not present
12-14 13:23:02.534  1040 30272 E mm_bcamera: mm_app_preview_notify_cb: dump_number0[0]
12-14 13:23:02.534  1040 30272 I NormalMMCamDevice: [frameworks/av/services/bmmcamera/device/src/NormalMMCamDevice.cpp]:[isZero]: the start is [1036800].
12-14 13:23:02.534  1040 30272 I NormalMMCamDevice: [frameworks/av/services/bmmcamera/device/src/NormalMMCamDevice.cpp]:[isZero]: the start is [2592000].
12-14 13:23:02.540  2019  2019 D BYDAutoPowerDevice: postEvent device_type: 1005, event_type =12d0003d, value = 1
12-14 13:23:02.540  3517  3517 D BYDAutoPowerDevice: postEvent device_type: 1005, event_type =12d0003d, value = 1
12-14 13:23:02.540 29738 29738 D BYDAutoInstrumentDevice: postEvent device_type: 1007, event_type =12d0003c, value = 0
12-14 13:23:02.541  2864  2864 D BYDAutoPowerDevice: postEvent device_type: 1005, event_type =12d0003d, value = 1
12-14 13:23:02.568  1016 30249 E mm-camera: <MCT   ><ERROR> 1313: mct_controller_handle_SOF_proc: Metadata stream not present
12-14 13:23:02.576  1040 30272 E mm_bcamera: mm_app_preview_notify_cb: dump_number0[0]
12-14 13:23:02.576  1040 30272 I NormalMMCamDevice: [frameworks/av/services/bmmcamera/device/src/NormalMMCamDevice.cpp]:[isZero]: the start is [1036800].
12-14 13:23:02.576  1040 30272 I NormalMMCamDevice: [frameworks/av/services/bmmcamera/device/src/NormalMMCamDevice.cpp]:[isZero]: the start is [2592000].
12-14 13:23:02.593 29738 29738 D BYDAutoInstrumentDevice: postEvent device_type: 1007, event_type =12d0003c, value = 1
12-14 13:23:02.595  3487 30553 W CDR     : FileWriterRunnable: addData: the data size is 3
12-14 13:23:02.598 29738 29738 D BYDAutoStatisticDevice: postEvent device_type: 1014, event_type =44a00020, value = 34950
12-14 13:23:02.608  1016 30249 E mm-camera: <MCT   ><ERROR> 1313: mct_controller_handle_SOF_proc: Metadata stream not present
12-14 13:23:02.615  1040 30272 E mm_bcamera: mm_app_preview_notify_cb: dump_number0[0]
12-14 13:23:02.615  1040 30272 I NormalMMCamDevice: [frameworks/av/services/bmmcamera/device/src/NormalMMCamDevice.cpp]:[isZero]: the start is [1036800].
12-14 13:23:02.615  1040 30272 I NormalMMCamDevice: [frameworks/av/services/bmmcamera/device/src/NormalMMCamDevice.cpp]:[isZero]: the start is [2592000].
12-14 13:23:02.645  2019  2019 D BYDAutoPowerDevice: postEvent device_type: 1005, event_type =12d0003d, value = 0
12-14 13:23:02.645 29738 29738 D BYDAutoInstrumentDevice: postEvent device_type: 1007, event_type =12d0003c, value = 0
12-14 13:23:02.645  2864  2864 D BYDAutoPowerDevice: postEvent device_type: 1005, event_type =12d0003d, value = 0
12-14 13:23:02.645 29738 29738 D BYDAutoSafetyBeltDevice: postEvent device_type: 1042, event_type =12d0003f, value = 0
12-14 13:23:02.646 29738 29738 W DataCollectionPresenter1: AbsBYDAutoSafetyBeltListener:  0
12-14 13:23:02.645  3517  3517 D BYDAutoPowerDevice: postEvent device_type: 1005, event_type =12d0003d, value = 0
12-14 13:23:02.648  1016 30249 E mm-camera: <MCT   ><ERROR> 1313: mct_controller_handle_SOF_proc: Metadata stream not present
12-14 13:23:02.643  8280  8280 W adb     : type=1400 audit(0.0:4578): avc: denied { read } for comm=64657669636520706F6C6C name="usb" dev="tmpfs" ino=13552 scontext=u:r:untrusted_app_27:s0:c89,c256,c512,c768 tcontext=u:object_r:usb_device:s0 tclass=dir permissive=0
12-14 13:23:02.662  1040 30272 E mm_bcamera: mm_app_preview_notify_cb: dump_number0[0]
12-14 13:23:02.662  1040 30272 I NormalMMCamDevice: [frameworks/av/services/bmmcamera/device/src/NormalMMCamDevice.cpp]:[isZero]: the start is [1036800].
12-14 13:23:02.662  1040 30272 I NormalMMCamDevice: [frameworks/av/services/bmmcamera/device/src/NormalMMCamDevice.cpp]:[isZero]: the start is [2592000].
12-14 13:23:02.688  1016 30249 E mm-camera: <MCT   ><ERROR> 1313: mct_controller_handle_SOF_proc: Metadata stream not present
12-14 13:23:02.694 29738 29738 D BYDAutoInstrumentDevice: postEvent device_type: 1007, event_type =12d0003c, value = 1
12-14 13:23:02.694  1040 30272 E mm_bcamera: mm_app_preview_notify_cb: dump_number0[0]
12-14 13:23:02.694  1040 30272 I NormalMMCamDevice: [frameworks/av/services/bmmcamera/device/src/NormalMMCamDevice.cpp]:[isZero]: the start is [1036800].
12-14 13:23:02.694  1040 30272 I NormalMMCamDevice: [frameworks/av/services/bmmcamera/device/src/NormalMMCamDevice.cpp]:[isZero]: the start is [2592000].
12-14 13:23:02.697 29738 29738 D BYDAutoStatisticDevice: postEvent device_type: 1014, event_type =44a00020, value = 34951
12-14 13:23:02.728  1016 30249 E mm-camera: <MCT   ><ERROR> 1313: mct_controller_handle_SOF_proc: Metadata stream not present
12-14 13:23:02.736  1040 30272 E mm_bcamera: mm_app_preview_notify_cb: dump_number0[0]
12-14 13:23:02.736  1040 30272 I NormalMMCamDevice: [frameworks/av/services/bmmcamera/device/src/NormalMMCamDevice.cpp]:[isZero]: the start is [1036800].
12-14 13:23:02.736  1040 30272 I NormalMMCamDevice: [frameworks/av/services/bmmcamera/device/src/NormalMMCamDevice.cpp]:[isZero]: the start is [2592000].
12-14 13:23:02.744 29738 29738 D BYDAutoInstrumentDevice: postEvent device_type: 1007, event_type =12d0003c, value = 0
12-14 13:23:02.750  2019  2019 D BYDAutoPowerDevice: postEvent device_type: 1005, event_type =12d0003d, value = 1
12-14 13:23:02.756  2864  2864 D BYDAutoPowerDevice: postEvent device_type: 1005, event_type =12d0003d, value = 1
12-14 13:23:02.756  3517  3517 D BYDAutoPowerDevice: postEvent device_type: 1005, event_type =12d0003d, value = 1
12-14 13:23:02.770  1016 30249 E mm-camera: <MCT   ><ERROR> 1313: mct_controller_handle_SOF_proc: Metadata stream not present
12-14 13:23:02.776  1040 30272 E mm_bcamera: mm_app_preview_notify_cb: dump_number0[0]
12-14 13:23:02.776  1040 30272 I NormalMMCamDevice: [frameworks/av/services/bmmcamera/device/src/NormalMMCamDevice.cpp]:[isZero]: the start is [1036800].
12-14 13:23:02.776  1040 30272 I NormalMMCamDevice: [frameworks/av/services/bmmcamera/device/src/NormalMMCamDevice.cpp]:[isZero]: the start is [2592000].
12-14 13:23:02.796 29738 29738 D BYDAutoInstrumentDevice: postEvent device_type: 1007, event_type =12d0003c, value = 1
12-14 13:23:02.809  1016 30249 E mm-camera: <MCT   ><ERROR> 1313: mct_controller_handle_SOF_proc: Metadata stream not present
12-14 13:23:02.814  1040 30272 E mm_bcamera: mm_app_preview_notify_cb: dump_number0[0]
12-14 13:23:02.814  1040 30272 I NormalMMCamDevice: [frameworks/av/services/bmmcamera/device/src/NormalMMCamDevice.cpp]:[isZero]: the start is [1036800].
12-14 13:23:02.814  1040 30272 I NormalMMCamDevice: [frameworks/av/services/bmmcamera/device/src/NormalMMCamDevice.cpp]:[isZero]: the start is [2592000].
12-14 13:23:02.846 29738 29738 D BYDAutoInstrumentDevice: postEvent device_type: 1007, event_type =12d0003c, value = 0
12-14 13:23:02.846  2864  2864 D BYDAutoPowerDevice: postEvent device_type: 1005, event_type =12d0003d, value = 0
12-14 13:23:02.846  2019  2019 D BYDAutoPowerDevice: postEvent device_type: 1005, event_type =12d0003d, value = 0
12-14 13:23:02.846  3517  3517 D BYDAutoPowerDevice: postEvent device_type: 1005, event_type =12d0003d, value = 0
12-14 13:23:02.848  1016 30249 E mm-camera: <MCT   ><ERROR> 1313: mct_controller_handle_SOF_proc: Metadata stream not present
12-14 13:23:02.856  1040 30272 E mm_bcamera: mm_app_preview_notify_cb: dump_number0[0]
12-14 13:23:02.856  1040 30272 I NormalMMCamDevice: [frameworks/av/services/bmmcamera/device/src/NormalMMCamDevice.cpp]:[isZero]: the start is [1036800].
12-14 13:23:02.856  1040 30272 I NormalMMCamDevice: [frameworks/av/services/bmmcamera/device/src/NormalMMCamDevice.cpp]:[isZero]: the start is [2592000].
12-14 13:23:02.888  1016 30249 E mm-camera: <MCT   ><ERROR> 1313: mct_controller_handle_SOF_proc: Metadata stream not present
12-14 13:23:02.894  1040 30272 E mm_bcamera: mm_app_preview_notify_cb: dump_number0[0]
12-14 13:23:02.894  1040 30272 I NormalMMCamDevice: [frameworks/av/services/bmmcamera/device/src/NormalMMCamDevice.cpp]:[isZero]: the start is [1036800].
12-14 13:23:02.894  1040 30272 I NormalMMCamDevice: [frameworks/av/services/bmmcamera/device/src/NormalMMCamDevice.cpp]:[isZero]: the start is [2592000].
12-14 13:23:02.897 29738 29738 D BYDAutoInstrumentDevice: postEvent device_type: 1007, event_type =12d0003c, value = 1
12-14 13:23:02.933  1016 30249 E mm-camera: <MCT   ><ERROR> 1313: mct_controller_handle_SOF_proc: Metadata stream not present
