11-17 17:43:11.872 24203 24203 W ContextImpl: Calling a method in the system process without a qualified user: android.app.ContextImpl.sendBroadcast:1079 android.content.ContextWrapper.sendBroadcast:453 com.android.launcher3.Stats.recordLaunch:146 com.android.launcher3.Launcher.startAppShortcutOrInfoActivity:3508 com.android.launcher3.Launcher.onClick:3176 
11-17 17:43:11.892 29745 29745 W ContextImpl: Calling a method in the system process without a qualified user: android.app.ContextImpl.startService:1589 android.content.ContextWrapper.startService:669 android.content.ContextWrapper.startService:669 com.byd.higpsdata.HiGpsDataBootReceiver.onReceive:21 android.app.ActivityThread.handleReceiver:3789 
11-17 17:43:12.549 29803 29803 W ContextImpl: Calling a method in the system process without a qualified user: android.app.ContextImpl.startService:1589 android.content.ContextWrapper.startService:669 android.content.ContextWrapper.startService:669 com.byd.mediatesttool.ToolReceiver.onReceive:18 android.app.ActivityThread.handleReceiver:3789 
11-17 17:43:12.568  3187  3187 W ContextImpl: Calling a method in the system process without a qualified user: android.app.ContextImpl.startService:1589 android.content.ContextWrapper.startService:669 android.content.ContextWrapper.startService:669 com.byd.minikaraoke.main.KaraokeReceiver.onReceive:43 android.app.ActivityThread.handleReceiver:3789 
11-17 17:43:13.283  1230  1272 I chatty  : uid=1000(system) Binder:1230_2 expire 11 lines
11-17 17:43:14.500  1230  9069 I chatty  : uid=1000(system) Binder:1230_E expire 22 lines
11-17 17:43:14.624  1230  1322 I chatty  : uid=1000(system) ActivityManager expire 38 lines
11-17 17:43:14.947  1230 24428 I chatty  : uid=1000(system) Binder:1230_1F expire 13 lines
11-17 17:43:15.946 29877 30206 E ActivityThread: Failed to find provider info for com.vivo.push.sdk.service.SystemPushConfig
11-17 17:43:15.954 29877 30248 E ActivityThread: Failed to find provider info for com.vivo.push.sdk.service.SystemPushConfig
11-17 17:43:16.324  1230  1809 I chatty  : uid=1000(system) Binder:1230_4 expire 16 lines
11-17 17:43:16.813  1230 24224 I chatty  : uid=1000(system) Binder:1230_1C expire 20 lines
11-17 17:43:16.826  1230  1230 I chatty  : uid=1000 system_server expire 20 lines
11-17 17:43:16.882  3306 30310 W ContextImpl: Calling a method in the system process without a qualified user: android.app.ContextImpl.startService:1589 android.content.ContextWrapper.startService:669 android.content.ContextWrapper.startService:669 com.qualcomm.qti.workloadclassifier.WLCReceiver$StartRunnable.run:45 java.lang.Thread.run:919 
11-17 17:43:16.886  1230 24197 I chatty  : uid=1000(system) Binder:1230_19 expire 11 lines
11-17 17:43:17.586  1230  1683 I chatty  : uid=1000(system) AlarmManager expire 10 lines
11-17 17:43:17.889 29877 30271 W PackageParser: Unknown element under <manifest>: supports-gl-texture at /data/app/com.baidu.BaiduMap-b1bNK8KoMS7mcLdWfWvwfA==/base.apk Binary XML file line #124
11-17 17:43:17.889 29877 30271 W PackageParser: Unknown element under <manifest>: supports-gl-texture at /data/app/com.baidu.BaiduMap-b1bNK8KoMS7mcLdWfWvwfA==/base.apk Binary XML file line #125
11-17 17:43:17.931 29877 30271 W PackageParser: No actions in intent filter at /data/app/com.baidu.BaiduMap-b1bNK8KoMS7mcLdWfWvwfA==/base.apk Binary XML file line #2800
11-17 17:43:18.816  1230  1323 I chatty  : uid=1000(system) ActivityManager expire 19 lines
11-17 17:43:18.857  1230  1311 I chatty  : uid=1000(system) android.ui expire 17 lines
11-17 17:43:18.973  1230  1346 I chatty  : uid=1000(system) AppAutoRotation expire 14 lines
11-17 17:43:21.575  1230  1312 I chatty  : uid=1000(system) android.io expire 20 lines
11-17 17:43:21.713  1230 30636 I chatty  : uid=1000 system_server expire 1 line
11-17 17:43:21.716  1230 30635 I chatty  : uid=1000 system_server expire 1 line
11-17 17:43:21.716  1230 30633 I chatty  : uid=1000 system_server expire 1 line
11-17 17:43:21.723  1230 30632 I chatty  : uid=1000 system_server expire 1 line
11-17 17:43:21.755  1230 30641 I chatty  : uid=1000 system_server expire 1 line
11-17 17:43:22.917  1230 17524 I chatty  : uid=1000(system) Binder:1230_17 expire 45 lines
11-17 17:43:23.188  1230  2397 I chatty  : uid=1000(system) Binder:1230_B expire 36 lines
11-17 17:43:23.197  1230  1793 I chatty  : uid=1000(system) ConnectivitySer expire 15 lines
11-17 17:43:28.960  1230  9863 I chatty  : uid=1000(system) Binder:1230_13 expire 51 lines
11-17 17:44:19.315  1230 31111 I chatty  : uid=1000 system_server expire 1 line
11-17 17:44:19.336  1230 31114 I chatty  : uid=1000 system_server expire 1 line
11-17 17:44:19.337  1230 31113 I chatty  : uid=1000 system_server expire 1 line
11-17 17:44:19.337  1230 31112 I chatty  : uid=1000 system_server expire 1 line
11-17 17:44:19.355  1230 31115 I chatty  : uid=1000 system_server expire 1 line
11-17 17:45:21.869  1230 31275 I chatty  : uid=1000 system_server expire 1 line
11-17 17:45:21.872  1230 31276 I chatty  : uid=1000 system_server expire 1 line
11-17 17:45:21.882  1230 31278 I chatty  : uid=1000 system_server expire 1 line
11-17 17:45:21.885  1230 31277 I chatty  : uid=1000 system_server expire 1 line
11-17 17:45:21.887  1230 31279 I chatty  : uid=1000 system_server expire 1 line
11-17 17:46:03.133  3349 31399 I chatty  : uid=1000(system) com.byd.autovoice expire 1 line
11-17 17:46:11.605  2037  2037 I TelecomFramework: : onSubscriptionsChanged - update accounts
11-17 17:46:11.605  2037  2037 I TelecomFramework: PstnIncomingCallNotifier: Unregistering: Handler (com.qualcomm.qti.internal.telephony.QtiGsmCdmaPhone) {1aae8b2}
11-17 17:46:11.626  2037  2037 I TelecomFramework: TelecomAccountRegistry: setupAccounts: Found 2 phones.  Attempting to register.
11-17 17:46:11.633  2037  2037 I TelecomFramework: TelecomAccountRegistry: setupAccounts: Phone with subscription id: 1 slotId: 0 provisionStatus: 1
11-17 17:46:11.737  2037  2037 I TelecomFramework: AccountEntry: Registered phoneAccount: [[ ] PhoneAccount: ComponentInfo{com.android.phone/com.android.services.telephony.TelephonyConnectionService}, ***, UserHandle{0} Capabilities: CallProvider MultiUser PlaceEmerg SimSub  Audio Routes: BESW Schemes: tel voicemail  Extras: Bundle[{android.telecom.extra.SUPPORTS_VIDEO_CALLING_FALLBACK=true, android.telecom.extra.SORT_ORDER=0}] GroupId: ***] with handle: ComponentInfo{com.android.phone/com.android.services.telephony.TelephonyConnectionService}, ***, UserHandle{0}
11-17 17:46:11.737  2037  2037 I TelecomFramework: PstnIncomingCallNotifier: Registering: Handler (com.qualcomm.qti.internal.telephony.QtiGsmCdmaPhone) {1aae8b2}
11-17 17:46:11.747  2037  2037 I TelecomFramework: TelecomAccountRegistry: setupAccounts: Phone with subscription id: -1 slotId: 1 provisionStatus: -2
11-17 17:46:11.799  2037  2037 I TelecomFramework: PstnPhoneCapabilitiesNotifier: handleVideoCapabilitesChanged. Video capability - false
11-17 17:46:11.841  1230  1809 I chatty  : uid=1000(system) Binder:1230_4 expire 13 lines
11-17 17:46:21.561  1230 31452 I chatty  : uid=1000 system_server expire 1 line
11-17 17:46:21.566  1230 31453 I chatty  : uid=1000 system_server expire 1 line
11-17 17:46:21.573  1230 31454 I chatty  : uid=1000 system_server expire 1 line
11-17 17:46:21.586  1230 31456 I chatty  : uid=1000 system_server expire 1 line
11-17 17:46:21.596  1230 31455 I chatty  : uid=1000 system_server expire 1 line
11-17 17:47:22.082  1230 31611 I chatty  : uid=1000 system_server expire 1 line
11-17 17:47:22.084  1230 31612 I chatty  : uid=1000 system_server expire 1 line
11-17 17:47:22.094  1230 31613 I chatty  : uid=1000 system_server expire 1 line
11-17 17:47:22.094  1230 31614 I chatty  : uid=1000 system_server expire 1 line
11-17 17:47:22.099  1230 31615 I chatty  : uid=1000 system_server expire 1 line
11-17 17:47:23.205  2909 28468 W ContextImpl: Calling a method in the system process without a qualified user: android.app.ContextImpl.sendBroadcast:1064 android.content.ContextWrapper.sendBroadcast:448 com.byd.gpsinfo.broadcast.GpsInfoBroadcastManager.sendGpsFixStateBroadcast:83 com.byd.gpsinfo.task.UpdateRunnable.showOrHideGpsIcon:163 com.byd.gpsinfo.task.UpdateRunnable.updateTask:55 
11-17 17:47:23.620  1230  1314 I chatty  : uid=1000(system) android.anim expire 43 lines
11-17 17:47:23.642  1230  1313 I chatty  : uid=1000(system) android.display expire 15 lines
11-17 17:47:23.744  3349 31626 I chatty  : uid=1000(system) com.byd.autovoice expire 4 lines
11-17 17:47:23.870  1230  1346 I chatty  : uid=1000(system) AppAutoRotation expire 24 lines
11-17 17:47:24.365  1230  1272 I chatty  : uid=1000(system) Binder:1230_2 expire 26 lines
11-17 17:47:24.365  1230 24224 I chatty  : uid=1000(system) Binder:1230_1C expire 16 lines
11-17 17:47:32.630  3349  4232 I chatty  : uid=1000(system) Thread-22 expire 1 line
11-17 17:47:32.634  3349  4266 I chatty  : uid=1000(system) mThreadAudioWri expire 6 lines
11-17 17:47:33.438  1230 12142 I chatty  : uid=1000(system) Binder:1230_16 expire 14 lines
11-17 17:47:33.527  3349  3349 I chatty  : uid=1000(system) com.byd.autovoice expire 11 lines
11-17 17:47:34.001  1230  2221 I chatty  : uid=1000(system) Binder:1230_9 expire 4 lines
11-17 17:48:00.398  3349 28606 I chatty  : uid=1000(system) com.byd.autovoice expire 1 line
11-17 17:48:02.948  2909  3883 W ContextImpl: Calling a method in the system process without a qualified user: android.app.ContextImpl.sendBroadcast:1079 android.content.ContextWrapper.sendBroadcast:453 com.byd.gpsinfo.broadcast.GpsInfoBroadcastManager.sendAltitudeBroadcast:96 com.byd.gpsinfo.manager.AltitudeManager.handleAltitudeBroadcast:41 com.byd.gpsinfo.listeners.GpsInfoLocationListener.updateLocation:81 
11-17 17:48:06.972  2909  3883 W ContextImpl: Calling a method in the system process without a qualified user: android.app.ContextImpl.sendBroadcast:1079 android.content.ContextWrapper.sendBroadcast:453 com.byd.gpsinfo.broadcast.GpsInfoBroadcastManager.sendAltitudeBroadcast:96 com.byd.gpsinfo.manager.AltitudeManager.handleAltitudeBroadcast:41 com.byd.gpsinfo.listeners.GpsInfoLocationListener.updateLocation:81 
11-17 17:48:12.308  1230 31875 I chatty  : uid=1000 system_server expire 1 line
11-17 17:48:12.311  1230 31876 I chatty  : uid=1000 system_server expire 1 line
11-17 17:48:12.316  1230 31877 I chatty  : uid=1000 system_server expire 1 line
11-17 17:48:12.328  1230 31879 I chatty  : uid=1000 system_server expire 1 line
11-17 17:48:12.333  1230 31878 I chatty  : uid=1000 system_server expire 1 line
11-17 17:48:47.952  2909  3883 W ContextImpl: Calling a method in the system process without a qualified user: android.app.ContextImpl.sendBroadcast:1079 android.content.ContextWrapper.sendBroadcast:453 com.byd.gpsinfo.broadcast.GpsInfoBroadcastManager.sendAltitudeBroadcast:96 com.byd.gpsinfo.manager.AltitudeManager.handleAltitudeBroadcast:41 com.byd.gpsinfo.listeners.GpsInfoLocationListener.updateLocation:81 
11-17 17:49:22.144  1230 32154 I chatty  : uid=1000 system_server expire 1 line
11-17 17:49:22.149  1230 32155 I chatty  : uid=1000 system_server expire 1 line
11-17 17:49:22.152  1230 32156 I chatty  : uid=1000 system_server expire 1 line
11-17 17:49:22.156  1230 32157 I chatty  : uid=1000 system_server expire 1 line
11-17 17:49:22.159  1230 32158 I chatty  : uid=1000 system_server expire 1 line
11-17 17:50:22.159  1230 32289 I chatty  : uid=1000 system_server expire 1 line
11-17 17:50:22.161  1230 32290 I chatty  : uid=1000 system_server expire 1 line
11-17 17:50:22.164  1230 32291 I chatty  : uid=1000 system_server expire 1 line
11-17 17:50:22.167  1230 32292 I chatty  : uid=1000 system_server expire 1 line
11-17 17:50:22.191  1230 32293 I chatty  : uid=1000 system_server expire 1 line
11-17 17:50:23.995  3349 32296 I chatty  : uid=1000(system) com.byd.autovoice expire 1 line
11-17 17:51:02.949  2909  3883 W ContextImpl: Calling a method in the system process without a qualified user: android.app.ContextImpl.sendBroadcast:1079 android.content.ContextWrapper.sendBroadcast:453 com.byd.gpsinfo.broadcast.GpsInfoBroadcastManager.sendAltitudeBroadcast:96 com.byd.gpsinfo.manager.AltitudeManager.handleAltitudeBroadcast:41 com.byd.gpsinfo.listeners.GpsInfoLocationListener.updateLocation:81 
11-17 17:51:08.493  1230  1356 I chatty  : uid=1000(system) CpuTracker expire 2 lines
11-17 17:51:22.153  1230 32475 I chatty  : uid=1000 system_server expire 1 line
11-17 17:51:22.156  1230 32476 I chatty  : uid=1000 system_server expire 1 line
11-17 17:51:22.162  1230 32477 I chatty  : uid=1000 system_server expire 1 line
11-17 17:51:22.164  1230 32478 I chatty  : uid=1000 system_server expire 1 line
11-17 17:51:22.174  1230 32479 I chatty  : uid=1000 system_server expire 1 line
11-17 17:51:42.963  2909  3883 W ContextImpl: Calling a method in the system process without a qualified user: android.app.ContextImpl.sendBroadcast:1079 android.content.ContextWrapper.sendBroadcast:453 com.byd.gpsinfo.broadcast.GpsInfoBroadcastManager.sendAltitudeBroadcast:96 com.byd.gpsinfo.manager.AltitudeManager.handleAltitudeBroadcast:41 com.byd.gpsinfo.listeners.GpsInfoLocationListener.updateLocation:81 
11-17 17:52:03.967  2909  3883 I chatty  : uid=1000(system) SetGpsInfoToMcu identical 8 lines
11-17 17:52:13.975  2909  3883 W ContextImpl: Calling a method in the system process without a qualified user: android.app.ContextImpl.sendBroadcast:1079 android.content.ContextWrapper.sendBroadcast:453 com.byd.gpsinfo.broadcast.GpsInfoBroadcastManager.sendAltitudeBroadcast:96 com.byd.gpsinfo.manager.AltitudeManager.handleAltitudeBroadcast:41 com.byd.gpsinfo.listeners.GpsInfoLocationListener.updateLocation:81 
11-17 17:52:22.195  1230 32665 I chatty  : uid=1000 system_server expire 1 line
11-17 17:52:22.199  1230 32666 I chatty  : uid=1000 system_server expire 1 line
11-17 17:52:22.204  1230 32667 I chatty  : uid=1000 system_server expire 1 line
11-17 17:52:22.208  1230 32668 I chatty  : uid=1000 system_server expire 1 line
11-17 17:52:22.220  1230 32669 I chatty  : uid=1000 system_server expire 1 line
11-17 17:52:58.343  1073  1073 E TLOC    : [TLOCChannel]"Can't receive message due to timeout"
11-17 17:52:58.344  1073  1073 I TLOC    : [ModemComm  ]"Request succeeded for gps engine lock"
11-17 17:52:58.344  1073  1073 D TLOC    : [TLOCChannel] "Going to receive message for TLOCD"
11-17 17:52:58.344  1073  1073 D TLOC    : [TLOCChannel] "wait for message for user TLOCD"
11-17 17:52:59.344  1073  1073 E TLOC    : [TLOCChannel]"Can't receive message due to timeout"
11-17 17:52:59.344  1073  1073 E TLOC    : [TLOCDaemon ]"Couldn't receive command response"
11-17 17:52:59.344  1073  1073 I TLOC    : [TLOCDaemon ]"timeout passed - start periodic warm-up"
11-17 17:52:59.345  1073  1073 I TLOC    : [ModemComm  ]"Start a session successfully"
11-17 17:52:59.345  1073  1073 D TLOC    : [TLOCDaemon ]"The command finished successfully"
11-17 17:52:59.345  1073  1073 D TLOC    : [TLOCDaemon ]"waiting for command"
11-17 17:52:59.345  1073  1073 D TLOC    : [TLOCChannel] "Going to receive message for TLOCD"
11-17 17:52:59.345  1073  1073 D TLOC    : [TLOCChannel] "wait for message for user TLOCD"
11-17 17:52:59.915  1073  1374 I TLOC    : [Modem      ]"Received event indication of position report with status SUCCESS"
11-17 17:52:59.915  1073  1374 D TLOC    : [Modem      ] "*********** Position Report: ***********"
11-17 17:52:59.915  1073  1374 D TLOC    : [Modem      ] "	Latitude:	22.661670"
11-17 17:52:59.915  1073  1374 D TLOC    : [Modem      ] "	Longitude:	114.049678"
11-17 17:52:59.915  1073  1374 D TLOC    : [Modem      ] "	Accuracy:	3.535534"
11-17 17:52:59.915  1073  1374 D TLOC    : [Modem      ] "	Technology:	1"
11-17 17:52:59.915  1073  1374 D TLOC    : [Modem      ] "	Time:		1668678780000"
11-17 17:52:59.915  1073  1374 D TLOC    : [Modem      ] "	Altitude:	66.214424"
11-17 17:52:59.916  1073  1374 D TLOC    : [Modem      ] "	Bearing:	280.600006"
11-17 17:52:59.916  1073  1374 D TLOC    : [Modem      ] "	Speed:		12.620000"
11-17 17:52:59.916  1073  1374 D TLOC    : [Modem      ] "****************************************"
11-17 17:52:59.916  1073  1374 I TLOC    : [Modem      ]"Received location fix. Should close the session"
11-17 17:52:59.916  1073  1374 D TLOC    : [TLOCChannel] "TLOCChannel is already initialized"
11-17 17:52:59.916  1073  1374 D TLOC    : [TLOCChannel] "Going to send message to TLOCD"
11-17 17:52:59.916  1073  1374 D TLOC    : [TLOCChannel]" --- message(id:10, size:0) ---> TLOCD"
11-17 17:52:59.928  1073  1073 D TLOC    : [TLOCChannel]" TLOCD <--- message(id:10, size:0) ---"
11-17 17:52:59.928  1073  1073 I TLOC    : [TLOCDaemon ]"WarmUp ended"
11-17 17:52:59.929  1073  1073 I TLOC    : [ModemComm  ]"Stopped the session successfully"
11-17 17:52:59.929  1073  1073 D TLOC    : [TLOCDaemon ]"The command finished successfully"
11-17 17:52:59.929  1073  1073 D TLOC    : [TLOCDaemon ]"waiting for command"
11-17 17:52:59.929  1073  1073 D TLOC    : [TLOCChannel] "Going to receive message for TLOCD"
11-17 17:52:59.929  1073  1073 D TLOC    : [TLOCChannel] "wait for message for user TLOCD"
11-17 17:53:00.917  1073  1374 I TLOC    : [Modem      ]"Received event indication of position report with status SUCCESS"
11-17 17:53:00.917  1073  1374 D TLOC    : [Modem      ] "*********** Position Report: ***********"
11-17 17:53:00.917  1073  1374 D TLOC    : [Modem      ] "	Latitude:	22.661700"
11-17 17:53:00.917  1073  1374 D TLOC    : [Modem      ] "	Longitude:	114.049566"
11-17 17:53:00.917  1073  1374 D TLOC    : [Modem      ] "	Accuracy:	3.535534"
11-17 17:53:00.917  1073  1374 D TLOC    : [Modem      ] "	Technology:	1"
11-17 17:53:00.917  1073  1374 D TLOC    : [Modem      ] "	Time:		1668678781000"
11-17 17:53:00.917  1073  1374 D TLOC    : [Modem      ] "	Altitude:	64.663025"
11-17 17:53:00.917  1073  1374 D TLOC    : [Modem      ] "	Bearing:	282.399994"
11-17 17:53:00.917  1073  1374 D TLOC    : [Modem      ] "	Speed:		11.380000"
11-17 17:53:00.917  1073  1374 D TLOC    : [Modem      ] "****************************************"
11-17 17:53:00.917  1073  1374 I TLOC    : [Modem      ]"Received location fix. Should close the session"
11-17 17:53:00.917  1073  1374 D TLOC    : [TLOCChannel] "TLOCChannel is already initialized"
11-17 17:53:00.917  1073  1374 D TLOC    : [TLOCChannel] "Going to send message to TLOCD"
11-17 17:53:00.917  1073  1374 D TLOC    : [TLOCChannel]" --- message(id:10, size:0) ---> TLOCD"
11-17 17:53:00.918  1073  1073 D TLOC    : [TLOCChannel]" TLOCD <--- message(id:10, size:0) ---"
11-17 17:53:00.918  1073  1073 I TLOC    : [TLOCDaemon ]"WarmUp ended"
11-17 17:53:00.918  1073  1073 D TLOC    : [ModemComm  ]"Can't stop the session since there is no open session"
11-17 17:53:00.918  1073  1073 D TLOC    : [TLOCDaemon ]"The command finished successfully"
11-17 17:53:00.918  1073  1073 D TLOC    : [TLOCDaemon ]"waiting for command"
11-17 17:53:00.918  1073  1073 D TLOC    : [TLOCChannel] "Going to receive message for TLOCD"
11-17 17:53:00.918  1073  1073 D TLOC    : [TLOCChannel] "wait for message for user TLOCD"
11-17 17:53:13.403  1230   543 I chatty  : uid=1000 system_server expire 1 line
11-17 17:53:13.406  1230   544 I chatty  : uid=1000 system_server expire 1 line
11-17 17:53:13.409  1230   546 I chatty  : uid=1000 system_server expire 1 line
11-17 17:53:13.415  1230   547 I chatty  : uid=1000 system_server expire 1 line
11-17 17:53:13.417  1230   542 I chatty  : uid=1000 system_server expire 1 line
11-17 17:53:23.952  3349   587 I chatty  : uid=1000(system) com.byd.autovoice expire 1 line
11-17 17:53:23.955  1230 24197 I chatty  : uid=1000(system) Binder:1230_19 expire 21 lines
11-17 17:54:08.711  1230  1322 I chatty  : uid=1000(system) ActivityManager expire 60 lines
11-17 17:54:08.854  1230  1230 I chatty  : uid=1000 system_server expire 138 lines
11-17 17:54:08.928  1230  1012 I chatty  : uid=1000 system_server expire 1 line
11-17 17:54:08.929  1230  1013 I chatty  : uid=1000 system_server expire 1 line
11-17 17:54:08.931  1230  1003 I chatty  : uid=1000 system_server expire 1 line
11-17 17:54:08.937  1230  1015 I chatty  : uid=1000 system_server expire 1 line
11-17 17:54:08.946  1230  1020 I chatty  : uid=1000 system_server expire 1 line
11-17 17:54:22.160  1230  1133 I chatty  : uid=1000 system_server expire 1 line
11-17 17:54:22.165  1230  1134 I chatty  : uid=1000 system_server expire 1 line
11-17 17:54:22.171  1230  1142 I chatty  : uid=1000 system_server expire 1 line
11-17 17:54:22.173  1230  1145 I chatty  : uid=1000 system_server expire 1 line
11-17 17:54:22.177  1230  1147 I chatty  : uid=1000 system_server expire 1 line
11-17 17:55:22.224  1230  1549 I chatty  : uid=1000 system_server expire 1 line
11-17 17:55:22.228  1230  1550 I chatty  : uid=1000 system_server expire 1 line
11-17 17:55:22.238  1230  1552 I chatty  : uid=1000 system_server expire 1 line
11-17 17:55:22.238  1230  1551 I chatty  : uid=1000 system_server expire 1 line
11-17 17:55:22.245  1230  1553 I chatty  : uid=1000 system_server expire 1 line
11-17 17:56:22.161  1230  1940 I chatty  : uid=1000 system_server expire 1 line
11-17 17:56:22.173  1230  1946 I chatty  : uid=1000 system_server expire 1 line
11-17 17:56:22.175  1230  1947 I chatty  : uid=1000 system_server expire 1 line
11-17 17:56:22.175  1230  1941 I chatty  : uid=1000 system_server expire 1 line
11-17 17:56:22.177  1230  1942 I chatty  : uid=1000 system_server expire 1 line
11-17 17:56:23.987  3349  1953 I chatty  : uid=1000(system) com.byd.autovoice expire 1 line
11-17 17:57:22.140  1230  2196 I chatty  : uid=1000 system_server expire 1 line
11-17 17:57:22.143  1230  2198 I chatty  : uid=1000 system_server expire 1 line
11-17 17:57:22.155  1230  2199 I chatty  : uid=1000 system_server expire 1 line
11-17 17:57:22.158  1230  2201 I chatty  : uid=1000 system_server expire 1 line
11-17 17:57:22.158  1230  2200 I chatty  : uid=1000 system_server expire 1 line
11-17 17:57:46.024 24203 24203 W ContextImpl: Calling a method in the system process without a qualified user: android.app.ContextImpl.sendBroadcast:1079 android.content.ContextWrapper.sendBroadcast:453 com.android.launcher3.Stats.recordLaunch:146 com.android.launcher3.Launcher.startAppShortcutOrInfoActivity:3508 com.android.launcher3.Launcher.onClickAppShortcut:3343 
11-17 17:57:46.027  1230  1807 I chatty  : uid=1000(system) Binder:1230_3 expire 11 lines
11-17 17:57:46.291  3349  3349 I chatty  : uid=1000(system) com.byd.autovoice expire 13 lines
11-17 17:57:46.481  1230  1314 I chatty  : uid=1000(system) android.anim expire 32 lines
11-17 17:57:47.919  1230  1311 I chatty  : uid=1000(system) android.ui expire 16 lines
11-17 17:57:48.556  1230 12042 I chatty  : uid=1000(system) Binder:1230_15 expire 10 lines
11-17 17:57:49.503  1230  2689 I chatty  : uid=1000(system) Binder:1230_C expire 15 lines
11-17 17:57:50.426  1230  9861 I chatty  : uid=1000(system) Binder:1230_11 expire 11 lines
11-17 17:57:53.340  1230 24225 I chatty  : uid=1000(system) Binder:1230_1D expire 10 lines
11-17 17:57:53.484  1230 24257 I chatty  : uid=1000(system) Binder:1230_1E expire 10 lines
11-17 17:57:55.570  1230  1793 I chatty  : uid=1000(system) ConnectivitySer expire 10 lines
11-17 17:57:56.895  1230  2809 I chatty  : uid=1000(system) LazyTaskWriterT expire 10 lines
11-17 17:57:58.524  1230  1313 I chatty  : uid=1000(system) android.display expire 13 lines
11-17 17:57:58.775  1230  1346 I chatty  : uid=1000(system) AppAutoRotation expire 18 lines
11-17 17:57:58.823 24203 24203 W ContextImpl: Calling a method in the system process without a qualified user: android.app.ContextImpl.bindService:1668 android.content.ContextWrapper.bindService:705 com.byd.launcherclient.LauncherClient.connectSafely:106 com.byd.launcherclient.LauncherClient.reconnect:185 com.byd.launcherclient.LauncherClient.<init>:74 
11-17 17:57:58.827 24203 24203 W ContextImpl: Calling a method in the system process without a qualified user: android.app.ContextImpl.sendBroadcast:1064 android.content.ContextWrapper.sendBroadcast:448 com.android.launcher3.Launcher.updateAllAppWidget:785 com.android.launcher3.Launcher.onCreate:763 android.app.Activity.performCreate:7993 
11-17 17:57:59.592  1230  1807 I chatty  : uid=1000(system) Binder:1230_3 expire 16 lines
11-17 17:57:59.682  1230  2762 I chatty  : uid=1000(system) Binder:1230_D expire 13 lines
11-17 17:58:04.059 24203 24203 W ContextImpl: Calling a method in the system process without a qualified user: android.app.ContextImpl.sendBroadcast:1079 android.content.ContextWrapper.sendBroadcast:453 com.android.launcher3.Stats.recordLaunch:146 com.android.launcher3.Launcher.startAppShortcutOrInfoActivity:3508 com.android.launcher3.Launcher.onClickAppShortcut:3343 
11-17 17:58:04.281  1230  3336 I chatty  : uid=1000(system) Binder:1230_20 expire 15 lines
11-17 17:58:06.180  3539  3591 E SystemConfig: SystemConfig is being accessed by a process other than system_server.
11-17 17:58:06.186  1230  3595 I chatty  : uid=1000 system_server expire 1 line
11-17 17:58:06.248  3539  3591 W SystemConfig: No directory /product/etc/sysconfig, skipping
11-17 17:58:06.283  3539  3591 W SystemConfig: No directory /product_services/etc/sysconfig, skipping
11-17 17:58:06.283  3539  3591 W SystemConfig: No directory /product_services/etc/permissions, skipping
11-17 17:58:10.100  3539  4044 E ActivityThread: Failed to find provider info for com.vivo.push.sdk.service.SystemPushConfig
11-17 17:58:10.105  3539  4060 E ActivityThread: Failed to find provider info for com.vivo.push.sdk.service.SystemPushConfig
11-17 17:58:10.999  1230  1313 I chatty  : uid=1000(system) android.display expire 35 lines
11-17 17:58:11.043  1230  1314 I chatty  : uid=1000(system) android.anim expire 18 lines
11-17 17:58:11.174  1230  1346 I chatty  : uid=1000(system) AppAutoRotation expire 34 lines
11-17 17:58:12.311  1230  1809 I chatty  : uid=1000(system) Binder:1230_4 expire 16 lines
11-17 17:58:13.255  1230  2689 I chatty  : uid=1000(system) Binder:1230_C expire 11 lines
11-17 17:58:13.257  1230  2397 I chatty  : uid=1000(system) Binder:1230_B expire 17 lines
11-17 17:58:13.736  1230  4449 I chatty  : uid=1000 system_server expire 1 line
11-17 17:58:13.743  1230  4451 I chatty  : uid=1000 system_server expire 1 line
11-17 17:58:14.996  3539  4411 W PackageParser: Unknown element under <manifest>: queries at /data/app/com.baidu.netdisk-HowOEdd0lhky_NPj4hN3iQ==/base.apk Binary XML file line #177
11-17 17:58:15.038  3539  4411 W PackageParser: No actions in intent filter at /data/app/com.baidu.netdisk-HowOEdd0lhky_NPj4hN3iQ==/base.apk Binary XML file line #6972
11-17 17:58:15.071  1230  1311 I chatty  : uid=1000(system) android.ui expire 43 lines
11-17 17:58:15.543  1230  9266 I chatty  : uid=1000(system) Binder:1230_10 expire 12 lines
11-17 17:58:16.457  1230  4565 I chatty  : uid=1000 system_server expire 1 line
11-17 17:58:16.463  1230  4564 I chatty  : uid=1000 system_server expire 1 line
11-17 17:58:16.467  1230  4568 I chatty  : uid=1000 system_server expire 1 line
11-17 17:58:16.478  1230  4567 I chatty  : uid=1000 system_server expire 1 line
11-17 17:58:16.484  1230  4569 I chatty  : uid=1000 system_server expire 1 line
11-17 17:58:18.844  1230  3336 I chatty  : uid=1000(system) Binder:1230_20 expire 12 lines
11-17 17:58:22.301  1230 12042 I chatty  : uid=1000(system) Binder:1230_15 expire 42 lines
11-17 17:58:40.776  1230  9069 I chatty  : uid=1000(system) Binder:1230_E expire 16 lines
11-17 17:58:43.350  1230  1310 I chatty  : uid=1000(system) android.fg expire 15 lines
11-17 17:58:46.180  1230  2809 I chatty  : uid=1000(system) LazyTaskWriterT expire 10 lines
11-17 17:58:49.646  1230  1394 I chatty  : uid=1000(system) PackageManager expire 72 lines
11-17 17:59:22.180  1230  5581 I chatty  : uid=1000 system_server expire 1 line
11-17 17:59:22.181  1230  5582 I chatty  : uid=1000 system_server expire 1 line
11-17 17:59:22.185  1230  5583 I chatty  : uid=1000 system_server expire 1 line
11-17 17:59:22.191  1230  5585 I chatty  : uid=1000 system_server expire 1 line
11-17 17:59:22.201  1230  5584 I chatty  : uid=1000 system_server expire 1 line
11-17 17:59:23.978  3349  5589 I chatty  : uid=1000(system) com.byd.autovoice expire 1 line
11-17 17:59:39.625  1230  1322 I chatty  : uid=1000(system) ActivityManager expire 12 lines
11-17 17:59:39.635 24203 24203 W ContextImpl: Calling a method in the system process without a qualified user: android.app.ContextImpl.bindService:1668 android.content.ContextWrapper.bindService:705 com.byd.launcherclient.LauncherClient.connectSafely:106 com.byd.launcherclient.LauncherClient.reconnect:185 com.byd.launcherclient.LauncherClient.<init>:74 
11-17 17:59:39.642 24203 24203 W ContextImpl: Calling a method in the system process without a qualified user: android.app.ContextImpl.sendBroadcast:1064 android.content.ContextWrapper.sendBroadcast:448 com.android.launcher3.Launcher.updateAllAppWidget:785 com.android.launcher3.Launcher.onCreate:763 android.app.Activity.performCreate:7993 
11-17 17:59:39.714  1230  1314 I chatty  : uid=1000(system) android.anim expire 10 lines
11-17 17:59:42.548  1230  1272 I chatty  : uid=1000(system) Binder:1230_2 expire 11 lines
11-17 17:59:44.060  1230  1323 I chatty  : uid=1000(system) ActivityManager expire 10 lines
11-17 17:59:44.088  1230  1271 I chatty  : uid=1000(system) Binder:1230_1 expire 14 lines
11-17 17:59:44.424  1230  3336 I chatty  : uid=1000(system) Binder:1230_20 expire 10 lines
11-17 17:59:44.606  1230  9266 I chatty  : uid=1000(system) Binder:1230_10 expire 10 lines
11-17 17:59:57.817  1230  9864 I chatty  : uid=1000(system) Binder:1230_14 expire 21 lines
11-17 18:00:01.705  1230  1346 I chatty  : uid=1000(system) AppAutoRotation expire 11 lines
11-17 18:00:03.967  1230  1313 I chatty  : uid=1000(system) android.display expire 13 lines
11-17 18:00:04.179  1230 24428 I chatty  : uid=1000(system) Binder:1230_1F expire 14 lines
11-17 18:00:04.221  1230  1311 I chatty  : uid=1000(system) android.ui expire 12 lines
11-17 18:00:04.668  5657  5657 E ActivityThread: Activity com.byd.systemsettings.applications.ApplicationActivity has leaked IntentReceiver com.byd.systemsettings.applications.ApplicationActivity$HomeWatcherReceiver@4c4c928 that was originally registered here. Are you missing a call to unregisterReceiver()?
11-17 18:00:04.668  5657  5657 E ActivityThread: android.app.IntentReceiverLeaked: Activity com.byd.systemsettings.applications.ApplicationActivity has leaked IntentReceiver com.byd.systemsettings.applications.ApplicationActivity$HomeWatcherReceiver@4c4c928 that was originally registered here. Are you missing a call to unregisterReceiver()?
11-17 18:00:04.668  5657  5657 E ActivityThread: 	at android.app.LoadedApk$ReceiverDispatcher.<init>(LoadedApk.java:1588)
11-17 18:00:04.668  5657  5657 E ActivityThread: 	at android.app.LoadedApk.getReceiverDispatcher(LoadedApk.java:1368)
11-17 18:00:04.668  5657  5657 E ActivityThread: 	at android.app.ContextImpl.registerReceiverInternal(ContextImpl.java:1534)
11-17 18:00:04.668  5657  5657 E ActivityThread: 	at android.app.ContextImpl.registerReceiver(ContextImpl.java:1507)
11-17 18:00:04.668  5657  5657 E ActivityThread: 	at android.app.ContextImpl.registerReceiver(ContextImpl.java:1495)
11-17 18:00:04.668  5657  5657 E ActivityThread: 	at android.content.ContextWrapper.registerReceiver(ContextWrapper.java:627)
11-17 18:00:04.668  5657  5657 E ActivityThread: 	at com.byd.systemsettings.applications.ApplicationActivity.onResume(ApplicationActivity.java:114)
11-17 18:00:04.668  5657  5657 E ActivityThread: 	at android.app.Instrumentation.callActivityOnResume(Instrumentation.java:1454)
11-17 18:00:04.668  5657  5657 E ActivityThread: 	at android.app.Activity.performResume(Activity.java:8130)
11-17 18:00:04.668  5657  5657 E ActivityThread: 	at android.app.ActivityThread.performResumeActivity(ActivityThread.java:4196)
11-17 18:00:04.668  5657  5657 E ActivityThread: 	at android.app.ActivityThread.handleResumeActivity(ActivityThread.java:4238)
11-17 18:00:04.668  5657  5657 E ActivityThread: 	at android.app.servertransaction.ResumeActivityItem.execute(ResumeActivityItem.java:52)
11-17 18:00:04.668  5657  5657 E ActivityThread: 	at android.app.servertransaction.TransactionExecutor.executeLifecycleState(TransactionExecutor.java:176)
11-17 18:00:04.668  5657  5657 E ActivityThread: 	at android.app.servertransaction.TransactionExecutor.execute(TransactionExecutor.java:97)
11-17 18:00:04.668  5657  5657 E ActivityThread: 	at android.app.ActivityThread$H.handleMessage(ActivityThread.java:2017)
11-17 18:00:04.668  5657  5657 E ActivityThread: 	at android.os.Handler.dispatchMessage(Handler.java:107)
11-17 18:00:04.668  5657  5657 E ActivityThread: 	at android.os.Looper.loop(Looper.java:214)
11-17 18:00:04.668  5657  5657 E ActivityThread: 	at android.app.ActivityThread.main(ActivityThread.java:7478)
11-17 18:00:04.668  5657  5657 E ActivityThread: 	at java.lang.reflect.Method.invoke(Native Method)
11-17 18:00:04.668  5657  5657 E ActivityThread: 	at com.android.internal.os.RuntimeInit$MethodAndArgsCaller.run(RuntimeInit.java:492)
11-17 18:00:04.668  5657  5657 E ActivityThread: 	at com.android.internal.os.ZygoteInit.main(ZygoteInit.java:935)
11-17 18:00:04.669  5657  5657 E ActivityThread: Activity com.byd.systemsettings.applications.ApplicationActivity has leaked IntentReceiver com.byd.systemsettings.applications.ApplicationActivity$HomeWatcherReceiver@e4276db that was originally registered here. Are you missing a call to unregisterReceiver()?
11-17 18:00:04.669  5657  5657 E ActivityThread: android.app.IntentReceiverLeaked: Activity com.byd.systemsettings.applications.ApplicationActivity has leaked IntentReceiver com.byd.systemsettings.applications.ApplicationActivity$HomeWatcherReceiver@e4276db that was originally registered here. Are you missing a call to unregisterReceiver()?
11-17 18:00:04.669  5657  5657 E ActivityThread: 	at android.app.LoadedApk$ReceiverDispatcher.<init>(LoadedApk.java:1588)
11-17 18:00:04.669  5657  5657 E ActivityThread: 	at android.app.LoadedApk.getReceiverDispatcher(LoadedApk.java:1368)
11-17 18:00:04.669  5657  5657 E ActivityThread: 	at android.app.ContextImpl.registerReceiverInternal(ContextImpl.java:1534)
11-17 18:00:04.669  5657  5657 E ActivityThread: 	at android.app.ContextImpl.registerReceiver(ContextImpl.java:1507)
11-17 18:00:04.669  5657  5657 E ActivityThread: 	at android.app.ContextImpl.registerReceiver(ContextImpl.java:1495)
11-17 18:00:04.669  5657  5657 E ActivityThread: 	at android.content.ContextWrapper.registerReceiver(ContextWrapper.java:627)
11-17 18:00:04.669  5657  5657 E ActivityThread: 	at com.byd.systemsettings.applications.ApplicationActivity.onResume(ApplicationActivity.java:114)
11-17 18:00:04.669  5657  5657 E ActivityThread: 	at android.app.Instrumentation.callActivityOnResume(Instrumentation.java:1454)
11-17 18:00:04.669  5657  5657 E ActivityThread: 	at android.app.Activity.performResume(Activity.java:8130)
11-17 18:00:04.669  5657  5657 E ActivityThread: 	at android.app.ActivityThread.performResumeActivity(ActivityThread.java:4196)
11-17 18:00:04.669  5657  5657 E ActivityThread: 	at android.app.ActivityThread.handleResumeActivity(ActivityThread.java:4238)
11-17 18:00:04.669  5657  5657 E ActivityThread: 	at android.app.servertransaction.ResumeActivityItem.execute(ResumeActivityItem.java:52)
11-17 18:00:04.669  5657  5657 E ActivityThread: 	at android.app.servertransaction.TransactionExecutor.executeLifecycleState(TransactionExecutor.java:176)
11-17 18:00:04.669  5657  5657 E ActivityThread: 	at android.app.servertransaction.TransactionExecutor.execute(TransactionExecutor.java:97)
11-17 18:00:04.669  5657  5657 E ActivityThread: 	at android.app.ActivityThread$H.handleMessage(ActivityThread.java:2017)
11-17 18:00:04.669  5657  5657 E ActivityThread: 	at android.os.Handler.dispatchMessage(Handler.java:107)
11-17 18:00:04.669  5657  5657 E ActivityThread: 	at android.os.Looper.loop(Looper.java:214)
11-17 18:00:04.669  5657  5657 E ActivityThread: 	at android.app.ActivityThread.main(ActivityThread.java:7478)
11-17 18:00:04.669  5657  5657 E ActivityThread: 	at java.lang.reflect.Method.invoke(Native Method)
11-17 18:00:04.669  5657  5657 E ActivityThread: 	at com.android.internal.os.RuntimeInit$MethodAndArgsCaller.run(RuntimeInit.java:492)
11-17 18:00:04.669  5657  5657 E ActivityThread: 	at com.android.internal.os.ZygoteInit.main(ZygoteInit.java:935)
11-17 18:00:05.641  1230  2809 I chatty  : uid=1000(system) LazyTaskWriterT expire 10 lines
11-17 18:00:05.816 24203 24203 W ContextImpl: Calling a method in the system process without a qualified user: android.app.ContextImpl.sendBroadcast:1079 android.content.ContextWrapper.sendBroadcast:453 com.android.launcher3.Stats.recordLaunch:146 com.android.launcher3.Launcher.startAppShortcutOrInfoActivity:3508 com.android.launcher3.Launcher.onClickAppShortcut:3343 
11-17 18:00:22.211  1230  5855 I chatty  : uid=1000 system_server expire 1 line
11-17 18:00:22.212  1230  5856 I chatty  : uid=1000 system_server expire 1 line
11-17 18:00:22.215  1230  5857 I chatty  : uid=1000 system_server expire 1 line
11-17 18:00:22.218  1230  5858 I chatty  : uid=1000 system_server expire 1 line
11-17 18:00:22.225  1230  5859 I chatty  : uid=1000 system_server expire 1 line
11-17 18:00:22.534  1230  1807 I chatty  : uid=1000(system) Binder:1230_3 expire 13 lines
11-17 18:00:22.536  1230 24197 I chatty  : uid=1000(system) Binder:1230_19 expire 13 lines
11-17 18:01:22.147  1230  6064 I chatty  : uid=1000 system_server expire 1 line
11-17 18:01:22.153  1230  6065 I chatty  : uid=1000 system_server expire 1 line
11-17 18:01:22.163  1230  6067 I chatty  : uid=1000 system_server expire 1 line
11-17 18:01:22.175  1230  6066 I chatty  : uid=1000 system_server expire 1 line
11-17 18:01:22.176  1230  6068 I chatty  : uid=1000 system_server expire 1 line
11-17 18:02:22.126  1230  6267 I chatty  : uid=1000 system_server expire 1 line
11-17 18:02:22.130  1230  6268 I chatty  : uid=1000 system_server expire 1 line
11-17 18:02:22.133  1230  6269 I chatty  : uid=1000 system_server expire 1 line
11-17 18:02:22.143  1230  6270 I chatty  : uid=1000 system_server expire 1 line
11-17 18:02:22.143  1230  6271 I chatty  : uid=1000 system_server expire 1 line
11-17 18:02:23.979  3349  6274 I chatty  : uid=1000(system) com.byd.autovoice expire 1 line
11-17 18:03:15.555  1230  6443 I chatty  : uid=1000 system_server expire 1 line
11-17 18:03:15.558  1230  6444 I chatty  : uid=1000 system_server expire 1 line
11-17 18:03:15.561  1230  6445 I chatty  : uid=1000 system_server expire 1 line
11-17 18:03:15.564  1230  6446 I chatty  : uid=1000 system_server expire 1 line
11-17 18:03:15.569  1230  6447 I chatty  : uid=1000 system_server expire 1 line
11-17 18:04:22.152  1230  6671 I chatty  : uid=1000 system_server expire 1 line
11-17 18:04:22.155  1230  6672 I chatty  : uid=1000 system_server expire 1 line
11-17 18:04:22.157  1230  6673 I chatty  : uid=1000 system_server expire 1 line
11-17 18:04:22.161  1230  6674 I chatty  : uid=1000 system_server expire 1 line
11-17 18:04:22.170  1230  6675 I chatty  : uid=1000 system_server expire 1 line
11-17 18:04:31.952  2909  3883 W ContextImpl: Calling a method in the system process without a qualified user: android.app.ContextImpl.sendBroadcast:1079 android.content.ContextWrapper.sendBroadcast:453 com.byd.gpsinfo.broadcast.GpsInfoBroadcastManager.sendAltitudeBroadcast:96 com.byd.gpsinfo.manager.AltitudeManager.handleAltitudeBroadcast:41 com.byd.gpsinfo.listeners.GpsInfoLocationListener.updateLocation:81 
11-17 18:04:42.974  2909  3883 W ContextImpl: Calling a method in the system process without a qualified user: android.app.ContextImpl.sendBroadcast:1079 android.content.ContextWrapper.sendBroadcast:453 com.byd.gpsinfo.broadcast.GpsInfoBroadcastManager.sendAltitudeBroadcast:96 com.byd.gpsinfo.manager.AltitudeManager.handleAltitudeBroadcast:41 com.byd.gpsinfo.listeners.GpsInfoLocationListener.updateLocation:81 
11-17 18:05:22.159  1230  6880 I chatty  : uid=1000 system_server expire 1 line
11-17 18:05:22.171  1230  6883 I chatty  : uid=1000 system_server expire 1 line
11-17 18:05:22.172  1230  6882 I chatty  : uid=1000 system_server expire 1 line
11-17 18:05:22.174  1230  6884 I chatty  : uid=1000 system_server expire 1 line
11-17 18:05:22.175  1230  6881 I chatty  : uid=1000 system_server expire 1 line
11-17 18:05:23.995  3349  6891 I chatty  : uid=1000(system) com.byd.autovoice expire 1 line
11-17 18:05:50.521  2037  2037 I TelecomFramework: : onSubscriptionsChanged - update accounts
11-17 18:05:50.521  2037  2037 I TelecomFramework: PstnIncomingCallNotifier: Unregistering: Handler (com.qualcomm.qti.internal.telephony.QtiGsmCdmaPhone) {1aae8b2}
11-17 18:05:50.534  1230  2242 I chatty  : uid=1000(system) Binder:1230_A expire 10 lines
11-17 18:05:50.549  2037  2037 I TelecomFramework: TelecomAccountRegistry: setupAccounts: Found 2 phones.  Attempting to register.
11-17 18:05:50.557  2037  2037 I TelecomFramework: TelecomAccountRegistry: setupAccounts: Phone with subscription id: 1 slotId: 0 provisionStatus: 1
11-17 18:05:50.625  1230  2171 I chatty  : uid=1000(system) Binder:1230_7 expire 2 lines
11-17 18:05:50.638  2037  2037 I TelecomFramework: AccountEntry: Registered phoneAccount: [[ ] PhoneAccount: ComponentInfo{com.android.phone/com.android.services.telephony.TelephonyConnectionService}, ***, UserHandle{0} Capabilities: CallProvider MultiUser PlaceEmerg SimSub  Audio Routes: BESW Schemes: tel voicemail  Extras: Bundle[{android.telecom.extra.SUPPORTS_VIDEO_CALLING_FALLBACK=true, android.telecom.extra.SORT_ORDER=0}] GroupId: ***] with handle: ComponentInfo{com.android.phone/com.android.services.telephony.TelephonyConnectionService}, ***, UserHandle{0}
11-17 18:05:50.638  2037  2037 I TelecomFramework: PstnIncomingCallNotifier: Registering: Handler (com.qualcomm.qti.internal.telephony.QtiGsmCdmaPhone) {1aae8b2}
11-17 18:05:50.655  2037  2037 I TelecomFramework: TelecomAccountRegistry: setupAccounts: Phone with subscription id: -1 slotId: 1 provisionStatus: -2
11-17 18:05:50.704  2037  2037 I TelecomFramework: PstnPhoneCapabilitiesNotifier: handleVideoCapabilitesChanged. Video capability - false
11-17 18:06:22.151  1230  7106 I chatty  : uid=1000 system_server expire 1 line
11-17 18:06:22.161  1230  7107 I chatty  : uid=1000 system_server expire 1 line
11-17 18:06:22.166  1230  7109 I chatty  : uid=1000 system_server expire 1 line
11-17 18:06:22.167  1230  7108 I chatty  : uid=1000 system_server expire 1 line
11-17 18:06:22.175  1230  7110 I chatty  : uid=1000 system_server expire 1 line
11-17 18:07:22.160  1230  7346 I chatty  : uid=1000 system_server expire 1 line
11-17 18:07:22.165  1230  7347 I chatty  : uid=1000 system_server expire 1 line
11-17 18:07:22.170  1230  7348 I chatty  : uid=1000 system_server expire 1 line
11-17 18:07:22.180  1230  7350 I chatty  : uid=1000 system_server expire 1 line
11-17 18:07:22.188  1230  7349 I chatty  : uid=1000 system_server expire 1 line
11-17 18:08:16.646  1230  7500 I chatty  : uid=1000 system_server expire 1 line
11-17 18:08:16.649  1230  7501 I chatty  : uid=1000 system_server expire 1 line
11-17 18:08:16.652  1230  7502 I chatty  : uid=1000 system_server expire 1 line
11-17 18:08:16.656  1230  7503 I chatty  : uid=1000 system_server expire 1 line
11-17 18:08:16.659  1230  7504 I chatty  : uid=1000 system_server expire 1 line
11-17 18:08:23.970  3349  7528 I chatty  : uid=1000(system) com.byd.autovoice expire 1 line
11-17 18:09:07.076  1230 12042 I chatty  : uid=1000(system) Binder:1230_15 expire 5 lines
11-17 18:09:07.161  2037  2037 I TelecomFramework: : onSubscriptionsChanged - update accounts
11-17 18:09:07.161  2037  2037 I TelecomFramework: PstnIncomingCallNotifier: Unregistering: Handler (com.qualcomm.qti.internal.telephony.QtiGsmCdmaPhone) {1aae8b2}
11-17 18:09:07.183  2037  2037 I TelecomFramework: TelecomAccountRegistry: setupAccounts: Found 2 phones.  Attempting to register.
11-17 18:09:07.187  2037  2037 I TelecomFramework: TelecomAccountRegistry: setupAccounts: Phone with subscription id: 1 slotId: 0 provisionStatus: 1
11-17 18:09:07.277  2037  2037 I TelecomFramework: AccountEntry: Registered phoneAccount: [[ ] PhoneAccount: ComponentInfo{com.android.phone/com.android.services.telephony.TelephonyConnectionService}, ***, UserHandle{0} Capabilities: CallProvider MultiUser PlaceEmerg SimSub  Audio Routes: BESW Schemes: tel voicemail  Extras: Bundle[{android.telecom.extra.SUPPORTS_VIDEO_CALLING_FALLBACK=true, android.telecom.extra.SORT_ORDER=0}] GroupId: ***] with handle: ComponentInfo{com.android.phone/com.android.services.telephony.TelephonyConnectionService}, ***, UserHandle{0}
11-17 18:09:07.277  2037  2037 I TelecomFramework: PstnIncomingCallNotifier: Registering: Handler (com.qualcomm.qti.internal.telephony.QtiGsmCdmaPhone) {1aae8b2}
11-17 18:09:07.281  2037  2037 I TelecomFramework: TelecomAccountRegistry: setupAccounts: Phone with subscription id: -1 slotId: 1 provisionStatus: -2
11-17 18:09:07.323  2037  2037 I TelecomFramework: PstnPhoneCapabilitiesNotifier: handleVideoCapabilitesChanged. Video capability - false
11-17 18:09:22.180  1230  7791 I chatty  : uid=1000 system_server expire 1 line
11-17 18:09:22.197  1230  7792 I chatty  : uid=1000 system_server expire 1 line
11-17 18:09:22.208  1230  7793 I chatty  : uid=1000 system_server expire 1 line
11-17 18:09:22.214  1230  7794 I chatty  : uid=1000 system_server expire 1 line
11-17 18:09:22.219  1230  7795 I chatty  : uid=1000 system_server expire 1 line
11-17 18:09:32.427   522  7819 W SocketClient: write error (Broken pipe)
11-17 18:10:22.154  1230  7983 I chatty  : uid=1000 system_server expire 1 line
11-17 18:10:22.157  1230  7984 I chatty  : uid=1000 system_server expire 1 line
11-17 18:10:22.164  1230  7985 I chatty  : uid=1000 system_server expire 1 line
11-17 18:10:22.164  1230  7987 I chatty  : uid=1000 system_server expire 1 line
11-17 18:10:22.175  1230  7986 I chatty  : uid=1000 system_server expire 1 line
11-17 18:11:22.160  1230  8181 I chatty  : uid=1000 system_server expire 1 line
11-17 18:11:22.163  1230  8182 I chatty  : uid=1000 system_server expire 1 line
11-17 18:11:22.166  1230  8183 I chatty  : uid=1000 system_server expire 1 line
11-17 18:11:22.169  1230  8184 I chatty  : uid=1000 system_server expire 1 line
11-17 18:11:22.174  1230  8185 I chatty  : uid=1000 system_server expire 1 line
11-17 18:11:22.203  1230  1230 I chatty  : uid=1000 system_server expire 34 lines
11-17 18:11:23.989  3349  8187 I chatty  : uid=1000(system) com.byd.autovoice expire 1 line
11-17 18:12:22.213  1230  8389 I chatty  : uid=1000 system_server expire 1 line
11-17 18:12:22.218  1230  8390 I chatty  : uid=1000 system_server expire 1 line
11-17 18:12:22.226  1230  8391 I chatty  : uid=1000 system_server expire 1 line
11-17 18:12:22.227  1230  8392 I chatty  : uid=1000 system_server expire 1 line
11-17 18:12:22.245  1230  8393 I chatty  : uid=1000 system_server expire 1 line
11-17 18:12:43.988  2909  3883 W ContextImpl: Calling a method in the system process without a qualified user: android.app.ContextImpl.sendBroadcast:1079 android.content.ContextWrapper.sendBroadcast:453 com.byd.gpsinfo.broadcast.GpsInfoBroadcastManager.sendAltitudeBroadcast:96 com.byd.gpsinfo.manager.AltitudeManager.handleAltitudeBroadcast:41 com.byd.gpsinfo.listeners.GpsInfoLocationListener.updateLocation:81 
11-17 18:13:08.591  1230  2689 I chatty  : uid=1000(system) Binder:1230_C expire 8 lines
11-17 18:13:16.962  2909  3883 W ContextImpl: Calling a method in the system process without a qualified user: android.app.ContextImpl.sendBroadcast:1079 android.content.ContextWrapper.sendBroadcast:453 com.byd.gpsinfo.broadcast.GpsInfoBroadcastManager.sendAltitudeBroadcast:96 com.byd.gpsinfo.manager.AltitudeManager.handleAltitudeBroadcast:41 com.byd.gpsinfo.listeners.GpsInfoLocationListener.updateLocation:81 
11-17 18:13:18.285  1230  8618 I chatty  : uid=1000 system_server expire 1 line
11-17 18:13:18.291  1230  8619 I chatty  : uid=1000 system_server expire 1 line
11-17 18:13:18.294  1230  8620 I chatty  : uid=1000 system_server expire 1 line
11-17 18:13:18.299  1230  8621 I chatty  : uid=1000 system_server expire 1 line
11-17 18:13:18.314  1230  8622 I chatty  : uid=1000 system_server expire 1 line
11-17 18:13:23.960  2909  3883 W ContextImpl: Calling a method in the system process without a qualified user: android.app.ContextImpl.sendBroadcast:1079 android.content.ContextWrapper.sendBroadcast:453 com.byd.gpsinfo.broadcast.GpsInfoBroadcastManager.sendAltitudeBroadcast:96 com.byd.gpsinfo.manager.AltitudeManager.handleAltitudeBroadcast:41 com.byd.gpsinfo.listeners.GpsInfoLocationListener.updateLocation:81 
11-17 18:13:33.966  2909  3883 W ContextImpl: Calling a method in the system process without a qualified user: android.app.ContextImpl.sendBroadcast:1079 android.content.ContextWrapper.sendBroadcast:453 com.byd.gpsinfo.broadcast.GpsInfoBroadcastManager.sendAltitudeBroadcast:96 com.byd.gpsinfo.manager.AltitudeManager.handleAltitudeBroadcast:41 com.byd.gpsinfo.listeners.GpsInfoLocationListener.updateLocation:81 
11-17 18:13:46.938  1230  1310 I chatty  : uid=1000(system) android.fg expire 10 lines
11-17 18:14:18.953  2909  3883 W ContextImpl: Calling a method in the system process without a qualified user: android.app.ContextImpl.sendBroadcast:1079 android.content.ContextWrapper.sendBroadcast:453 com.byd.gpsinfo.broadcast.GpsInfoBroadcastManager.sendAltitudeBroadcast:96 com.byd.gpsinfo.manager.AltitudeManager.handleAltitudeBroadcast:41 com.byd.gpsinfo.listeners.GpsInfoLocationListener.updateLocation:81 
11-17 18:14:22.173  1230  8881 I chatty  : uid=1000 system_server expire 1 line
11-17 18:14:22.187  1230  8883 I chatty  : uid=1000 system_server expire 1 line
11-17 18:14:22.191  1230  8882 I chatty  : uid=1000 system_server expire 1 line
