12-14 00:07:53.482  1551  1551 E LoadedApk: 	at android.app.ActivityThread$H.handleMessage(libmapleframework.so:4455868)
12-14 00:07:53.482  1551  1551 E LoadedApk: 	at android.os.Handler.dispatchMessage(libmapleframework.so:6246868)
12-14 00:07:53.482  1551  1551 E LoadedApk: 	at android.os.Looper.loop(libmapleframework.so:4840604)
12-14 00:07:53.482  1551  1551 E LoadedApk: 	at com.android.server.SystemServer.run(libmapleservices.so:1994652)
12-14 00:07:53.482  1551  1551 E LoadedApk: 	at com.android.server.SystemServer.main(libmapleservices.so:2358824)
12-14 00:07:53.482  1551  1551 E LoadedApk: 	at java.lang.reflect.Method.invoke(libmaplecore-all.so:4381408)
12-14 00:07:53.482  1551  1551 E LoadedApk: 	at com.android.internal.os.RuntimeInit$MethodAndArgsCaller.run(libmapleframework.so:195352)
12-14 00:07:53.482  1551  1551 E LoadedApk: 	at com.android.internal.os.ZygoteInit.main(libmapleframework.so:1154192)
12-14 00:07:53.483  1551  1638 I PackageManager: Returning preferred activity: com.huawei.android.launcher/com.huawei.android.launcher.unihome.UniHomeLauncher
12-14 00:07:53.483  1551  1638 I PackageManager: choose best activity: com.huawei.android.launcher, com.huawei.android.launcher.unihome.UniHomeLauncher
12-14 00:07:53.483 24045 10603 I Icing   : Usage reports ok 0, Failed Usage reports 0, indexed 0, rejected 0
12-14 00:07:53.483 24045 10603 I Icing   : Indexing com.google.android.gms-internal.3p:MobileApplication from com.google.android.gms using seqno 5266
12-14 00:07:53.486  1551  9610 D SecurityProfile_Permission: Permission reason is unchecked app type.
12-14 00:07:53.486 30509  9780 I chatty  : uid=10067(com.huawei.hwid) kitstore_Packag expire 3 lines
12-14 00:07:53.486  1551  9610 W SecurityProfile_Permission: No meta in package: com.huawei.log_collector
12-14 00:07:53.486  9702  9783 I OpenGLRenderer: RenderThread: progress name = [com.huawei.log_collector], viewCornerType = 0
12-14 00:07:53.487  1551  1733 W AccessibilityManagerService: Skipping accessibility service com.liuxing.bbs/com.androlua.LuaAccessibilityService: it does not require the permission android.permission.BIND_ACCESSIBILITY_SERVICE
12-14 00:07:53.487  9702  9785 I iGraphics: [0020080c] pn: com.huawei.log_collector, p: 9702
12-14 00:07:53.487  9702  9785 I iGraphics: [0030080c] no spt app: com.huawei.log_collector
12-14 00:07:53.487  1551  2042 W Process : Unable to open /proc/-1/status
12-14 00:07:53.487  1551  2042 D HwActivityManagerServiceEx: notifyAppToTop pid:2696, enable:0
12-14 00:07:53.487  2696  2696 I RmeSchedManager: init Rme, version is: v1.0
12-14 00:07:53.488  2712  4457 I chatty  : uid=10067(com.huawei.hwid) Binder:2712_A expire 8 lines
12-14 00:07:53.489  1551  1733 W AccessibilityManagerService: Skipping accessibility service org.eu.fada.sp970/com.androlua.LuaAccessibilityService: it does not require the permission android.permission.BIND_ACCESSIBILITY_SERVICE
12-14 00:07:53.489  1551  1733 I AccessibilityShortcutController: checkPackageInstalled packageName:com.google.android.marvin.talkback,isInstalled:true
12-14 00:07:53.490  1551  1733 I [SPMN]  : insert SECURE -- name = accessibility_enabled, package = android, user = 0, value = 1
12-14 00:07:53.491  1551  1551 I JobScheduler: isComponentUsable: 3d78a26 #u0a67/50001 com.huawei.hwid/com.huawei.hms.runtimekit.stub.HMSKitC1NEStubJobService20 component not present
12-14 00:07:53.491  1551  1551 I JobScheduler: isComponentUsable: 3e7e0b7 #1001/10 com.huawei.hwvoipservice/.statistical.EventHandler$UploadStaticsJob component not present
12-14 00:07:53.491  1551  1551 I JobScheduler: isComponentUsable: 3e7e0b7 #1001/10 com.huawei.hwvoipservice/.statistical.EventHandler$UploadStaticsJob component not present
12-14 00:07:53.491  1551  1733 W TextServicesManagerService: no available spell checker services found
12-14 00:07:53.493  1551  1551 I AlarmManager: UninstallReceiver onReceive action:android.intent.action.PACKAGE_RESTARTED
12-14 00:07:53.493  1551  1551 D HwBastetService: BroadcastReceiver android.intent.action.PACKAGE_RESTARTED
12-14 00:07:53.493  1009  6823 I bastetd : [IBastetService ] onTransact# BnBastetService::onTransact, code=29, flags=17
12-14 00:07:53.494  1551  9786 I PackageManager: Returning preferred activity: com.huawei.android.launcher/com.huawei.android.launcher.unihome.UniHomeLauncher
12-14 00:07:53.494  1551  9786 I PackageManager: choose best activity: com.huawei.android.launcher, com.huawei.android.launcher.unihome.UniHomeLauncher
12-14 00:07:53.495  1551  1712 I WindowManager: Checking 1 opening apps (frozen=false timeout=false)...
12-14 00:07:53.495  1551  1712 I WindowManager: Check opening app=AppWindowToken{42a72b1 token=Token{43c9bbc ActivityRecord{42c1bc2 u0 com.huawei.log_collector/.MainActivity t143}}}: allDrawn=false startingDisplayed=false startingMoved=false isRelaunching()=false startingWindow=Window{4305ab1 u0 Splash Screen com.huawei.log_collector}
12-14 00:07:53.496  1551  1551 I MQoS    : mSubId=1,voiceState:0,dataState:0
12-14 00:07:53.497  1551  9786 D HiTouch_PressGestureDetector: onAttached, package=com.huawei.log_collector, windowType=3, mIsHiTouchRestricted=false
12-14 00:07:53.497  1551  2109 I HwWifiProServiceProxy: ctrlHwWifiNetwork pkgName: WIFIPRO_SERVICE interfaceId: 8
12-14 00:07:53.497  1551  1551 I MQoS    : onSignal: mSubId=1,currDataSubID=1
12-14 00:07:53.498  1551  1551 I MQoS    : received cell-signal:5
12-14 00:07:53.499  1551  1551 W Looper  : Drained
12-14 00:07:53.499  1551  9610 D SecurityProfile_Permission: Permission reason is unchecked app type.
12-14 00:07:53.499  1551  9610 W SecurityProfile_Permission: No meta in package: com.huawei.log_collector
12-14 00:07:53.499  1551  1551 D HwForceDarkModeConfig: do init
12-14 00:07:53.500  1551  1551 D HwForceDarkModeConfig: end to init
12-14 00:07:53.500  1551  1551 I maple   : VMRuntime: VMRuntime_onAppBackgroundGc Unsupported!!!
12-14 00:07:53.502  1049  1058 W         : iawared: write t_pid = 7176 failed, errno = 3
12-14 00:07:53.506 24045 10603 W Icing   : No valid account for uploading user actions
12-14 00:07:53.510  1551  1712 I HwViewRootImpl: removeInvalidNode all the node in jank list is out of time
12-14 00:07:53.514  1551  1779 I PowerManagerService: handleSandman: wakefulness: 1,startDreaming: false
12-14 00:07:53.516  2733  3114 E HSM_BG-11.1.1.456: ReflectUtils:get class type but com.huawei.gameassistant.gamedata.receiver.HwInstallPackageIntentReceiver not found!
12-14 00:07:53.517  2644  2820 I PGServer: android calls fast HApps
12-14 00:07:53.517  2644  2820 I AppFastHibernation: fast H duration: 1500 reason: start activity
12-14 00:07:53.518  1551  1712 I WindowManager: performshow Window{4305ab1 u0 Splash Screen com.huawei.log_collector} tok.waitingToShow=true isTransitionSet=true parentHidden=false vis=0 tok.hidden=true hasSurface=true policyVis=true destroying=false animating=true
12-14 00:07:53.518  1551  2008 I PackageManager: Returning preferred activity: com.huawei.android.launcher/com.huawei.android.launcher.unihome.UniHomeLauncher
12-14 00:07:53.518  1551  2008 I PackageManager: choose best activity: com.huawei.android.launcher, com.huawei.android.launcher.unihome.UniHomeLauncher
12-14 00:07:53.519  1551  1712 I WindowManager: Checking 1 opening apps (frozen=false timeout=false)...
12-14 00:07:53.519  1551  1712 I WindowManager: Check opening app=AppWindowToken{42a72b1 token=Token{43c9bbc ActivityRecord{42c1bc2 u0 com.huawei.log_collector/.MainActivity t143}}}: allDrawn=false startingDisplayed=true startingMoved=false isRelaunching()=false startingWindow=Window{4305ab1 u0 Splash Screen com.huawei.log_collector}
12-14 00:07:53.519  1551  1712 I WindowManager: Checking 0 opening apps (frozen=false timeout=false)...
12-14 00:07:53.519  1551  1712 I WindowManager: send SET_LAUNCHER_VISIBLE_IN_FINGER_BOOST visible: true,delay:0, handle:true, userId:0, callingPid: 1551
12-14 00:07:53.519  1551  1712 D WindowManager: setActivityVisibleInFingerBoostInner fit:true record:ActivityRecord{3dd15c2 u0 com.huawei.android.launcher/.unihome.UniHomeLauncher t1} isInWallpaperEffect:false, callingPid: 1551
12-14 00:07:53.519  1551  1712 I HwWindowManagerServiceEx: closing apps count = 1
12-14 00:07:53.519 24045 10603 I Icing   : Usage reports ok 0, Failed Usage reports 0, indexed 0, rejected 0
12-14 00:07:53.519 24045 10603 I Icing   : Indexing com.google.android.gms-apps from com.google.android.gms
12-14 00:07:53.520  1049 24341 I Pged-IPgedBinderService: ****action is 1, pid num is 8***
12-14 00:07:53.520  1049 24341 I Pged-Freezer: freezePids
12-14 00:07:53.520  1049 24341 I Pged-Freezer: Freeze process: 1694
12-14 00:07:53.521  1049 24341 I Pged-Freezer: Freeze process: 8111
12-14 00:07:53.521  1049 24341 I Pged-Freezer: Freeze process: 15527
12-14 00:07:53.521 17409  9789 I NetworkKit_OkRequestTask: NetworkKit_request_18|null|com.huawei.hms.network.embedded.n5|execute|4|the request has used the okhttp!
12-14 00:07:53.521  1049 24341 I Pged-Freezer: Freeze process: 14124
12-14 00:07:53.521  1049 24341 I Pged-Freezer: Freeze process: 13736
12-14 00:07:53.521  1049 24341 I Pged-Freezer: Freeze process: 13656
12-14 00:07:53.521  1049 24341 I Pged-Freezer: Freeze process: 13111
12-14 00:07:53.522  2644  3826 D PgedBinderAdapter: F_Z ok, pid: [1694, 8111, 15527, 14124, 13736, 13656, 13111]
12-14 00:07:53.527  1551  1779 I PowerManagerService: handleSandman: wakefulness: 1,startDreaming: false
12-14 00:07:53.528  1551  2409 E WifiPermissionsUtil: getUidPermission is DENIED and permissionType android.permission.ACCESS_FINE_LOCATIONuid 10030
12-14 00:07:53.528 17409  5565 I NetworkKit_OkRequestTask: pool-28-thread-1|null|com.huawei.hms.network.embedded.n5|execute|4|the request has used the okhttp!
12-14 00:07:53.528  1551  2409 E WifiService: enforceCanAccessScanResults: hiding ssid and bssidUID 10030 has no location permission
12-14 00:07:53.528  9756  9774 I ActivityThread: Init compatible state: false
12-14 00:07:53.530   670 11518 I netd    : trafficSwapActiveStatsMap() <18.99ms>
12-14 00:07:53.533 17409 10320 I FormalHASDK: HiAnalyticsInstance==> onEvent. TAG:_default_config_tag, TYPE:1, eventId:2010100701
12-14 00:07:53.534  9756  9774 D HwFrameworkSecurityPartsFactory: HwFrameworkSecurityPartsFactory in.
12-14 00:07:53.534  9756  9774 I HwFrameworkSecurityPartsFactory: add HwFrameworkSecurityPartsFactory to memory.
12-14 00:07:53.534  9756  9774 D BehaviorCollectManager: hook process for AI virus second
12-14 00:07:53.534  9756  9774 I BehaviorCollectManager: bindAnalyzerService: huawei.android.security.IAppBehaviorDataAnalyzer$Stub$Proxy@de2d5a6 pid:9756
12-14 00:07:53.535 17409 10320 I FormalHASDK: HiAnalyticsInstance==> onEvent. TAG:_default_config_tag, TYPE:0, eventId:2200100501
12-14 00:07:53.538 17409 17520 W HiApp.ServerReqKit/NetworkInterceptUtil: pool-22-thread-1{6031} <<< WARN >>> isAgreeNetwork :false  isAgreeProtocol :true  isChinaArea:true
12-14 00:07:53.540  2673  3719 V HwCustTpProviderHwImpl: isMatchFlag = false
12-14 00:07:53.542  2673  3719 V HwCustTpProviderHwImpl: isMatchFlag = false
12-14 00:07:53.545   670 11518 I netd    : trafficSwapActiveStatsMap() <13.49ms>
12-14 00:07:53.562  1551  1712 D HwWindowManagerServiceEx: is app exit to launcher info: transit = 12, app = AppWindowToken{40f1209 token=Token{40f06a4 ActivityRecord{3dd15c2 u0 com.huawei.android.launcher/.unihome.UniHomeLauncher t1}}}, window = Window{411b6b1 u0 com.huawei.android.launcher/com.huawei.android.launcher.unihome.UniHomeLauncher}, mClosingApps = {AppWindowToken{40f1209 token=Token{40f06a4 ActivityRecord{3dd15c2 u0 com.huawei.android.launcher/.unihome.UniHomeLauncher t1}}}}, topOpeningApp = AppWindowToken{42a72b1 token=Token{43c9bbc ActivityRecord{42c1bc2 u0 com.huawei.log_collector/.MainActivity t143}}}, mExitIconBitmap = null, mExitIconHeight = -1, mExitIconWidth = -1
12-14 00:07:53.562  1551  1712 E WindowManager: icon is null!!
12-14 00:07:53.565  1551  1712 V WindowManager: commitVisibility: AppWindowToken{40f1209 token=Token{40f06a4 ActivityRecord{3dd15c2 u0 com.huawei.android.launcher/.unihome.UniHomeLauncher t1}}}: hidden=true hiddenRequested=true
12-14 00:07:53.565  1551  1712 E WindowManager: icon is null!!
12-14 00:07:53.566 17409 17425 I uawei.appmarke: Background concurrent copying GC freed 42089(2505KB) AllocSpace objects, 6(312KB) LOS objects, 49% free, 8292KB/16MB, paused 120us total 1.061s
12-14 00:07:53.566  1551  1712 D HwWindowManagerServiceEx: is app exit to launcher info: transit = 12, app = AppWindowToken{42a72b1 token=Token{43c9bbc ActivityRecord{42c1bc2 u0 com.huawei.log_collector/.MainActivity t143}}}, window = null, mClosingApps = {AppWindowToken{40f1209 token=Token{40f06a4 ActivityRecord{3dd15c2 u0 com.huawei.android.launcher/.unihome.UniHomeLauncher t1}}}}, topOpeningApp = AppWindowToken{42a72b1 token=Token{43c9bbc ActivityRecord{42c1bc2 u0 com.huawei.log_collector/.MainActivity t143}}}, mExitIconBitmap = null, mExitIconHeight = -1, mExitIconWidth = -1
12-14 00:07:53.566  1551  1712 D HwWindowManagerServiceEx: rogWidth = 1080rogHeight = 2340, defaultWidth = 1080,size = 60,resolutionSize =60
12-14 00:07:53.566  1551  1712 D HwWindowManagerServiceEx: getCrossAppTransitAnimRoundCornerRadius radius 60.0
12-14 00:07:53.566 17409 17427 W System  : A resource failed to call close. 
12-14 00:07:53.568  1551  1712 V WindowManager: commitVisibility: AppWindowToken{42a72b1 token=Token{43c9bbc ActivityRecord{42c1bc2 u0 com.huawei.log_collector/.MainActivity t143}}}: hidden=false hiddenRequested=false
12-14 00:07:53.569  1551  1712 I WindowManager: dispatchResized : win = Window{4305ab1 u0 Splash Screen com.huawei.log_collector} drawState = HAS_DRAWN
12-14 00:07:53.570  1551  1709 D StatusBarManagerService: win:Window{4305ab1 u0 Splash Screen com.huawei.log_collector}mIsColorEnable:truelight:false
12-14 00:07:53.570  1551  1709 I StatusBarDisable: setFlags what=0 which=1 pkg=Window{4305ab1 u0 Splash Screen com.huawei.log_collector}
12-14 00:07:53.570  2285  8171 D HwCommandQueue: CommandQueue, set Launcher StatusBar Color
12-14 00:07:53.572  1551  1711 I WindowManager: handle SET_LAUNCHER_VISIBLE_IN_FINGER_BOOST visible:true handle:trueuserId:0, currentUserId:0
12-14 00:07:53.572  1551  1711 D WindowManager: setLauncherVisibleInFingerBoost record=ActivityRecord{3dd15c2 u0 com.huawei.android.launcher/.unihome.UniHomeLauncher t1}
12-14 00:07:53.572  1551  1711 I WindowManager: setLauncherVisible setAlpha to 1.0
12-14 00:07:53.572  1551  1711 D WindowManager: setLauncherVisible wallpaperScale=false
12-14 00:07:53.572  1551  1711 D WindowManager: WS setWallpaperScale return, wallpaper no need to recover
12-14 00:07:53.576  1551  7679 V ActivityManager: Successfully start provider ContentProviderRecord{3f98490 u0 com.android.providers.settings/.hwext.HwSettingsProvider} launchingApp=null caller pid= 9702
12-14 00:07:53.581  1551  3069 I PackageManager: getInstalledPackages cost 4 ms, flags: 786432, userId: 0, callingUid: 10110, callingPid: 24045
12-14 00:07:53.581  1551  2409 I DeviceIdentifiers: udid has been read success, return!
12-14 00:07:53.585  9702  9702 V ActivityThread: callActivityOnCreate
12-14 00:07:53.588 17409 10320 I NetworkKit_OkRequestTask: pool-22-thread-1|null|com.huawei.hms.network.embedded.n5|execute|4|the request has used the okhttp!
12-14 00:07:53.588  1551  3069 E WifiPermissionsUtil: getUidPermission is DENIED and permissionType android.permission.ACCESS_FINE_LOCATIONuid 10030
12-14 00:07:53.589  1551  3069 E WifiService: enforceCanAccessScanResults: hiding ssid and bssidUID 10030 has no location permission
12-14 00:07:53.594 24045 10603 I Icing   : Indexing done com.google.android.gms-apps
12-14 00:07:53.602   727  1508 W hwcomposer: setGpuFreqBoost:154: boostGpuFreq succ !
12-14 00:07:53.610  1551  1733 W system_server: resources.arsc in APK '/data/app/com.sankuai.meituan-KgQm48EVjFGKe1aqR1b9xw==/base.apk' is compressed.
12-14 00:07:53.630  1551  1733 W SearchableInfo: Invalid searchable metadata for com.sankuai.meituan/.search.home.SearchActivity: Search label must be a resource reference.
12-14 00:07:53.646  1551  3069 I HwInnerVibratorService: isSupportHwVibrator type:haptic.common.long_press1, isSupport:0
12-14 00:07:53.647  1551  7679 I HwInnerVibratorService: isSupportHwVibrator type:haptic.slide.type6, isSupport:0
12-14 00:07:53.652 17409  9798 I NetworkKit_NetDetectAndPolicy: pool-28-thread-2 -->NetworkKit_netdiag_submit_task_15|null|com.huawei.hms.network.embedded.e8|b|50|the time count will reset!
12-14 00:07:53.653  1551  7679 E WifiPermissionsUtil: getUidPermission is DENIED and permissionType android.permission.ACCESS_FINE_LOCATIONuid 10030
12-14 00:07:53.653  1551  7679 E WifiService: enforceCanAccessScanResults: hiding ssid and bssidUID 10030 has no location permission
12-14 00:07:53.654   670  1397 W /system/bin/netd: A binder object at 0x7b6fd42c00 is being transacted on, however, this object is in the same process as its proxy. Transacting with this binder is expensive compared to just calling the corresponding functionality in the same process.
12-14 00:07:53.654   670  1397 I PreDnsController: CanPreDnsQuery,persist.sys.predns is false!
12-14 00:07:53.655  9756  9756 I meassistant:br: QarthPatchMonintor::Run
12-14 00:07:53.656  1551  1551 D HwConnectivityManagerImpl: getNetworkPolicyFlag flagStr null
12-14 00:07:53.656  9756  9774 I HwApiCacheMangerEx: apicache path=/storage/emulated/0 state=mounted key=com.huawei.gameassistant#10119#256
12-14 00:07:53.656  9756  9774 I HwApiCacheMangerEx: need clear apicache,because volumes changed,oldCnt=0 newCnt=1
12-14 00:07:53.658  1551  1733 W SearchableInfo: Invalid searchable metadata for tv.danmaku.bili/com.bilibili.bililive.videoliveplayer.ui.live.LiveAllActivity: Search label must be a resource reference.
12-14 00:07:53.659  1551  1733 W SearchableInfo: Invalid searchable metadata for tv.danmaku.bili/com.bilibili.bililive.videoliveplayer.ui.live.area.LiveAreaVideoListActivity: Search label must be a resource reference.
12-14 00:07:53.659 17409  9790 W Settings: Setting adb_enabled has moved from android.provider.Settings.Secure to android.provider.Settings.Global.
12-14 00:07:53.660 17409  9790 I FormalHASDK: HiAnalyticsInstance==> onEvent. TAG:_default_config_tag, TYPE:1, eventId:url_request
12-14 00:07:53.660  1551  1733 W SearchableInfo: Invalid searchable metadata for tv.danmaku.bili/com.bilibili.bililive.videoliveplayer.ui.live.search.LiveSearchActivity: Search label must be a resource reference.
12-14 00:07:53.661  9756  9774 I HwApiCacheMangerEx: apicache path=/storage/emulated/0 state=mounted key=com.huawei.gameassistant#10119#0
12-14 00:07:53.662  9756  9774 I HwApiCacheMangerEx: need clear apicache,because volumes changed,oldCnt=1 newCnt=1
12-14 00:07:53.662  1551  1733 W SearchableInfo: Invalid searchable metadata for tv.danmaku.bili/com.bilibili.bililive.room.ui.roomv3.LiveRoomActivityV3: Search label must be a resource reference.
12-14 00:07:53.663 17409 10227 I FormalHASDK: HiAnalyticsInstance==> onEvent. TAG:_default_config_tag, TYPE:1, eventId:907112013
12-14 00:07:53.665 17409 17520 E HiApp.PermissionControllerService/PolicyItemUtils: pool-34-thread-1{5985} <<< ERROR >>> get app permission is error, because appPermissionControls is empty
12-14 00:07:53.666  1551  1733 W SearchableInfo: Invalid searchable metadata for tv.danmaku.bili/com.bilibili.bililive.room.ui.roomv3.LiveRoomTranslucentActivity: Search label must be a resource reference.
12-14 00:07:53.678  9702  9702 I DecorView[]: pkgName:com.huawei.log_collector old windowMode:0 new windoMode:1, isFixedSize:false
12-14 00:07:53.679  9756  9756 I HwGameAssistant-12.5.1.300-: 
12-14 00:07:53.679  9756  9756 I HwGameAssistant-12.5.1.300-: ==================================================
12-14 00:07:53.679  9756  9756 I HwGameAssistant-12.5.1.300-: == Package: com.huawei.gameassistant
12-14 00:07:53.679  9756  9756 I HwGameAssistant-12.5.1.300-: == Version: 1020501300 : 12.5.1.300
12-14 00:07:53.679  9756  9756 I HwGameAssistant-12.5.1.300-: == Process: 9756 : com.huawei.gameassistant:brd
12-14 00:07:53.679  9756  9756 I HwGameAssistant-12.5.1.300-: == Time: 2022-12-14 00:07:53.679
12-14 00:07:53.679  9756  9756 I HwGameAssistant-12.5.1.300-: ==================================================
12-14 00:07:53.681  9756  9756 I HwGameAssistant-12.5.1.300-GameassistantApplication: attachBaseContext
12-14 00:07:53.681  9756  9756 I ApplicationContext: ApplicationContext init
12-14 00:07:53.683  9756  9756 I ApplicationContext: ApplicationContext init ok
12-14 00:07:53.684  9756  9756 I HwGameAssistant-12.5.1.300-NetWorkLogic: init
12-14 00:07:53.685  1551  2008 D HwConnectivityServiceEx: set 10119 rmnet0 value true
12-14 00:07:53.685  1551  2008 I ConnectivityService: B uid 10119
12-14 00:07:53.687  9702  9702 I OverScrollerOptimization: start init SmartSlideOverScroller and get the overscroller config
12-14 00:07:53.687  9702  9702 I OverScrollerOptimization: get the overscroller config
12-14 00:07:53.688  9756  9756 I HwGameAssistant-12.5.1.300-GameassistantApplication: onCreate
12-14 00:07:53.690 17409  9798 I NetworkKit_NetDetectAndPolicy: pool-28-thread-1 -->NetworkKit_netdiag_submit_task_15|null|com.huawei.hms.network.embedded.e8|b|50|the time count will reset!
12-14 00:07:53.691  1551  2008 E WifiPermissionsUtil: getUidPermission is DENIED and permissionType android.permission.ACCESS_FINE_LOCATIONuid 10030
12-14 00:07:53.691  1551  2008 E WifiService: enforceCanAccessScanResults: hiding ssid and bssidUID 10030 has no location permission
12-14 00:07:53.692  9756  9774 I HwPartIawareFactory: add android.common.HwPartIawareFactoryImpl to memory.
12-14 00:07:53.692  9756  9774 I AwareBitmapCacher: init processName:com.huawei.gameassistant:brd pid=9756 uid=10119
12-14 00:07:53.695  9756  9756 I HwGameAssistant-12.5.1.300-SecurityUtil: init
12-14 00:07:53.698 17409  9790 W Settings: Setting adb_enabled has moved from android.provider.Settings.Secure to android.provider.Settings.Global.
12-14 00:07:53.698 17409  9790 I FormalHASDK: HiAnalyticsInstance==> onEvent. TAG:_default_config_tag, TYPE:1, eventId:url_request
12-14 00:07:53.700 17409  5565 I FormalHASDK: HiAnalyticsInstance==> onEvent. TAG:_default_config_tag, TYPE:1, eventId:907112013
12-14 00:07:53.700  9756  9805 I HwGameAssistant-12.5.1.300-SecurityUtil: init start
12-14 00:07:53.701  9756  9805 I HwGameAssistant-12.5.1.300-SecurityUtil: isInit is true
12-14 00:07:53.701  9756  9805 I HwGameAssistant-12.5.1.300-SecurityUtil: init KeyPair success.
12-14 00:07:53.702  1551  3069 V ActivityManager: Successfully start provider ContentProviderRecord{3f98490 u0 com.android.providers.settings/.hwext.HwSettingsProvider} launchingApp=null caller pid= 9756
12-14 00:07:53.703 17409 17520 W HiApp.ChannelManager/ReferrerImpl: main{1} <<< WARN >>> saveAttribution: attribution or packageName is empty.
12-14 00:07:53.706  9702  9702 W i.log_collecto: Accessing hidden method Landroid/view/View;->computeFitSystemWindows(Landroid/graphics/Rect;Landroid/graphics/Rect;)Z (greylist, reflection, allowed)
12-14 00:07:53.706  9702  9702 W i.log_collecto: Accessing hidden method Landroid/view/ViewGroup;->makeOptionalFitsSystemWindows()V (greylist, reflection, allowed)
12-14 00:07:53.706  9756  9756 I HwGameAssistant-12.5.1.300-GameassistantApplication: exit superpower
12-14 00:07:53.709  9756  9756 I LanguagePlugin_PackageInfoUtils: com.huawei.gameassistant is application
12-14 00:07:53.710  9756  9756 I LanguagePlugin_LanguageFeatureCompat: locale:zh
12-14 00:07:53.710  9756  9756 I LanguagePlugin_InstallLanguageStrategy: start languageplugin. needAync=true
12-14 00:07:53.710  9756  9756 I LanguagePlugin_InstallLanguageStrategy: onCreate install end
12-14 00:07:53.711  9756  9809 I LanguagePlugin_InstallLanguageStrategy: start try to decode package pressed by brotli
12-14 00:07:53.715  9756  9756 I HwGameAssistant-12.5.1.300-GameDataUtil: enableReceiver-receiver=com.huawei.gameassistant.gamedata.receiver.HwInstallPackageIntentReceiver,isEnable=true
12-14 00:07:53.716  9756  9756 I HwGameAssistant-12.5.1.300-GameDataUtil: enableReceiver-receiver=com.huawei.gameassistant.gamedata.receiver.HwBootBroadcastReceiver,isEnable=true
12-14 00:07:53.717  9756  9756 I HwGameAssistant-12.5.1.300-GameDataManager: init.
12-14 00:07:53.718  9756  9809 I LanguagePlugin_ResourceDecode: langsFile:base-langs.br
12-14 00:07:53.720 17409  9798 I NetworkKit_NetDetectAndPolicy: pool-22-thread-1 -->NetworkKit_netdiag_submit_task_15|null|com.huawei.hms.network.embedded.e8|b|50|the time count will reset!
12-14 00:07:53.721  1551  2008 E WifiPermissionsUtil: getUidPermission is DENIED and permissionType android.permission.ACCESS_FINE_LOCATIONuid 10030
12-14 00:07:53.721  1551  2008 E WifiService: enforceCanAccessScanResults: hiding ssid and bssidUID 10030 has no location permission
12-14 00:07:53.721  9756  9809 I LanguagePlugin_InstallLanguageStrategy: start install language, app is com.huawei.gameassistant
12-14 00:07:53.723  9756  9809 I LanguagePlugin_LanguageInstaller: getDeviceLanguageTags context is:com.huawei.gameassistant
12-14 00:07:53.723  9756  9809 I LanguagePlugin_LanguageInstaller: isRegionCompress is false, return Language only
12-14 00:07:53.723  9756  9809 I LanguagePlugin_LanguageInstaller: getDeviceLanguageTags languageTags:zh SDK version is :29
12-14 00:07:53.723  9756  9809 I LanguagePlugin_LanguageInstaller: zh has been installed
12-14 00:07:53.723  9756  9809 I LanguagePlugin_MultiLanguageUtil: Set to preferred locale: zh_CN_#Hans
12-14 00:07:53.724  9756  9809 I LanguagePlugin_InstallLanguageStrategy: after Language Feature Compat
12-14 00:07:53.724  9756  9809 I LanguagePlugin_LanguageStroageManager: begin clean old  VersionSplits ...
12-14 00:07:53.724 17409  9790 W Settings: Setting adb_enabled has moved from android.provider.Settings.Secure to android.provider.Settings.Global.
12-14 00:07:53.724 17409  9790 I FormalHASDK: HiAnalyticsInstance==> onEvent. TAG:_default_config_tag, TYPE:1, eventId:url_request
12-14 00:07:53.726  9702  9702 D ActivityThread: add activity client record, r= ActivityRecord{aba9258 token=android.os.BinderProxy@8342f83 {com.huawei.log_collector/com.huawei.log_collector.MainActivity}} token= android.os.BinderProxy@8342f83
12-14 00:07:53.727  9756  9756 I HwTypeface: updateFont: scale=1.1
12-14 00:07:53.728  9756  9756 D SystemFonts: areFontsVariable: script=Hans
12-14 00:07:53.729 17409 10320 I FormalHASDK: HiAnalyticsInstance==> onEvent. TAG:_default_config_tag, TYPE:1, eventId:907112013
12-14 00:07:53.730  9756  9756 I ActivityThread: finishPreloaded preloadStatus 0
12-14 00:07:53.732  9702  9702 I HwPartMagicWindowFactory: add android.common.HwPartMagicWindowFactoryImpl to memory.
12-14 00:07:53.732  9756  9756 I HwGameAssistant-12.5.1.300-InstallPackageIntentReceiver: InstallPackageIntentReceiver#onReceiveMsg
12-14 00:07:53.733 17409 10320 I FormalHASDK: HiAnalyticsInstance==> onEvent. TAG:_default_config_tag, TYPE:0, eventId:120108
12-14 00:07:53.739  9756  9806 I HMSSDK_HMSPackageManager: aidlService pkgName: com.huawei.hwid
12-14 00:07:53.739  9756  9756 I HwGameAssistant-12.5.1.300-InstallPackageIntentReceiver: packagename=com.huawei.log_collector
12-14 00:07:53.739  9756  9806 I HMSSDK_HMSPackageManager: Enter getHMSPackageNameForMultiService
12-14 00:07:53.739  9756  9756 I HwGameAssistant-12.5.1.300-ReceiverController: onReceiveMsg:InstallPackageIntentReceiver
12-14 00:07:53.740  9702  9702 D MouseWheelSynthesizer: mMoveStepInDp: 64, mMoveStepInPixel: 192, mUpTimeDelayed: 100
12-14 00:07:53.740  1551  2409 I ConnectivityService: B uid 10119
12-14 00:07:53.740  9702  9702 D ViewRootImpl: ViewRootImpl mIsInProductivePCDisplay: false
12-14 00:07:53.741  9702  9702 I HwPartPowerOfficeFactory: add HwPartPowerOfficeFactoryImpl to memory.
12-14 00:07:53.741  9756  9806 I HMSSDK_HMSPackageManager: <initHmsPackageInfoForMultiService> Succeed to find HMS apk: com.huawei.hwid version: 60800332
12-14 00:07:53.742  9756  9806 I HMSSDK_HMSPackageManager: Enter getHMSPackageNameForMultiService
12-14 00:07:53.742  9756  9814 I HMSSDK_HMSPackageManager: enter asyncOnceCheckMDMState
12-14 00:07:53.743  1551  3069 I HwPCUtils#HwRioViewManager: check if rio enable, displayId = 0 packageName = com.huawei.log_collector
12-14 00:07:53.744  9756  9812 I HwGameAssistant-12.5.1.300-GameBuoyLog-ApplicationLifecycleImp: assistantGameBuoy onCreate.
12-14 00:07:53.745  9756  9806 W AGConnectInstance: please call `initialize()` first
12-14 00:07:53.745  1551  2008 I ConnectivityService: B uid 10119
12-14 00:07:53.746  9756  9806 E HMSSDK_AGCUtils: Get appId with AGConnectServicesConfig failed
12-14 00:07:53.746   763 28660 D AudioPolicyService: getUidState(10119) !cacheIter->second.first, return PROCESS_STATE_UNKNOWN
12-14 00:07:53.746  9756  9814 I HMSSDK_HMSPackageManager: enter checkHmsIsSpoof
12-14 00:07:53.747  9756  9806 I HMSSDK_HianalyticsExist: hianalytics exist: false
12-14 00:07:53.747  9756  9813 W HwGameAssistant-12.5.1.300-GameDataManager: getGameList no network.
12-14 00:07:53.748  9756  9806 I HMSSDK_HMSBIInitializer: Builder->biInitFlag :false
12-14 00:07:53.748  1551  2042 D HwActivityManagerServiceEx: notifyAppToTop pid:9702, enable:1
12-14 00:07:53.748  1551  7679 E WindowManager: App trying to use insecure INPUT_FEATURE_NO_INPUT_CHANNEL flag. Ignoring
12-14 00:07:53.750  1551  7679 I WindowManager: addWindow: Window{4225609 u0 com.huawei.log_collector/com.huawei.log_collector.MainActivity} client:android.os.BinderProxy@42409dd currentDisplayId:0 requestDisplayId:0 token:Token{43c9bbc ActivityRecord{42c1bc2 u0 com.huawei.log_collector/.MainActivity t143}}
12-14 00:07:53.751  9702  9702 D InputEventReceiver: dispatchInputInterval 1000000
12-14 00:07:53.751  9756  9813 I HwGameAssistant-12.5.1.300-GameDataManager: query iawaresdk res
12-14 00:07:53.751  9756  9806 I HMSSDK_AnalyticsSwitchHolder: Builder->biSetting :true
12-14 00:07:53.752  9756  9806 I HMSSDK_[HUAWEIIDSDK]HuaweiIdAuthService: HwID_SDK_Log[6.1.0.300]silentSignIn
12-14 00:07:53.753  9702  9702 I RmeSchedManager: init Rme, version is: v1.0
12-14 00:07:53.753  9702  9702 I RtgSchedEvent: current pid:9702 AppType:-1
12-14 00:07:53.754  1551  1725 I HwAudioServiceEx: ComponentInfo : className = com.huawei.log_collector.MainActivity, flag = onResume, isHomeActivity = , isTop = true
12-14 00:07:53.754  9702  9783 D OpenGLRenderer: disableOutlineDraw is true
12-14 00:07:53.754  2533 10008 I OPCollectLog: AppChangeImpl:call onAppChange.
12-14 00:07:53.754  2533  8538 I OPCollectLog: HwForegroundAppAction:handleMessage 
12-14 00:07:53.754  2533  8538 W OPCollectLog: Action:HwForegroundAppAction is overlimit, current:1500, max:1500
12-14 00:07:53.754  9756  9806 E HMSSDK_[HUAWEIIDSDK]HuaweiIdAuthService: HwID_SDK_Log[6.1.0.300]JSONException
12-14 00:07:53.754 11590  1193 I CAWARENESS_30430_AppUsageManager: onEvent, packageName=com.huawei.log_collector, activityName=com.huawei.log_collector.MainActivity, moduleName=, uid=10096
12-14 00:07:53.755  9756  9806 I HMSSDK_HMSPackageManager: Enter getHMSPackageNameForMultiService
12-14 00:07:53.755  2618 24334 I Hicom_Monitor: mActivityNotifierEx, className = com.huawei.log_collector.MainActivity, uid = 10096
12-14 00:07:53.755  1551  2133 W HwAudioServiceEx: SoundEffectState bundle get reserved is invalid
12-14 00:07:53.756  2618  3134 D DollieActivityManagerAdapter: [Resumed] bg:true pid:9702 uid:10096 ComponentInfo{com.huawei.log_collector/com.huawei.log_collector.MainActivity}
12-14 00:07:53.756  2618  3134 E DollieAdapterService: notifyActivityState pkg:com.huawei.log_collector/com.huawei.log_collector.MainActivity state:2 fg:true mUid:10096
12-14 00:07:53.756  1551  2133 I HwAudioServiceEx: sendAppKilledIntentForKit, isKitPackageOnPause = false, isKitPackageKill = false, isKitPackageOnResume = false
12-14 00:07:53.756  2618 24334 I Hicom_MessageServ: sendMessageInternal: MESSAGE_FOREGROUND_ACTIVITY_CHANGED
12-14 00:07:53.756  2618  3562 I Hicom_MessageServ: handleMessage: MESSAGE_FOREGROUND_ACTIVITY_CHANGED, distributing for + 3 handlers
12-14 00:07:53.756  9756  9806 W AGConnectInstance: please call `initialize()` first
12-14 00:07:53.756 11590  1193 I CAWARENESS_30430_AbilityContext: [1670947677744] deliver {dataId=100000006, mode=0} to 3 receivers
12-14 00:07:53.757  9756  9806 E HMSSDK_AGCUtils: Get appId with AGConnectServicesConfig failed
12-14 00:07:53.758  1049  1058 D AwareLog: iawared: fg_hl_ctl update fgUid=10096 g_isGame=0
12-14 00:07:53.759  2618  3134 I HidataAppQoeP: sendKernelAppUid, Uid = 10096, period = 2000 name = com.huawei.log_collector
12-14 00:07:53.759  2618  3134 I ConnCureStateMonitor: handleMessage: msg[2]
12-14 00:07:53.759  2618  3134 I HwPacketFilterBypass: handleActivityUidStateChanged uid:10096 -1 foreground:1
12-14 00:07:53.759  2618  3134 I OllieMsgCenter: publishEvt=2135097351
12-14 00:07:53.759  2618  3134 I NetworkQoeChr: checkForegroundApp timer end
12-14 00:07:53.759  2618  3134 I NetworkQoeChr: start qoe report
12-14 00:07:53.760 11590  1193 I CAWARENESS_30430_AbilityContext: [1670947677748] deliver {dataId=100000007, mode=0} to 6 receivers
12-14 00:07:53.761   670 11518 I OemNetd : setNetBoosterAppUid(10096, 2000)
12-14 00:07:53.761  1551  2008 I HwNetworkManagementService: setNetBoosterAppUid succeeded
12-14 00:07:53.764  1551  1779 I PowerManagerService: handleSandman: wakefulness: 1,startDreaming: false
12-14 00:07:53.765  2618  3134 I SmartDualCardConfig: getAppType,pkgName=com.huawei.log_collector,appType=-1
12-14 00:07:53.765  2618  3134 I SmartDualCardConfig: getAppType,pkgName=com.huawei.log_collector,appType=-1
12-14 00:07:53.765  2618  3134 E SmartDualCardConfig: isAppInBlackList false,items==null
12-14 00:07:53.765  2618  3134 I SmartDualCardSM: onUidStateUpdate,uid=10096,appName=com.huawei.log_collector,state=FOREGROUND
12-14 00:07:53.766 11590  9815 I CAWARENESS_30430_CaptureAppUsageHelper: 85976 is ignore data false
12-14 00:07:53.766 11590  9820 I CAWARENESS_30430_PaymentCaptureAbility: no need to capture
12-14 00:07:53.766 11590  9816 I CAWARENESS_30430_AbilityContext: [1670947677744] deliver {dataId=100000258, mode=0} to null
12-14 00:07:53.766 11590  9823 I CAWARENESS_30430_CaptureAppUsageHelper: 85980 is ignore data false
12-14 00:07:53.767  2618  3134 I SmartDualCardConfig: getAppType,pkgName=com.huawei.log_collector,appType=-1
12-14 00:07:53.767  2618  3134 I SmartDualCardSM: updateAppState mAppState=2
12-14 00:07:53.767  2618  3134 I SmartDualCardConfig: addForegroundAppToList,size()=1,uid=10096
12-14 00:07:53.767 11590  9825 I CAWARENESS_30430_RideCodeConfig: isEnterRideCodePage: start
12-14 00:07:53.767 11590  9816 I CAWARENESS_30430_AbilityContext: [1670947677744] no such subscribe
12-14 00:07:53.767 11590  9816 I CAWARENESS_30430_AbilityContext: [1670947677744] deliver {dataId=100000258, mode=0} to null
12-14 00:07:53.767  2618  3134 I BoosterUtil: getSlaveCardSubId slotId: 0, subId: 1
12-14 00:07:53.768  2618  3135 E OllieTelephony: sendFullData err:1
12-14 00:07:53.767 11590  9816 I chatty  : uid=5514(vendor_aiengine) publish-49103 identical 2 lines
12-14 00:07:53.768 11590  9816 I CAWARENESS_30430_AbilityContext: [1670947677744] deliver {dataId=100000258, mode=0} to null
12-14 00:07:53.768 11590  9828 W CAWARENESS_30430_LifecycleCompatibleFence: timestamp is invalid
12-14 00:07:53.768 11590  9822 I CAWARENESS_30430_AbilityContext: [1670947677748] no such subscribe
12-14 00:07:53.768 11590  9822 I CAWARENESS_30430_AbilityContext: [1670947677748] deliver {dataId=100000259, mode=0} to position_code_ability
12-14 00:07:53.768 11590  9830 I CAWARENESS_30430_FenceTrigger: fence trigger mode is 2
12-14 00:07:53.768 11590  9831 W CAWARENESS_30430_LifecycleCompatibleFence: timestamp is invalid
12-14 00:07:53.768 11590  9822 I CAWARENESS_30430_AbilityContext: [1670947677748] no such subscribe
12-14 00:07:53.769  9756  9814 I HMSSDK_ReadApkFileUtil: verifyMDMSignatureV3 verify successful!
12-14 00:07:53.769 11590  9825 I CAWARENESS_30430_TrafficCodeProcessor: rideCodeComponentName = ComponentInfo{com.huawei.wallet/com.huawei.nfc.carrera.ui.swipe.SwipeActivity}
12-14 00:07:53.769  1551  1779 I PowerManagerService: handleSandman: wakefulness: 1,startDreaming: false
12-14 00:07:53.769 11590  9829 W CAWARENESS_30430_LifecycleCompatibleFence: timestamp is invalid
12-14 00:07:53.771  9756  9806 I HMSSDK_HMSPackageManager: Enter getHMSPackageNameForMultiService
12-14 00:07:53.772 11590  9830 I CAWARENESS_30430_FenceTrigger: trigger with PendingIntent, AppLifecycleFence[action=exit, isWhiteList=false, packageList=]@f610fe3 association with AwarenessFence(type = app_lifecycle_fence,identifier = CloseAppFence)@7e4c8f8,CallerInfo [packageName=com.huawei.recsys, nameForUid=com.huawei.recsys]
12-14 00:07:53.772  9756  9806 I HMSSDK_HuaweiApi: No setInnerHms, hms pkg name is com.huawei.hwid
12-14 00:07:53.774 11590  9827 I CAWARENESS_30430_FenceTrigger: fence trigger mode is 2
12-14 00:07:53.774  9756  9806 I HMSSDK_HuaweiApi: sendRequest
12-14 00:07:53.774  9756  9806 I HMSSDK_HuaweiApi: isConnected:false.
12-14 00:07:53.775  9756  9806 I HMSSDK_BaseHmsClient: ====== HMSSDK version: 60400300 ======
12-14 00:07:53.775 10584 10584 W ContextImpl: Calling a method in the system process without a qualified user: android.app.ContextImpl.startService:1698 android.content.ContextWrapper.startService:669 android.content.ContextWrapper.startService:669 com.huawei.antivirus.utils.AntiVirusTools.checkVirusForNewInstalledApk:905 com.huawei.antivirus.AntiVirusReceiver.onReceive:33 
12-14 00:07:53.775  9756  9806 I HMSSDK_BaseHmsClient: Enter connect, Connection Status: 1
12-14 00:07:53.776 11590  9827 I CAWARENESS_30430_FenceTrigger: trigger with PendingIntent, AppLifecycleFence[action=enter, isWhiteList=false, packageList=]@26175e association with AwarenessFence(type = app_lifecycle_fence,identifier = OpenAppFence)@e87b436,CallerInfo [packageName=com.huawei.recsys, nameForUid=com.huawei.recsys]
12-14 00:07:53.777  2733  2733 W ContextImpl: Calling a method in the system process without a qualified user: android.app.ContextImpl.startService:1698 android.content.ContextWrapper.startService:669 com.huawei.antivirus.AntiVirusService.handleInstalledApkCheck:236 com.huawei.antivirus.AntiVirusService.onStartCommand:172 android.app.ActivityThread.handleServiceArgs:4951 
12-14 00:07:53.777  1551  2008 I ActivityManager: sendIntentSender target:PendingIntentRecord{44e2d1d com.huawei.recsys broadcastIntent}, intent:hwFlg=0x10
12-14 00:07:53.780  9756  9806 I HMSSDK_BaseHmsClient: connect minVersion:30000000 packageName:com.huawei.hwid
12-14 00:07:53.781  1551  1733 W SearchableInfo: Invalid searchable metadata for com.sankuai.meituan/.search.home.SearchActivity: Search label must be a resource reference.
12-14 00:07:53.782  1551  1733 W SearchableInfo: Invalid searchable metadata for tv.danmaku.bili/com.bilibili.bililive.videoliveplayer.ui.live.LiveAllActivity: Search label must be a resource reference.
12-14 00:07:53.782  1551  1733 W SearchableInfo: Invalid searchable metadata for tv.danmaku.bili/com.bilibili.bililive.videoliveplayer.ui.live.area.LiveAreaVideoListActivity: Search label must be a resource reference.
12-14 00:07:53.783  1551  1733 W SearchableInfo: Invalid searchable metadata for tv.danmaku.bili/com.bilibili.bililive.videoliveplayer.ui.live.search.LiveSearchActivity: Search label must be a resource reference.
12-14 00:07:53.783  1551  1733 W SearchableInfo: Invalid searchable metadata for tv.danmaku.bili/com.bilibili.bililive.room.ui.roomv3.LiveRoomActivityV3: Search label must be a resource reference.
12-14 00:07:53.783  1551  1733 W SearchableInfo: Invalid searchable metadata for tv.danmaku.bili/com.bilibili.bililive.room.ui.roomv3.LiveRoomTranslucentActivity: Search label must be a resource reference.
12-14 00:07:53.785  1551  2829 I PackageManager: Returning preferred activity: com.huawei.android.launcher/com.huawei.android.launcher.unihome.UniHomeLauncher
12-14 00:07:53.785  1551  2829 I PackageManager: choose best activity: com.huawei.android.launcher, com.huawei.android.launcher.unihome.UniHomeLauncher
12-14 00:07:53.785  1551  7720 I ActivityManager: sendIntentSender target:PendingIntentRecord{44e2c45 com.huawei.recsys broadcastIntent}, intent:hwFlg=0x10
12-14 00:07:53.786  1551  2409 I ActivityManager: App 10231/com.jingyao.easybike targets O+, restricted
12-14 00:07:53.786 11590  9827 I CAWARENESS_30430_FenceTrigger: fenceName app_lifecycle_fence packageName com.huawei.recsys
12-14 00:07:53.786  1551  2409 W BroadcastQueue: Background execution not allowed: receiving Intent { act=android.intent.action.PACKAGE_ADDED dat=package:com.huawei.log_collector flg=0x4000010 (has extras) } to com.jingyao.easybike/cn.jpush.android.service.PushReceiver
12-14 00:07:53.786  9756  9806 I HMSSDK_Util: available exist: true
12-14 00:07:53.787  1551  3354 I WindowManager: Changing focus from null to Window{4225609 u0 com.huawei.log_collector/com.huawei.log_collector.MainActivity} displayId=0 Callers=com.android.server.wm.RootWindowContainer.updateFocusedWindowLocked:6667244 com.android.server.wm.WindowManagerService.updateFocusedWindowLocked:6666720 com.android.server.wm.WindowManagerService.relayoutWindow:6268836 com.android.server.wm.Session.relayout:6273532 
12-14 00:07:53.788  1551  3354 V HwPhoneWindowManager: updateSystemUiColorLw window=Window{4225609 u0 com.huawei.log_collector/com.huawei.log_collector.MainActivity},EmuiStyle=0,StatusBarColor=0xff3700b3,NavigationBarColor=0xfffcfcfc, mForceNotchStatusBar=false
12-14 00:07:53.788  1551  3354 I HwDisplayContentEx: currentFocus windowstate not null
12-14 00:07:53.787  9756  9806 I HMSSDK_Util: available exist: true
12-14 00:07:53.788  1551  1709 D HwPhoneWindowManager: Transact:setSystemUIColor to status bar service
12-14 00:07:53.788  1551  3354 D ZrHung.AppEyeFocusWindow: FocusWindowErrorScene cancelCheckFreezeScreen
12-14 00:07:53.788  2285 15565 I HwCommandQueue: updateBarBgColor
12-14 00:07:53.788  2285 15565 D HwCommandQueue: CommandQueue, setBarBackgroundColor
12-14 00:07:53.788  1551  3354 I HwDisplayContentEx: trans currentFocus windowstate not null
12-14 00:07:53.788  1551  3354 D ZrHung.AppEyeTransparentWindow: TransparentWindow mHungConfigStatus = 0,mHungConfigEnable = 1
12-14 00:07:53.788  1551  1709 D StatusBarManagerService: win:Window{4225609 u0 com.huawei.log_collector/com.huawei.log_collector.MainActivity}mIsColorEnable:truelight:false
12-14 00:07:53.788  1551  1709 I StatusBarDisable: setFlags what=0 which=1 pkg=Window{4225609 u0 com.huawei.log_collector/com.huawei.log_collector.MainActivity}
12-14 00:07:53.789  2285 25774 D HwCommandQueue: CommandQueue, set Launcher StatusBar Color
12-14 00:07:53.790  1551  2008 D HwConnectivityServiceEx: set 1000 NULL value false
12-14 00:07:53.793  9702  9819 D HiTouch_PressGestureDetector: onAttached, package=com.huawei.log_collector, windowType=1, mIsHiTouchRestricted=false
12-14 00:07:53.799  1551  1738 I ActivityManager: App 10115/com.xinmang.unzip targets O+, restricted
12-14 00:07:53.799  1551  1738 W BroadcastQueue: Background execution not allowed: receiving Intent { act=android.intent.action.PACKAGE_ADDED dat=package:com.huawei.log_collector flg=0x4000010 (has extras) } to com.xinmang.unzip/cn.jpush.android.service.PushReceiver
12-14 00:07:53.801 11590  9830 I CAWARENESS_30430_FenceTrigger: fenceName app_lifecycle_fence packageName com.huawei.recsys
12-14 00:07:53.803  2285  2285 D NetworkController.MobileSignalController(1_8): mSimSubId:8 onDataActivity: direction=3
12-14 00:07:53.803  2285  2285 I MobileSignalController: copyFrom::dataConnected = true
12-14 00:07:53.803  2285  2285 I MobileSignalController: copyFrom::dataConnected = true
12-14 00:07:53.803  9702  9783 D mali_winsys: EGLint new_window_surface(egl_winsys_display *, void *, EGLSurface, EGLConfig, egl_winsys_surface **, EGLBoolean) returns 0x3000
12-14 00:07:53.805 10726 13250 D QVS_SDK_TAG: in install() curNum 1
12-14 00:07:53.805 10726 13250 D QVS_SDK_TAG: install()
12-14 00:07:53.805 10726 13250 D QVS_SDK_TAG: install() bind service
12-14 00:07:53.806  1551  1733 W ContextImpl: Calling a method in the system process without a qualified user: android.app.ContextImpl.startService:3258580 com.huawei.server.security.trustspace.TrustSpaceManagerService.handlePackageAppeared:190616 com.huawei.server.security.trustspace.TrustSpaceManagerService$MyPackageMonitor.onReceive:210244 android.app.LoadedApk$ReceiverDispatcher$Args.lambda$getRunnable$0$LoadedApk$ReceiverDispatcher$Args:5578712 android.os.Handler.handleCallback:6136928 
12-14 00:07:53.808 10673 15933 W ContextImpl: Calling a method in the system process without a qualified user: android.app.ContextImpl.bindService:1777 com.huawei.securitycenter.antivirus.agguard.AgGuardCloudProcess.bindAgService:449 com.huawei.securitycenter.antivirus.agguard.AgGuardCloudProcess.<init>:91 com.huawei.antivirus.features.AntivirusScanHelper.getScanResult:105 com.huawei.antivirus.features.AntivirusScanHelper.scanInstalledPackageUsingAllEngine:99 
12-14 00:07:53.816 10726 13250 D QVS_SDK_TAG: install: DeepScan prepare init, thread: Thread[Binder:10726_5,5,main]
12-14 00:07:53.816 10726 13250 D QVS_SDK_TAG: install: DeepScan wait: 0
12-14 00:07:53.818   496   496 I hwservicemanager: getTransport: Cannot find entry android.hardware.graphics.mapper@3.0::IMapper/default in either framework or device manifest.
12-14 00:07:53.818  9702  9783 W Gralloc3: mapper 3.x is not supported
12-14 00:07:53.820  2696  2696 I HwLauncher: Model onPackageChanged userAppPackage:Package:com.huawei.log_collector,User:UserHandle{0},IsClone:false
12-14 00:07:53.824  1551  1747 D ActivityManager: setPrivilegeType r: ServiceRecord{45b6a89 u0 com.huawei.securitypluginbase/com.qihoo.security.services.DeepScanService}, interfaceDescriptor : com.qihoo.security.services.IDeepScanFactory
12-14 00:07:53.824   763 28660 D AudioPolicyService: getUidState(10209) !cacheIter->second.first, return PROCESS_STATE_UNKNOWN
12-14 00:07:53.825 10726 10726 D QVS_SDK_TAG: com.huawei.securitypluginbase/com.qihoo.security.services.DeepScanService connected! thread: Thread[main,5,main]
12-14 00:07:53.826  2644  3584 I AppManager: dependence has been existed:10673 -> 17409
12-14 00:07:53.828  2618  3134 I BoosterUtil: getSlaveCardSubId slotId: 0, subId: 1
12-14 00:07:53.832  2696  2696 I HwLauncher: PowerSaveLauncherModel onPackageChanged:Package:com.huawei.log_collector,User:UserHandle{0},IsClone:false
12-14 00:07:53.832  2696  2696 E HwLauncher: PowerSaveLauncherModel onPackageChanged: not inPowerSaveLauncher 
12-14 00:07:53.832  2696  2696 I HwLauncher: StreetModeLauncherModel onPackageChanged:Package:com.huawei.log_collector,User:UserHandle{0},IsClone:false
12-14 00:07:53.832  2696  2696 E HwLauncher: StreetModeLauncherModel onPackageChanged: not inStreetModeLauncher 
12-14 00:07:53.832  2696  3076 I HwResourcesImpl: remove icon, packageName = com.huawei.log_collector
12-14 00:07:53.832  2696  3076 I Icon_Cache: removeByPackageName: key = 2131558400#com.huawei.log_collector
12-14 00:07:53.840  1551  1733 D CountryDetector: isValidCountryIso: CN
12-14 00:07:53.840  1551  1733 I HWMW_HwMagicWindowManagerService: case Utils.MSG_INSTALL_APP_CONFIG
12-14 00:07:53.848  1551  2008 D HwConnectivityServiceEx: set 10209 rmnet0 value true
12-14 00:07:53.848  1551  2008 I ConnectivityService: B uid 10209
12-14 00:07:53.851  2618  3134 I BoosterUtil: getMasterCardSubId slotId: 1, subId: 8
12-14 00:07:53.852  2618  3134 I BoosterUtil: getSlaveCardSubId slotId: 0, subId: 1
12-14 00:07:53.855  2696  3076 I Icon_Cache: add:2131558400#com.huawei.log_collector
12-14 00:07:53.854  2618  3134 I BoosterUtil: getSlaveCardSubId slotId: 0, subId: 1
12-14 00:07:53.860  1551  1712 I WindowManager: Animation done in AppWindowToken{40f1209 token=Token{40f06a4 ActivityRecord{3dd15c2 u0 com.huawei.android.launcher/.unihome.UniHomeLauncher t1}}} isHidden:true hiddenRequested:true
12-14 00:07:53.861  1551  1712 I WindowManager: Animation done in AppWindowToken{42a72b1 token=Token{43c9bbc ActivityRecord{42c1bc2 u0 com.huawei.log_collector/.MainActivity t143}}} isHidden:false hiddenRequested:false
12-14 00:07:53.861  1551  1712 I WindowManager: New wallpaper target: null prevTarget: Window{411b6b1 u0 com.huawei.android.launcher/com.huawei.android.launcher.unihome.UniHomeLauncher}
12-14 00:07:53.863  2285  2285 D ImageWallpaper: wallpaper visibility changes to: false
12-14 00:07:53.866  1551  1712 I WindowManager: dispatchResized : win = Window{4225609 u0 com.huawei.log_collector/com.huawei.log_collector.MainActivity} drawState = DRAW_PENDING
12-14 00:07:53.879  2171  2171 I HiBoard_13.0.1.317_Workspace: onWindowVisibilityChanged8 isOverlayClosed:true
12-14 00:07:53.880   727  1508 W hwcomposer: setGpuFreqBoost:159: boostGpuFreq release !
12-14 00:07:53.884   767  1683 W BufferQueueProducer: [com.huawei.intelligent.Workspace#0]:1390: disconnect: not connected (req=1)
12-14 00:07:53.884  2171  3139 W libEGL  : EGLNativeWindowType 0x716cf766d0 disconnect failed
12-14 00:07:53.886  2618  3134 I SmartDualCardSM: boosterDump:prop=true SdcSwitchOn=false DataSwitchOn=true WifiConnect=false AirplaneOn=false ScreenOn=true VSimEnabled=false CallOn=false AppState=GENERAL_FOREGROUND HidataAppState=GENERAL_BACKGROUND defaultDataSlotId=1 default4GSlot=1 mForeAppRouteSlotId=1 DataOn=true M_MmsUtPdp=false S_MmsUtPdp=false userType=1 supportNetworkQoe=false GameBattleStatus=0
12-14 00:07:53.888  1020 25197 I AGPService: aps-info: focus pkgName - com.huawei.log_collector, with 0 more apps
12-14 00:07:53.888  2618  3134 I BoosterUtil: getMasterCardSubId slotId: 1, subId: 8
12-14 00:07:53.888  1020 25197 E AGPService: FrameRateManager: iaware strange app type: -1
12-14 00:07:53.888  1020 25197 I AGPService: FrameRateManager: aps-info: new pkgName - com.huawei.log_collector, type - -1
