12-14 00:07:53.888  2618  3134 I BoosterUtil: getSlaveCardSubId slotId: 0, subId: 1
12-14 00:07:53.888  1020 25197 I AGPService: GpuPolicyManager: m_currentPkgName - com.huawei.log_collector
12-14 00:07:53.890   767  1683 W BufferQueueProducer: [com.huawei.android.launcher/com.huawei.android.launcher.unihome.UniHomeLauncher#0]:1390: disconnect: not connected (req=1)
12-14 00:07:53.890  2696  3222 W libEGL  : EGLNativeWindowType 0x71425b5e50 disconnect failed
12-14 00:07:53.898  9702  9702 I HwViewRootImpl: removeInvalidNode jank list is null
12-14 00:07:53.905  1071  1422 E ScreemCommon: fail to extract lcd fps mode!
12-14 00:07:53.905  1551  1733 I ActivityTaskManager: Displayed com.huawei.log_collector/.MainActivity: +759ms
12-14 00:07:53.907  1071  1422 W ScreemCommon: ProcessEntry, not beta version or commercial log off
12-14 00:07:53.908  2696  2850 D ZrHung.AppEyeUiProbe: not watching, wait.
12-14 00:07:53.889  2618  3134 I BoosterUtil: getSlaveCardSubId slotId: 0, subId: 1
12-14 00:07:53.908  1551  1712 I ViewRootImpl: dispatchDetachedFromWindow in doDie
12-14 00:07:53.909  1551  1712 I WindowManager: removeIfPossible: Window{4305ab1 u0 Splash Screen com.huawei.log_collector} callers=com.android.server.wm.WindowState.removeIfPossible:5161268 com.android.server.wm.WindowManagerService.removeWindow:4763440 android.view.ViewRootImpl.dispatchDetachedFromWindow:3534780 android.view.ViewRootImpl.doDie:3532804 android.view.ViewRootImpl$ViewRootHandler.handleMessage:5061208 
12-14 00:07:53.911  1551  1712 I WindowManager: Not removing Window{4305ab1 u0 Splash Screen com.huawei.log_collector EXITING} due to exit animation 
12-14 00:07:53.916 10726 13250 D QVS_SDK_TAG: install: DeepScan wait: 100
12-14 00:07:53.916 10726 13250 D QVS_SDK_TAG: install: DeepScan init finished
12-14 00:07:53.917 10726 13250 D QVS_SDK_TAG: scanInstalledPackage()
12-14 00:07:53.920  9702  9702 D DecorView: showOrHideHighlightView: hasFocus=true; winMode=1; isMrgNull=true
12-14 00:07:53.922  9702  9702 W InputMethodManager: startInputReason = 1
12-14 00:07:53.923  9702  9702 W HwRemoteInputMethodManager: isCasting false because IHwDistributedWindowManager is invalid.
12-14 00:07:53.923  1551  7678 D HwInputMethodManagerService: isSecMethodUsing = false
12-14 00:07:53.925   763 28660 D AudioPolicyService: getUidState(10209) !cacheIter->second.first, return PROCESS_STATE_UNKNOWN
12-14 00:07:53.926 10726  9858 D QVS_SDK_TAG: doSingleScan type:3 engine:2 param:com.huawei.log_collector
12-14 00:07:53.926  1551  3069 D InputMethodManagerService: onInputHide
12-14 00:07:53.929 10726  9858 I qvs-i   : se.ct
12-14 00:07:53.929 10726  9858 I qvs-i   : mc.reg
12-14 00:07:53.929 10726  9858 I am      : mc.init 1
12-14 00:07:53.929  6916  6916 D InputEventReceiver: dispatchInputInterval 1000000
12-14 00:07:53.929 10726  9858 I qvs-i   : se.it
12-14 00:07:53.937  9702  9702 W InputMethodManager: startInputReason = 5
12-14 00:07:53.939  1551  2008 V ActivityTaskManager: Activity idle: Token{43c9bbc ActivityRecord{42c1bc2 u0 com.huawei.log_collector/.MainActivity t143}}
12-14 00:07:53.940  1551  1779 I PowerManagerService: handleSandman: wakefulness: 1,startDreaming: false
12-14 00:07:53.940 10726  9858 I qvs-i   : se.it
12-14 00:07:53.941 10726  9858 I qvs-i   : se.it
12-14 00:07:53.941 10726  9858 D QVS_SDK_TAG: [90902335]Scan onReady
12-14 00:07:53.941 10726  9858 I qvs-i   : mc.reset
12-14 00:07:53.946   763 28660 D AudioPolicyService: getUidState(10202) cacheIter->second.first, return cacheIter->second.second(4)
12-14 00:07:53.946   763 28660 D AudioPolicyService: getUidState(10072) cacheIter->second.first, return cacheIter->second.second(2)
12-14 00:07:53.946   763 28660 D AudioPolicyService: getUidState(10067) cacheIter->second.first, return cacheIter->second.second(5)
12-14 00:07:53.946   763 28660 D AudioPolicyService: getUidState(10031) cacheIter->second.first, return cacheIter->second.second(4)
12-14 00:07:53.947  2696  2696 D BaseIconCache: Looper.myLooper():Looper (main, tid 1) {23804f7},mBgLooper:Looper (launcher-loader, tid 101) {1678f64}
12-14 00:07:53.948  2696  2696 D BaseIconCache: Looper.myLooper():Looper (main, tid 1) {23804f7},mBgLooper:Looper (launcher-loader, tid 101) {1678f64}
12-14 00:07:53.950  2696  2696 W HwLauncher: StateManager Launcher in state:NormalState{bc46ab0 ordinal = 0,mContainerType = 1,mIsOverviewUi = false}, mConfig.mCurrentAnimationSet == null
12-14 00:07:53.951  2696  2696 I HwLauncher: Launcher Icon:92 Widget:1 Folder:12 Icon in folder:63, in drawer:0
12-14 00:07:53.951  2696  3041 E AbilityFormViewRefreshUtils: stopListening [0ms]
12-14 00:07:53.951  1071  1422 W ScreemCommon: CLICK_START_APP: JL_APP_LAUNCHING_END and JL_EVENT_CLICK_UP too long| span:86169 > A(3000), A
12-14 00:07:53.951  1071  1422 E ScreemCommon: <LOGMGR> <SetLogFilterReason> [not the beta version, no need to capture log]
12-14 00:07:53.952  1071  1422 I ScreemCommon: <LOGMGR> <CompletePm> [case:CLICK_START_APP id:198 type:1 Level:3 filter:0]
12-14 00:07:53.952  6916  6916 I ring_expand: floatImeState : false
12-14 00:07:53.952  6916  6916 I ring_expand: isLeftrightSplit : false
12-14 00:07:53.952  6916  6916 I ring_expand: is_compress : false
12-14 00:07:53.952  6916  6916 I ring_expand: final Global.screenW = 1080
12-14 00:07:53.953  6916  6916 I HuaweiIME: SysInfo.getSysParam: orientation=1||config d=3.0,w=1080,h=2265||metrics d=3.0,w=1080,h=2265||sdk=29,bar_h=75||appScale=3.3,sysScale=3.0||isMultiWin=false,isPadMode=false, boardw=1080, boardH=705, candH=130, boardL=0, boardR=1080, ver=8.2.39.639, realW=1080, realH=2340, isInLargeWinMode=false, displayId=0, cuid=E71C64-G4C47D-4G40F9-4CD759-G9G185-FD
12-14 00:07:53.954  1071  1422 D iMonitor: create: 902000004
12-14 00:07:53.955  6916  6916 I HuaweiIME: isPortrait-adjustOffset-r: 5
12-14 00:07:53.955  6916  6916 I HuaweiIME:  isNight : false
12-14 00:07:53.963  1071  1422 I iMonitor: send: 902000004
12-14 00:07:53.971  2733  3837 E HSM_BG-11.1.1.456: ReflectUtils:get class type but net.dinglisch.android.taskerm.ReceiverStaticAlwaysOn not found!
12-14 00:07:53.973  1551  7679 I WindowManager: notifyAppStopped: AppWindowToken{40f1209 token=Token{40f06a4 ActivityRecord{3dd15c2 u0 com.huawei.android.launcher/.unihome.UniHomeLauncher t1}}}
12-14 00:07:53.973  1551  7679 E WindowManager: win=Window{432e209 u0 com.huawei.intelligent.Workspace} destroySurfaces: appStopped=true win.mWindowRemovalAllowed=false win.mRemoveOnExit=false
12-14 00:07:53.974  1551  7679 E WindowManager: win=Window{411b6b1 u0 com.huawei.android.launcher/com.huawei.android.launcher.unihome.UniHomeLauncher} destroySurfaces: appStopped=true win.mWindowRemovalAllowed=false win.mRemoveOnExit=false
12-14 00:07:53.981  1551  2042 W AwareLog: SchedLevelBoost: onFgActivitiesChanged config not set!
12-14 00:07:53.992  2618  3134 I BoosterUtil: getSlaveCardSubId slotId: 0, subId: 1
12-14 00:07:54.013 17409 17425 I uawei.appmarke: Background concurrent copying GC freed 180828(14MB) AllocSpace objects, 4(184KB) LOS objects, 49% free, 6942KB/13MB, paused 149us total 232.100ms
12-14 00:07:54.015  2733 11202 D NetworkManagerEx: setApkDlFilterRules, pkgName=[com.baidu.searchbox, com.quark.browser, com.tencent.mm, com.huawei.browser], needReset=false
12-14 00:07:54.015 10726  9860 I qvs-i   : mc.task.done false
12-14 00:07:54.015 10726  9860 I qvs-i   : mc.taskq.fin
12-14 00:07:54.011  2618  3134 I BoosterUtil: getSlaveCardSubId slotId: 0, subId: 1
12-14 00:07:54.015  1551  3069 D HwNetworkManagementService: code == CODE_SET_APK_DL_STRATEGY
12-14 00:07:54.015  1551  3069 D HwNetworkManagementService: CODE_SET_APK_DL_STRATEGY, pkgName=[com.baidu.searchbox, com.quark.browser, com.tencent.mm, com.huawei.browser], needReset=false
12-14 00:07:54.015  1551  3069 D HwNetworkManagementService: convertPkgNameToUid, pkgName=[com.baidu.searchbox, com.quark.browser, com.tencent.mm, com.huawei.browser]
12-14 00:07:54.015  1551  3069 D HwNetworkManagementService: convertPkgNameToUid, pkg=com.baidu.searchbox, uid=10405, under user.id=0
12-14 00:07:54.015  1551  3069 D HwNetworkManagementService: convertPkgNameToUid, pkg=com.quark.browser, uid=10351, under user.id=0
12-14 00:07:54.015  1551  3069 D HwNetworkManagementService: convertPkgNameToUid, pkg=com.tencent.mm, uid=10194, under user.id=0
12-14 00:07:54.015  1551  3069 D HwNetworkManagementService: convertPkgNameToUid, pkg=com.huawei.browser, uid=10114, under user.id=0
12-14 00:07:54.015  1551  3069 D HwNetworkManagementService: CODE_SET_APK_DL_STRATEGY, appUidList=[10405;10351;10194;10114;]
12-14 00:07:54.015  1551  3069 D HwNetworkManagementService: setApkDlFilterRules, appUidList=[10405;10351;10194;10114;], needReset=false
12-14 00:07:54.016   670 11518 I HwFilterController: 
12-14 00:07:54.016   670 11518 I HwFilterController: hwad:set_apkdl_strategy_rule to kernel len=24 operation=0
12-14 00:07:54.016   670 11518 I         : hwad:SendMessageToKernel
12-14 00:07:54.016   670 11518 I OemNetd : hwFilterCommand()
12-14 00:07:54.016  2733 11202 D NetworkManagerEx: setApkDlFilterRules, pkgName=[com.baidu.searchbox, com.quark.browser, com.tencent.mm, com.huawei.browser], needReset=false
12-14 00:07:54.016  1551  3069 D HwNetworkManagementService: code == CODE_SET_APK_DL_STRATEGY
12-14 00:07:54.016  1551  3069 D HwNetworkManagementService: CODE_SET_APK_DL_STRATEGY, pkgName=[com.baidu.searchbox, com.quark.browser, com.tencent.mm, com.huawei.browser], needReset=false
12-14 00:07:54.016  1551  3069 D HwNetworkManagementService: convertPkgNameToUid, pkgName=[com.baidu.searchbox, com.quark.browser, com.tencent.mm, com.huawei.browser]
12-14 00:07:54.016  1551  3069 D HwNetworkManagementService: convertPkgNameToUid, pkg=com.baidu.searchbox, uid=10405, under user.id=0
12-14 00:07:54.016  1551  3069 D HwNetworkManagementService: convertPkgNameToUid, pkg=com.quark.browser, uid=10351, under user.id=0
12-14 00:07:54.016  1551  3069 D HwNetworkManagementService: convertPkgNameToUid, pkg=com.tencent.mm, uid=10194, under user.id=0
12-14 00:07:54.016  1551  3069 D HwNetworkManagementService: convertPkgNameToUid, pkg=com.huawei.browser, uid=10114, under user.id=0
12-14 00:07:54.016  1551  3069 D HwNetworkManagementService: CODE_SET_APK_DL_STRATEGY, appUidList=[10405;10351;10194;10114;]
12-14 00:07:54.016  1551  3069 D HwNetworkManagementService: setApkDlFilterRules, appUidList=[10405;10351;10194;10114;], needReset=false
12-14 00:07:54.016   670 11518 I HwFilterController: 
12-14 00:07:54.016   670 11518 I HwFilterController: hwad:set_apkdl_strategy_rule to kernel len=24 operation=0
12-14 00:07:54.016   670 11518 I         : hwad:SendMessageToKernel
12-14 00:07:54.016   670 11518 I OemNetd : hwFilterCommand()
12-14 00:07:54.024  9756  9814 I HMSSDK_HMSPackageManager: quit checkHmsIsSpoof state: SUCCESS
12-14 00:07:54.024  9756  9814 I HMSSDK_HMSPackageManager: quit asyncOnceCheckMDMState
12-14 00:07:54.025  9756  9806 I HMSSDK_HMSPackageManager: enter checkHmsIsSpoof
12-14 00:07:54.025  1551  1712 I WindowManager: Exit animation finished in Window{4305ab1 u0 Splash Screen com.huawei.log_collector EXITING}: remove=true
12-14 00:07:54.025  1551  1712 E WindowManager: win=Window{4305ab1 u0 Splash Screen com.huawei.log_collector EXITING} destroySurfaces: appStopped=false win.mWindowRemovalAllowed=true win.mRemoveOnExit=true
12-14 00:07:54.026  9756  9806 I HMSSDK_HMSPackageManager: quit checkHmsIsSpoof cached state: SUCCESS
12-14 00:07:54.026  1551  1712 I WindowManager: postWindowRemoveCleanupLocked: Window{4305ab1 u0 Splash Screen com.huawei.log_collector}
12-14 00:07:54.026  1551  1712 I WindowManager: Removing Window{4305ab1 u0 Splash Screen com.huawei.log_collector} from AppWindowToken{42a72b1 token=Token{43c9bbc ActivityRecord{42c1bc2 u0 com.huawei.log_collector/.MainActivity t143}}}
12-14 00:07:54.027  9756  9806 I HMSSDK_HMSPackageManager: Enter getHMSPackageName
12-14 00:07:54.035 10726  9859 D QVS_SDK_TAG: [90902335]Scan Process
12-14 00:07:54.059  2618  3134 I SmartDualCardSM: boosterDump:SlaveActive=true SameOperator=false M_NetworkBad=false S_NetworkBad=false M_DLSpeedLimit=1048576 S_DLSpeedLimit=1048576 M_DataRoam=false S_DataRoam=false VPNMode=false TetherOn=false AppQoeSlow=false HidataAppQoeSlow=false GameExpBad=false DsdsState=2 S_TrafficEnough=true M_NetworkStatus=4 S_NetworkStatus=4 1xTaskRun=false QoeSlowReason=0 MovementType=16 M_NetworkServicestatus=1 S_NetworkServicestatus=1 isUidBindListEmpty=true M_DetectAppQoe=-1 AppRouteSlot=1 WifiProSwitchSlaveCard=false LinkTurboActive=false
12-14 00:07:54.059  2618  3134 I SmartDualCardSM: isNeedMonitorAppQoe return false
12-14 00:07:54.060  2618  3134 I SmartDualCardSM: resetAppQoeState
12-14 00:07:54.061  2618  3134 I OllieMsgCenter: publishEvt=2130771969
12-14 00:07:54.061  2618  3134 I OllieMsgCenter: publishEvt=2130771985
12-14 00:07:54.061  2618  3134 D DollieActivityManagerAdapter: [UidStateChanged]  uid:10072 uidState:6
12-14 00:07:54.061  1551  7679 D HwConnectivityManagerImpl: startappqoednscollection action =0timer =1000
12-14 00:07:54.061  2618  3134 E DollieAdapterService: notifyActivityState pkg:com.huawei.android.launcher/com.huawei.android.launcher.unihome.UniHomeLauncher state:6 fg:false mUid:10072
12-14 00:07:54.061  2618  3134 I DollieChr: handleForegroundAppUpdateMsg,mAppState=1,scenes=2,mForegroundAppName=
12-14 00:07:54.061  2618  3134 I SmartDualCardSM: IdleState:got msg.what=EVENT_APP_MOVE_FOREGROUND
12-14 00:07:54.064  2618  3134 I BoosterUtil: getSlaveCardSubId slotId: 0, subId: 1
12-14 00:07:54.065  1030  1230 D dubaid  : [BufferedLogServer.cpp] ReceiveMessage# Received buffered log from dubai_driver-0
12-14 00:07:54.076  2618  3134 I BoosterUtil: getMasterCardSubId slotId: 1, subId: 8
12-14 00:07:54.065  1030  1230 D dubaid  : [BufferedLogServer.cpp] ReceiveMessage# Received buffered log from dubai_driver-0
12-14 00:07:54.076  3612  3612 I chatty  : uid=10067 com.huawei.hwid.persistent expire 2 lines
12-14 00:07:54.076  2618  3134 I BoosterUtil: getSlaveCardSubId slotId: 0, subId: 1
12-14 00:07:54.117  3612  7224 I chatty  : uid=10067(com.huawei.hwid) PPS-Cal-pool-th expire 3 lines
12-14 00:07:54.077  2618  3134 I chatty  : uid=1000(system) OllieAwareThrea identical 1 line
12-14 00:07:54.089  2618  3134 I BoosterUtil: getSlaveCardSubId slotId: 0, subId: 1
12-14 00:07:54.123  2618  3134 I SmartDualCardSM: isSlaveCardNetworkStatusBetter, masterCardNwStatus:4, slaveCardNwStatus:4
12-14 00:07:54.123  2618  3134 I SpeedTestNotifier: Speed test app is back Activity
12-14 00:07:54.124  2618  3134 I SmartDualCardConfig: getAppType,pkgName=com.huawei.log_collector,appType=-1
12-14 00:07:54.124  2618  3134 E SmartDualCardConfig: isAppInBlackList false,items==null
12-14 00:07:54.124  2618  3134 I PowerMsgAdapter: addUidChanged uid: 10096
12-14 00:07:54.124  2618  3134 D ForegroundDataOpt: is APK changed:true uid:10096 mBgLimitLevel:0
12-14 00:07:54.125  2618  3134 E Booster_MatterAppRecommend: [isMatterPackage]invalid mMatterPackagesConfig
12-14 00:07:54.125  2618  3134 I SmartDualCardConfig: getAppType,pkgName=com.huawei.android.launcher,appType=28
12-14 00:07:54.125  2618  3134 I SmartDualCardSM: onUidStateUpdate isSkip,uid=10072,pkgName=com.huawei.android.launcher,pkgNameByComponentName=com.huawei.android.launcher
12-14 00:07:54.125  2618  3134 I OllieMsgCenter: publishEvt=2130771969
12-14 00:07:54.125  2618  3134 I OllieMsgCenter: publishEvt=2134966274
12-14 00:07:54.125  2618  3134 I OllieMsgCenter: publishEvt=2135097350
12-14 00:07:54.125  2618  3134 I ForegroundDataOpt: mCurUid changed to 10096
12-14 00:07:54.126  2618  3134 I SmartDualCardConfig: getAppType,pkgName=com.huawei.android.launcher,appType=28
12-14 00:07:54.126  2618  3134 E SmartDualCardConfig: isAppInBlackList false,items==null
12-14 00:07:54.127  2618  3134 D DsduChr : uid=10096, isTrafficFree=false, isUsingFreeTraffic=false
12-14 00:07:54.127  2618  3134 I OllieMsgCenter: publishEvt=2134966274
12-14 00:07:54.127  2618  3134 I SmartDualCardSM: IdleState:got msg.what=EVENT_SLAVE_TRAFFIC_FREE_APP_BACKGROUND
12-14 00:07:54.141  9756  9806 I HMSSDK_HMSPackageManager: Enter getHMSPackageName
12-14 00:07:54.142  9756  9806 I HMSSDK_HMSPackageManager: <initHmsPackageInfo> Succeed to find HMS apk: com.huawei.hwid version: 60800332
12-14 00:07:54.143  9756  9806 I HMSSDK_HMSPackageManager: current versionCode:60800332, minimum version requirements: 30000000
12-14 00:07:54.143  9756  9806 I HMSSDK_HMSPackageManager: Enter getHMSPackageName
12-14 00:07:54.144  9756  9806 I HMSSDK_HMSPackageManager: Enter getHMSPackageName
12-14 00:07:54.146  9756  9806 I HMSSDK_HMSPackageManager: MinApkVersion is disabled.
12-14 00:07:54.146  9756  9806 I HMSSDK_BaseHmsClient: check available result: 0
12-14 00:07:54.146  9756  9806 I HMSSDK_BaseHmsClient: enter bindCoreService, packageName is com.huawei.hwid, serviceAction is com.huawei.hms.core.aidlservice
12-14 00:07:54.147  9756  9806 I HMSSDK_OuterBinderAdapter: OuterBinderAdapter getInstance.
12-14 00:07:54.150  9756  9756 I HMSSDK_BinderAdapter: BinderAdapter Enter onServiceConnected.
12-14 00:07:54.150  9756  9756 I HMSSDK_BaseHmsClient: Enter onServiceConnected.
12-14 00:07:54.150  9756  9818 I HMSSDK_RequestManager: RequestManager handleMessage.
12-14 00:07:54.150  9756  9818 I HMSSDK_BaseHmsClient: getAdapter:isInner:false, mInnerBinderAdapter:null, mOuterBinderAdapter:com.huawei.hms.adapter.BinderAdapter@e895ba1
12-14 00:07:54.151  9756  9818 I HMSSDK_HuaweiApi: onConnected
12-14 00:07:54.151  9756  9818 I HMSSDK_RequestManager: addToConnectedReqMap
12-14 00:07:54.151  9756  9818 I HMSSDK_HmsClient: post msg api_name:hwid.silentSignIn, app_id:100170393|, pkg_name:com.huawei.gameassistant, sdk_version:60400300, session_id:*, transaction_id:100170393SignIn20221214000753759200667, kitSdkVersion:60100300, apiLevel:1
12-14 00:07:54.151  9756  9818 I HMSSDK_HmsClient: Activity is null for 100170393
12-14 00:07:54.152  9756  9818 I HMSSDK_BaseAdapter: In constructor, WeakReference is java.lang.ref.WeakReference@9ed41c6
12-14 00:07:54.152  9756  9818 I HMSSDK_BaseAdapter: in baseRequest + uri is :hwid.silentSignIn, transactionId is : 100170393SignIn20221214000753759200667
12-14 00:07:54.154  9756  9818 I HMSSDK_PendingResultImpl: init uri:hwid.silentSignIn
12-14 00:07:54.155  9756  9818 I HMSSDK_PendingResultImpl: setResultCallback
12-14 00:07:54.155  2712  5496 I chatty  : uid=10067(com.huawei.hwid) Binder:2712_E expire 3 lines
12-14 00:07:54.157  2712  9868 I chatty  : uid=10067(com.huawei.hwid) Core-Connect-72 expire 26 lines
12-14 00:07:54.157  2712  9866 I chatty  : uid=10067(com.huawei.hwid) appReceiver-thr expire 3 lines
12-14 00:07:54.160  2712  8258 I chatty  : uid=10067(com.huawei.hwid) Core-Tracker-1 expire 2 lines
12-14 00:07:54.163  2712  9870 I chatty  : uid=10067(com.huawei.hwid) aidl_request_po expire 27 lines
12-14 00:07:54.164  2712  9872 I chatty  : uid=10067(com.huawei.hwid) GetCountryCode- expire 2 lines
12-14 00:07:54.173  2712  8461 I chatty  : uid=10067(com.huawei.hwid) HuaweiApiManage expire 10 lines
12-14 00:07:54.174  2712  9874 I chatty  : uid=10067(com.huawei.hwid) Core-Connect-72 expire 26 lines
12-14 00:07:54.178  2712  9875 I chatty  : uid=10067(com.huawei.hwid) aidl_request_po expire 34 lines
12-14 00:07:54.185  2712  9877 I chatty  : uid=10067(com.huawei.hwid) Hwid-Tracker-Po expire 7 lines
12-14 00:07:54.185  1551  2008 D HwConnectivityServiceEx: set 10067 rmnet0 value false
12-14 00:07:54.186  1551  2008 D HwConnectivityServiceEx: set 10067 NULL value false
12-14 00:07:54.187  1551  2008 I HwNetworkPolicy: onTransact, code = 14
12-14 00:07:54.187  1551  2008 I HwNetworkPolicy: code is not equals others
12-14 00:07:54.189  6839  7947 I ContentSensor_PackageUtil: pkgName : com.huawei.android.launcher
12-14 00:07:54.190  2712  9878 I chatty  : uid=10067(com.huawei.hwid) Core-AuthSrv-44 expire 56 lines
12-14 00:07:54.196  2712  5156 I chatty  : uid=10067(com.huawei.hwid) Hwid-Core-Pool3 expire 7 lines
12-14 00:07:54.200  2712  9879 I chatty  : uid=10067(com.huawei.hwid) Core-AuthSrv-44 expire 4 lines
12-14 00:07:54.200 30509 30509 I chatty  : uid=10067 com.huawei.hwid.container3 expire 2 lines
12-14 00:07:54.202  1551  1638 V ActivityManager: Successfully start provider ContentProviderRecord{3e7b1b9 u0 com.huawei.hwid/com.huawei.hms.fwkit.kams.provideragent.StubContentProvider} launchingApp=ProcessRecord{40f04b1 2712:com.huawei.hwid.core/u0a67} caller pid= 1551
12-14 00:07:54.203  2712  9879 I InnerServiceClientImpl: [I/HMSCore/InnerServiceClientImpl 2712:10190 SourceFile:1] Enter unBind inner service
12-14 00:07:54.203  2712  5156 I PermissionCheckUtil: [I/HwID_APK_log[6.8.0.332|6.8.0.302] [SDK 6.8.0.301]com.huawei.hwid.core/PermissionCheckUtil 2712:256 PermissionCheckUtil.java:113] checkPermission awaitValue:true
12-14 00:07:54.204  2712  5156 I PermissionCheckUtil: [I/HwID_APK_log[6.8.0.332|6.8.0.302] [SDK 6.8.0.301]com.huawei.hwid.core/PermissionCheckUtil 2712:256 PermissionCheckUtil.java:133] permissionUri is empty.
12-14 00:07:54.204  2712  5156 I PermissionCheckUtil: [I/HwID_APK_log[6.8.0.332|6.8.0.302] [SDK 6.8.0.301]com.huawei.hwid.core/PermissionCheckUtil 2712:256 PermissionCheckUtil.java:133] permissionUri is empty.
12-14 00:07:54.204  2712  5156 I [HUAWEIID]HwIDJsonResponse: [I/HwID_APK_log[6.8.0.332|6.8.0.302] [SDK 6.8.0.301]com.huawei.hwid.core/[HUAWEIID]HwIDJsonResponse 2712:256 HwIDJsonResponse.java:32] callResponse start.
12-14 00:07:54.205  2712  9877 I HiAnalyticsUtil: [I/HwID_APK_log[6.8.0.332|6.8.0.302] [SDK 6.8.0.301]com.huawei.hwid.core/HiAnalyticsUtil 2712:10188 HiAnalyticsUtil.java:564] eventId is:907114402
12-14 00:07:54.205  2712  5156 I [HUAWEIID]HwIDJsonResponse: [I/HwID_APK_log[6.8.0.332|6.8.0.302] [SDK 6.8.0.301]com.huawei.hwid.core/[HUAWEIID]HwIDJsonResponse 2712:256 HwIDJsonResponse.java:54] setResponseStatus.
12-14 00:07:54.206  1551  1638 V ActivityManager: Successfully start provider ContentProviderRecord{4415f17 u0 com.huawei.hwid/com.huawei.hms.runtimekit.kitcontainerservice.KitProcessAgent3Provider} launchingApp=ProcessRecord{4339e09 30509:com.huawei.hwid.container3/u0a67} caller pid= 1551
12-14 00:07:54.206 30509 30509 I fwkit_AbsContentProvider: [I/fwkit/fwkit_AbsContentProvider 30509:1 AbsContentProvider.java:122] KitProcessAgent3Provider; callerPackage: null; method: getType; uri: content://com.huawei.hms.runtimekit.kitcontainerservice.KitProcessAgent3Provider/com.huawei.hms.agclink.CacheContentProvider/NotArrived-com.huawei.log_collector
12-14 00:07:54.208  1551  3069 I HwNetworkPolicy: onTransact, code = 14
12-14 00:07:54.208  1551  3069 I HwNetworkPolicy: code is not equals others
12-14 00:07:54.208  2712  9877 I NetUtils: [I/HwID_APK_log[6.8.0.332|6.8.0.302] [SDK 6.8.0.301]com.huawei.hwid.core/NetUtils 2712:10188 NetUtils.java:326] network policy status:1
12-14 00:07:54.208  2712  5156 I CloudAccountInnerStub: [I/HwID_APK_log[6.8.0.332|6.8.0.302] [SDK 6.8.0.301]com.huawei.hwid.core/CloudAccountInnerStub 2712:256 CloudAccountInnerStub.java:739] SignInResponse callJson.
12-14 00:07:54.208  2712  5156 I CloudAccountInnerStub: [I/HwID_APK_log[6.8.0.332|6.8.0.302] [SDK 6.8.0.301]com.huawei.hwid.core/CloudAccountInnerStub 2712:256 CloudAccountInnerStub.java:750] SignInResponse retcode:0
12-14 00:07:54.208  2712  9877 I FormalHASDK: HiAnalyticsInstance==> onEvent. TAG:HmsProfiler, TYPE:1, eventId:907114402
12-14 00:07:54.209  2712  9877 I HiAnalyticsUtil: [I/HwID_APK_log[6.8.0.332|6.8.0.302] [SDK 6.8.0.301]com.huawei.hwid.core/HiAnalyticsUtil 2712:10188 HiAnalyticsUtil.java:974] reportIntervalTime:86400000
12-14 00:07:54.209  2712  5156 E InnerSdkTask: [E/HwID_APK_log[6.8.0.332|6.8.0.302] [SDK 6.8.0.301]com.huawei.hwid.core/InnerSdkTask 2712:256 InnerSdkTask.java:822] signIn|getIntentResult retCode is 0
12-14 00:07:54.209  2712  9877 I ThreadPool: [I/HwID_APK_log[6.8.0.332|6.8.0.302] [SDK 6.8.0.301]com.huawei.hwid.core/ThreadPool 2712:10188 CustomThreadPoolExecutor.java:188] afterExecute, time costs:4ms
12-14 00:07:54.209  2712  9877 I ThreadPool: [I/HwID_APK_log[6.8.0.332|6.8.0.302] [SDK 6.8.0.301]com.huawei.hwid.core/ThreadPool 2712:10188 CustomThreadPoolExecutor.java:140] thread dump:poolName:Hwid-Tracker-Pool activeCount:1 completedTaskCount:1019 taskCount:1020 corePoolSize:1 largestPoolSize:1 maximumPoolSize:1 queueSize:0 
12-14 00:07:54.210  2712  5156 I fwkit_msg_request_proxy: [I/fwkit/fwkit_msg_request_proxy 2712:256 AIDLRequestLocalProxy.java:130] AidlCallback callback
12-14 00:07:54.212  2712  5156 I fwkit_msg_request_proxy: [I/fwkit/fwkit_msg_request_proxy 2712:256 AIDLRequestLocalProxy.java:170] AidlCallback callback requestId:e8c12f8c-760f-4e0d-9f34-1eb6e438fe11, uri:hwid.Request
12-14 00:07:54.213  2712  5156 I fwkit_msg_arw: [I/fwkit/fwkit_msg_arw 2712:256 AIDLResponseWrapper.java:56] callJson start
12-14 00:07:54.213  2712  5156 I AIDLResponseImpl: [I/HMSCore/AIDLResponseImpl 2712:256 SourceFile:10] Response, uri: hwid.Request, statusCode: 0, errorCode: 0
12-14 00:07:54.213  2712  5156 I HmsClient: [I/baseinner/HmsClient 2712:256 null:57] getResult, statusCode:0
12-14 00:07:54.213  2712  5156 I HmsClient: [I/baseinner/HmsClient 2712:256 Binder.java:921] in asnyc callback.
12-14 00:07:54.214  2712  5156 I ThreadPool: [I/HwID_APK_log[6.8.0.332|6.8.0.302] [SDK 6.8.0.301]com.huawei.hwid.core/ThreadPool 2712:256 CustomThreadPoolExecutor.java:188] afterExecute, time costs:18ms
12-14 00:07:54.214  2712  9881 I HmsClient: [I/baseinner/HmsClient 2712:10192 null:4] baseCallBack.onComplete
12-14 00:07:54.214  2712  5156 I ThreadPool: [I/HwID_APK_log[6.8.0.332|6.8.0.302] [SDK 6.8.0.301]com.huawei.hwid.core/ThreadPool 2712:256 CustomThreadPoolExecutor.java:140] thread dump:poolName:Hwid-Core-Pool activeCount:1 completedTaskCount:713 taskCount:714 corePoolSize:16 largestPoolSize:16 maximumPoolSize:16 queueSize:0 
12-14 00:07:54.214  2712  9881 I HmsClient: [I/baseinner/HmsClient 2712:10192 null:0] receive msg status_code:0, error_code0, api_name:hwid.Request, app_id:10132067|, pkg_name:com.huawei.hwid, session_id:*, transaction_id:1f5baa0d-f837-4c3c-a1a8-02660fc21dae, resolution:null
12-14 00:07:54.214  2712  9881 I TaskApiCall: [I/baseinner/TaskApiCall 2712:10192 null:38] SDK Base inner onResponse: URI:hwid.Request , transactionId 1f5baa0d-f837-4c3c-a1a8-02660fc21dae
12-14 00:07:54.214  2712  9881 I AccountApiCallback: [I/Account_SDK_log[6.6.0.300]/AccountApiCallback 2712:10192 null:21] TaskApiCall response error code: 0
12-14 00:07:54.215 10726  9859 I qvs-i   : pm.fin
12-14 00:07:54.215  2712  9882 I fwkit_CountryCodeBean: [I/fwkit/fwkit_CountryCodeBean 2712:10193 CountryCodeBean.java:163] countryCode by ro.hw.country is: cn
12-14 00:07:54.215  2712  9882 I fwkit_CountryCodeBean: [I/fwkit/fwkit_CountryCodeBean 2712:10193 CountryCodeBean.java:112] get issue_country code from VENDOR_COUNTRY
12-14 00:07:54.215  2712  9336 I AccountApiCallback: [I/Account_SDK_log[6.6.0.300]/AccountApiCallback 2712:421 null:60] mAPIName: signIn|onComplete.|start time: 1670947674168|duration time:47
12-14 00:07:54.215  2712  9881 I RequestManager: [I/baseinner/RequestManager 2712:10192 null:6] removeReqByTransId
12-14 00:07:54.216  2712  9880 I fwkit_date_utils: [I/fwkit/fwkit_date_utils 2712:10191 DateUtil.java:29] init threadLocal
12-14 00:07:54.216  2712  9336 I AccountWrapper: [I/HwJos_log[6.8.0.300_product]/AccountWrapper 2712:421 null:19] silentSignIn retCode = 0
12-14 00:07:54.217  2712  9880 I fwkit_HmsProfiler: [I/fwkit/fwkit_HmsProfiler 2712:10191 HmsProfiler.java:553] traceApiEvent input : com.huawei.hwid
12-14 00:07:54.217  2712  9336 I HwAccInfoCache: [I/HwJos_log[6.8.0.300_product]/HwAccInfoCache 2712:421 null:55] get access token successappId:10132067, valid accessToken
12-14 00:07:54.217 10726  9859 I qvs-i   : mc.fin com.qihoo.qvssdk.VirusScanCallback@56b0f3f
12-14 00:07:54.217 10726  9859 D QVS_SDK_TAG: [90902335]Scan onFinished hasMore: false
12-14 00:07:54.217 10726  9859 D QVS_SDK_TAG: [90902335]Scan consume time 276ms from callerId 6511
12-14 00:07:54.217  2712  9336 I HwAccInfoCache: [I/HwJos_log[6.8.0.300_product]/HwAccInfoCache 2712:421 null:59] get cache accountInfo
12-14 00:07:54.217 10726  9884 I qvs-i   : mc.unreg
12-14 00:07:54.217 10726  9858 I QVS_SDK_TAG: [90902335]reset: called
12-14 00:07:54.217 10726  9884 I qvs-i   : mc.unit 0
12-14 00:07:54.217  2712  9336 I HwAccInfoCache: [I/HwJos_log[6.8.0.300_product]/HwAccInfoCache 2712:421 null:19] updateAccountAgeRangeCache ageRange: 0
12-14 00:07:54.217 10726  9884 I qvs-i   : enum.eng.cl
12-14 00:07:54.217 10726  9884 I qvs-i   : tqm.cl
12-14 00:07:54.217  2712  9336 I SharedPreferenceCache: [I/HwJos_log[6.8.0.300_product]/SharedPreferenceCache 2712:421 null:27] setDefaultValue, dataType: int, defaultValue: 0
12-14 00:07:54.217  2712  9336 I SilentSignInManager: [I/HwJos_log[6.8.0.300_product]/SilentSignInManager 2712:421 null:4] start enterJosSignInProcessor
12-14 00:07:54.218 10726 13250 D QVS_SDK_TAG: in uninstall() curNum 0
12-14 00:07:54.218 10726 13250 D QVS_SDK_TAG: uninstall()
12-14 00:07:54.218 10726 13250 D QVS_SDK_TAG: ScanTask Cancel Sync Scan 65588263
12-14 00:07:54.218 10726 13250 I QVS_SDK_TAG: [90902335]reset: called
12-14 00:07:54.218  2712  9336 I ProcessUtil: [I/HMSCore/ProcessUtil 2712:421 SourceFile:2] Process = com.huawei.hwid.core
12-14 00:07:54.218  2712  9336 I AuthService: [I/HMSCore/AuthService 2712:421 SourceFile:1] Enter checkPermission, appId: 100170393
12-14 00:07:54.218  2712  9336 I AuthService: [I/HMSCore/AuthService 2712:421 SourceFile:6] in scope manager process, local check permission
12-14 00:07:54.218  2712  9336 I AppScope: [I/HMSCore/AppScope 2712:421 SourceFile:3] checkPermission, appID:100170393, permission:com.huawei.android.hms.common.jos.off, accountIndex:null, checkExpiredTimeFlag:0
12-14 00:07:54.218  2712  9336 I AuthServiceHelper: [I/HwJos_log[6.8.0.300_product]/AuthServiceHelper 2712:421 null:39] query permission result:true
12-14 00:07:54.219  2712  9336 I ProcessUtil: [I/HMSCore/ProcessUtil 2712:421 SourceFile:2] Process = com.huawei.hwid.core
12-14 00:07:54.219  2712  9336 I AuthService: [I/HMSCore/AuthService 2712:421 SourceFile:1] Enter checkPermission, appId: 100170393
12-14 00:07:54.219  2712  9336 I AuthService: [I/HMSCore/AuthService 2712:421 SourceFile:6] in scope manager process, local check permission
12-14 00:07:54.219  2712  9336 I AppScope: [I/HMSCore/AppScope 2712:421 SourceFile:3] checkPermission, appID:100170393, permission:com.huawei.android.hms.game.base, accountIndex:null, checkExpiredTimeFlag:0
12-14 00:07:54.219  2712  9336 I AppScope: [I/HMSCore/AppScope 2712:421 SourceFile:7] permission not exist
12-14 00:07:54.219  2712  9336 E AuthService: [E/HMSCore/AuthService 2712:421 SourceFile:9] Failed to check the permission, appID: 100170393, errorCode: 6004, permission: com.huawei.android.hms.game.base, checkExpiredTimeFlag: 0
12-14 00:07:54.219  2712  9336 I AuthServiceHelper: [I/HwJos_log[6.8.0.300_product]/AuthServiceHelper 2712:421 null:39] query permission result:false
12-14 00:07:54.219  2712  9336 I JointStateUtil: [I/HwJos_log[6.8.0.300_product]/JointStateUtil 2712:421 null:27] update app state do not support jos: true, appId=100170393
12-14 00:07:54.219  2712  9336 I JosSignInLifecycleController: [I/HwJos_log[6.8.0.300_product]/JosSignInLifecycleController 2712:421 null:24] startSignInAccountApi, cpClientInfo is null ? false
12-14 00:07:54.220  2712  9336 W JosSignInHAReporter: [W/HwJos_log[6.8.0.300_product]/JosSignInHAReporter 2712:421 null:17] onReportLogin not Allow Report
12-14 00:07:54.220  2712  9336 I AccountKitInnerApiHelper: [I/Account_SDK_log[6.6.0.300]/AccountKitInnerApiHelper 2712:421 null:27] JOS init InnerApi. Version is 6.6.0.300
12-14 00:07:54.220  2712  9336 W AccountKitInnerApiHelper: [W/Account_SDK_log[6.6.0.300]/AccountKitInnerApiHelper 2712:421 null:65] JOS init InnerApi. Calling package name:com.huawei.hms.game
12-14 00:07:54.220  2712  9336 I AccountKitInnerApiImpl: [I/Account_SDK_log[6.6.0.300]/AccountKitInnerApiImpl 2712:421 null:39] Api: silentSignIn | Thread: HwID-Inner-SDK-229811202 | kitName: JOS
12-14 00:07:54.220  2712  9336 W AccountKitInnerApiImpl: [W/Account_SDK_log[6.6.0.300]/AccountKitInnerApiImpl 2712:421 null:40] Calling package name of context is not null. Calling package name:com.huawei.hms.game
12-14 00:07:54.220  2712  9336 I PropertyUtils: [I/Account_SDK_log[6.6.0.300]/PropertyUtils 2712:421 null:28] isPhoneStillInLockMode is already false
12-14 00:07:54.220  2712  9336 W AccountKitInnerApiImpl: [W/Account_SDK_log[6.6.0.300]/AccountKitInnerApiImpl 2712:421 null:40] Calling package name of context is not null. Calling package name:com.huawei.hms.game
12-14 00:07:54.221  2712  9336 I HuaweiApi: [I/baseinner/HuaweiApi 2712:421 null:13] SDK Base inner doWrite: enter
12-14 00:07:54.221  2712  9336 I HuaweiApi: [I/baseinner/HuaweiApi 2712:421 null:13] SDK Base inner doWrite uri:hwid.RequesttransactionId:8f2d2135-2320-4200-b800-4d227dcaaac4
12-14 00:07:54.221  2712  9336 I HuaweiApi: [I/baseinner/HuaweiApi 2712:421 null:133] sendRequest
12-14 00:07:54.221  2712  9336 I HuaweiApi: [I/baseinner/HuaweiApi 2712:421 null:30] inner hms is empty,hms pkg name is com.huawei.hwid
12-14 00:07:54.222  2712  9336 I HuaweiApi: [I/baseinner/HuaweiApi 2712:421 null:58] sendRequest
12-14 00:07:54.222  2712  9336 I HuaweiApi: [I/baseinner/HuaweiApi 2712:421 null:58] isConnected:true.
12-14 00:07:54.222  2712  9336 D BinderAdapter: [D/baseinner/BinderAdapter 2712:421 null:83] updateDelayTask.
12-14 00:07:54.222  2712  9336 I RequestManager: [I/baseinner/RequestManager 2712:421 null:38] addToConnectedReqMap
12-14 00:07:54.222  2712  8461 I RequestManager: [I/baseinner/RequestManager 2712:355 HandlerThread.java:67] RequestManager handleMessage.
12-14 00:07:54.222  2712  9336 I HmsClient: [I/baseinner/HmsClient 2712:421 null:38] post msg api_name:hwid.Request, app_id:10132067|, pkg_name:com.huawei.hwid, sdk_version:60600300, session_id:*, transaction_id:8f2d2135-2320-4200-b800-4d227dcaaac4, kitSdkVersion:60600300, apiLevel:14
12-14 00:07:54.222  2712  9336 I HmsClient: [I/baseinner/HmsClient 2712:421 null:38] in baseRequest + uri is :hwid.Request, transactionId is : 8f2d2135-2320-4200-b800-4d227dcaaac4
12-14 00:07:54.222  2712  9336 I HmsClient: [I/baseinner/HmsClient 2712:421 null:38] RespAsyn:true
12-14 00:07:54.222  2712  9336 I HmsClient: [I/baseinner/HmsClient 2712:421 null:179] setResultCallback
12-14 00:07:54.222  2712  9336 I AIDLInvoke: [I/HMSCore/AIDLInvoke 2712:421 SourceFile:7] <apirouter>Request, URI: hwid.Request
12-14 00:07:54.223  2712  9336 I PackageUtils: [I/HMSCore/PackageUtils 2712:421 SourceFile:1] uid:10067, packageName:com.huawei.hwid
12-14 00:07:54.223  2712  9336 I AIDLInvoke: [I/HMSCore/AIDLInvoke 2712:421 SourceFile:19] modifyAidlRouteInfo param,appId:10132067,SdkVersion:60600300
12-14 00:07:54.223 10726  9884 I qvs-i   : mc.taskq.cl
12-14 00:07:54.223 10726  9884 I qvs-i   : se.unit
12-14 00:07:54.223  2712  9886 I AIDLInvoke: [I/HMSCore/AIDLInvoke 2712:10195 SourceFile:1] modify AdilRouteInfo begin,originApiName:hwid.Request
12-14 00:07:54.223  2712  9886 I AppScope: [I/HMSCore/AppScope 2712:10195 SourceFile:3] checkPermission, appID:10132067, permission:com.huawei.hms.appservice.cps, accountIndex:null, checkExpiredTimeFlag:1
12-14 00:07:54.224  2712  9886 I AppScope: [I/HMSCore/AppScope 2712:10195 SourceFile:7] permission not exist
12-14 00:07:54.224  2712  9886 I fwkit_b : get deviceType from cache: 0
12-14 00:07:54.224  2712  9886 I fwkit_ApiRuleEngine: [I/fwkit/fwkit_ApiRuleEngine 2712:10195 ApiRuleEngine.java:210] input parameters: type: aidl apiName: hwid.Request appId: 10132067 packageName: com.huawei.hwid permission: null
12-14 00:07:54.224  2712  9886 I fwkit_ApiRuleEngine: [I/fwkit/fwkit_ApiRuleEngine 2712:10195 ApiRuleEngine.java:359] Business value is: Default
12-14 00:07:54.224  2712  9886 W fwkit_coresm: [W/fwkit/fwkit_coresm 2712:10195 CoreServiceManager.java:77] Get vr_system Service !but its binder is null!
12-14 00:07:54.229  2712  9886 E HwVrServiceManagerImpl: client service is not alive.
12-14 00:07:54.229  2712  9886 I fwkit_sdk_apiRouter: newApiName is hwid.Request
12-14 00:07:54.230  2712  9886 I RuleEngineService: [I/HMSCore/RuleEngineService 2712:10195 SourceFile:8] AIDLRequest modify route info,oldApiName:hwid.Request, newApiName:hwid.Request
12-14 00:07:54.230  2712  9886 I AIDLInvoke: [I/HMSCore/AIDLInvoke 2712:10195 SourceFile:6] after modify header newApiName:hwid.Request
12-14 00:07:54.230  2712  9886 I AIDLInvoke: [I/HMSCore/AIDLInvoke 2712:10195 SourceFile:6] hwid apiLevel: -1, request apiLevel: 14
12-14 00:07:54.230  2712  9886 I fwkit_sdk_kfd: getKitReq
12-14 00:07:54.230  2712  9886 I fwkit_sdk_fd: createRequestFromMessageCenter uri: hwid.Request
12-14 00:07:54.230  2712  9886 I fwkit_kims_apidispatcher_fdi: [I/fwkit/fwkit_kims_apidispatcher_fdi 2712:10195 DispatcherImpl.java:108] messageCenter uri: hwid.Request appId: 10132067 hostAppId: 10132067 apiLevel: 14 runtime api level: 27
12-14 00:07:54.230  2712  9886 W fwkit_kit_breaker: [W/fwkit/fwkit_kit_breaker 2712:10195 KitBreaker.java:343] isNeedBreaker kitBreakerInfos is null or empty
12-14 00:07:54.230  2712  9886 I fwkit_kims_RequestFactory: [I/fwkit/fwkit_kims_RequestFactory 2712:10195 RequestFactory.java:47] No uri matched, choose proxy request as default.
12-14 00:07:54.230  2712  9886 I KitMessageCenter: [I/HMSCore/KitMessageCenter 2712:10195 SourceFile:13] Find makeRequest uri:hwid.Request cost time: 0ms
12-14 00:07:54.230  2712  9886 I AIDLInvoke: [I/HMSCore/AIDLInvoke 2712:10195 SourceFile:8] Request, URI: hwid.Request, clientId: {appId: 10132067, hostAppID: 10132067, packageName: com.huawei.hwid, sdkVersion: 60600300, uid: 10067, transactionId: 8f2d2135-2320-4200-b800-4d227dcaaac4, apiLevel: 14, uri: hwid.Request, kitSdkVersion: 60600300}
12-14 00:07:54.231  2712  9886 I fwkit_kims: [I/fwkit/fwkit_kims 2712:10195 KIMSServiceController.java:729] getKitInfo S: :hwid
12-14 00:07:54.231  2712  9886 I fwkit_kams_stubmanager: [I/fwkit/fwkit_kams_stubmanager 2712:10195 StubManagerService.java:449] getStubProcessNameByComponent: ComponentInfo{ name: null, packageName: com.huawei.hms.account, processName: com.huawei.hms.account.core } isComponent: false
12-14 00:07:54.231  2712  9886 I fwkit_kams_scheduler: [I/fwkit/fwkit_kams_scheduler 2712:10195 ProcessScheduler.java:411] getStubProcessNameByComponent: RemoteConfig assign: com.huawei.hwid.core
12-14 00:07:54.231  2712  9886 I fwkit_kams: [I/fwkit/fwkit_kams 2712:10195 KAMSServiceController.java:1227] [getKcsForAIDLRequest] Assign com.huawei.hwid.core for hwid|com.huawei.hms.account|com.huawei.hms.account.core cost 0ms
12-14 00:07:54.231  2712  9886 I fwkit_kams_stubmanager: [I/fwkit/fwkit_kams_stubmanager 2712:10195 StubManagerService.java:449] getStubProcessNameByComponent: ComponentInfo{ name: null, packageName: com.huawei.hms.account, processName: null } isComponent: false
12-14 00:07:54.231  2712  9886 I fwkit_kams_scheduler: [I/fwkit/fwkit_kams_scheduler 2712:10195 ProcessScheduler.java:411] getStubProcessNameByComponent: RemoteConfig assign: com.huawei.hwid.container2
12-14 00:07:54.231  2712  9886 I fwkit_msg_request_proxy: [I/fwkit/fwkit_msg_request_proxy 2712:10195 AIDLRequestLocalProxy.java:118] onRequest mRequestId: 205c5ace-9e50-461c-a86e-3dc011415866,mUri: hwid.Request
12-14 00:07:54.232  2712  9888 I fwkit_msg_invoke_remote: [I/fwkit/fwkit_msg_invoke_remote 2712:10196 AIDLInvokeRemote.java:129] execute requestId:205c5ace-9e50-461c-a86e-3dc011415866 uri:hwid.Request transactionId:8f2d2135-2320-4200-b800-4d227dcaaac4
12-14 00:07:54.232  2712  9888 I fwkit_msg_fr: [I/fwkit/fwkit_msg_fr 2712:10196 FinderRemote.java:92] findRequest uri: hwid.Request apiLevel: 14
12-14 00:07:54.232  2712  9888 I fwkit_kac_kitloader: [I/fwkit/fwkit_kac_kitloader 2712:10196 KitLoaderManager.java:215] hwid_60800302 already exits, no need to reload, cost :0 ms
12-14 00:07:54.233  2712  9888 I fwkit_msg_aidl_request: [I/fwkit/fwkit_msg_aidl_request 2712:10196 AIDLRequest.java:125] execute, uri: hwid.Request transactionId: 8f2d2135-2320-4200-b800-4d227dcaaac4
12-14 00:07:54.233  2712  9888 I CommonUtils: [I/HwID_APK_log[6.8.0.332|6.8.0.302] [SDK 6.8.0.301]com.huawei.hwid.core/CommonUtils 2712:10196 CommonUtils.java:201] isPhoneStillInLockMode is already false
12-14 00:07:54.233  2712  9888 I SiteCountryDataManager: start parseGlobalSync isUIThread:false 6B17EFB0A1EC75FB3424E705D00F5FBD25D7
12-14 00:07:54.233  2712  9888 I SiteCountryDataManager: [I/HwID_APK_log[6.8.0.332|6.8.0.302] [SDK 6.8.0.301]com.huawei.hwid.core/SiteCountryDataManager 2712:10196 SiteCountryDataManager.java:3166] HMS Core Apk start parseGlobalSync isUIThread:false 6B17EFB0A1EC75FB3424E705D00F5FBD25D7
12-14 00:07:54.233  2712  9888 I CommonUtils: [I/HwID_APK_log[6.8.0.332|6.8.0.302] [SDK 6.8.0.301]com.huawei.hwid.core/CommonUtils 2712:10196 CommonUtils.java:201] isPhoneStillInLockMode is already false
12-14 00:07:54.233  2712  9888 I SiteCountryDataManager: [I/HwID_APK_log[6.8.0.332|6.8.0.302] [SDK 6.8.0.301]com.huawei.hwid.core/SiteCountryDataManager 2712:10196 SiteCountryDataManager.java:3176] start parseGlobalSync has over:
12-14 00:07:54.233  2712  9888 I InnerSdkRequest: [I/HwID_APK_log[6.8.0.332|6.8.0.302] [SDK 6.8.0.301]com.huawei.hwid.core/InnerSdkRequest 2712:10196 InnerSdkRequest.java:106] InnerSdkRequest start. api is signIn
12-14 00:07:54.233  2712  9888 E InnerSdkTask: [E/HwID_APK_log[6.8.0.332|6.8.0.302] [SDK 6.8.0.301]com.huawei.hwid.core/InnerSdkTask 2712:10196 InnerSdkTask.java:749] signIn|start doTask
12-14 00:07:54.233  2712  9888 I PropertyUtils: [I/HwID_APK_log[6.8.0.332|6.8.0.302] [SDK 6.8.0.301]com.huawei.hwid.core/PropertyUtils 2712:10196 PropertyUtils.java:232] isPhoneStillInLockMode is already false
12-14 00:07:54.234  2712  9888 I PersistentPreferenceDataHelper: [I/HwID_APK_log[6.8.0.332|6.8.0.302] [SDK 6.8.0.301]com.huawei.hwid.core/PersistentPreferenceDataHelper 2712:10196 PersistentPreferenceDataHelper.java:126] getStringFromFile,keyName:get_configuration_timestamp
12-14 00:07:54.234  2712  9888 I PersistentPreferenceDataHelper: [I/HwID_APK_log[6.8.0.332|6.8.0.302] [SDK 6.8.0.301]com.huawei.hwid.core/PersistentPreferenceDataHelper 2712:10196 PersistentPreferenceDataHelper.java:432] getStringFromFileOnCurProcessor,fileType:13,keyName:get_configuration_timestamp
12-14 00:07:54.234  2712  9888 I PersistentPreferenceDataHelper: [I/HwID_APK_log[6.8.0.332|6.8.0.302] [SDK 6.8.0.301]com.huawei.hwid.core/PersistentPreferenceDataHelper 2712:10196 PersistentPreferenceDataHelper.java:138] getStringFromFile,keyName:get_configuration_timestamp finish.
12-14 00:07:54.234  2712  9888 I CoreUtil: [I/HwID_APK_log[6.8.0.332|6.8.0.302] [SDK 6.8.0.301]com.huawei.hwid.core/CoreUtil 2712:10196 CoreUtil.java:63] getConfigurationFromServer not need update.
12-14 00:07:54.234  2712  9888 I CloudAccountInnerStub: [I/HwID_APK_log[6.8.0.332|6.8.0.302] [SDK 6.8.0.301]com.huawei.hwid.core/CloudAccountInnerStub 2712:10196 CloudAccountInnerStub.java:441] getSignInReq.
12-14 00:07:54.234  2712  9888 I SignHuaweiIDImpl: [I/HwID_APK_log[6.8.0.332|6.8.0.302] [SDK 6.8.0.301]com.huawei.hwid.core/SignHuaweiIDImpl 2712:10196 SignHuaweiIDImpl.java:167] versionCode:1
12-14 00:07:54.235  2712  9888 I SignHuaweiIDImpl: [I/HwID_APK_log[6.8.0.332|6.8.0.302] [SDK 6.8.0.301]com.huawei.hwid.core/SignHuaweiIDImpl 2712:10196 SignHuaweiIDImpl.java:168] sdkVersion:60100300
12-14 00:07:54.235  2712  9888 I SignHuaweiIDImpl: [I/HwID_APK_log[6.8.0.332|6.8.0.302] [SDK 6.8.0.301]com.huawei.hwid.core/SignHuaweiIDImpl 2712:10196 SignHuaweiIDImpl.java:175] mTransID from framwork :100170393SignIn20221214000753759200667
12-14 00:07:54.235  2712  9888 I SignHuaweiIDImpl: [I/HwID_APK_log[6.8.0.332|6.8.0.302] [SDK 6.8.0.301]com.huawei.hwid.core/SignHuaweiIDImpl 2712:10196 SignHuaweiIDImpl.java:181] packageName:************ameassistant scope:{*******************************t/extend/hearthealthsleep.read, ***********************auth/account/age.range, ***nid, ************************uth/account/base.profile, ****ile, **********************/auth/account/country} permission:{******************************count/base.profile/accesstoken, *******************hms.account.getUID, ********************************unt/base.profile/serviceauthcode}
12-14 00:07:54.235  2712  9888 I SignHuaweiIDImpl: [I/HwID_APK_log[6.8.0.332|6.8.0.302] [SDK 6.8.0.301]com.huawei.hwid.core/SignHuaweiIDImpl 2712:10196 SignHuaweiIDImpl.java:318] packageName :************ameassistant
12-14 00:07:54.235  2712  9877 I HiAnalyticsUtil: [I/HwID_APK_log[6.8.0.332|6.8.0.302] [SDK 6.8.0.301]com.huawei.hwid.core/HiAnalyticsUtil 2712:10188 HiAnalyticsUtil.java:564] eventId is:907114401
12-14 00:07:54.236  1551  1638 I HwNetworkPolicy: onTransact, code = 14
12-14 00:07:54.236  1551  1638 I HwNetworkPolicy: code is not equals others
12-14 00:07:54.236  2712  9888 I SignHuaweiIDImpl: [I/HwID_APK_log[6.8.0.332|6.8.0.302] [SDK 6.8.0.301]com.huawei.hwid.core/SignHuaweiIDImpl 2712:10196 SignHuaweiIDImpl.java:482] signRequestImpl start.
12-14 00:07:54.238  2712  9888 I SignHuaweiIDImpl: [I/HwID_APK_log[6.8.0.332|6.8.0.302] [SDK 6.8.0.301]com.huawei.hwid.core/SignHuaweiIDImpl 2712:10196 SignHuaweiIDImpl.java:507] checkHasNotAccountName start.
12-14 00:07:54.238  2712  9888 I SignHuaweiIDImpl: [I/HwID_APK_log[6.8.0.332|6.8.0.302] [SDK 6.8.0.301]com.huawei.hwid.core/SignHuaweiIDImpl 2712:10196 SignHuaweiIDImpl.java:570] checkSavedAccessToken
12-14 00:07:54.238  2712  9877 I NetUtils: [I/HwID_APK_log[6.8.0.332|6.8.0.302] [SDK 6.8.0.301]com.huawei.hwid.core/NetUtils 2712:10188 NetUtils.java:326] network policy status:1
12-14 00:07:54.238  2712  9888 I ATTokenDS: [I/HwID_APK_log[6.8.0.332|6.8.0.302] [SDK 6.8.0.301]com.huawei.hwid.core/ATTokenDS 2712:10196 ATTokenDS.java:59] getSavedAuthorizationInfoByAppId start.
12-14 00:07:54.238  2712  9888 I ProcessUtil: [I/HMSCore/ProcessUtil 2712:10196 SourceFile:2] Process = com.huawei.hwid.core
12-14 00:07:54.238  2712  9888 I AuthService: [I/HMSCore/AuthService 2712:10196 SourceFile:1] Enter queryAuthInfo
12-14 00:07:54.238  2712  9888 I AuthService: [I/HMSCore/AuthService 2712:10196 SourceFile:3] queryAuthInfo: {"header":"{\"uri_name\":\"auth.getAuthInfo\"}","body":"{\"app_id\":\"100170393\",\"filter_applied_permission\":false}"}
12-14 00:07:54.238  2712  9888 I InnerServiceClientImpl: [I/HMSCore/InnerServiceClientImpl 2712:10196 SourceFile:6] sendEmptyMessageDelayed 10 seconds for onBindService. the result is : true
12-14 00:07:54.238  2712  9888 I InnerServiceClientImpl: [I/HMSCore/InnerServiceClientImpl 2712:10196 SourceFile:4] Enter inner connect, bind status: 1
12-14 00:07:54.239  2712  9877 I FormalHASDK: HiAnalyticsInstance==> onEvent. TAG:HmsProfiler, TYPE:1, eventId:907114401
12-14 00:07:54.239  2712  9890 I PackageReceiver: [I/HwLocation/PackageReceiver 2712:10197 null:2] package_add:com.huawei.log_collector
12-14 00:07:54.239  2712  9890 I HwGeofenceAdapter: [I/HwLocation/HwGeofenceAdapter 2712:10197 null:2] HwGeofenceAdapter call onAdded enter:com.huawei.log_collector
12-14 00:07:54.239  2712  9890 I ActivityRecognitionClientImpl: [I/HwLocation/ActivityRecognitionClientImpl 2712:10197 null:2] call onAdded enter:com.huawei.log_collector
12-14 00:07:54.239  2712  9877 I HiAnalyticsUtil: [I/HwID_APK_log[6.8.0.332|6.8.0.302] [SDK 6.8.0.301]com.huawei.hwid.core/HiAnalyticsUtil 2712:10188 HiAnalyticsUtil.java:974] reportIntervalTime:86400000
12-14 00:07:54.239  2712  9877 I ThreadPool: [I/HwID_APK_log[6.8.0.332|6.8.0.302] [SDK 6.8.0.301]com.huawei.hwid.core/ThreadPool 2712:10188 CustomThreadPoolExecutor.java:188] afterExecute, time costs:4ms
12-14 00:07:54.239  2712  9877 I ThreadPool: [I/HwID_APK_log[6.8.0.332|6.8.0.302] [SDK 6.8.0.301]com.huawei.hwid.core/ThreadPool 2712:10188 CustomThreadPoolExecutor.java:140] thread dump:poolName:Hwid-Tracker-Pool activeCount:1 completedTaskCount:1020 taskCount:1021 corePoolSize:1 largestPoolSize:1 maximumPoolSize:1 queueSize:0 
12-14 00:07:54.241  2712  2712 I InnerServiceClientImpl: [I/HMSCore/InnerServiceClientImpl 2712:1 SourceFile:1] Enter onServiceConnected.
12-14 00:07:54.241  2712  2712 I InnerServiceClientImpl: [I/HMSCore/InnerServiceClientImpl 2712:1 SourceFile:8] Inner Service binded, bind status: 3
12-14 00:07:54.241  2712  9888 I fwkit_msg_aidl_request: [I/fwkit/fwkit_msg_aidl_request 2712:10196 AIDLRequest.java:144] onRequest end, uri: hwid.Request transactionId: 8f2d2135-2320-4200-b800-4d227dcaaac4 elapsedTime: 8
12-14 00:07:54.241  2712  9893 I ScopeManager: [I/HMSCore/ScopeManager 2712:10198 SourceFile:1] getAppAuthInfo, appID:100170393
12-14 00:07:54.241  2712  9893 I AppScope: [I/HMSCore/AppScope 2712:10198 SourceFile:3] getAuthInfo, appId: 100170393, applied: false, accountIndex:null
12-14 00:07:54.242  2712  9893 I ATTokenDS: [I/HwID_APK_log[6.8.0.332|6.8.0.302] [SDK 6.8.0.301]com.huawei.hwid.core/ATTokenDS 2712:10198 ATTokenDS.java:67] getAuthInfo: appId:100170393, packageName:************ameassistant
12-14 00:07:54.242  2712  9893 I ATTokenDS: [I/HwID_APK_log[6.8.0.332|6.8.0.302] [SDK 6.8.0.301]com.huawei.hwid.core/ATTokenDS 2712:10198 ATTokenDS.java:77] query auth info: 0
12-14 00:07:54.242  2712  9893 I SignHuaweiIDImpl: [I/HwID_APK_log[6.8.0.332|6.8.0.302] [SDK 6.8.0.301]com.huawei.hwid.core/SignHuaweiIDImpl 2712:10198 SignHuaweiIDImpl.java:575] mIsGetServerAuthCode: true
12-14 00:07:54.242  2712  9893 I ATTokenDS: [I/HwID_APK_log[6.8.0.332|6.8.0.302] [SDK 6.8.0.301]com.huawei.hwid.core/ATTokenDS 2712:10198 ATTokenDS.java:421] isScopeMatched start.
12-14 00:07:54.242  2712  9893 I ATTokenDS: [I/HwID_APK_log[6.8.0.332|6.8.0.302] [SDK 6.8.0.301]com.huawei.hwid.core/ATTokenDS 2712:10198 ATTokenDS.java:428] scopeSavedArr.length: 6
