12-14 00:04:52.961  1551  1779 I chatty  : uid=1000(system) PowerManagerSer expire 4 lines
12-14 00:04:53.789  2618  3134 D NpdcpAliveManager: ro.odm.npdcp_alive_cfg_enable is false
12-14 00:04:56.857  2618  3134 D NpdcpAliveManager: ro.odm.npdcp_alive_cfg_enable is false
12-14 00:04:56.899  1551  2093 I chatty  : uid=1000(system) Binder:1551_5 expire 1 line
12-14 00:04:57.881  2618  3134 D NpdcpAliveManager: ro.odm.npdcp_alive_cfg_enable is false
12-14 00:04:57.978  1551  2133 I chatty  : uid=1000(system) Thread-6 expire 4 lines
12-14 00:04:57.979  1551  1725 I chatty  : uid=1000(system) HwActivityTaskM expire 2 lines
12-14 00:04:58.009  1551  1726 I chatty  : uid=1000(system) HwGameAssistant expire 1 line
12-14 00:04:58.010  1551  2009 I chatty  : uid=1000(system) Binder:1551_4 expire 1 line
12-14 00:04:58.011  1551  7465 I chatty  : uid=1000(system) Binder:1551_1C expire 2 lines
12-14 00:04:58.029  1551  2008 I chatty  : uid=1000(system) Binder:1551_3 expire 2 lines
12-14 00:04:58.031  2696  2696 D ActivityThread: Won't deliver top position change in state=5
12-14 00:04:58.035  1551  1712 I chatty  : uid=1000(system) android.anim expire 13 lines
12-14 00:04:58.038  2696  2696 I ActivityThread: Handle window ActivityRecord{4063fc1 token=android.os.BinderProxy@45927a7 {com.huawei.android.launcher/com.huawei.android.launcher.unihome.UniHomeLauncher}} visibility: true
12-14 00:04:58.042  1551  2598 I chatty  : uid=1000(system) Binder:1551_C expire 9 lines
12-14 00:04:58.044  1551  2042 I chatty  : uid=1000(system) sManagerService expire 1 line
12-14 00:04:58.049  2618  3134 I NetworkQoeChr: checkForegroundApp timer start
12-14 00:04:58.049  2618  3134 I NetworkQoeChr: end qoe report
12-14 00:04:58.058  2618  3134 I SmartDualCardConfig: getAppType,pkgName=com.huawei.android.launcher,appType=28
12-14 00:04:58.058  2618  3134 I SmartDualCardSM: onUidStateUpdate isSkip,uid=10072,pkgName=com.huawei.android.launcher,pkgNameByComponentName=com.huawei.android.launcher
12-14 00:04:58.058  2618  3134 I PowerMsgAdapter: handleUidGone uid: 10096
12-14 00:04:58.059  2618  3134 I HidataAppQoeP: foregroundUidRemove uid: 10096 name: com.huawei.log_collector
12-14 00:04:58.059  2618  3134 I HidataAppQoeP: sendKernelAppUid, Uid = 0, period = 0 name = null
12-14 00:04:58.065  2618  3134 I SmartDualCardConfig: getAppType,pkgName=com.huawei.android.launcher,appType=28
12-14 00:04:58.065  2618  3134 E SmartDualCardConfig: isAppInBlackList false,items==null
12-14 00:04:58.065  2618  3134 I PowerMsgAdapter: UID hot switch, uid:10072, pkgName:com.huawei.android.launcher
12-14 00:04:58.065  2618  3134 E Booster_MatterAppRecommend: [isMatterPackage]invalid mMatterPackagesConfig
12-14 00:04:58.066  1551  3354 I chatty  : uid=1000(system) Binder:1551_14 expire 1 line
12-14 00:04:58.067  2618  3134 I SmartDualCardConfig: getAppType,pkgName=com.huawei.log_collector,appType=-1
12-14 00:04:58.072  2618  3134 I SmartDualCardConfig: getAppType,pkgName=com.huawei.log_collector,appType=-1
12-14 00:04:58.072  2618  3134 E SmartDualCardConfig: isAppInBlackList false,items==null
12-14 00:04:58.072  2618  3134 I SmartDualCardSM: onUidStateUpdate,uid=10096,appName=com.huawei.log_collector,state=BACKGROUND
12-14 00:04:58.072  2618  3134 I SmartDualCardConfig: removeAppFromList,after remove,size()=0,uid=10096
12-14 00:04:58.092  2618  3134 I SmartDualCardConfig: getAppType,pkgName=com.huawei.log_collector,appType=-1
12-14 00:04:58.092  2618  3134 I SmartDualCardSM: updateAppState mAppState=1
12-14 00:04:58.092  2618  3134 I DollieChr: handleForegroundAppUpdateMsg,mAppState=2,scenes=1,mForegroundAppName=com.huawei.log_collector
12-14 00:04:58.092  2618  3134 I SmartDualCardSM: IdleState:got msg.what=EVENT_APP_MOVE_BACKGROUND
12-14 00:04:58.092  2618  3134 I SmartDualCardSM: startAppBackgroundTimer
12-14 00:04:58.093  2696  2696 I RtgSchedEvent: current pid:2696 AppType:28
12-14 00:04:58.093  2618  3134 I SmartDualCardConfig: getAppType,pkgName=com.huawei.log_collector,appType=-1
12-14 00:04:58.093  2618  3134 E SmartDualCardConfig: isAppInBlackList false,items==null
12-14 00:04:58.095  2618  3134 I SmartDualCardSM: IdleState:got msg.what=EVENT_SLAVE_TRAFFIC_FREE_APP_BACKGROUND
12-14 00:04:58.103  2618  2618 I HwCoreAppHelperService: LocalReceiver receives:android.intent.action.PACKAGE_RESTARTED,pkg:com.huawei.log_collector,uid:10096
12-14 00:04:58.106  2618  3135 E OllieTelephony: sendFullData err:1
12-14 00:04:58.118  1551  1709 I chatty  : uid=1000(system) android.ui expire 3 lines
12-14 00:04:58.132  1551  1712 I chatty  : uid=1000(system) android.anim expire 11 lines
12-14 00:04:58.145  1551  1747 I chatty  : uid=1000(system) ActivityManager expire 3 lines
12-14 00:04:58.145  1551  7678 I chatty  : uid=1000(system) Binder:1551_1E expire 7 lines
12-14 00:04:58.145  1551  2093 I chatty  : uid=1000(system) Binder:1551_5 expire 9 lines
12-14 00:04:58.148  1551  2008 I chatty  : uid=1000(system) Binder:1551_3 expire 13 lines
12-14 00:04:58.154  1551  1551 I chatty  : uid=1000(system) Binder:1551_11 expire 6 lines
12-14 00:04:58.156  1551  2009 I chatty  : uid=1000(system) Binder:1551_4 expire 1 line
12-14 00:04:58.157  2618  2618 I HwCoreAppHelperService: LocalReceiver receives:android.intent.action.PACKAGE_RESTARTED,pkg:com.huawei.log_collector,uid:10096
12-14 00:04:58.157  2733  3116 I HwNetworkPolicyManager: getHwUidPolicy uid = 10072 policy = 0
12-14 00:04:58.158  1551  7465 I chatty  : uid=1000(system) Binder:1551_1C expire 1 line
12-14 00:04:58.168  1551  2826 I chatty  : uid=1000(system) Binder:1551_D expire 10 lines
12-14 00:04:58.169  1551  1711 I chatty  : uid=1000(system) android.display expire 10 lines
12-14 00:04:58.172  1551  2829 I chatty  : uid=1000(system) Binder:1551_F expire 1 line
12-14 00:04:58.230  2285 25774 I HwCommandQueue: updateBarBgColor
12-14 00:04:58.230  2285 25774 D HwCommandQueue: CommandQueue, setBarBackgroundColor
12-14 00:04:58.231  2285  8171 D HwCommandQueue: CommandQueue, set Launcher StatusBar Color
12-14 00:04:58.483  1551  2133 I chatty  : uid=1000(system) Thread-6 expire 1 line
12-14 00:04:59.267  1551  2038 I chatty  : uid=1000(system) AlarmManager expire 6 lines
12-14 00:04:59.272  1551  1779 I chatty  : uid=1000(system) PowerManagerSer expire 79 lines
12-14 00:04:59.535  1551  1733 I chatty  : uid=1000(system) android.bg expire 5 lines
12-14 00:04:59.564  1551  1738 I chatty  : uid=1000(system) ActivityManager expire 10 lines
12-14 00:04:59.570  1551 13188 I chatty  : uid=1000(system) MobileQosDetect expire 2 lines
12-14 00:04:59.683  2618  3134 I PreDnsQuery: setPreDnsCurrentProp is: false
12-14 00:05:01.245  2673  2673 W SettingsEx: SettingsEx.Systemex.getString deprecated use Settings.System.getString instead, callers = com.android.internal.telephony.gsm.HwCustGsmServiceStateManagerImpl.isMccForShowNetname:222 com.android.internal.telephony.gsm.HwCustGsmServiceStateManagerImpl.isShowNetnameByMcc:213 com.android.internal.telephony.gsm.HwCustGsmServiceStateManagerImpl.setOnsDisplayCustomization:164 
12-14 00:05:01.324  2618  3134 I PositionFenceSignalCollect: cell Info change.
12-14 00:05:02.939  2673  2673 W SettingsEx: SettingsEx.Systemex.getString deprecated use Settings.System.getString instead, callers = com.android.internal.telephony.gsm.HwCustGsmServiceStateManagerImpl.isMccForShowNetname:222 com.android.internal.telephony.gsm.HwCustGsmServiceStateManagerImpl.isShowNetnameByMcc:213 com.android.internal.telephony.gsm.HwCustGsmServiceStateManagerImpl.setOnsDisplayCustomization:164 
12-14 00:05:05.000  1551  2012 I chatty  : uid=1000(system) UEventObserver expire 6 lines
12-14 00:05:10.226  1551  1752 I chatty  : uid=1000(system) batterystats-wo expire 3 lines
12-14 00:05:11.541  2673  2673 W SettingsEx: SettingsEx.Systemex.getString deprecated use Settings.System.getString instead, callers = com.android.internal.telephony.gsm.HwCustGsmServiceStateManagerImpl.isMccForShowNetname:222 com.android.internal.telephony.gsm.HwCustGsmServiceStateManagerImpl.isShowNetnameByMcc:213 com.android.internal.telephony.gsm.HwCustGsmServiceStateManagerImpl.setOnsDisplayCustomization:164 
12-14 00:05:11.596  1551  7727 I chatty  : uid=1000(system) Binder:1551_21 expire 3 lines
12-14 00:05:11.605  1551  1779 I chatty  : uid=1000(system) PowerManagerSer expire 6 lines
12-14 00:05:11.618  2618  3134 I PositionFenceSignalCollect: cell Info change.
12-14 00:05:11.764  2618  2618 I HwCoreAppHelperService: LocalReceiver receives:android.intent.action.PACKAGE_RESTARTED,pkg:com.huawei.log_collector,uid:10096
12-14 00:05:12.052  1551  7593 I chatty  : uid=1000(system) Binder:1551_1D expire 6 lines
12-14 00:05:15.832  2618  3134 I SmartDualCardSM: IdleState:got msg.what=EVENT_HARD_SWITCH_CONDITION_CHECK
12-14 00:05:18.932  1551  7678 I chatty  : uid=1000(system) Binder:1551_1E expire 12 lines
12-14 00:05:18.934  1551  1779 I chatty  : uid=1000(system) PowerManagerSer expire 2 lines
12-14 00:05:19.005  1551  2388 I chatty  : uid=1000(system) NetworkStatsObs expire 1 line
12-14 00:05:19.025  1551  2093 I chatty  : uid=1000(system) Binder:1551_5 expire 3 lines
12-14 00:05:19.300  1551  2038 I chatty  : uid=1000(system) AlarmManager expire 2 lines
12-14 00:05:19.304  1551  1779 I chatty  : uid=1000(system) PowerManagerSer expire 2 lines
12-14 00:05:19.307  1551  7727 I chatty  : uid=1000(system) Binder:1551_21 expire 1 line
12-14 00:05:19.316  1551  7678 I chatty  : uid=1000(system) Binder:1551_1E expire 3 lines
12-14 00:05:19.355  1551  1810 I chatty  : uid=1000(system) PackageManager expire 209 lines
12-14 00:05:19.363  1551  1551 I chatty  : uid=1000(system) Binder:1551_11 expire 3 lines
12-14 00:05:19.486  1551  2826 I chatty  : uid=1000(system) Binder:1551_D expire 2 lines
12-14 00:05:20.180  1551  1810 I chatty  : uid=1000(system) PackageManager expire 303 lines
12-14 00:05:20.680  1551  1707 I chatty  : uid=1000(system) android.fg expire 3 lines
12-14 00:05:20.681  1551  7465 I chatty  : uid=1000(system) Binder:1551_1C expire 2 lines
12-14 00:05:20.682  1551 13188 I chatty  : uid=1000(system) MobileQosDetect expire 1 line
12-14 00:05:20.684  1551  2826 I chatty  : uid=1000(system) Binder:1551_D expire 1 line
12-14 00:05:20.688  1551  1779 I chatty  : uid=1000(system) PowerManagerSer expire 13 lines
12-14 00:05:20.744  2618  3134 I PreDnsQuery: setPreDnsCurrentProp is: true
12-14 00:05:20.750  2618  3134 I SmartDualCardConfig: onPackageInstallStateUpdate uid=10096,appName=com.huawei.log_collector,packageAddFlag=0
12-14 00:05:20.753  2618  2618 D DEF_PackageChangedBroadcastReceiver: receive action:android.intent.action.PACKAGE_REMOVED
12-14 00:05:20.753  2618  2618 D DEF_PackageChangedBroadcastReceiver: onReceive com.huawei.log_collector android.intent.action.PACKAGE_REMOVED replacing: true
12-14 00:05:20.765  2618  2618 I PreDnsQuery: onReceive: intent = android.intent.action.PACKAGE_REMOVED
12-14 00:05:20.771  2618  2618 D DEF_PackageChangedBroadcastReceiver: receive action:android.intent.action.PACKAGE_ADDED
12-14 00:05:20.771  2618  2618 D DEF_PackageChangedBroadcastReceiver: onReceive com.huawei.log_collector android.intent.action.PACKAGE_ADDED replacing: true
12-14 00:05:20.785  2618  2618 I PreDnsQuery: onReceive: intent = android.intent.action.PACKAGE_ADDED
12-14 00:05:20.823  1551  3407 I chatty  : uid=1000(system) Binder:1551_16 expire 6 lines
12-14 00:05:20.834  1551  1551 I chatty  : uid=1000(system) Binder:1551_11 expire 19 lines
12-14 00:05:20.855  1551  7452 I chatty  : uid=1000(system) Binder:1551_1B expire 8 lines
12-14 00:05:20.862  1551  1747 I chatty  : uid=1000(system) ActivityManager expire 6 lines
12-14 00:05:20.862  1551  7720 I chatty  : uid=1000(system) Binder:1551_20 expire 4 lines
12-14 00:05:20.870  1551  1738 I chatty  : uid=1000(system) ActivityManager expire 29 lines
12-14 00:05:20.872  1551  3869 I chatty  : uid=1000(system) Binder:1551_17 expire 6 lines
12-14 00:05:20.877  1551  2404 I chatty  : uid=1000(system) Binder:1551_7 expire 5 lines
12-14 00:05:20.878  1551  2008 I chatty  : uid=1000(system) Binder:1551_3 expire 1 line
12-14 00:05:20.878  1551  2830 I chatty  : uid=1000(system) Binder:1551_10 expire 2 lines
12-14 00:05:20.878  1551  1639 I chatty  : uid=1000(system) Binder:1551_2 expire 3 lines
12-14 00:05:20.887 28238 28238 W ContextImpl: Calling a method in the system process without a qualified user: android.app.ContextImpl.startService:1698 android.content.ContextWrapper.startService:669 android.content.ContextWrapper.startService:669 com.android.settings.applications.BlackListReceiver.onReceive:48 android.app.ActivityThread.handleReceiver:4637 
12-14 00:05:20.896  1551  3354 I chatty  : uid=1000(system) Binder:1551_14 expire 1 line
12-14 00:05:20.903  2618  3134 I PreDnsQuery: No need to handled!
12-14 00:05:20.916  2618  3134 I PreDnsQuery: No need to handled!
12-14 00:05:20.924  2618  3134 I SmartDualCardConfig: onPackageInstallStateUpdate uid=10096,appName=com.huawei.log_collector,packageAddFlag=1
12-14 00:05:20.938  2733  3837 W ContextImpl: Calling a method in the system process without a qualified user: android.app.ContextImpl.startService:1698 android.content.ContextWrapper.startService:669 d.d.D.B.c.a.doInBackground:27 java.lang.reflect.Method.invoke:-2 d.d.k.a.b.b.o.d:15 
12-14 00:05:20.938  2733  3116 W ContextImpl: Calling a method in the system process without a qualified user: android.app.ContextImpl.startService:1698 android.content.ContextWrapper.startService:669 d.d.D.B.c.a.doInBackground:27 java.lang.reflect.Method.invoke:-2 d.d.k.a.b.b.o.d:15 
12-14 00:05:20.955  1551  2828 I chatty  : uid=1000(system) Binder:1551_E expire 11 lines
12-14 00:05:20.957  1551  2009 I chatty  : uid=1000(system) Binder:1551_4 expire 10 lines
12-14 00:05:21.006  1551  7727 I chatty  : uid=1000(system) Binder:1551_21 expire 1 line
12-14 00:05:21.047  1551  2598 I chatty  : uid=1000(system) Binder:1551_C expire 3 lines
12-14 00:05:21.051  2618  2618 D DEF_PackageChangedBroadcastReceiver: receive action:android.intent.action.PACKAGE_REPLACED
12-14 00:05:21.051  2618  2618 D DEF_PackageChangedBroadcastReceiver: onReceive com.huawei.log_collector android.intent.action.PACKAGE_REPLACED replacing: true
12-14 00:05:21.054  2618  3526 W ContextImpl: Calling a method in the system process without a qualified user: android.app.ContextImpl.bindService:1777 android.content.ContextWrapper.bindService:705 com.huawei.profile.client.connect.RemoteServiceConnection.bindService:128 com.huawei.profile.client.connect.RemoteServiceConnection.open:99 com.huawei.profile.client.profile.ProfileClient.connect:265 
12-14 00:05:21.065  1551  2406 I chatty  : uid=1000(system) Binder:1551_8 expire 5 lines
12-14 00:05:21.089  1551  3881 I chatty  : uid=1000(system) Binder:1551_19 expire 2 lines
12-14 00:05:21.129  2618  3134 E SmartDualCardConfig: getApkConfig fail,end
12-14 00:05:21.129  2618  3134 I SmartDualCardConfig: isAppInXml,return false
12-14 00:05:21.129  2618  3134 E SmartDualCardConfig: onPackageInstallStateUpdate fail
12-14 00:05:21.136  1551  2829 I chatty  : uid=1000(system) Binder:1551_F expire 3 lines
12-14 00:05:21.152  1551  1733 I chatty  : uid=1000(system) android.bg expire 5 lines
12-14 00:05:21.176  1551  3068 I chatty  : uid=1000(system) Binder:1551_12 expire 12 lines
12-14 00:05:21.246  1551  2006 I chatty  : uid=1000(system) PackageInstalle expire 1 line
12-14 00:05:21.262  1551  7593 I chatty  : uid=1000(system) Binder:1551_1D expire 1 line
12-14 00:05:21.267 10584 10584 W ContextImpl: Calling a method in the system process without a qualified user: android.app.ContextImpl.startService:1698 android.content.ContextWrapper.startService:669 android.content.ContextWrapper.startService:669 com.huawei.antivirus.utils.AntiVirusTools.deleteVirusApk:928 com.huawei.antivirus.AntiVirusReceiver.onReceive:36 
12-14 00:05:21.322  1551  1711 I chatty  : uid=1000(system) android.display expire 11 lines
12-14 00:05:21.380 28238 28238 W ContextImpl: Calling a method in the system process without a qualified user: android.app.ContextImpl.startService:1698 android.content.ContextWrapper.startService:669 android.content.ContextWrapper.startService:669 com.android.settings.applications.BlackListReceiver.onReceive:48 android.app.ActivityThread.handleReceiver:4637 
12-14 00:05:21.382  1551  2406 I chatty  : uid=1000(system) Binder:1551_8 expire 7 lines
12-14 00:05:21.384  1551  1738 I chatty  : uid=1000(system) ActivityManager expire 11 lines
12-14 00:05:21.393  1551  1639 I chatty  : uid=1000(system) Binder:1551_2 expire 25 lines
12-14 00:05:21.407  1551  1725 I chatty  : uid=1000(system) HwActivityTaskM expire 4 lines
12-14 00:05:21.408  1551  1779 I chatty  : uid=1000(system) PowerManagerSer expire 23 lines
12-14 00:05:21.416  1551  2828 I chatty  : uid=1000(system) Binder:1551_E expire 16 lines
12-14 00:05:21.416  1551  2133 I chatty  : uid=1000(system) Thread-6 expire 4 lines
12-14 00:05:21.423  1551  1712 I chatty  : uid=1000(system) android.anim expire 32 lines
12-14 00:05:21.433  1551  7173 I chatty  : uid=1000(system) Binder:1551_11 expire 2 lines
12-14 00:05:21.438  1551  3881 I chatty  : uid=1000(system) Binder:1551_19 expire 12 lines
12-14 00:05:21.438  1551  1747 I chatty  : uid=1000(system) ActivityManager expire 8 lines
12-14 00:05:21.440  2618  2618 I HwCoreAppHelperService: LocalReceiver receives:android.intent.action.PACKAGE_RESTARTED,pkg:com.huawei.log_collector,uid:10096
12-14 00:05:21.457  1551  1739 I chatty  : uid=1000(system) ActivityManager expire 2 lines
12-14 00:05:21.463  1551  1733 I chatty  : uid=1000(system) android.bg expire 4 lines
12-14 00:05:21.463  1551  3869 I chatty  : uid=1000(system) Binder:1551_17 expire 5 lines
12-14 00:05:21.489  1551  2009 I chatty  : uid=1000(system) Binder:1551_4 expire 27 lines
12-14 00:05:21.498  1551  3211 I chatty  : uid=1000(system) HwAddViewManage expire 9 lines
12-14 00:05:21.501  1551  2390 I chatty  : uid=1000(system) Binder:1551_6 expire 1 line
12-14 00:05:21.548  7176  7176 D ActivityThread: Attach thread to application
12-14 00:05:21.562  1551  1726 I chatty  : uid=1000(system) HwGameAssistant expire 1 line
12-14 00:05:21.571  7176  7211 I ActivityThread: Init compatible state: true
12-14 00:05:21.575  1551  1709 I chatty  : uid=1000(system) android.ui expire 4 lines
12-14 00:05:21.575  2285  8171 D HwCommandQueue: CommandQueue, set Launcher StatusBar Color
12-14 00:05:21.587  1551  2042 I chatty  : uid=1000(system) sManagerService expire 3 lines
12-14 00:05:21.596  2644  6045 W ContextImpl: Calling a method in the system process without a qualified user: android.app.ContextImpl.sendBroadcast:1183 android.content.ContextWrapper.sendBroadcast:453 com.huawei.iaware.userhabit.recog.NRTAppTypeRecogManager.reportAppTypeUpdate:814 com.huawei.iaware.userhabit.recog.NRTAppTypeRecogManager.addAppType:475 com.huawei.iaware.userhabit.recog.NRTAppTypeRecogManager.recoAppType:182 
12-14 00:05:21.605  1551  2598 I chatty  : uid=1000(system) Binder:1551_C expire 3 lines
12-14 00:05:21.606  1551  2008 I chatty  : uid=1000(system) Binder:1551_3 expire 14 lines
12-14 00:05:21.607  2733  3116 I HwNetworkPolicyManager: getHwUidPolicy uid = 10096 policy = 0
12-14 00:05:21.661  7234  7234 D ActivityThread: Attach thread to application
12-14 00:05:21.671  7234  7255 I ActivityThread: Init compatible state: false
12-14 00:05:21.709  2673  2673 W SettingsEx: SettingsEx.Systemex.getString deprecated use Settings.System.getString instead, callers = com.android.internal.telephony.gsm.HwCustGsmServiceStateManagerImpl.isMccForShowNetname:222 com.android.internal.telephony.gsm.HwCustGsmServiceStateManagerImpl.isShowNetnameByMcc:213 com.android.internal.telephony.gsm.HwCustGsmServiceStateManagerImpl.setOnsDisplayCustomization:164 
12-14 00:05:21.751  1551  2830 I chatty  : uid=1000(system) Binder:1551_10 expire 17 lines
12-14 00:05:21.765  7176  7176 I ActivityThread: finishPreloaded preloadStatus 0
12-14 00:05:21.765  7176  7176 I RtgSchedEvent: current pid:7176 AppType:-1
12-14 00:05:21.787  2618  3134 I PositionFenceSignalCollect: cell Info change.
12-14 00:05:21.804  7176  7176 V ActivityThread: callActivityOnCreate
12-14 00:05:21.814  7234  7234 I ActivityThread: finishPreloaded preloadStatus 0
12-14 00:05:21.848 10584 10584 W ContextImpl: Calling a method in the system process without a qualified user: android.app.ContextImpl.startService:1698 android.content.ContextWrapper.startService:669 android.content.ContextWrapper.startService:669 com.huawei.antivirus.utils.AntiVirusTools.checkVirusForNewInstalledApk:905 com.huawei.antivirus.AntiVirusReceiver.onReceive:33 
12-14 00:05:21.851  2733  2733 W ContextImpl: Calling a method in the system process without a qualified user: android.app.ContextImpl.startService:1698 android.content.ContextWrapper.startService:669 com.huawei.antivirus.AntiVirusService.handleInstalledApkCheck:236 com.huawei.antivirus.AntiVirusService.onStartCommand:172 android.app.ActivityThread.handleServiceArgs:4951 
12-14 00:05:21.889 10673 25728 W ContextImpl: Calling a method in the system process without a qualified user: android.app.ContextImpl.bindService:1777 com.huawei.securitycenter.antivirus.agguard.AgGuardCloudProcess.bindAgService:449 com.huawei.securitycenter.antivirus.agguard.AgGuardCloudProcess.<init>:91 com.huawei.antivirus.features.AntivirusScanHelper.getScanResult:105 com.huawei.antivirus.features.AntivirusScanHelper.scanInstalledPackageUsingAllEngine:99 
12-14 00:05:21.967  7176  7176 D ActivityThread: add activity client record, r= ActivityRecord{aba9258 token=android.os.BinderProxy@8342f83 {com.huawei.log_collector/com.huawei.log_collector.MainActivity}} token= android.os.BinderProxy@8342f83
12-14 00:05:21.995  7176  7176 I RtgSchedEvent: current pid:7176 AppType:-1
12-14 00:05:22.016  2618  3134 I HidataAppQoeP: sendKernelAppUid, Uid = 10096, period = 2000 name = com.huawei.log_collector
12-14 00:05:22.016  2618  3134 I NetworkQoeChr: checkForegroundApp timer end
12-14 00:05:22.018  2618  3134 I SmartDualCardConfig: getAppType,pkgName=com.huawei.log_collector,appType=-1
12-14 00:05:22.019  2618  3134 I SmartDualCardConfig: getAppType,pkgName=com.huawei.log_collector,appType=-1
12-14 00:05:22.019  2618  3134 E SmartDualCardConfig: isAppInBlackList false,items==null
12-14 00:05:22.019  2618  3134 I SmartDualCardSM: onUidStateUpdate,uid=10096,appName=com.huawei.log_collector,state=FOREGROUND
12-14 00:05:22.024  2618  3134 I SmartDualCardConfig: getAppType,pkgName=com.huawei.log_collector,appType=-1
12-14 00:05:22.024  2618  3134 I SmartDualCardSM: updateAppState mAppState=2
12-14 00:05:22.024  2618  3134 I SmartDualCardConfig: addForegroundAppToList,size()=1,uid=10096
12-14 00:05:22.024  2618  3134 I BoosterUtil: getSlaveCardSubId slotId: 0, subId: 1
12-14 00:05:22.026  2618  3135 E OllieTelephony: sendFullData err:1
12-14 00:05:22.034  2285 15565 I HwCommandQueue: updateBarBgColor
12-14 00:05:22.034  2285 15565 D HwCommandQueue: CommandQueue, setBarBackgroundColor
12-14 00:05:22.035  2285 25774 D HwCommandQueue: CommandQueue, set Launcher StatusBar Color
12-14 00:05:22.051  2618  3134 I BoosterUtil: getSlaveCardSubId slotId: 0, subId: 1
12-14 00:05:22.075  1551  3407 I chatty  : uid=1000(system) Binder:1551_16 expire 2 lines
12-14 00:05:22.110  2618  3134 I BoosterUtil: getMasterCardSubId slotId: 1, subId: 8
12-14 00:05:22.110  2618  3134 I BoosterUtil: getSlaveCardSubId slotId: 0, subId: 1
12-14 00:05:22.113  2618  3134 I BoosterUtil: getSlaveCardSubId slotId: 0, subId: 1
12-14 00:05:22.138  2618  3134 I SmartDualCardSM: boosterDump:prop=true SdcSwitchOn=false DataSwitchOn=true WifiConnect=false AirplaneOn=false ScreenOn=true VSimEnabled=false CallOn=false AppState=GENERAL_FOREGROUND HidataAppState=GENERAL_BACKGROUND defaultDataSlotId=1 default4GSlot=1 mForeAppRouteSlotId=1 DataOn=true M_MmsUtPdp=false S_MmsUtPdp=false userType=1 supportNetworkQoe=false GameBattleStatus=0
12-14 00:05:22.148  2618  3134 I BoosterUtil: getMasterCardSubId slotId: 1, subId: 8
12-14 00:05:22.148  2618  3134 I BoosterUtil: getSlaveCardSubId slotId: 0, subId: 1
12-14 00:05:22.149  2618  3134 I BoosterUtil: getSlaveCardSubId slotId: 0, subId: 1
12-14 00:05:22.193  1551  7720 I chatty  : uid=1000(system) Binder:1551_20 expire 7 lines
12-14 00:05:22.212  2618  3134 I BoosterUtil: getSlaveCardSubId slotId: 0, subId: 1
12-14 00:05:22.224  2618  3134 I BoosterUtil: getSlaveCardSubId slotId: 0, subId: 1
12-14 00:05:22.252  2618  3134 I SmartDualCardSM: boosterDump:SlaveActive=true SameOperator=false M_NetworkBad=false S_NetworkBad=false M_DLSpeedLimit=1048576 S_DLSpeedLimit=1048576 M_DataRoam=false S_DataRoam=false VPNMode=false TetherOn=false AppQoeSlow=false HidataAppQoeSlow=false GameExpBad=false DsdsState=2 S_TrafficEnough=true M_NetworkStatus=4 S_NetworkStatus=4 1xTaskRun=false QoeSlowReason=0 MovementType=16 M_NetworkServicestatus=1 S_NetworkServicestatus=1 isUidBindListEmpty=true M_DetectAppQoe=-1 AppRouteSlot=1 WifiProSwitchSlaveCard=false LinkTurboActive=false
12-14 00:05:22.252  2618  3134 I SmartDualCardSM: isNeedMonitorAppQoe return false
12-14 00:05:22.252  2618  3134 I SmartDualCardSM: resetAppQoeState
12-14 00:05:22.253  2618  3134 I DollieChr: handleForegroundAppUpdateMsg,mAppState=1,scenes=2,mForegroundAppName=
12-14 00:05:22.253  2618  3134 I SmartDualCardSM: IdleState:got msg.what=EVENT_APP_MOVE_FOREGROUND
12-14 00:05:22.255  2618  3134 I BoosterUtil: getSlaveCardSubId slotId: 0, subId: 1
12-14 00:05:22.268  2618  3134 I BoosterUtil: getMasterCardSubId slotId: 1, subId: 8
12-14 00:05:22.268  2618  3134 I BoosterUtil: getSlaveCardSubId slotId: 0, subId: 1
12-14 00:05:22.269  2618  3134 I chatty  : uid=1000(system) OllieAwareThrea identical 32 lines
12-14 00:05:23.006 28238 28238 W ContextImpl: Calling a method in the system process without a qualified user: android.app.ContextImpl.startService:1698 android.content.ContextWrapper.startService:669 android.content.ContextWrapper.startService:669 com.android.settings.applications.BlackListReceiver.onReceive:48 android.app.ActivityThread.handleReceiver:4637 
12-14 00:05:23.077  1551  7465 I chatty  : uid=1000(system) Binder:1551_1C expire 12 lines
12-14 00:05:23.083  1551  4411 I chatty  : uid=1000(system) pool-16-thread- expire 1 line
12-14 00:05:23.095  1551  2008 I chatty  : uid=1000(system) Binder:1551_3 expire 40 lines
12-14 00:05:23.100  1551  2828 I chatty  : uid=1000(system) Binder:1551_E expire 4 lines
12-14 00:05:23.100  1551  1738 I chatty  : uid=1000(system) ActivityManager expire 26 lines
12-14 00:05:23.871  1551  1779 I chatty  : uid=1000(system) PowerManagerSer expire 128 lines
12-14 00:05:23.954  7176  7176 W HwApsManager: HwApsManagerService, registerCallback, start !
12-14 00:05:25.215  1551  1551 I chatty  : uid=1000(system) Binder:1551_11 expire 22 lines
12-14 00:05:25.988  1551  2038 I chatty  : uid=1000(system) AlarmManager expire 11 lines
12-14 00:05:28.607  1551  2009 I chatty  : uid=1000(system) Binder:1551_4 expire 11 lines
12-14 00:05:28.611  1551  1733 I chatty  : uid=1000(system) android.bg expire 5 lines
12-14 00:05:28.628  1551  7720 I chatty  : uid=1000(system) Binder:1551_20 expire 11 lines
12-14 00:05:30.539  1041  1130 I storaged: storaged_t::event: Uidm reported.
12-14 00:05:30.562  1041  1130 I storaged: uid_monitor::update_curr_io_stats_locked: last_uid_io_stats_ size is 141
12-14 00:05:30.562  1041  1130 I storaged: uid_monitor::update_curr_io_stats_locked: curr_io_stats_ size is 142
12-14 00:05:30.565  1041  1130 I storaged: uid_monitor::add_records_locked: io_history_ size is 2817, new record size is 95
12-14 00:05:30.566  1041  1130 I storaged: uid_monitor::update_uid_io_proto: io_history_ size is 2840
12-14 00:05:30.573  1041  1130 I storaged: storaged_t::event: storage_info refreshed.
12-14 00:05:30.573  1041  1130 I storaged: storaged_t::event: proto flushed.
12-14 00:05:30.690  1551 13188 I chatty  : uid=1000(system) MobileQosDetect expire 3 lines
12-14 00:05:31.981  1551  2133 I chatty  : uid=1000(system) Thread-6 expire 3 lines
12-14 00:05:31.981  1551  1725 I chatty  : uid=1000(system) HwActivityTaskM expire 1 line
12-14 00:05:35.724  1551  2012 I chatty  : uid=1000(system) UEventObserver expire 6 lines
12-14 00:05:36.117  1551  1747 I chatty  : uid=1000(system) ActivityManager expire 2 lines
12-14 00:05:38.673  2673  2673 W SettingsEx: SettingsEx.Systemex.getString deprecated use Settings.System.getString instead, callers = com.android.internal.telephony.gsm.HwCustGsmServiceStateManagerImpl.isMccForShowNetname:222 com.android.internal.telephony.gsm.HwCustGsmServiceStateManagerImpl.isShowNetnameByMcc:213 com.android.internal.telephony.gsm.HwCustGsmServiceStateManagerImpl.setOnsDisplayCustomization:164 
12-14 00:05:38.734  2673  2673 W SettingsEx: SettingsEx.Systemex.getString deprecated use Settings.System.getString instead, callers = com.android.internal.telephony.gsm.HwCustGsmServiceStateManagerImpl.isMccForShowNetname:222 com.android.internal.telephony.gsm.HwCustGsmServiceStateManagerImpl.isShowNetnameByMcc:213 com.android.internal.telephony.gsm.HwCustGsmServiceStateManagerImpl.setOnsDisplayCustomization:164 
12-14 00:05:38.762  2618  3134 I chatty  : uid=1000(system) OllieAwareThrea expire 5 lines
12-14 00:05:38.806  1551  1712 I chatty  : uid=1000(system) android.anim expire 9 lines
12-14 00:05:38.841  1551  2009 I chatty  : uid=1000(system) Binder:1551_4 expire 6 lines
12-14 00:05:40.007  1551  1710 I chatty  : uid=1000(system) android.io expire 2 lines
12-14 00:05:40.548  2673  2673 W SettingsEx: SettingsEx.Systemex.getString deprecated use Settings.System.getString instead, callers = com.android.internal.telephony.gsm.HwCustGsmServiceStateManagerImpl.isMccForShowNetname:222 com.android.internal.telephony.gsm.HwCustGsmServiceStateManagerImpl.isShowNetnameByMcc:213 com.android.internal.telephony.gsm.HwCustGsmServiceStateManagerImpl.setOnsDisplayCustomization:164 
12-14 00:05:40.602  1551  2830 I chatty  : uid=1000(system) Binder:1551_10 expire 3 lines
12-14 00:05:40.604  2673  2673 W SettingsEx: SettingsEx.Systemex.getString deprecated use Settings.System.getString instead, callers = com.android.internal.telephony.gsm.HwCustGsmServiceStateManagerImpl.isMccForShowNetname:222 com.android.internal.telephony.gsm.HwCustGsmServiceStateManagerImpl.isShowNetnameByMcc:213 com.android.internal.telephony.gsm.HwCustGsmServiceStateManagerImpl.setOnsDisplayCustomization:164 
12-14 00:05:40.764  7176  7176 I ViewRootImpl: dispatchDetachedFromWindow in doDie
12-14 00:05:42.143  1551  1739 I chatty  : uid=1000(system) ActivityManager expire 1 line
12-14 00:05:42.160  7513  7513 D ActivityThread: Attach thread to application
12-14 00:05:42.172  7513  7533 I ActivityThread: Init compatible state: false
12-14 00:05:42.179  7513  7513 I LoadedApk: makePaths: outLibPaths=[/system/app/Pengine/lib/arm64, /system/app/Pengine/Pengine.apk!/lib/arm64-v8a, /system/lib64:/hw_product/lib64:/system/product/lib64:/prets/lib64]
12-14 00:05:42.272  1551  2131 I chatty  : uid=1000(system) LocationHander expire 2 lines
12-14 00:05:42.277  1551  3871 I chatty  : uid=1000(system) Binder:1551_18 expire 1 line
12-14 00:05:42.279  1551  3869 I chatty  : uid=1000(system) Binder:1551_17 expire 1 line
12-14 00:05:42.279  1551  1711 I chatty  : uid=1000(system) android.display expire 2 lines
12-14 00:05:42.298  2618 29314 I chatty  : uid=1000(system) Binder:2618_D expire 2 lines
12-14 00:05:42.316  2618  3134 I chatty  : uid=1000(system) OllieAwareThrea expire 31 lines
12-14 00:05:42.318  1551  7720 I chatty  : uid=1000(system) Binder:1551_20 expire 16 lines
12-14 00:05:42.329  7513  7513 I ActivityThread: finishPreloaded preloadStatus 0
12-14 00:05:42.415  2673  2673 W SettingsEx: SettingsEx.Systemex.getString deprecated use Settings.System.getString instead, callers = com.android.internal.telephony.gsm.HwCustGsmServiceStateManagerImpl.isMccForShowNetname:222 com.android.internal.telephony.gsm.HwCustGsmServiceStateManagerImpl.isShowNetnameByMcc:213 com.android.internal.telephony.gsm.HwCustGsmServiceStateManagerImpl.setOnsDisplayCustomization:164 
12-14 00:05:42.472  2673  2673 W SettingsEx: SettingsEx.Systemex.getString deprecated use Settings.System.getString instead, callers = com.android.internal.telephony.gsm.HwCustGsmServiceStateManagerImpl.isMccForShowNetname:222 com.android.internal.telephony.gsm.HwCustGsmServiceStateManagerImpl.isShowNetnameByMcc:213 com.android.internal.telephony.gsm.HwCustGsmServiceStateManagerImpl.setOnsDisplayCustomization:164 
12-14 00:05:42.587  1551  3354 I chatty  : uid=1000(system) Binder:1551_14 expire 10 lines
12-14 00:05:42.601  1551  1551 I chatty  : uid=1000(system) Binder:1551_11 expire 18 lines
12-14 00:05:42.602  1551  1779 I chatty  : uid=1000(system) PowerManagerSer expire 154 lines
12-14 00:05:42.602  1551  3871 I chatty  : uid=1000(system) Binder:1551_18 expire 14 lines
12-14 00:05:42.603  1551  1747 I chatty  : uid=1000(system) ActivityManager expire 11 lines
12-14 00:05:42.639  1551  7465 I chatty  : uid=1000(system) Binder:1551_1C expire 6 lines
12-14 00:05:44.237  1551  3869 I chatty  : uid=1000(system) Binder:1551_17 expire 3 lines
12-14 00:05:44.345  2673  2673 W SettingsEx: SettingsEx.Systemex.getString deprecated use Settings.System.getString instead, callers = com.android.internal.telephony.gsm.HwCustGsmServiceStateManagerImpl.isMccForShowNetname:222 com.android.internal.telephony.gsm.HwCustGsmServiceStateManagerImpl.isShowNetnameByMcc:213 com.android.internal.telephony.gsm.HwCustGsmServiceStateManagerImpl.setOnsDisplayCustomization:164 
12-14 00:05:44.367  1551  1733 I chatty  : uid=1000(system) android.bg expire 10 lines
12-14 00:05:44.377  1551  1738 I chatty  : uid=1000(system) ActivityManager expire 10 lines
12-14 00:05:44.395  2673  2673 W SettingsEx: SettingsEx.Systemex.getString deprecated use Settings.System.getString instead, callers = com.android.internal.telephony.gsm.HwCustGsmServiceStateManagerImpl.isMccForShowNetname:222 com.android.internal.telephony.gsm.HwCustGsmServiceStateManagerImpl.isShowNetnameByMcc:213 com.android.internal.telephony.gsm.HwCustGsmServiceStateManagerImpl.setOnsDisplayCustomization:164 
12-14 00:05:48.010  1551  2038 I chatty  : uid=1000(system) AlarmManager expire 11 lines
12-14 00:05:50.710  1551 13188 I chatty  : uid=1000(system) MobileQosDetect expire 3 lines
12-14 00:05:50.816  1551  1776 I chatty  : uid=1000(system) CpuTracker expire 2 lines
12-14 00:05:51.557  1551  2133 I chatty  : uid=1000(system) Thread-6 expire 3 lines
12-14 00:05:51.558  1551  1725 I chatty  : uid=1000(system) HwActivityTaskM expire 1 line
12-14 00:05:51.604  1551  7678 I chatty  : uid=1000(system) Binder:1551_1E expire 3 lines
12-14 00:05:51.614  2549  2549 W ContextImpl: Calling a method in the system process without a qualified user: android.app.ContextImpl.sendBroadcast:1183 com.huawei.android.chr.ChrCore.report:5584 com.huawei.android.chr.ChrCore.report:469 com.huawei.android.chr.dataservice.ChrDataService.saveToChrModel:979 com.huawei.android.chr.dataservice.PsApOptManager.reportFgDataOptChrEvent:741 
12-14 00:05:51.680  1551  1639 I chatty  : uid=1000(system) Binder:1551_2 expire 9 lines
12-14 00:05:51.791  1551  2828 I chatty  : uid=1000(system) Binder:1551_E expire 10 lines
12-14 00:05:57.752  2673  2673 W SettingsEx: SettingsEx.Systemex.getString deprecated use Settings.System.getString instead, callers = com.android.internal.telephony.gsm.HwCustGsmServiceStateManagerImpl.isMccForShowNetname:222 com.android.internal.telephony.gsm.HwCustGsmServiceStateManagerImpl.isShowNetnameByMcc:213 com.android.internal.telephony.gsm.HwCustGsmServiceStateManagerImpl.setOnsDisplayCustomization:164 
12-14 00:05:57.808  2673  2673 W SettingsEx: SettingsEx.Systemex.getString deprecated use Settings.System.getString instead, callers = com.android.internal.telephony.gsm.HwCustGsmServiceStateManagerImpl.isMccForShowNetname:222 com.android.internal.telephony.gsm.HwCustGsmServiceStateManagerImpl.isShowNetnameByMcc:213 com.android.internal.telephony.gsm.HwCustGsmServiceStateManagerImpl.setOnsDisplayCustomization:164 
12-14 00:05:57.837  2618  3134 I chatty  : uid=1000(system) OllieAwareThrea expire 19 lines
12-14 00:05:57.936  1551  2598 I chatty  : uid=1000(system) Binder:1551_C expire 12 lines
12-14 00:05:59.032  1551  3871 I chatty  : uid=1000(system) Binder:1551_18 expire 17 lines
12-14 00:05:59.962  2673  2673 W SettingsEx: SettingsEx.Systemex.getString deprecated use Settings.System.getString instead, callers = com.android.internal.telephony.gsm.HwCustGsmServiceStateManagerImpl.isMccForShowNetname:222 com.android.internal.telephony.gsm.HwCustGsmServiceStateManagerImpl.isShowNetnameByMcc:213 com.android.internal.telephony.gsm.HwCustGsmServiceStateManagerImpl.setOnsDisplayCustomization:164 
12-14 00:06:00.020  2673  2673 W SettingsEx: SettingsEx.Systemex.getString deprecated use Settings.System.getString instead, callers = com.android.internal.telephony.gsm.HwCustGsmServiceStateManagerImpl.isMccForShowNetname:222 com.android.internal.telephony.gsm.HwCustGsmServiceStateManagerImpl.isShowNetnameByMcc:213 com.android.internal.telephony.gsm.HwCustGsmServiceStateManagerImpl.setOnsDisplayCustomization:164 
12-14 00:06:04.165  2673  2673 W SettingsEx: SettingsEx.Systemex.getString deprecated use Settings.System.getString instead, callers = com.android.internal.telephony.gsm.HwCustGsmServiceStateManagerImpl.isMccForShowNetname:222 com.android.internal.telephony.gsm.HwCustGsmServiceStateManagerImpl.isShowNetnameByMcc:213 com.android.internal.telephony.gsm.HwCustGsmServiceStateManagerImpl.setOnsDisplayCustomization:164 
12-14 00:06:04.201  1551  1738 I chatty  : uid=1000(system) ActivityManager expire 8 lines
12-14 00:06:04.222  2673  2673 W SettingsEx: SettingsEx.Systemex.getString deprecated use Settings.System.getString instead, callers = com.android.internal.telephony.gsm.HwCustGsmServiceStateManagerImpl.isMccForShowNetname:222 com.android.internal.telephony.gsm.HwCustGsmServiceStateManagerImpl.isShowNetnameByMcc:213 com.android.internal.telephony.gsm.HwCustGsmServiceStateManagerImpl.setOnsDisplayCustomization:164 
12-14 00:06:06.068  2673  2673 W SettingsEx: SettingsEx.Systemex.getString deprecated use Settings.System.getString instead, callers = com.android.internal.telephony.gsm.HwCustGsmServiceStateManagerImpl.isMccForShowNetname:222 com.android.internal.telephony.gsm.HwCustGsmServiceStateManagerImpl.isShowNetnameByMcc:213 com.android.internal.telephony.gsm.HwCustGsmServiceStateManagerImpl.setOnsDisplayCustomization:164 
12-14 00:06:06.130  2673  2673 W SettingsEx: SettingsEx.Systemex.getString deprecated use Settings.System.getString instead, callers = com.android.internal.telephony.gsm.HwCustGsmServiceStateManagerImpl.isMccForShowNetname:222 com.android.internal.telephony.gsm.HwCustGsmServiceStateManagerImpl.isShowNetnameByMcc:213 com.android.internal.telephony.gsm.HwCustGsmServiceStateManagerImpl.setOnsDisplayCustomization:164 
12-14 00:06:06.448  1551  2012 I chatty  : uid=1000(system) UEventObserver expire 6 lines
12-14 00:06:10.053  1551  1779 I chatty  : uid=1000(system) PowerManagerSer expire 70 lines
12-14 00:06:11.996  1551  1733 I chatty  : uid=1000(system) android.bg expire 1 line
12-14 00:06:12.017  1551  2828 I chatty  : uid=1000(system) Binder:1551_E expire 9 lines
12-14 00:06:12.715  1551  2064 I chatty  : uid=1000(system) GestureNavManag expire 1 line
12-14 00:06:12.716  1551  2042 I chatty  : uid=1000(system) sManagerService expire 6 lines
12-14 00:06:12.744  1551  7678 I chatty  : uid=1000(system) Binder:1551_1E expire 8 lines
12-14 00:06:12.744  2733  4058 I HwNetworkPolicyManager: getHwUidPolicy uid = 10072 policy = 0
12-14 00:06:12.746  1551  1639 I chatty  : uid=1000(system) Binder:1551_2 expire 5 lines
12-14 00:06:12.753  2696  2696 I ActivityThread: Handle window ActivityRecord{4063fc1 token=android.os.BinderProxy@45927a7 {com.huawei.android.launcher/com.huawei.android.launcher.unihome.UniHomeLauncher}} visibility: true
12-14 00:06:12.793  1551  1747 I chatty  : uid=1000(system) ActivityManager expire 3 lines
12-14 00:06:12.816  1551  1551 I chatty  : uid=1000(system) Binder:1551_11 expire 5 lines
12-14 00:06:12.822  1551  3354 I chatty  : uid=1000(system) Binder:1551_14 expire 7 lines
12-14 00:06:12.829  1551  1712 I chatty  : uid=1000(system) android.anim expire 20 lines
12-14 00:06:12.882  1551  2009 I chatty  : uid=1000(system) Binder:1551_4 expire 47 lines
12-14 00:06:12.890  1551  7720 I chatty  : uid=1000(system) Binder:1551_20 expire 27 lines
12-14 00:06:12.890  1551  1711 I chatty  : uid=1000(system) android.display expire 12 lines
12-14 00:06:13.211  2618  3134 I chatty  : uid=1000(system) OllieAwareThrea expire 25 lines
12-14 00:06:13.496  1551  1726 I chatty  : uid=1000(system) HwGameAssistant expire 2 lines
12-14 00:06:13.498  2696  2696 I RtgSchedEvent: current pid:2696 AppType:28
12-14 00:06:13.508  1551  2008 I chatty  : uid=1000(system) Binder:1551_3 expire 6 lines
12-14 00:06:13.515  1551  3871 I chatty  : uid=1000(system) Binder:1551_18 expire 1 line
12-14 00:06:13.517  1551  1725 I chatty  : uid=1000(system) HwActivityTaskM expire 5 lines
12-14 00:06:13.517  1551  2133 I chatty  : uid=1000(system) Thread-6 expire 6 lines
12-14 00:06:13.520  1551  3869 I chatty  : uid=1000(system) Binder:1551_17 expire 1 line
12-14 00:06:13.539  1551  1738 I chatty  : uid=1000(system) ActivityManager expire 5 lines
12-14 00:06:13.541  2285 15565 I HwCommandQueue: updateBarBgColor
12-14 00:06:13.541  2285 15565 D HwCommandQueue: CommandQueue, setBarBackgroundColor
12-14 00:06:13.541  1551  1709 I chatty  : uid=1000(system) android.ui expire 4 lines
12-14 00:06:13.541  2285 25774 D HwCommandQueue: CommandQueue, set Launcher StatusBar Color
12-14 00:06:13.556  2618  3135 I chatty  : uid=1000(system) OllieServiceThr expire 1 line
12-14 00:06:14.350  2673  2673 W SettingsEx: SettingsEx.Systemex.getString deprecated use Settings.System.getString instead, callers = com.android.internal.telephony.gsm.HwCustGsmServiceStateManagerImpl.isMccForShowNetname:222 com.android.internal.telephony.gsm.HwCustGsmServiceStateManagerImpl.isShowNetnameByMcc:213 com.android.internal.telephony.gsm.HwCustGsmServiceStateManagerImpl.setOnsDisplayCustomization:164 
12-14 00:06:14.365  1551  1733 I chatty  : uid=1000(system) android.bg expire 2 lines
12-14 00:06:14.405  2673  2673 W SettingsEx: SettingsEx.Systemex.getString deprecated use Settings.System.getString instead, callers = com.android.internal.telephony.gsm.HwCustGsmServiceStateManagerImpl.isMccForShowNetname:222 com.android.internal.telephony.gsm.HwCustGsmServiceStateManagerImpl.isShowNetnameByMcc:213 com.android.internal.telephony.gsm.HwCustGsmServiceStateManagerImpl.setOnsDisplayCustomization:164 
12-14 00:06:15.131  1551  2119 I chatty  : uid=1000(system) ConnectivitySer expire 3 lines
12-14 00:06:16.202  2673  2673 W SettingsEx: SettingsEx.Systemex.getString deprecated use Settings.System.getString instead, callers = com.android.internal.telephony.gsm.HwCustGsmServiceStateManagerImpl.isMccForShowNetname:222 com.android.internal.telephony.gsm.HwCustGsmServiceStateManagerImpl.isShowNetnameByMcc:213 com.android.internal.telephony.gsm.HwCustGsmServiceStateManagerImpl.setOnsDisplayCustomization:164 
12-14 00:06:16.247  2673  2673 W SettingsEx: SettingsEx.Systemex.getString deprecated use Settings.System.getString instead, callers = com.android.internal.telephony.gsm.HwCustGsmServiceStateManagerImpl.isMccForShowNetname:222 com.android.internal.telephony.gsm.HwCustGsmServiceStateManagerImpl.isShowNetnameByMcc:213 com.android.internal.telephony.gsm.HwCustGsmServiceStateManagerImpl.setOnsDisplayCustomization:164 
12-14 00:06:16.899 18726 18726 D ActivityThread: Won't deliver top position change in state=5
12-14 00:06:16.912  2285 25774 D HwCommandQueue: CommandQueue, set Launcher StatusBar Color
12-14 00:06:16.917  1551  1779 I chatty  : uid=1000(system) PowerManagerSer expire 53 lines
12-14 00:06:16.918  1551  3869 I chatty  : uid=1000(system) Binder:1551_17 expire 2 lines
12-14 00:06:16.926  1551  1711 I chatty  : uid=1000(system) android.display expire 3 lines
12-14 00:06:16.928  1551  2042 I chatty  : uid=1000(system) sManagerService expire 2 lines
12-14 00:06:16.929  2733  3837 I HwNetworkPolicyManager: getHwUidPolicy uid = 10018 policy = 0
12-14 00:06:16.932  1551  2828 I chatty  : uid=1000(system) Binder:1551_E expire 1 line
12-14 00:06:16.944 18726 18726 I RtgSchedEvent: current pid:18726 AppType:15
12-14 00:06:16.947  1551  7720 I chatty  : uid=1000(system) Binder:1551_20 expire 13 lines
12-14 00:06:16.951  1551  2009 I chatty  : uid=1000(system) Binder:1551_4 expire 5 lines
12-14 00:06:16.955  1551  1725 I chatty  : uid=1000(system) HwActivityTaskM expire 4 lines
12-14 00:06:16.956  1551  2133 I chatty  : uid=1000(system) Thread-6 expire 4 lines
12-14 00:06:16.958  1551  7678 I chatty  : uid=1000(system) Binder:1551_1E expire 40 lines
12-14 00:06:16.959  2285  8171 I HwCommandQueue: updateBarBgColor
12-14 00:06:16.959  2285  8171 D HwCommandQueue: CommandQueue, setBarBackgroundColor
12-14 00:06:16.961  2618  3134 I chatty  : uid=1000(system) OllieAwareThrea expire 13 lines
12-14 00:06:16.976  2618  3135 I chatty  : uid=1000(system) OllieServiceThr expire 1 line
12-14 00:06:16.993  1551  1738 I chatty  : uid=1000(system) ActivityManager expire 7 lines
12-14 00:06:17.010  1551  1733 I chatty  : uid=1000(system) android.bg expire 3 lines
12-14 00:06:17.019  1551  3354 I chatty  : uid=1000(system) Binder:1551_14 expire 4 lines
12-14 00:06:17.029  1551  2008 I chatty  : uid=1000(system) Binder:1551_3 expire 29 lines
12-14 00:06:17.066  2618  3134 I chatty  : uid=1000(system) OllieAwareThrea expire 48 lines
12-14 00:06:17.147  1551  3871 I chatty  : uid=1000(system) Binder:1551_18 expire 7 lines
12-14 00:06:17.333  1551  1711 I chatty  : uid=1000(system) android.display expire 23 lines
12-14 00:06:17.334  1551  1712 I chatty  : uid=1000(system) android.anim expire 52 lines
12-14 00:06:17.342  1551  2042 I chatty  : uid=1000(system) sManagerService expire 5 lines
12-14 00:06:18.420  1551  3869 I chatty  : uid=1000(system) Binder:1551_17 expire 31 lines
12-14 00:06:18.999  1551  2388 I chatty  : uid=1000(system) NetworkStatsObs expire 1 line
12-14 00:06:19.394  1551  2038 I chatty  : uid=1000(system) AlarmManager expire 4 lines
12-14 00:06:20.396  1551  1551 I chatty  : uid=1000(system) Binder:1551_11 expire 4 lines
12-14 00:06:20.734  1551 13188 I chatty  : uid=1000(system) MobileQosDetect expire 1 line
12-14 00:06:20.782  2673  2673 W SettingsEx: SettingsEx.Systemex.getString deprecated use Settings.System.getString instead, callers = com.android.internal.telephony.gsm.HwCustGsmServiceStateManagerImpl.isMccForShowNetname:222 com.android.internal.telephony.gsm.HwCustGsmServiceStateManagerImpl.isShowNetnameByMcc:213 com.android.internal.telephony.gsm.HwCustGsmServiceStateManagerImpl.setOnsDisplayCustomization:164 
12-14 00:06:20.846  2673  2673 W SettingsEx: SettingsEx.Systemex.getString deprecated use Settings.System.getString instead, callers = com.android.internal.telephony.gsm.HwCustGsmServiceStateManagerImpl.isMccForShowNetname:222 com.android.internal.telephony.gsm.HwCustGsmServiceStateManagerImpl.isShowNetnameByMcc:213 com.android.internal.telephony.gsm.HwCustGsmServiceStateManagerImpl.setOnsDisplayCustomization:164 
12-14 00:06:21.405  1551  1739 I chatty  : uid=1000(system) ActivityManager expire 1 line
12-14 00:06:21.419  8015  8015 D ActivityThread: Attach thread to application
12-14 00:06:21.431  1551  1726 I chatty  : uid=1000(system) HwGameAssistant expire 1 line
12-14 00:06:21.443  8015  8039 I ActivityThread: Init compatible state: false
12-14 00:06:21.453  2733  3836 I HwNetworkPolicyManager: getHwUidPolicy uid = 10123 policy = 0
12-14 00:06:21.463  1551  8043 I chatty  : uid=1000(system) Binder:1551_11 expire 2 lines
12-14 00:06:21.486  1551  1709 I chatty  : uid=1000(system) android.ui expire 2 lines
12-14 00:06:21.486  2285  8171 D HwCommandQueue: CommandQueue, set Launcher StatusBar Color
12-14 00:06:21.716  8015  8015 I ActivityThread: finishPreloaded preloadStatus 0
12-14 00:06:21.716  8015  8015 I RtgSchedEvent: current pid:8015 AppType:6
12-14 00:06:21.730  8015  8015 V ActivityThread: callActivityOnCreate
12-14 00:06:21.750  1551  7678 I chatty  : uid=1000(system) Binder:1551_1E expire 12 lines
12-14 00:06:21.839  1551  2008 I chatty  : uid=1000(system) Binder:1551_3 expire 40 lines
12-14 00:06:21.932  1551  2009 I chatty  : uid=1000(system) Binder:1551_4 expire 12 lines
12-14 00:06:21.986  1551  1747 I chatty  : uid=1000(system) ActivityManager expire 5 lines
12-14 00:06:21.987  8015  8015 D ActivityThread: add activity client record, r= ActivityRecord{7fab2a1 token=android.os.BinderProxy@7e7ef49 {com.huawei.hwireader/com.chaozh.iReader.ui.activity.WelcomeActivity}} token= android.os.BinderProxy@7e7ef49
12-14 00:06:22.011  8015  8015 I RtgSchedEvent: current pid:8015 AppType:6
12-14 00:06:22.012  1551  1725 I chatty  : uid=1000(system) HwActivityTaskM expire 3 lines
12-14 00:06:22.012  1551  2133 I chatty  : uid=1000(system) Thread-6 expire 6 lines
12-14 00:06:22.020  1551  7720 I chatty  : uid=1000(system) Binder:1551_20 expire 13 lines
12-14 00:06:22.020  1551  1738 I chatty  : uid=1000(system) ActivityManager expire 3 lines
12-14 00:06:22.037  8015  8015 D HwCustConnectivityManagerImpl: isBlockNetworkRequestByNonAis, INVALID_SUBSCRIPTION_ID
12-14 00:06:22.038  8015  8015 D HwCustConnectivityManagerImpl: isBlockNetworkRequestByNonAis, INVALID_SUBSCRIPTION_ID
12-14 00:06:22.038  1551  2119 I chatty  : uid=1000(system) ConnectivitySer expire 8 lines
12-14 00:06:22.098  2618  3134 I SmartDualCardSM: IdleState:got msg.what=EVENT_APP_MOVE_FOREGROUND
12-14 00:06:22.104  8015  8096 D SystemConfig: Removed unavailable feature android.hardware.sensor.barometer
12-14 00:06:22.106  8015  8096 W SystemConfig: No directory /product_services/etc/sysconfig, skipping
