12-14 00:07:52.042  1551  1810 I PackageManager: Un-granting permission android.permission.MOUNT_UNMOUNT_FILESYSTEMS from package com.netease.cloudmusic (protectionLevel=18 flags=0x38183e44)
12-14 00:07:52.042  1551  1810 I PackageManager: Un-granting permission android.permission.WRITE_SETTINGS from package com.netease.cloudmusic (protectionLevel=1218 flags=0x38183e44)
12-14 00:07:52.042  1551  1810 I PackageManager: Un-granting permission android.permission.SYSTEM_ALERT_WINDOW from package com.netease.cloudmusic (protectionLevel=1250 flags=0x38183e44)
12-14 00:07:52.043  1551  1810 I PackageManager: Un-granting permission android.permission.REQUEST_INSTALL_PACKAGES from package com.netease.cloudmusic (protectionLevel=66 flags=0x38183e44)
12-14 00:07:52.043  1551  1810 I PackageManager: Un-granting permission android.permission.REQUEST_INSTALL_PACKAGES from package com.ct.client (protectionLevel=66 flags=0x38d83e44)
12-14 00:07:52.043  1551  1810 I PackageManager: Un-granting permission com.huawei.android.launcher.permission.READ_SETTINGS from package com.ct.client (protectionLevel=18 flags=0x38d83e44)
12-14 00:07:52.043  1551  1810 I PackageManager: Un-granting permission com.huawei.android.launcher.permission.WRITE_SETTINGS from package com.ct.client (protectionLevel=18 flags=0x38d83e44)
12-14 00:07:52.043  1551  1810 I PackageManager: Un-granting permission android.permission.MOUNT_UNMOUNT_FILESYSTEMS from package com.ct.client (protectionLevel=18 flags=0x38d83e44)
12-14 00:07:52.043  1551  1810 I PackageManager: Un-granting permission android.permission.SYSTEM_ALERT_WINDOW from package com.ct.client (protectionLevel=1250 flags=0x38d83e44)
12-14 00:07:52.043  1551  1810 I PackageManager: Un-granting permission android.permission.SYSTEM_ALERT_WINDOW from package tv.danmaku.bili (protectionLevel=1250 flags=0x38983e44)
12-14 00:07:52.043  1551  1810 I PackageManager: Un-granting permission android.permission.WRITE_MEDIA_STORAGE from package tv.danmaku.bili (protectionLevel=18 flags=0x38983e44)
12-14 00:07:52.043  1551  1810 I PackageManager: Un-granting permission android.permission.WRITE_SETTINGS from package tv.danmaku.bili (protectionLevel=1218 flags=0x38983e44)
12-14 00:07:52.043  1551  1810 I PackageManager: Un-granting permission android.permission.REQUEST_INSTALL_PACKAGES from package tv.danmaku.bili (protectionLevel=66 flags=0x38983e44)
12-14 00:07:52.043  1551  1810 I PackageManager: Un-granting permission android.permission.ACCESS_DOWNLOAD_MANAGER from package tv.danmaku.bili (protectionLevel=18 flags=0x38983e44)
12-14 00:07:52.045  1551  1810 I PackageManager: Un-granting permission com.huawei.permission.coauth.EXECUTE_REG from package com.huawei.trustedthingsauth (protectionLevel=18 flags=0x20c83e45)
12-14 00:07:52.045  1551  1810 I PackageManager: Un-granting permission android.permission.SYSTEM_ALERT_WINDOW from package com.eg.android.AlipayGphone (protectionLevel=1250 flags=0x30983e44)
12-14 00:07:52.045  1551  1810 I PackageManager: Un-granting permission android.permission.WRITE_SETTINGS from package com.eg.android.AlipayGphone (protectionLevel=1218 flags=0x30983e44)
12-14 00:07:52.045  1551  1810 I PackageManager: Un-granting permission android.permission.DUMP from package com.eg.android.AlipayGphone (protectionLevel=50 flags=0x30983e44)
12-14 00:07:52.045  1551  1810 I PackageManager: Un-granting permission com.huawei.android.launcher.permission.READ_SETTINGS from package com.eg.android.AlipayGphone (protectionLevel=18 flags=0x30983e44)
12-14 00:07:52.045  1551  1810 I PackageManager: Un-granting permission com.huawei.android.launcher.permission.WRITE_SETTINGS from package com.eg.android.AlipayGphone (protectionLevel=18 flags=0x30983e44)
12-14 00:07:52.045  1551  1810 I PackageManager: Un-granting permission android.permission.REQUEST_INSTALL_PACKAGES from package com.eg.android.AlipayGphone (protectionLevel=66 flags=0x30983e44)
12-14 00:07:52.046  1551  1810 I PackageManager: Un-granting permission android.permission.SYSTEM_ALERT_WINDOW from package cn.wps.moffice_eng (protectionLevel=1250 flags=0x38583e44)
12-14 00:07:52.046  1551  1810 I PackageManager: Un-granting permission android.permission.REQUEST_INSTALL_PACKAGES from package cn.wps.moffice_eng (protectionLevel=66 flags=0x38583e44)
12-14 00:07:52.046  1551  1810 I PackageManager: Un-granting permission com.huawei.android.launcher.permission.READ_SETTINGS from package cn.wps.moffice_eng (protectionLevel=18 flags=0x38583e44)
12-14 00:07:52.046  1551  1810 I PackageManager: Un-granting permission android.permission.WRITE_SETTINGS from package com.greenpoint.android.mc10086.activity (protectionLevel=1218 flags=0x38583e44)
12-14 00:07:52.047  1551  1810 I PackageManager: Un-granting permission android.permission.SYSTEM_ALERT_WINDOW from package com.greenpoint.android.mc10086.activity (protectionLevel=1250 flags=0x38583e44)
12-14 00:07:52.047  1551  1810 I PackageManager: Un-granting permission android.permission.REQUEST_INSTALL_PACKAGES from package com.greenpoint.android.mc10086.activity (protectionLevel=66 flags=0x38583e44)
12-14 00:07:52.047  1551  1810 I PackageManager: Un-granting permission android.permission.READ_PRIVILEGED_PHONE_STATE from package com.greenpoint.android.mc10086.activity (protectionLevel=18 flags=0x38583e44)
12-14 00:07:52.047  1551  1810 I PackageManager: Un-granting permission android.permission.WRITE_APN_SETTINGS from package com.greenpoint.android.mc10086.activity (protectionLevel=18 flags=0x38583e44)
12-14 00:07:52.047  1551  1810 I PackageManager: Un-granting permission android.permission.MOUNT_UNMOUNT_FILESYSTEMS from package com.greenpoint.android.mc10086.activity (protectionLevel=18 flags=0x38583e44)
12-14 00:07:52.047  1551  1810 I PackageManager: Un-granting permission android.permission.READ_LOGS from package com.greenpoint.android.mc10086.activity (protectionLevel=50 flags=0x38583e44)
12-14 00:07:52.047  1551  1810 I PackageManager: Un-granting permission android.permission.DEVICE_POWER from package com.greenpoint.android.mc10086.activity (protectionLevel=2 flags=0x38583e44)
12-14 00:07:52.049  1551  1810 I PackageManager: applicationInfo.forceDarkMode of pkgName: com.huawei.log_collector is 2
12-14 00:07:52.449  1551  1707 W Looper  : Slow dispatch took 400ms android.fg h=android.os.Handler c=<recycled PooledLambda@3a52ad6> m=0
12-14 00:07:52.455  1551  7465 V ActivityManager: Successfully start provider ContentProviderRecord{443a25a u0 com.android.providers.downloads/.DownloadProvider} launchingApp=ProcessRecord{4305b59 18069:android.process.media/u0a14} caller pid= 18833
12-14 00:07:52.461  1551  7465 V ActivityManager: Successfully start provider ContentProviderRecord{4101d29 u0 com.android.providers.telephony/.MmsSmsProvider} launchingApp=null caller pid= 19748
12-14 00:07:52.483  1551  1810 I HwPackageManagerServiceEx: addGrantedInstalledPkg not granted: com.huawei.log_collector
12-14 00:07:52.483  1551  1810 I HwPackageManagerServiceUtils: sendUpdateBroadCast updatePackageName = com.huawei.log_collector, status = 1 , intentPackageName = com.huawei.android.launcher
12-14 00:07:52.485  1551  1810 W ContextImpl: Calling a method in the system process without a qualified user: android.app.ContextImpl.sendBroadcast:2803468 com.android.server.pm.HwPackageManagerServiceEx.parseInstalledPkgInfo:290512 com.android.server.pm.PackageManagerService.parseInstalledPkgInfo:3789344 com.android.server.pm.PackageManagerService$PackageHandler.doHandleMessage:3373744 com.android.server.pm.PackageManagerService$PackageHandler.handleMessage:3404740 
12-14 00:07:52.487  1551  1810 V HwPackageManagerServiceEx: POST_INSTALL: pkgName = com.huawei.log_collector, pkgUri = /data/app/vmdl1959675371.tmp;, pkgInstalledPath = /data/app/vmdl1959675371.tmp, pkgInstallerPackageName = , pkgVerName = 1.0, pkgVerCode = 1, resultCode = 1, pkgUpdate = true
12-14 00:07:52.517  2618  3134 I SmartDualCardConfig: onPackageInstallStateUpdate uid=10096,appName=com.huawei.log_collector,packageAddFlag=0
12-14 00:07:52.526  2618  2618 D DEF_PackageChangedBroadcastReceiver: receive action:android.intent.action.PACKAGE_REMOVED
12-14 00:07:52.526  2618  2618 D DEF_PackageChangedBroadcastReceiver: onReceive com.huawei.log_collector android.intent.action.PACKAGE_REMOVED replacing: true
12-14 00:07:52.544  2618  2618 I PreDnsQuery: onReceive: intent = android.intent.action.PACKAGE_REMOVED
12-14 00:07:52.546  1551  1779 I PowerManagerService: handleSandman: wakefulness: 1,startDreaming: false
12-14 00:07:52.552  1551  1779 I PowerManagerService: handleSandman: wakefulness: 1,startDreaming: false
12-14 00:07:52.590  1551  2409 I HwNotificationService_Vibrate: Channel vibrate is null, get global vibrator : standard_vibrator_ticking
12-14 00:07:52.591  1551  2409 I HwInnerVibratorService: isSupportHwVibrator type:haptic.pattern.type4, isSupport:0
12-14 00:07:52.591  1551  2409 I HwNotificationService_Vibrate: getHwVibratorType pkg=net.dinglisch.android.taskerm, channelId=quick, userId=10146, vibratorType=haptic.pattern.type4
12-14 00:07:52.597  2733  3115 W ContextImpl: Calling a method in the system process without a qualified user: android.app.ContextImpl.startService:1698 android.content.ContextWrapper.startService:669 d.d.D.B.c.a.doInBackground:27 java.lang.reflect.Method.invoke:-2 d.d.k.a.b.b.o.d:15 
12-14 00:07:52.610  1551  2830 V ActivityManager: Successfully start provider ContentProviderRecord{44d1b20 u0 com.huawei.dsdscardmanager/.database.provider.PriorityAppProvider} launchingApp=ProcessRecord{43330b1 12957:com.huawei.dsdscardmanager/1001} caller pid= 2618
12-14 00:07:52.624  1551  1551 W Looper  : Slow dispatch took 119ms main h=android.app.ActivityThread$H c=android.app.-$$Lambda$LoadedApk$ReceiverDispatcher$Args$_BumDX2UKsnxLVrE6UJsJZkotuA@43a79a1 m=0
12-14 00:07:52.624  1551  1551 I AlarmManager: UninstallReceiver onReceive action:android.intent.action.PACKAGE_REMOVED
12-14 00:07:52.624  1551  1551 I AppBigFontFilterDataStorage: notifyAppInstallOrUninstall uninstall packagecom.huawei.log_collector
12-14 00:07:52.624  1551  1551 I DevicePolicyManager: Unhandled intent
12-14 00:07:52.625  1551  1747 D ActivityManager: setPrivilegeType r: ServiceRecord{4619f89 u0 com.android.nfc/.ComponentLoadService}, interfaceDescriptor : com.android.nfc.IComponentLoadService
12-14 00:07:52.626 28238 28238 W ContextImpl: Calling a method in the system process without a qualified user: android.app.ContextImpl.startService:1698 android.content.ContextWrapper.startService:669 android.content.ContextWrapper.startService:669 com.android.settings.applications.BlackListReceiver.onReceive:48 android.app.ActivityThread.handleReceiver:4637 
12-14 00:07:52.627  1551  3871 V ActivityManager: Successfully start provider ContentProviderRecord{4107063 u0 com.huawei.hwid/com.huawei.openalliance.ad.ppskit.provider.ApiProvider} launchingApp=null caller pid= 10142
12-14 00:07:52.634  2618  3134 I PreDnsQuery: No need to handled!
12-14 00:07:52.649  1551  1738 I NotificationService: enqueueNotificationInternal: pkg=net.dinglisch.android.taskerm id=371041997 notification=Notification(channel=quick pri=0 contentView=null vibrate=null sound=null defaults=0x0 flags=0x40 color=0x00000000 vis=PRIVATE)
12-14 00:07:52.651  1551  1738 I NotificationService: enqueueNotificationInternal Channel Info : pkg=net.dinglisch.android.taskerm id=371041997 importance =0
12-14 00:07:52.652  1551  1738 E NotificationService: Suppressing notification from package by user request.
12-14 00:07:52.699  1551  2829 I HwNotificationService_Vibrate: Channel vibrate is null, get global vibrator : standard_vibrator_ticking
12-14 00:07:52.700  1551  2829 I HwInnerVibratorService: isSupportHwVibrator type:haptic.pattern.type4, isSupport:0
12-14 00:07:52.700  1551  2829 I HwNotificationService_Vibrate: getHwVibratorType pkg=net.dinglisch.android.taskerm, channelId=quick, userId=10146, vibratorType=haptic.pattern.type4
12-14 00:07:52.702  1551  1738 I NotificationService: enqueueNotificationInternal: pkg=net.dinglisch.android.taskerm id=371041997 notification=Notification(channel=quick pri=0 contentView=null vibrate=null sound=null defaults=0x0 flags=0x40 color=0x00000000 vis=PRIVATE)
12-14 00:07:52.703  1551  1738 I NotificationService: enqueueNotificationInternal Channel Info : pkg=net.dinglisch.android.taskerm id=371041997 importance =0
12-14 00:07:52.703  1551  1738 E NotificationService: Suppressing notification from package by user request.
12-14 00:07:52.734  2618  3134 I SmartDualCardConfig: onPackageInstallStateUpdate uid=10096,appName=com.huawei.log_collector,packageAddFlag=1
12-14 00:07:52.759  1551  3869 I HwNotificationService_Vibrate: Channel vibrate is null, get global vibrator : standard_vibrator_ticking
12-14 00:07:52.760  1551  3869 I HwInnerVibratorService: isSupportHwVibrator type:haptic.pattern.type4, isSupport:0
12-14 00:07:52.760  1551  3869 I HwNotificationService_Vibrate: getHwVibratorType pkg=net.dinglisch.android.taskerm, channelId=quick, userId=10146, vibratorType=haptic.pattern.type4
12-14 00:07:52.778  1551  1747 D ActivityManager: setPrivilegeType r: ServiceRecord{4619fa9 u0 com.google.android.gms/.chimera.PersistentDirectBootAwareApiService}, interfaceDescriptor : com.google.android.gms.common.internal.IGmsServiceBroker
12-14 00:07:52.778  1551  1738 I NotificationService: enqueueNotificationInternal: pkg=net.dinglisch.android.taskerm id=65396964 notification=Notification(channel=quick pri=0 contentView=null vibrate=null sound=null defaults=0x0 flags=0x58 color=0x00000000 vis=PRIVATE)
12-14 00:07:52.782  1551  1738 I NotificationService: enqueueNotificationInternal Channel Info : pkg=net.dinglisch.android.taskerm id=65396964 importance =0
12-14 00:07:52.783  1551  1738 E NotificationService: Suppressing notification from package by user request.
12-14 00:07:52.792  1551  1747 D ActivityManager: setPrivilegeType r: ServiceRecord{4619fa9 u0 com.google.android.gms/.chimera.PersistentDirectBootAwareApiService}, interfaceDescriptor : com.google.android.gms.common.internal.IGmsServiceBroker
12-14 00:07:52.801  1551  3354 E PowerManagerService: Exception when search wack lock :java.lang.IllegalArgumentException: Wake lock not active: android.os.BinderProxy@4146cfd from uid 10110
12-14 00:07:52.804  1551  3871 E PowerManagerService: Exception when search wack lock :java.lang.IllegalArgumentException: Wake lock not active: android.os.BinderProxy@4146cfd from uid 10110
12-14 00:07:52.808  2618  2618 D DEF_PackageChangedBroadcastReceiver: receive action:android.intent.action.PACKAGE_ADDED
12-14 00:07:52.808  2618  2618 D DEF_PackageChangedBroadcastReceiver: onReceive com.huawei.log_collector android.intent.action.PACKAGE_ADDED replacing: true
12-14 00:07:52.817  1551  3869 D HwConnectivityServiceEx: set 10110 rmnet0 value false
12-14 00:07:52.817  1551  3869 I ConnectivityService: HAware B uid 10110 pid 2742
12-14 00:07:52.817  1551  3869 I ConnectivityService: B uid 10110
12-14 00:07:52.833  1551  2828 D SmartHeartBeat: isPendingAlarm, false, pkg:com.android.deskclock, action:com.android.deskclock.ALARM_ALERT,not pending alarm with AlarmClockInfo
12-14 00:07:52.840  1551  1707 W Looper  : Slow delivery took 207ms android.fg h=android.os.Handler c=<recycled PooledLambda@3a52adb> m=0
12-14 00:07:52.855  1551  1747 D ActivityManager: setPrivilegeType r: ServiceRecord{3ad0929 u0 com.huawei.harmonyupdater/com.huawei.appmarketforms.FACardDataSyncServiceShellService}, interfaceDescriptor : com.huawei.appmarketforms.IFACardDataSync
12-14 00:07:52.888  2618  3134 E SmartDualCardConfig: getApkConfig fail,end
12-14 00:07:52.888  2618  3134 I SmartDualCardConfig: isAppInXml,return false
12-14 00:07:52.888  2618  3134 E SmartDualCardConfig: onPackageInstallStateUpdate fail
12-14 00:07:52.890  2618  3134 I PreDnsQuery: No need to handled!
12-14 00:07:52.920  1551  3354 V BroadcastQueue: Finished with ordered broadcast BroadcastRecord{411bbdd u0 net.dinglisch.android.ipack.actions.QUERY_PACKS}
12-14 00:07:52.928  1551  1638 E PowerManagerService: Exception when search wack lock :java.lang.IllegalArgumentException: Wake lock not active: android.os.BinderProxy@4146cfd from uid 10110
12-14 00:07:52.929  1551  3871 E PowerManagerService: Exception when search wack lock :java.lang.IllegalArgumentException: Wake lock not active: android.os.BinderProxy@4146cfd from uid 10110
12-14 00:07:52.932  1551  1747 D ActivityManager: setPrivilegeType r: ServiceRecord{4410aa9 u0 com.google.android.gms/.icing.service.AppIndexingService}, interfaceDescriptor : com.google.android.gms.common.internal.IGmsServiceBroker
12-14 00:07:52.936  1551  1747 D ActivityManager: setPrivilegeType r: ServiceRecord{4410b49 u0 com.google.android.gms/.icing.service.IndexService}, interfaceDescriptor : com.google.android.gms.common.internal.IGmsServiceBroker
12-14 00:07:52.964  1551  1707 W Looper  : Drained
12-14 00:07:52.964  1551  1747 D ActivityManager: setPrivilegeType r: ServiceRecord{4410a29 u0 com.google.android.gms/.chimera.GmsBoundBrokerService}, interfaceDescriptor : com.google.android.gms.common.internal.IGmsServiceBroker
12-14 00:07:52.965  1551  3354 D HwConnectivityServiceEx: set 10109 rmnet0 value false
12-14 00:07:52.965  1551  3354 D HwConnectivityServiceEx: set 10109 NULL value false
12-14 00:07:52.971  1551  2093 D HwConnectivityServiceEx: set 10370 rmnet0 value true
12-14 00:07:52.971  1551  2093 I ConnectivityService: B uid 10370
12-14 00:07:52.994  1551  2412 E PowerManagerService: Exception when search wack lock :java.lang.IllegalArgumentException: Wake lock not active: android.os.BinderProxy@4146cfd from uid 10110
12-14 00:07:52.997  1551  1747 D ActivityManager: setPrivilegeType r: ServiceRecord{4410b89 u0 com.google.android.gms/.lockbox.service.LockboxBrokerService}, interfaceDescriptor : com.google.android.gms.common.internal.IGmsServiceBroker
12-14 00:07:53.008  1551  1747 D ActivityManager: setPrivilegeType r: ServiceRecord{4410b69 u0 com.google.android.gms/.chimera.PersistentInternalBoundBrokerService}, interfaceDescriptor : com.google.android.gms.common.internal.IGmsServiceBroker
12-14 00:07:53.017  1551  1638 V ActivityManager: Successfully start provider ContentProviderRecord{40f446c u0 com.huawei.systemmanager/.netassistant.db.traffic.TrafficDBProvider} launchingApp=null caller pid= 10584
12-14 00:07:53.023  1551  2006 I ActivityManager: sendIntentSender target:com.android.server.pm.PackageManagerShellCommand$LocalIntentReceiver$1@414740e, intent:hwFlg=0x10
12-14 00:07:53.023 10584 10584 W ContextImpl: Calling a method in the system process without a qualified user: android.app.ContextImpl.startService:1698 android.content.ContextWrapper.startService:669 android.content.ContextWrapper.startService:669 com.huawei.antivirus.utils.AntiVirusTools.deleteVirusApk:928 com.huawei.antivirus.AntiVirusReceiver.onReceive:36 
12-14 00:07:53.031  1551  1638 V ActivityManager: Successfully start provider ContentProviderRecord{416b1f8 u0 com.huawei.systemmanager/com.huawei.securitycenter.antivirus.db.keyvalue.KeyValueDatabaseProvider} launchingApp=null caller pid= 2733
12-14 00:07:53.041  1551  3871 I ActivityManager: App 10231/com.jingyao.easybike targets O+, restricted
12-14 00:07:53.041  1551  3871 W BroadcastQueue: Background execution not allowed: receiving Intent { act=android.intent.action.PACKAGE_REMOVED dat=package:com.huawei.log_collector flg=0x4000010 (has extras) } to com.jingyao.easybike/cn.jpush.android.service.PushReceiver
12-14 00:07:53.046  1551  1738 I ActivityManager: App 10352/com.pingan.smt targets O+, restricted
12-14 00:07:53.046  1551  1738 W BroadcastQueue: Background execution not allowed: receiving Intent { act=android.intent.action.PACKAGE_REMOVED dat=package:com.huawei.log_collector flg=0x4000010 (has extras) } to com.pingan.smt/com.hyphenate.chat.EMMonitorReceiver
12-14 00:07:53.046  2618  2618 I PreDnsQuery: onReceive: intent = android.intent.action.PACKAGE_ADDED
12-14 00:07:53.064  1551  1738 I ActivityManager: App 10351/com.quark.browser targets O+, restricted
12-14 00:07:53.064  1551  1738 W BroadcastQueue: Background execution not allowed: receiving Intent { act=android.intent.action.PACKAGE_REMOVED dat=package:com.huawei.log_collector flg=0x4000010 (has extras) } to com.quark.browser/com.taobao.accs.EventReceiver
12-14 00:07:53.068  1551  3871 I ActivityManager: Force stopping com.huawei.log_collector appid=10096 user=0: from pid 9680by app
12-14 00:07:53.070  1551  3871 I ActivityManager: Start to clean activity stack when force stop the app com.huawei.log_collector , reason:from pid 9680by app
12-14 00:07:53.071  1551  1711 V ActivityTaskManager: Activity idle: null
12-14 00:07:53.084  1551  1738 I ActivityManager: App 10351/com.quark.browser targets O+, restricted
12-14 00:07:53.084  1551  1738 W BroadcastQueue: Background execution not allowed: receiving Intent { act=android.intent.action.PACKAGE_REMOVED dat=package:com.huawei.log_collector flg=0x4000010 (has extras) } to com.quark.browser/com.taobao.agoo.AgooCommondReceiver
12-14 00:07:53.084  1551  1738 I ActivityManager: App 10115/com.xinmang.unzip targets O+, restricted
12-14 00:07:53.084  1551  1738 W BroadcastQueue: Background execution not allowed: receiving Intent { act=android.intent.action.PACKAGE_REMOVED dat=package:com.huawei.log_collector flg=0x4000010 (has extras) } to com.xinmang.unzip/cn.jpush.android.service.PushReceiver
12-14 00:07:53.102  1551  3869 V BroadcastQueue: Finished with ordered broadcast BroadcastRecord{4186623 u0 android.intent.action.PACKAGE_REMOVED}
12-14 00:07:53.107  1551  2093 I HwNotificationService_Vibrate: Channel vibrate is null, get global vibrator : standard_vibrator_ticking
12-14 00:07:53.107  1551  2093 I HwInnerVibratorService: isSupportHwVibrator type:haptic.pattern.type4, isSupport:0
12-14 00:07:53.107  1551  2093 I HwNotificationService_Vibrate: getHwVibratorType pkg=net.dinglisch.android.taskerm, channelId=quick, userId=10146, vibratorType=haptic.pattern.type4
12-14 00:07:53.114  1551  1738 I ActivityManager: App 10044/com.android.packageinstaller targets O+, restricted
12-14 00:07:53.115  1551  1738 W BroadcastQueue: Background execution not allowed: receiving Intent { act=android.intent.action.PACKAGE_ADDED dat=package:com.huawei.log_collector flg=0x4000010 (has extras) } to com.android.packageinstaller/.PackageInstalledReceiver
12-14 00:07:53.123 28238 28238 W ContextImpl: Calling a method in the system process without a qualified user: android.app.ContextImpl.startService:1698 android.content.ContextWrapper.startService:669 android.content.ContextWrapper.startService:669 com.android.settings.applications.BlackListReceiver.onReceive:48 android.app.ActivityThread.handleReceiver:4637 
12-14 00:07:53.124  1551  1738 I NotificationService: enqueueNotificationInternal: pkg=net.dinglisch.android.taskerm id=371041997 notification=Notification(channel=quick pri=0 contentView=null vibrate=null sound=null defaults=0x0 flags=0x40 color=0x00000000 vis=PRIVATE)
12-14 00:07:53.124  1551  1738 I NotificationService: enqueueNotificationInternal Channel Info : pkg=net.dinglisch.android.taskerm id=371041997 importance =0
12-14 00:07:53.125  1551  1738 E NotificationService: Suppressing notification from package by user request.
12-14 00:07:53.127  1551  3354 D HwConnectivityServiceEx: set 10030 rmnet0 value false
12-14 00:07:53.145  1551  2093 I HwNotificationService_Vibrate: Channel vibrate is null, get global vibrator : standard_vibrator_ticking
12-14 00:07:53.145  1551  2093 I HwInnerVibratorService: isSupportHwVibrator type:haptic.pattern.type4, isSupport:0
12-14 00:07:53.145  1551  2093 I HwNotificationService_Vibrate: getHwVibratorType pkg=net.dinglisch.android.taskerm, channelId=quick, userId=10146, vibratorType=haptic.pattern.type4
12-14 00:07:53.146  1551  1738 I NotificationService: enqueueNotificationInternal: pkg=net.dinglisch.android.taskerm id=371041997 notification=Notification(channel=quick pri=0 contentView=null vibrate=null sound=null defaults=0x0 flags=0x40 color=0x00000000 vis=PRIVATE)
12-14 00:07:53.147  1551  2008 I ActivityTaskManager: START u0 {act=android.intent.action.MAIN cat=[android.intent.category.LAUNCHER] flg=0x10000000 hwFlg=0x10 cmp=com.huawei.log_collector/.MainActivity} from uid 2000
12-14 00:07:53.147  1551  2008 I HwActivityTaskManagerServiceEx: developer mode, not limit.
12-14 00:07:53.153  1551  1738 I NotificationService: enqueueNotificationInternal Channel Info : pkg=net.dinglisch.android.taskerm id=371041997 importance =0
--------- beginning of main
12-14 00:07:53.153  1551  1738 I HwNotificationService: shouldBlockByMediaController : pkgName =net.dinglisch.android.taskerm,isCustomNotification =false,isMediaNotification =false
12-14 00:07:53.152  1551  2008 I HWRME LIBHWRME_CLIENT: ResMngMmEvent interface arg 0, 10096
12-14 00:07:53.153  1551  1738 E NotificationService: Suppressing notification from package by user request.
12-14 00:07:53.154  1551  2008 D ActivityTaskManager: default mask = 6160 default binary mask = 1100000010000
12-14 00:07:53.154  1551  2008 D hwPS_HwPermAccessControlManager: checkHwPermissionForFwk uid: 2000, pkg: com.android.shell
12-14 00:07:53.154  1551  2008 D hwPS_PopupBackgroundWindowPermission: package: com.android.shell is always allow, allow this time
12-14 00:07:53.154  1551  2008 D hwPS_PopupBackgroundWindowHelper: PKG_NAME: com.android.shell, INTERCEPTION_STATE: BACKGROUND, INTERCEPTION_TYPE: INTENT, CHECK_RESULT:ALLOW
12-14 00:07:53.154  1551  2008 D ActivityTaskManager: real mask = 0 real binary mask = 0shouldIntercept start, isNeedIntercept = false callingUid = 2000 callingPackage = com.android.shell
12-14 00:07:53.154  1551  2008 D ActivityTaskManager: Background activity start for com.android.shell allowed because START_ACTIVITIES_FROM_BACKGROUND permission is granted,callingPid = 9693 callingUid = 2000
12-14 00:07:53.155  1551  2008 D HwActivityStarterEx: reportResult :  packageName = com.android.shell uid = 2000 activityOriginalStartResult = 127 hwInterceptionMask = 0 validLen = 8
12-14 00:07:53.156  1551  1638 E UserInfoExt: setUserInfo: userInfo is null!
12-14 00:07:53.156  1551  1638 E UserInfoExt: isClonedProfile: mUserInfo is null!
12-14 00:07:53.156  1551  1638 E UserInfoExt: setUserInfo: userInfo is null!
12-14 00:07:53.156  1551  1638 I HwNotificationService_Vibrate: Channel vibrate is null, get global vibrator : standard_vibrator_ticking
12-14 00:07:53.156  1551  1638 I HwInnerVibratorService: isSupportHwVibrator type:haptic.pattern.type4, isSupport:0
12-14 00:07:53.156  1551  1638 I HwNotificationService_Vibrate: getHwVibratorType pkg=net.dinglisch.android.taskerm, channelId=quick, userId=10146, vibratorType=haptic.pattern.type4
12-14 00:07:53.157  1551  2008 D HwGameAssistantController: isGameForeground? false
12-14 00:07:53.158  1551  2008 I ActivityTaskManager: ActivityRecord info: ActivityInfo{4264293 com.huawei.log_collector.MainActivity}
12-14 00:07:53.159  9951  9951 I Finsky  : [1] adfq.a(3): Do not start WearSupportService due to Wear service optimization
12-14 00:07:53.160  1551  2008 D ActivityTaskManager: TaskLaunchParamsModifier:task=null activity=ActivityRecord{42c1bc2 u0 com.huawei.log_collector/.MainActivity t-1} display-id=0 display-windowing-mode=1
12-14 00:07:53.160  9951  9666 I Finsky  : [6550] fub.a(15): Asset module broadcast after update successful for package com.huawei.log_collector. 0 sessions broadcast.
12-14 00:07:53.160  1551  2008 D ActivityTaskManager: TaskLaunchParamsModifier:task=null activity=ActivityRecord{42c1bc2 u0 com.huawei.log_collector/.MainActivity t-1} display-id=0 display-windowing-mode=1 inherit-fullscreen non-freeform-display
12-14 00:07:53.160  1551  2008 D ActivityTaskManager: pinned windowing mode is false  pad mirror cast is  false
12-14 00:07:53.165  9951  9951 I Finsky  : [1] ljo.d(2): Frosting ID looked up on UI thread. Caller should move to a background thread.
12-14 00:07:53.169  9951  9951 I NotificationManager: com.android.vending: cancel(1959065138)
12-14 00:07:53.165  1551  2008 V ActivityTaskManager: addChild: attaching stackId=88 to displayId=0 position=8
12-14 00:07:53.173  1551  2008 V ActivityTaskManager: positionChild stackId=88 to top.
12-14 00:07:53.174  1551  2008 D ActivityTaskManager: TaskLaunchParamsModifier:task=TaskRecord{4598ec7 #143 A=10096:com.huawei.log_collector U=0 StackId=88 sz=0} activity=ActivityRecord{42c1bc2 u0 com.huawei.log_collector/.MainActivity t-1} display-from-task=0 display-id=0 display-windowing-mode=1 inherit-fullscreen non-freeform-display
12-14 00:07:53.175  1551  2008 V ActivityTaskManager: positionChild stackId=88 to top.
12-14 00:07:53.177  1551  2008 I WindowManager: addWindowToken: displayid:0 binder:Token{43c9bbc ActivityRecord{42c1bc2 u0 com.huawei.log_collector/.MainActivity t143}} token:AppWindowToken{42a72b1 token=Token{43c9bbc ActivityRecord{42c1bc2 u0 com.huawei.log_collector/.MainActivity t143}}}
12-14 00:07:53.177  1551  2008 V ActivityTaskManager: addAppToken: AppWindowToken{42a72b1 token=Token{43c9bbc ActivityRecord{42c1bc2 u0 com.huawei.log_collector/.MainActivity t143}}} task={taskId=143 appTokens=[] mdr=false} at 2147483647
12-14 00:07:53.178  1551  2008 I ActivityTaskManager: setAppStartingWindow: token=Token{43c9bbc ActivityRecord{42c1bc2 u0 com.huawei.log_collector/.MainActivity t143}} pkg=com.huawei.log_collector transferFrom=null newTask=true taskSwitch=true processRunning=false allowTaskSnapshot=true activityCreated=false LowRamTaskSnapshots=false
12-14 00:07:53.179  1551  1725 I HwAudioServiceEx: ComponentInfo : className = com.huawei.log_collector.MainActivity, flag = showStartingWindow, isHomeActivity = , isTop = false
12-14 00:07:53.179  1551  1725 I HwAudioServiceEx: not onResume or onPause
12-14 00:07:53.179  6839  6863 W ContentSensor_FrameworkRegistry: Unknown state is : showStartingWindow
12-14 00:07:53.180  2618 13824 E DollieActivityManagerAdapter: HwActivityNotifierEx null uid
12-14 00:07:53.180  1551  1779 I PowerManagerService: handleSandman: wakefulness: 1,startDreaming: false
12-14 00:07:53.182  2696  2696 E RtgSchedManager: endActivityTransaction: margin state not match
12-14 00:07:53.183  9951  9662 I Finsky  : [6549] hqe.b(15): [ContentSync] finished, scheduled=false
12-14 00:07:53.184  1551  2412 I HwWindowManagerServiceEx: setLandAnimationInfo : false
12-14 00:07:53.186  2696  2696 E RtgSchedManager: endActivityTransaction: margin state not match
12-14 00:07:53.187  1551  1725 I HwAudioServiceEx: ComponentInfo : className = com.huawei.android.launcher.unihome.UniHomeLauncher, flag = onPause, isHomeActivity = , isTop = false
12-14 00:07:53.187  1551  2133 W HwAudioServiceEx: SoundEffectState bundle get reserved is invalid
12-14 00:07:53.187  1551  2133 I HwAudioServiceEx: sendAppKilledIntentForKit, isKitPackageOnPause = false, isKitPackageKill = false, isKitPackageOnResume = false
12-14 00:07:53.187  2618  3134 D DollieActivityManagerAdapter: [Paused] pid:2696 uid:10072 ComponentInfo{com.huawei.android.launcher/com.huawei.android.launcher.unihome.UniHomeLauncher} uidState:2
12-14 00:07:53.189 19748 19777 I SmsApplication: updatedNeeded = false for userId = 0
12-14 00:07:53.190  1551  3869 V ActivityManager: Successfully start provider ContentProviderRecord{416b1ef u0 com.huawei.systemmanager/com.huawei.securitycenter.antivirus.db.AntiVirusDBProvider} launchingApp=ProcessRecord{43037ad 10673:com.huawei.systemmanager:security_scan/1000} caller pid= 2733
12-14 00:07:53.194 28238 28238 W BlockListService: settings app is pulled up, onDestroy is called
12-14 00:07:53.194  9951  9655 I Finsky  : [6548] ljb.run(16): Wrote row to frosting DB: 31543
12-14 00:07:53.196  6826  6826 E NfcNci  : NfcUtils error: APP do not have nfc permission
12-14 00:07:53.197  1551  3407 V ActivityManager: Successfully start provider ContentProviderRecord{4101d05 u0 com.android.providers.telephony/.TelephonyProvider} launchingApp=null caller pid= 17409
12-14 00:07:53.197  1551  1711 V ActivityManager: startProcess: name=com.huawei.log_collector app=null knownToBeDead=false thread=null pid=-1 preloadStatus=-1
12-14 00:07:53.197  1551  1711 I BigFontUtils: adjustAppProcessConfiguration appInfo:com.huawei.log_collector
12-14 00:07:53.196  6826  6826 E NfcNci  : NfcUtils error: APP do not have nfc permission
12-14 00:07:53.198  1049  1058 D AwareLog: iawared: WorkingsetProcessCommand subCmd = 354, userId=10096, pid=0, com.huawei.log_collector
12-14 00:07:53.198  1049  1058 D AwareLog: iawared: WorkingsetStart com.huawei.log_collector in monitor0
12-14 00:07:53.199 17409 17409 D BundleMgrProxy: getServiceBundleNames bundleName:com.android.calendar, isEntryInstallationFree:false
12-14 00:07:53.199 17409 17409 D BundleMgrProxy: getServiceBundleNames entryModuleName:entry_phone
12-14 00:07:53.199 17409 17409 D BundleMgrProxy: getServiceBundleNames bundleName:com.android.contacts, isEntryInstallationFree:false
12-14 00:07:53.199 17409 17409 D BundleMgrProxy: getServiceBundleNames entryModuleName:entry
12-14 00:07:53.199 17409 17409 D BundleMgrProxy: getServiceBundleNames bundleName:com.android.deskclock, isEntryInstallationFree:false
12-14 00:07:53.199 17409 17409 D BundleMgrProxy: getServiceBundleNames entryModuleName:entry_phone
12-14 00:07:53.199 17409 17409 D BundleMgrProxy: getServiceBundleNames bundleName:com.android.email, isEntryInstallationFree:false
12-14 00:07:53.199 17409 17409 D BundleMgrProxy: getServiceBundleNames entryModuleName:entry
12-14 00:07:53.199 17409 17409 D BundleMgrProxy: getServiceBundleNames bundleName:com.android.mediacenter, isEntryInstallationFree:false
12-14 00:07:53.199 17409 17409 D BundleMgrProxy: getServiceBundleNames entryModuleName:entry
12-14 00:07:53.199 17409 17409 D BundleMgrProxy: getServiceBundleNames bundleName:com.example.android.notepad, isEntryInstallationFree:false
12-14 00:07:53.199 17409 17409 D BundleMgrProxy: getServiceBundleNames entryModuleName:entry
12-14 00:07:53.199 17409 17409 D BundleMgrProxy: getServiceBundleNames bundleName:com.huawei.android.remotecontroller, isEntryInstallationFree:true
12-14 00:07:53.199 17409 17409 D BundleMgrProxy: getServiceBundleNames bundleName:com.huawei.android.thememanager, isEntryInstallationFree:false
12-14 00:07:53.199 17409 17409 D BundleMgrProxy: getServiceBundleNames entryModuleName:entry
12-14 00:07:53.199 17409 17409 D BundleMgrProxy: getServiceBundleNames bundleName:com.huawei.android.tips, isEntryInstallationFree:false
12-14 00:07:53.199 17409 17409 D BundleMgrProxy: getServiceBundleNames entryModuleName:entry_phone
12-14 00:07:53.199 17409 17409 D BundleMgrProxy: getServiceBundleNames bundleName:com.huawei.android.totemweather, isEntryInstallationFree:false
12-14 00:07:53.199 17409 17409 D BundleMgrProxy: getServiceBundleNames entryModuleName:entry_phone
12-14 00:07:53.199 17409 17409 D BundleMgrProxy: getServiceBundleNames bundleName:com.huawei.audioaccessorymanager, isEntryInstallationFree:false
12-14 00:07:53.199 17409 17409 D BundleMgrProxy: getServiceBundleNames entryModuleName:entry
12-14 00:07:53.199 17409 17409 D BundleMgrProxy: getServiceBundleNames bundleName:com.huawei.hag.fa.logistics, isEntryInstallationFree:true
12-14 00:07:53.199 17409 17409 D BundleMgrProxy: getServiceBundleNames bundleName:com.huawei.harmonyupdater, isEntryInstallationFree:true
12-14 00:07:53.199 17409 17409 D BundleMgrProxy: getServiceBundleNames bundleName:com.huawei.meetime, isEntryInstallationFree:false
12-14 00:07:53.199 17409 17409 D BundleMgrProxy: getServiceBundleNames entryModuleName:entry_hicontacts
12-14 00:07:53.199 17409 17409 D BundleMgrProxy: getServiceBundleNames bundleName:com.huawei.ohos.camera, isEntryInstallationFree:false
12-14 00:07:53.199 17409 17409 D BundleMgrProxy: getServiceBundleNames entryModuleName:
12-14 00:07:53.199 17409 17409 D BundleMgrProxy: getServiceBundleNames bundleName:com.huawei.ohos.famanager, isEntryInstallationFree:false
12-14 00:07:53.199 17409 17409 D BundleMgrProxy: getServiceBundleNames entryModuleName:entry
12-14 00:07:53.199 17409 17409 D BundleMgrProxy: getServiceBundleNames bundleName:com.huawei.ohos.health, isEntryInstallationFree:true
12-14 00:07:53.199 17409 17409 D BundleMgrProxy: getServiceBundleNames bundleName:com.huawei.ohos.healthservice, isEntryInstallationFree:true
12-14 00:07:53.199 17409 17409 D BundleMgrProxy: getServiceBundleNames bundleName:com.huawei.ohos.photos, isEntryInstallationFree:false
12-14 00:07:53.199 17409 17409 D BundleMgrProxy: getServiceBundleNames entryModuleName:
12-14 00:07:53.199 17409 17409 D BundleMgrProxy: getServiceBundleNames bundleName:com.huawei.ohos.search, isEntryInstallationFree:false
12-14 00:07:53.199 17409 17409 D BundleMgrProxy: getServiceBundleNames entryModuleName:entry
12-14 00:07:53.199 17409 17409 D BundleMgrProxy: getServiceBundleNames bundleName:com.huawei.ohos.smarthome, isEntryInstallationFree:true
12-14 00:07:53.199 17409 17409 D BundleMgrProxy: getServiceBundleNames bundleName:com.huawei.ohos.suggestion, isEntryInstallationFree:false
12-14 00:07:53.199 17409 17409 D BundleMgrProxy: getServiceBundleNames entryModuleName:entry
12-14 00:07:53.199 17409 17409 D BundleMgrProxy: getServiceBundleNames bundleName:com.jingdong.app.mall, isEntryInstallationFree:false
12-14 00:07:53.200 17409 17409 D BundleMgrProxy: getServiceBundleNames entryModuleName:entry
12-14 00:07:53.200 17409 17409 D BundleMgrProxy: getServiceBundleNames bundleName:com.sina.news.hm, isEntryInstallationFree:false
12-14 00:07:53.200 17409 17409 D BundleMgrProxy: getServiceBundleNames entryModuleName:
12-14 00:07:53.200 17409 17409 D BundleMgrProxy: getServiceBundleNames bundleName:com.youku.phone, isEntryInstallationFree:false
12-14 00:07:53.200 17409 17409 D BundleMgrProxy: getServiceBundleNames entryModuleName:
12-14 00:07:53.200 17409 17409 D BundleMgrProxy: getServiceBundleNames bundleName:com.zhihu.android, isEntryInstallationFree:false
12-14 00:07:53.200 17409 17409 D BundleMgrProxy: getServiceBundleNames entryModuleName:entry
12-14 00:07:53.200 17409 17409 D BundleMgrProxy: getServiceBundleNames bundleName:ohos.global.systemres, isEntryInstallationFree:false
12-14 00:07:53.200 17409 17409 D BundleMgrProxy: getServiceBundleNames entryModuleName:entry
12-14 00:07:53.200  1551  2412 V ActivityManager: Successfully start provider ContentProviderRecord{416b1ef u0 com.huawei.systemmanager/com.huawei.securitycenter.antivirus.db.AntiVirusDBProvider} launchingApp=ProcessRecord{43037ad 10673:com.huawei.systemmanager:security_scan/1000} caller pid= 2733
12-14 00:07:53.204  1551  1738 I NotificationService: enqueueNotificationInternal: pkg=net.dinglisch.android.taskerm id=187980929 notification=Notification(channel=quick pri=0 contentView=null vibrate=null sound=null defaults=0x0 flags=0x58 color=0x00000000 vis=PRIVATE)
12-14 00:07:53.204  1551  1738 I NotificationService: enqueueNotificationInternal Channel Info : pkg=net.dinglisch.android.taskerm id=187980929 importance =0
12-14 00:07:53.204  1551  1738 I HwNotificationService: shouldBlockByMediaController : pkgName =net.dinglisch.android.taskerm,isCustomNotification =false,isMediaNotification =false
12-14 00:07:53.204  1551  1711 V ActivityManager: startProcess: name=com.huawei.log_collector app=ProcessRecord{4305a5d 0:com.huawei.log_collector/u0a96} knownToBeDead=false thread=null pid=0 preloadStatus=0
12-14 00:07:53.204  1551  1738 E NotificationService: Suppressing notification from package by user request.
12-14 00:07:53.204   763 28660 D AudioPolicyService: getUidState(10096) !cacheIter->second.first, return PROCESS_STATE_UNKNOWN
12-14 00:07:53.205  1551  1711 V ActivityTaskManager: Activity idle: null
12-14 00:07:53.205  1551  1711 V ActivityTaskManager: Stopping ActivityRecord{3dd15c2 u0 com.huawei.android.launcher/.unihome.UniHomeLauncher t1}: nowVisible=false animating=true finishing=false
12-14 00:07:53.204   763 28660 D AudioPolicyService: getUidState(10096) !cacheIter->second.first, return PROCESS_STATE_UNKNOWN
12-14 00:07:53.209 17409 17520 E HiApp.InstalledAppDataMgr: main{1} <<< ERROR >>> the installed app list is not initial yet. it's useless to update!
12-14 00:07:53.210 17409 17520 W HiApp.SystemInstallDistService/SystemInstalledCacheInfo: main{1} <<< WARN >>>  installedApp is null.
12-14 00:07:53.210 17409 17520 W HiApp.ServerReqKit/NetworkInterceptUtil: main{1} <<< WARN >>> isAgreeNetwork :false  isAgreeProtocol :true  isChinaArea:true
12-14 00:07:53.211   671   671 D Zygote  : Forked child process 9702
12-14 00:07:53.212  2673  3685 V HwCustTpProviderHwImpl: isMatchFlag = false
12-14 00:07:53.214  1551  3869 I PackageManager: getInstalledPackages cost 3 ms, flags: 786432, userId: 0, callingUid: 1000, callingPid: 2733
12-14 00:07:53.215 17409 17409 I FormalHASDK: HiAnalyticsInstance==> onEvent. TAG:_default_config_tag, TYPE:1, eventId:907112061
12-14 00:07:53.215   763 23715 D AudioPolicyService: getUidState(10109) cacheIter->second.first, return cacheIter->second.second(12)
12-14 00:07:53.215  2637 10090 I A_DPMS_ObjectDevicePermissionManager: notifyPermissionChanged: operation start with uid: 10096
12-14 00:07:53.216  9702  9702 I i.log_collecto: Late-enabling -Xcheck:jni
12-14 00:07:53.216  1551  1733 W system_server: resources.arsc in APK '/data/app/com.baidu.appsearch-g42QGKC25jbi9mKk9ySDHA==/base.apk' is compressed.
12-14 00:07:53.219  1551  1739 I ActivityManager: Start proc 9702:com.huawei.log_collector/u0a96 for activity {com.huawei.log_collector/com.huawei.log_collector.MainActivity}
12-14 00:07:53.220  1049  1058 D AwareLog: iawared: WorkingsetProcessCommand subCmd = 350, userId=10096, pid=9702, com.huawei.log_collector
12-14 00:07:53.222  1551  3211 D HwAddViewManager: handleMessage msg=2
12-14 00:07:53.222  1551  3211 D HwAddViewManager: convert array over
12-14 00:07:53.222  1551  3211 I HwAddViewManager: syncInterceptionList: start to insertOrUpdateCoreInterceptionList: {com.guoshi.httpcanary.premium=63, com.cqyapp.tinyproxy=63, net.dinglisch.android.taskerm=61, cn.zengfs.netdebugger=61}
12-14 00:07:53.222  1049  1058 D AwareLog: iawared: WorkingsetStart com.huawei.log_collector in monitor0
12-14 00:07:53.232  2673  3685 V HwCustTpProviderHwImpl: isMatchFlag = false
12-14 00:07:53.233  2618  2618 D DEF_PackageChangedBroadcastReceiver: receive action:android.intent.action.PACKAGE_REPLACED
12-14 00:07:53.233  2618  2618 D DEF_PackageChangedBroadcastReceiver: onReceive com.huawei.log_collector android.intent.action.PACKAGE_REPLACED replacing: true
12-14 00:07:53.237  2618  3526 I DEF_ProfileControl_Loader: handle Message: what: 3
12-14 00:07:53.237  2618  3526 I ProfileBaseUtil: start to call hasConnected function, caller is com.huawei.systemserver
12-14 00:07:53.237  2618  3526 I ProfileClient: profileService is null or not active, return false
12-14 00:07:53.237  2618  3526 I ProfileBaseUtil: start to call connect function, caller is com.huawei.systemserver
12-14 00:07:53.237  2618  3526 I ProfileClient: sdk version = null
12-14 00:07:53.238  2618  3526 W ContextImpl: Calling a method in the system process without a qualified user: android.app.ContextImpl.bindService:1777 android.content.ContextWrapper.bindService:705 com.huawei.profile.client.connect.RemoteServiceConnection.bindService:128 com.huawei.profile.client.connect.RemoteServiceConnection.open:99 com.huawei.profile.client.profile.ProfileClient.connect:265 
12-14 00:07:53.241  9702  9702 E i.log_collecto: LoadAppImageStartupCache enabled : 1
12-14 00:07:53.241  9702  9702 E i.log_collecto: Unknown bits set in runtime_flags: 0x8000
12-14 00:07:53.242  9951  9672 I Finsky  : [6552] ngf.t(6): IQ: Pruning inactive install requests
12-14 00:07:53.242  9702  9702 I i.log_collecto: Reinit property: dalvik.vm.checkjni= false
12-14 00:07:53.243  9702  9702 I i.log_collecto: ReInitProperties: persist.vm.debug.dumpapi= false
12-14 00:07:53.243  9951  9672 I Finsky  : [6552] ngf.t(34): IQ: No matching installs to run for jobs: []
12-14 00:07:53.245 30077 30077 I HwProfileService: [main]:[C3E149D22]ProfileService:ProfileService onCreate is invoked.
12-14 00:07:53.245 30077 30077 I HwProfileService: [main]:[C3E149D22]OnehopEngineManager:force register module:com.huawei.profile+-1000
12-14 00:07:53.245 30077 30077 I HwProfileService: [main]:[C3E149D22]SoftBusAdapter:try to init adapter
12-14 00:07:53.245 30077 30077 I HwProfileService: [main]:[C3E149D22]SoftBusAdapter:adapter already initialed
12-14 00:07:53.245 30077 30077 I HwProfileService: [main]:[C3E149D22]HiComAdapter:Start to init HiCom adapter
12-14 00:07:53.245 30077 30077 I HwConnection: getInstance with moduleName
12-14 00:07:53.245 30077 30077 I HwConnection: getInstance APP is:com.huawei.profile moduleName:com.huawei.profile+-1000
12-14 00:07:53.245 30077 30077 I HwConnection: publishService
12-14 00:07:53.246 30077 30077 I HwProfileService: [main]:[C3E149D22]HiComAdapter:init manager publishService result is 0
12-14 00:07:53.246 30077 30077 I HwProfileService: [main]:[C3E149D22]OnehopEngineManager:start to add data processor
12-14 00:07:53.246 30077 30077 I HwProfileService: [main]:[C3E149D22]CommunicationDispatcher:start to setDataReceivedProcessor
12-14 00:07:53.246 30077 30077 I HwProfileService: [main]:[C3E149D22]AuthorityManager:init method has been invoked
12-14 00:07:53.246 30077 30176 I HwConnection: rebindService
12-14 00:07:53.246 30077 30077 I HwProfileService: [main]:[C3E149D22]EventBus:publish event ServiceCreateEvent
12-14 00:07:53.246 30077 30181 I HwProfileService: [reportData_6099]:[C3E149D22]SafeRunnable:active count:1, queue size: 0
12-14 00:07:53.246 30077 30181 I HwProfileService: [reportData_6099]:[C3E149D22]ReportDataManager:enter reportToCloud.
12-14 00:07:53.246 30077 30077 I HwProfileService: [main]:ProfileService:ProfileService onBind is invoked.
12-14 00:07:53.246 30077 30181 I HwProfileService: [reportData_6099]:[C3E149D22]ReportDataManager:report data has been reported today.
12-14 00:07:53.246 30077  9720 I HwProfileService: [event_thread_25]:[C3E149D22]EventBus:r receive an event
12-14 00:07:53.247  2618  2618 I ProfileClient: Succeed to connect, invoke callback
12-14 00:07:53.247  2618  2618 I DEF_ProfileControl_Loader: connect profile success.
12-14 00:07:53.247 30077 30146 I HwProfileService: [RegisterDailyUploadTask_6084]:[C3E149D22]SafeRunnable:active count:1, queue size: 0
12-14 00:07:53.248  2618  3526 I DEF_ProfileControl_Loader: checkfun AgreedFlag:true
12-14 00:07:53.248  2618  3526 I ProfileBaseUtil: start to call getServicesOfDevice with extra info function, caller is com.huawei.systemserver
12-14 00:07:53.248  2618  3526 I ProfileClient: data source is 2
12-14 00:07:53.248  1551  1747 D ActivityManager: setPrivilegeType r: ServiceRecord{41b9649 u0 com.huawei.profile/.service.ProfileService}, interfaceDescriptor : com.huawei.profile.service.IProfileServiceCall
12-14 00:07:53.249 30077 30146 W HwProfileService: [RegisterDailyUploadTask_6084]:[C3E149D22]ProfileRequestUtils:there is no devices to upload.
12-14 00:07:53.249 30077 30146 W HwProfileService: [RegisterDailyUploadTask_6084]:[C3E149D22]ProfileRequestUtils:there is no services to upload.
12-14 00:07:53.249 30077 30146 W HwProfileService: [RegisterDailyUploadTask_6084]:[C3E149D22]ProfileRequestUtils:there is no characteristics to upload.
12-14 00:07:53.249  1054  1265 D COMMRIL : ComrilTimerStart TimerId = 24, tv->tv_sec = 1
12-14 00:07:53.249 30077 30176 I HwConnection: handleStartPublish
12-14 00:07:53.250  2618  6399 I ConnService: publishService
12-14 00:07:53.250  2618  6399 I ConnService: F_RESULT_CODE:23publishService(registerMode)
12-14 00:07:53.250  2618  3913 E ConnService: handleStartActiveAdv
12-14 00:07:53.250  2618  3913 D HicomNfManager: startAdvertising() called with: packageModuleName = com.huawei.profile+-1000
12-14 00:07:53.250  2618  3913 I HicomNf_java_to_c: registerModule, moduleName: com.huawei.profile+-1000
12-14 00:07:53.250  2618  3913 I HicomNfMainCtrlManager: Enter RegisterModule
12-14 00:07:53.250  2618  3913 I HicomNfRegManager: RegisterModule OK, already registered com.huawei.profile+-1000
12-14 00:07:53.250  2618  3913 D HicomNfDMsgServerManager: enter NotifyModuleRegistered
12-14 00:07:53.250  2618  3913 E HicomNfManager: setServiceData, serviceData is null or empty
12-14 00:07:53.250  2618  3913 I ConnService: F_RESULT_CODE:23reason: handleStartActiveAdv in coapresult:0
12-14 00:07:53.251  2673  4563 V HwCustTpProviderHwImpl: isMatchFlag = false
12-14 00:07:53.252 30077 30189 I HwProfileService: [Binder:30077_6]:[C3E14A024]ProfileServiceCore:start to call getServicesOfDeviceWithExtraInfo, isSync: false function, caller is com.huawei.systemserver
12-14 00:07:53.253 30077 30176 I HwConnection: handleStartPublish moduleName: com.huawei.profile+-1000 resultCode: 0
12-14 00:07:53.253 13111 13123 I android.tasker: Background concurrent copying GC freed 31786(2417KB) AllocSpace objects, 97(2324KB) LOS objects, 72% free, 2358KB/8502KB, paused 98us total 753.591ms
12-14 00:07:53.254 30077 30189 I HwProfileService: [Binder:30077_6]:[C3E14A024]AuthorityUtils:getAuthorityIndex start
12-14 00:07:53.255 30077 30189 I HwProfileService: [Binder:30077_6]:[C3E14A024]BusinessUtils:device id type is 1
12-14 00:07:53.255 30077 30189 I HwProfileService: [Binder:30077_6]:[C3E14A024]CloudFlowUtil:isNeedCloud is false, no need cloud
12-14 00:07:53.256  1551  1779 I PowerManagerService: handleSandman: wakefulness: 1,startDreaming: false
12-14 00:07:53.257   763 23715 I APM_AudioPolicyManager: getOutputsForDevices, openOutputs size is 2, outputs size is 2
12-14 00:07:53.257 13111  9692 V AudioManager: getStreamVolume streamType: 2 volume: 0
12-14 00:07:53.258   763 23715 I APM::AudioPolicyEngine: ignore device 8000 from 11003
12-14 00:07:53.258   763 23715 I APM_AudioPolicyManager: getOutputsForDevices, openOutputs size is 2, outputs size is 2
12-14 00:07:53.258 13111  9692 V AudioManager: getStreamVolume streamType: 5 volume: 0
